[2025-06-26T14:09:59.141+0000] {taskinstance.py:1042} DEBUG - previous_execution_date was called
[2025-06-26T14:09:59.176+0000] {__init__.py:54} DEBUG - Loading core task runner: StandardTaskRunner
[2025-06-26T14:09:59.195+0000] {taskinstance.py:1042} DEBUG - previous_execution_date was called
[2025-06-26T14:09:59.209+0000] {base_task_runner.py:73} DEBUG - Planning to run as the  user
[2025-06-26T14:09:59.217+0000] {local_task_job_runner.py:120} INFO - ::group::Pre task execution logs
[2025-06-26T14:09:59.244+0000] {taskinstance.py:2088} DEBUG - <TaskInstance: axonrooter_weekly_retraining.promote_model_to_green manual__2025-06-26T14:09:31.782333+00:00 [queued]> dependency 'Previous Dagrun State' PASSED: True, The task did not have depends_on_past set.
[2025-06-26T14:09:59.245+0000] {taskinstance.py:2088} DEBUG - <TaskInstance: axonrooter_weekly_retraining.promote_model_to_green manual__2025-06-26T14:09:31.782333+00:00 [queued]> dependency 'Task Instance Not Running' PASSED: True, Task is not in running state.
[2025-06-26T14:09:59.246+0000] {taskinstance.py:2088} DEBUG - <TaskInstance: axonrooter_weekly_retraining.promote_model_to_green manual__2025-06-26T14:09:31.782333+00:00 [queued]> dependency 'Task Instance State' PASSED: True, Task state queued was valid.
[2025-06-26T14:09:59.255+0000] {taskinstance.py:2088} DEBUG - <TaskInstance: axonrooter_weekly_retraining.promote_model_to_green manual__2025-06-26T14:09:31.782333+00:00 [queued]> dependency 'Not In Retry Period' PASSED: True, The task instance was not marked for retrying.
[2025-06-26T14:09:59.257+0000] {taskinstance.py:2076} INFO - Dependencies all met for dep_context=non-requeueable deps ti=<TaskInstance: axonrooter_weekly_retraining.promote_model_to_green manual__2025-06-26T14:09:31.782333+00:00 [queued]>
[2025-06-26T14:09:59.258+0000] {taskinstance.py:2088} DEBUG - <TaskInstance: axonrooter_weekly_retraining.promote_model_to_green manual__2025-06-26T14:09:31.782333+00:00 [queued]> dependency 'Previous Dagrun State' PASSED: True, The task did not have depends_on_past set.
[2025-06-26T14:09:59.265+0000] {taskinstance.py:2088} DEBUG - <TaskInstance: axonrooter_weekly_retraining.promote_model_to_green manual__2025-06-26T14:09:31.782333+00:00 [queued]> dependency 'Pool Slots Available' PASSED: True, There are enough open slots in default_pool to execute the task
[2025-06-26T14:09:59.266+0000] {taskinstance.py:2088} DEBUG - <TaskInstance: axonrooter_weekly_retraining.promote_model_to_green manual__2025-06-26T14:09:31.782333+00:00 [queued]> dependency 'Task Concurrency' PASSED: True, Task concurrency is not set.
[2025-06-26T14:09:59.273+0000] {taskinstance.py:2088} DEBUG - <TaskInstance: axonrooter_weekly_retraining.promote_model_to_green manual__2025-06-26T14:09:31.782333+00:00 [queued]> dependency 'Not In Retry Period' PASSED: True, The task instance was not marked for retrying.
[2025-06-26T14:09:59.274+0000] {taskinstance.py:2076} INFO - Dependencies all met for dep_context=requeueable deps ti=<TaskInstance: axonrooter_weekly_retraining.promote_model_to_green manual__2025-06-26T14:09:31.782333+00:00 [queued]>
[2025-06-26T14:09:59.275+0000] {taskinstance.py:2306} INFO - Starting attempt 1 of 2
[2025-06-26T14:09:59.297+0000] {taskinstance.py:2330} INFO - Executing <Task(PythonOperator): promote_model_to_green> on 2025-06-26 14:09:31.782333+00:00
[2025-06-26T14:09:59.314+0000] {standard_task_runner.py:63} INFO - Started process 5443 to run task
[2025-06-26T14:09:59.320+0000] {standard_task_runner.py:90} INFO - Running: ['***', 'tasks', 'run', 'axonrooter_weekly_retraining', 'promote_model_to_green', 'manual__2025-06-26T14:09:31.782333+00:00', '--job-id', '180', '--raw', '--subdir', 'DAGS_FOLDER/retrain_dag.py', '--cfg-path', '/tmp/tmp5t4dup6_']
[2025-06-26T14:09:59.326+0000] {standard_task_runner.py:91} INFO - Job 180: Subtask promote_model_to_green
[2025-06-26T14:09:59.328+0000] {cli_action_loggers.py:70} DEBUG - Calling callbacks: [<function default_action_log at 0x77eb8f178ca0>]
[2025-06-26T14:09:59.403+0000] {taskinstance.py:1042} DEBUG - previous_execution_date was called
[2025-06-26T14:09:59.419+0000] {task_command.py:426} INFO - Running <TaskInstance: axonrooter_weekly_retraining.promote_model_to_green manual__2025-06-26T14:09:31.782333+00:00 [running]> on host 9e069602cbde
[2025-06-26T14:09:59.420+0000] {settings.py:363} DEBUG - Disposing DB connection pool (PID 5443)
[2025-06-26T14:09:59.422+0000] {settings.py:250} DEBUG - Setting up DB connection pool (PID 5443)
[2025-06-26T14:09:59.423+0000] {settings.py:298} DEBUG - settings.prepare_engine_args(): Using NullPool
[2025-06-26T14:09:59.503+0000] {taskinstance.py:1042} DEBUG - previous_execution_date was called
[2025-06-26T14:09:59.515+0000] {taskinstance.py:1845} DEBUG - Clearing XCom data
[2025-06-26T14:09:59.527+0000] {retries.py:91} DEBUG - Running RenderedTaskInstanceFields.write with retries. Try 1 of 3
[2025-06-26T14:09:59.560+0000] {retries.py:91} DEBUG - Running RenderedTaskInstanceFields._do_delete_old_records with retries. Try 1 of 3
[2025-06-26T14:09:59.581+0000] {taskinstance.py:2648} INFO - Exporting env vars: AIRFLOW_CTX_DAG_OWNER='***' AIRFLOW_CTX_DAG_ID='axonrooter_weekly_retraining' AIRFLOW_CTX_TASK_ID='promote_model_to_green' AIRFLOW_CTX_EXECUTION_DATE='2025-06-26T14:09:31.782333+00:00' AIRFLOW_CTX_TRY_NUMBER='1' AIRFLOW_CTX_DAG_RUN_ID='manual__2025-06-26T14:09:31.782333+00:00'
[2025-06-26T14:09:59.582+0000] {__init__.py:119} DEBUG - Preparing lineage inlets and outlets
[2025-06-26T14:09:59.584+0000] {__init__.py:158} DEBUG - inlets: [], outlets: []
[2025-06-26T14:09:59.585+0000] {taskinstance.py:430} INFO - ::endgroup::
[2025-06-26T14:09:59.601+0000] {base.py:84} INFO - Using connection ID 'azure_ml_conn' for task execution.
[2025-06-26T14:09:59.688+0000] {authority.py:75} DEBUG - Initializing with Entra authority: https://login.microsoftonline.com/0a33589b-0036-4fe8-a829-3ed0926af886
[2025-06-26T14:09:59.690+0000] {_universal.py:511} INFO - Request URL: 'https://login.microsoftonline.com/0a33589b-0036-4fe8-a829-3ed0926af886/v2.0/.well-known/openid-configuration'
Request method: 'GET'
Request headers:
    'User-Agent': 'azsdk-python-identity/1.23.0 Python/3.10.14 (Linux-6.6.87.1-microsoft-standard-WSL2-x86_64-with-glibc2.36)'
No body was attached to the request
[2025-06-26T14:09:59.964+0000] {_universal.py:547} INFO - Response status: 200
Response headers:
    'Cache-Control': 'max-age=86400, private'
    'Content-Type': 'application/json; charset=utf-8'
    'Strict-Transport-Security': 'REDACTED'
    'X-Content-Type-Options': 'REDACTED'
    'Access-Control-Allow-Origin': 'REDACTED'
    'Access-Control-Allow-Methods': 'REDACTED'
    'P3P': 'REDACTED'
    'x-ms-request-id': '8acd53a8-3a51-46e2-add8-385d46f8bf00'
    'x-ms-ests-server': 'REDACTED'
    'x-ms-srs': 'REDACTED'
    'Content-Security-Policy-Report-Only': 'REDACTED'
    'X-XSS-Protection': 'REDACTED'
    'Set-Cookie': 'REDACTED'
    'Date': 'Thu, 26 Jun 2025 14:09:57 GMT'
    'Content-Length': '1753'
[2025-06-26T14:09:59.970+0000] {authority.py:96} DEBUG - openid_config("https://login.microsoftonline.com/0a33589b-0036-4fe8-a829-3ed0926af886/v2.0/.well-known/openid-configuration") = {'token_endpoint': '***', 'token_endpoint_auth_methods_supported': ['***', '***', '***'], 'jwks_uri': 'https://login.microsoftonline.com/0a33589b-0036-4fe8-a829-3ed0926af886/discovery/v2.0/keys', 'response_modes_supported': ['query', 'fragment', 'form_post'], 'subject_types_supported': ['pairwise'], 'id_token_signing_alg_values_supported': ['***'], 'response_types_supported': ['code', 'id_token', 'code id_token', 'id_token token'], 'scopes_supported': ['openid', 'profile', 'email', 'offline_access'], 'issuer': 'https://login.microsoftonline.com/0a33589b-0036-4fe8-a829-3ed0926af886/v2.0', 'request_uri_parameter_supported': False, 'userinfo_endpoint': 'https://graph.microsoft.com/oidc/userinfo', 'authorization_endpoint': '***', 'device_authorization_endpoint': '***', 'http_logout_supported': True, 'frontchannel_logout_supported': True, 'end_session_endpoint': 'https://login.microsoftonline.com/0a33589b-0036-4fe8-a829-3ed0926af886/oauth2/v2.0/logout', 'claims_supported': ['sub', 'iss', 'cloud_instance_name', 'cloud_instance_host_name', 'cloud_graph_host_name', 'msgraph_host', 'aud', 'exp', 'iat', 'auth_time', 'acr', 'nonce', 'preferred_username', 'name', 'tid', 'ver', 'at_hash', 'c_hash', 'email'], 'kerberos_endpoint': 'https://login.microsoftonline.com/0a33589b-0036-4fe8-a829-3ed0926af886/kerberos', 'tenant_region_scope': 'EU', 'cloud_instance_name': 'microsoftonline.com', 'cloud_graph_host_name': 'graph.windows.net', 'msgraph_host': 'graph.microsoft.com', 'rbac_url': 'https://pas.windows.net'}
[2025-06-26T14:09:59.972+0000] {application.py:705} DEBUG - Broker enabled? None
[2025-06-26T14:09:59.973+0000] {application.py:755} DEBUG - Region to be used: None
[2025-06-26T14:09:59.986+0000] {telemetry.py:37} DEBUG - Generate or reuse correlation_id: 5f4ae9b8-57b1-4cf4-9713-0b0a93478bbf
[2025-06-26T14:09:59.987+0000] {_universal.py:508} INFO - Request URL: 'https://login.microsoftonline.com/0a33589b-0036-4fe8-a829-3ed0926af886/oauth2/v2.0/token'
Request method: 'POST'
Request headers:
    'Accept': 'application/json'
    'x-client-sku': 'REDACTED'
    'x-client-ver': 'REDACTED'
    'x-client-os': 'REDACTED'
    'x-ms-lib-capability': 'REDACTED'
    'client-request-id': 'REDACTED'
    'x-client-current-telemetry': 'REDACTED'
    'x-client-last-telemetry': 'REDACTED'
    'User-Agent': 'azsdk-python-identity/1.23.0 Python/3.10.14 (Linux-6.6.87.1-microsoft-standard-WSL2-x86_64-with-glibc2.36)'
A body is sent with the request
[2025-06-26T14:10:00.155+0000] {_universal.py:547} INFO - Response status: 200
Response headers:
    'Cache-Control': 'no-store, no-cache'
    'Pragma': 'no-cache'
    'Content-Type': 'application/json; charset=utf-8'
    'Expires': '-1'
    'Strict-Transport-Security': 'REDACTED'
    'X-Content-Type-Options': 'REDACTED'
    'P3P': 'REDACTED'
    'client-request-id': 'REDACTED'
    'x-ms-request-id': 'ecf16d8b-9b7a-4e03-95a9-3eab3c41ba00'
    'x-ms-ests-server': 'REDACTED'
    'x-ms-clitelem': 'REDACTED'
    'x-ms-srs': 'REDACTED'
    'Content-Security-Policy-Report-Only': 'REDACTED'
    'X-XSS-Protection': 'REDACTED'
    'Set-Cookie': 'REDACTED'
    'Date': 'Thu, 26 Jun 2025 14:09:57 GMT'
    'Content-Length': '1672'
[2025-06-26T14:10:00.156+0000] {token_cache.py:204} DEBUG - event={
    "client_id": "27157a5a-3927-4895-8478-9d4554697d25",
    "data": {
        "claims": null,
        "scope": [
            "https://management.azure.com/.default"
        ]
    },
    "environment": "login.microsoftonline.com",
    "grant_type": "client_credentials",
    "params": null,
    "response": {
        "access_token": "********",
        "expires_in": 86399,
        "ext_expires_in": 86399,
        "refresh_in": 43199,
        "token_type": "Bearer"
    },
    "scope": [
        "https://management.azure.com/.default"
    ],
    "token_endpoint": "https://login.microsoftonline.com/0a33589b-0036-4fe8-a829-3ed0926af886/oauth2/v2.0/token"
}
[2025-06-26T14:10:00.157+0000] {get_token_mixin.py:148} INFO - ClientSecretCredential.get_token_info succeeded
[2025-06-26T14:10:00.158+0000] {_universal.py:511} INFO - Request URL: 'https://management.azure.com/subscriptions/0a94de80-6d3b-49f2-b3e9-ec5818862801/resourceGroups/buas-y2/providers/Microsoft.MachineLearningServices/workspaces/CV9-2025/jobs?api-version=REDACTED&listViewType=REDACTED'
Request method: 'GET'
Request headers:
    'Accept': 'application/json'
    'x-ms-client-request-id': '3edfc1ee-5297-11f0-a2b2-e64dc2efff95'
    'User-Agent': 'azure-ai-ml/1.27.1 azsdk-python-mgmt-machinelearningservices/0.1.0 Python/3.10.14 (Linux-6.6.87.1-microsoft-standard-WSL2-x86_64-with-glibc2.36)'
    'Authorization': 'REDACTED'
No body was attached to the request
[2025-06-26T14:10:00.160+0000] {taskinstance.py:441} INFO - ::group::Post task execution logs
[2025-06-26T14:10:00.161+0000] {taskinstance.py:2905} ERROR - Task failed with exception
Traceback (most recent call last):
  File "/home/airflow/.local/lib/python3.10/site-packages/airflow/models/taskinstance.py", line 465, in _execute_task
    result = _execute_callable(context=context, **execute_callable_kwargs)
  File "/home/airflow/.local/lib/python3.10/site-packages/airflow/models/taskinstance.py", line 432, in _execute_callable
    return execute_callable(context=context, **execute_callable_kwargs)
  File "/home/airflow/.local/lib/python3.10/site-packages/airflow/models/baseoperator.py", line 400, in wrapper
    return func(self, *args, **kwargs)
  File "/home/airflow/.local/lib/python3.10/site-packages/airflow/operators/python.py", line 235, in execute
    return_value = self.execute_callable()
  File "/home/airflow/.local/lib/python3.10/site-packages/airflow/operators/python.py", line 252, in execute_callable
    return self.python_callable(*self.op_args, **self.op_kwargs)
  File "/opt/airflow/dags/retrain_dag.py", line 78, in promote_model_to_green
    jobs = list(ml_client.jobs.list(experiment_name="axonrooter_weekly_retrain"))
  File "/home/airflow/.local/lib/python3.10/site-packages/azure/core/paging.py", line 123, in __next__
    return next(self._page_iterator)
  File "/home/airflow/.local/lib/python3.10/site-packages/azure/core/paging.py", line 75, in __next__
    self._response = self._get_next(self.continuation_token)
  File "/home/airflow/.local/lib/python3.10/site-packages/azure/ai/ml/_restclient/v2024_01_01_preview/operations/_jobs_operations.py", line 434, in get_next
    pipeline_response = self._client._pipeline.run(  # pylint: disable=protected-access
  File "/home/airflow/.local/lib/python3.10/site-packages/azure/core/pipeline/_base.py", line 242, in run
    return first_node.send(pipeline_request)
  File "/home/airflow/.local/lib/python3.10/site-packages/azure/core/pipeline/_base.py", line 98, in send
    response = self.next.send(request)
  File "/home/airflow/.local/lib/python3.10/site-packages/azure/core/pipeline/_base.py", line 98, in send
    response = self.next.send(request)
  File "/home/airflow/.local/lib/python3.10/site-packages/azure/core/pipeline/_base.py", line 98, in send
    response = self.next.send(request)
  [Previous line repeated 2 more times]
  File "/home/airflow/.local/lib/python3.10/site-packages/azure/mgmt/core/policies/_base.py", line 46, in send
    response = self.next.send(request)
  File "/home/airflow/.local/lib/python3.10/site-packages/azure/core/pipeline/policies/_redirect.py", line 205, in send
    response = self.next.send(request)
  File "/home/airflow/.local/lib/python3.10/site-packages/azure/core/pipeline/policies/_retry.py", line 544, in send
    response = self.next.send(request)
  File "/home/airflow/.local/lib/python3.10/site-packages/azure/core/pipeline/policies/_authentication.py", line 159, in send
    response = self.next.send(request)
  File "/home/airflow/.local/lib/python3.10/site-packages/azure/core/pipeline/_base.py", line 98, in send
    response = self.next.send(request)
  File "/home/airflow/.local/lib/python3.10/site-packages/azure/core/pipeline/_base.py", line 98, in send
    response = self.next.send(request)
  File "/home/airflow/.local/lib/python3.10/site-packages/azure/core/pipeline/_base.py", line 98, in send
    response = self.next.send(request)
  [Previous line repeated 2 more times]
  File "/home/airflow/.local/lib/python3.10/site-packages/azure/core/pipeline/_base.py", line 130, in send
    self._sender.send(request.http_request, **request.context.options),
  File "/home/airflow/.local/lib/python3.10/site-packages/azure/core/pipeline/transport/_requests_basic.py", line 363, in send
    response = self.session.request(  # type: ignore
TypeError: Session.request() got an unexpected keyword argument 'experiment_name'
[2025-06-26T14:10:00.190+0000] {taskinstance.py:562} DEBUG - Task Duration set to 0.932639
[2025-06-26T14:10:00.193+0000] {taskinstance.py:584} DEBUG - Clearing next_method and next_kwargs.
[2025-06-26T14:10:00.193+0000] {taskinstance.py:1206} INFO - Marking task as UP_FOR_RETRY. dag_id=axonrooter_weekly_retraining, task_id=promote_model_to_green, run_id=manual__2025-06-26T14:09:31.782333+00:00, execution_date=20250626T140931, start_date=20250626T140959, end_date=20250626T141000
[2025-06-26T14:10:00.221+0000] {cli_action_loggers.py:88} DEBUG - Calling callbacks: []
[2025-06-26T14:10:00.222+0000] {standard_task_runner.py:110} ERROR - Failed to execute job 180 for task promote_model_to_green (Session.request() got an unexpected keyword argument 'experiment_name'; 5443)
[2025-06-26T14:10:00.299+0000] {local_task_job_runner.py:240} INFO - Task exited with return code 1
[2025-06-26T14:10:00.329+0000] {dagrun.py:932} DEBUG - number of tis tasks for <DagRun axonrooter_weekly_retraining @ 2025-06-26 14:09:31.782333+00:00: manual__2025-06-26T14:09:31.782333+00:00, state:running, queued_at: 2025-06-26 14:09:32.047252+00:00. externally triggered: True>: 0 task(s)
[2025-06-26T14:10:00.330+0000] {taskinstance.py:3498} INFO - 0 downstream tasks scheduled from follow-on schedule check
[2025-06-26T14:10:00.333+0000] {local_task_job_runner.py:222} INFO - ::endgroup::
