[2025-06-25T22:06:27.133+0000] {taskinstance.py:1042} DEBUG - previous_execution_date was called
[2025-06-25T22:06:27.166+0000] {__init__.py:54} DEBUG - Loading core task runner: StandardTaskRunner
[2025-06-25T22:06:27.184+0000] {taskinstance.py:1042} DEBUG - previous_execution_date was called
[2025-06-25T22:06:27.196+0000] {base_task_runner.py:73} DEBUG - Planning to run as the  user
[2025-06-25T22:06:27.202+0000] {local_task_job_runner.py:120} INFO - ::group::Pre task execution logs
[2025-06-25T22:06:27.226+0000] {taskinstance.py:2088} DEBUG - <TaskInstance: axonrooter_weekly_retraining.promote_model_to_green manual__2025-06-25T22:06:07.455799+00:00 [queued]> dependency 'Previous Dagrun State' PASSED: True, The task did not have depends_on_past set.
[2025-06-25T22:06:27.228+0000] {taskinstance.py:2088} DEBUG - <TaskInstance: axonrooter_weekly_retraining.promote_model_to_green manual__2025-06-25T22:06:07.455799+00:00 [queued]> dependency 'Task Instance Not Running' PASSED: True, Task is not in running state.
[2025-06-25T22:06:27.229+0000] {taskinstance.py:2088} DEBUG - <TaskInstance: axonrooter_weekly_retraining.promote_model_to_green manual__2025-06-25T22:06:07.455799+00:00 [queued]> dependency 'Task Instance State' PASSED: True, Task state queued was valid.
[2025-06-25T22:06:27.239+0000] {taskinstance.py:2088} DEBUG - <TaskInstance: axonrooter_weekly_retraining.promote_model_to_green manual__2025-06-25T22:06:07.455799+00:00 [queued]> dependency 'Not In Retry Period' PASSED: True, The task instance was not marked for retrying.
[2025-06-25T22:06:27.241+0000] {taskinstance.py:2076} INFO - Dependencies all met for dep_context=non-requeueable deps ti=<TaskInstance: axonrooter_weekly_retraining.promote_model_to_green manual__2025-06-25T22:06:07.455799+00:00 [queued]>
[2025-06-25T22:06:27.242+0000] {taskinstance.py:2088} DEBUG - <TaskInstance: axonrooter_weekly_retraining.promote_model_to_green manual__2025-06-25T22:06:07.455799+00:00 [queued]> dependency 'Previous Dagrun State' PASSED: True, The task did not have depends_on_past set.
[2025-06-25T22:06:27.250+0000] {taskinstance.py:2088} DEBUG - <TaskInstance: axonrooter_weekly_retraining.promote_model_to_green manual__2025-06-25T22:06:07.455799+00:00 [queued]> dependency 'Pool Slots Available' PASSED: True, There are enough open slots in default_pool to execute the task
[2025-06-25T22:06:27.251+0000] {taskinstance.py:2088} DEBUG - <TaskInstance: axonrooter_weekly_retraining.promote_model_to_green manual__2025-06-25T22:06:07.455799+00:00 [queued]> dependency 'Task Concurrency' PASSED: True, Task concurrency is not set.
[2025-06-25T22:06:27.259+0000] {taskinstance.py:2088} DEBUG - <TaskInstance: axonrooter_weekly_retraining.promote_model_to_green manual__2025-06-25T22:06:07.455799+00:00 [queued]> dependency 'Not In Retry Period' PASSED: True, The task instance was not marked for retrying.
[2025-06-25T22:06:27.260+0000] {taskinstance.py:2076} INFO - Dependencies all met for dep_context=requeueable deps ti=<TaskInstance: axonrooter_weekly_retraining.promote_model_to_green manual__2025-06-25T22:06:07.455799+00:00 [queued]>
[2025-06-25T22:06:27.261+0000] {taskinstance.py:2306} INFO - Starting attempt 1 of 2
[2025-06-25T22:06:27.284+0000] {taskinstance.py:2330} INFO - Executing <Task(PythonOperator): promote_model_to_green> on 2025-06-25 22:06:07.455799+00:00
[2025-06-25T22:06:27.300+0000] {standard_task_runner.py:63} INFO - Started process 356 to run task
[2025-06-25T22:06:27.307+0000] {standard_task_runner.py:90} INFO - Running: ['***', 'tasks', 'run', 'axonrooter_weekly_retraining', 'promote_model_to_green', 'manual__2025-06-25T22:06:07.455799+00:00', '--job-id', '164', '--raw', '--subdir', 'DAGS_FOLDER/retrain_dag.py', '--cfg-path', '/tmp/tmp60uoy1p6']
[2025-06-25T22:06:27.314+0000] {standard_task_runner.py:91} INFO - Job 164: Subtask promote_model_to_green
[2025-06-25T22:06:27.316+0000] {cli_action_loggers.py:70} DEBUG - Calling callbacks: [<function default_action_log at 0x77eb8f178ca0>]
[2025-06-25T22:06:27.385+0000] {taskinstance.py:1042} DEBUG - previous_execution_date was called
[2025-06-25T22:06:27.397+0000] {task_command.py:426} INFO - Running <TaskInstance: axonrooter_weekly_retraining.promote_model_to_green manual__2025-06-25T22:06:07.455799+00:00 [running]> on host 9e069602cbde
[2025-06-25T22:06:27.398+0000] {settings.py:363} DEBUG - Disposing DB connection pool (PID 356)
[2025-06-25T22:06:27.400+0000] {settings.py:250} DEBUG - Setting up DB connection pool (PID 356)
[2025-06-25T22:06:27.400+0000] {settings.py:298} DEBUG - settings.prepare_engine_args(): Using NullPool
[2025-06-25T22:06:27.459+0000] {taskinstance.py:1042} DEBUG - previous_execution_date was called
[2025-06-25T22:06:27.469+0000] {taskinstance.py:1845} DEBUG - Clearing XCom data
[2025-06-25T22:06:27.481+0000] {retries.py:91} DEBUG - Running RenderedTaskInstanceFields.write with retries. Try 1 of 3
[2025-06-25T22:06:27.516+0000] {retries.py:91} DEBUG - Running RenderedTaskInstanceFields._do_delete_old_records with retries. Try 1 of 3
[2025-06-25T22:06:27.535+0000] {taskinstance.py:2648} INFO - Exporting env vars: AIRFLOW_CTX_DAG_OWNER='***' AIRFLOW_CTX_DAG_ID='axonrooter_weekly_retraining' AIRFLOW_CTX_TASK_ID='promote_model_to_green' AIRFLOW_CTX_EXECUTION_DATE='2025-06-25T22:06:07.455799+00:00' AIRFLOW_CTX_TRY_NUMBER='1' AIRFLOW_CTX_DAG_RUN_ID='manual__2025-06-25T22:06:07.455799+00:00'
[2025-06-25T22:06:27.536+0000] {__init__.py:119} DEBUG - Preparing lineage inlets and outlets
[2025-06-25T22:06:27.538+0000] {__init__.py:158} DEBUG - inlets: [], outlets: []
[2025-06-25T22:06:27.539+0000] {taskinstance.py:430} INFO - ::endgroup::
[2025-06-25T22:06:27.555+0000] {base.py:84} INFO - Using connection ID 'azure_ml_conn' for task execution.
[2025-06-25T22:06:27.638+0000] {authority.py:75} DEBUG - Initializing with Entra authority: https://login.microsoftonline.com/0a33589b-0036-4fe8-a829-3ed0926af886
[2025-06-25T22:06:27.640+0000] {_universal.py:511} INFO - Request URL: 'https://login.microsoftonline.com/0a33589b-0036-4fe8-a829-3ed0926af886/v2.0/.well-known/openid-configuration'
Request method: 'GET'
Request headers:
    'User-Agent': 'azsdk-python-identity/1.23.0 Python/3.10.14 (Linux-6.6.87.1-microsoft-standard-WSL2-x86_64-with-glibc2.36)'
No body was attached to the request
[2025-06-25T22:06:28.023+0000] {_universal.py:547} INFO - Response status: 200
Response headers:
    'Cache-Control': 'max-age=86400, private'
    'Content-Type': 'application/json; charset=utf-8'
    'Strict-Transport-Security': 'REDACTED'
    'X-Content-Type-Options': 'REDACTED'
    'Access-Control-Allow-Origin': 'REDACTED'
    'Access-Control-Allow-Methods': 'REDACTED'
    'P3P': 'REDACTED'
    'x-ms-request-id': 'a1611832-9212-498a-8699-8fc368e35200'
    'x-ms-ests-server': 'REDACTED'
    'x-ms-srs': 'REDACTED'
    'Content-Security-Policy-Report-Only': 'REDACTED'
    'X-XSS-Protection': 'REDACTED'
    'Set-Cookie': 'REDACTED'
    'Date': 'Wed, 25 Jun 2025 22:06:27 GMT'
    'Content-Length': '1753'
[2025-06-25T22:06:28.027+0000] {authority.py:96} DEBUG - openid_config("https://login.microsoftonline.com/0a33589b-0036-4fe8-a829-3ed0926af886/v2.0/.well-known/openid-configuration") = {'token_endpoint': '***', 'token_endpoint_auth_methods_supported': ['***', '***', '***'], 'jwks_uri': 'https://login.microsoftonline.com/0a33589b-0036-4fe8-a829-3ed0926af886/discovery/v2.0/keys', 'response_modes_supported': ['query', 'fragment', 'form_post'], 'subject_types_supported': ['pairwise'], 'id_token_signing_alg_values_supported': ['***'], 'response_types_supported': ['code', 'id_token', 'code id_token', 'id_token token'], 'scopes_supported': ['openid', 'profile', 'email', 'offline_access'], 'issuer': 'https://login.microsoftonline.com/0a33589b-0036-4fe8-a829-3ed0926af886/v2.0', 'request_uri_parameter_supported': False, 'userinfo_endpoint': 'https://graph.microsoft.com/oidc/userinfo', 'authorization_endpoint': '***', 'device_authorization_endpoint': '***', 'http_logout_supported': True, 'frontchannel_logout_supported': True, 'end_session_endpoint': 'https://login.microsoftonline.com/0a33589b-0036-4fe8-a829-3ed0926af886/oauth2/v2.0/logout', 'claims_supported': ['sub', 'iss', 'cloud_instance_name', 'cloud_instance_host_name', 'cloud_graph_host_name', 'msgraph_host', 'aud', 'exp', 'iat', 'auth_time', 'acr', 'nonce', 'preferred_username', 'name', 'tid', 'ver', 'at_hash', 'c_hash', 'email'], 'kerberos_endpoint': 'https://login.microsoftonline.com/0a33589b-0036-4fe8-a829-3ed0926af886/kerberos', 'tenant_region_scope': 'EU', 'cloud_instance_name': 'microsoftonline.com', 'cloud_graph_host_name': 'graph.windows.net', 'msgraph_host': 'graph.microsoft.com', 'rbac_url': 'https://pas.windows.net'}
[2025-06-25T22:06:28.028+0000] {application.py:705} DEBUG - Broker enabled? None
[2025-06-25T22:06:28.029+0000] {application.py:755} DEBUG - Region to be used: None
[2025-06-25T22:06:28.038+0000] {telemetry.py:37} DEBUG - Generate or reuse correlation_id: d8ae604d-ebb0-490c-98ae-c47d3fdb2183
[2025-06-25T22:06:28.039+0000] {_universal.py:508} INFO - Request URL: 'https://login.microsoftonline.com/0a33589b-0036-4fe8-a829-3ed0926af886/oauth2/v2.0/token'
Request method: 'POST'
Request headers:
    'Accept': 'application/json'
    'x-client-sku': 'REDACTED'
    'x-client-ver': 'REDACTED'
    'x-client-os': 'REDACTED'
    'x-ms-lib-capability': 'REDACTED'
    'client-request-id': 'REDACTED'
    'x-client-current-telemetry': 'REDACTED'
    'x-client-last-telemetry': 'REDACTED'
    'User-Agent': 'azsdk-python-identity/1.23.0 Python/3.10.14 (Linux-6.6.87.1-microsoft-standard-WSL2-x86_64-with-glibc2.36)'
A body is sent with the request
[2025-06-25T22:06:28.144+0000] {_universal.py:547} INFO - Response status: 200
Response headers:
    'Cache-Control': 'no-store, no-cache'
    'Pragma': 'no-cache'
    'Content-Type': 'application/json; charset=utf-8'
    'Expires': '-1'
    'Strict-Transport-Security': 'REDACTED'
    'X-Content-Type-Options': 'REDACTED'
    'P3P': 'REDACTED'
    'client-request-id': 'REDACTED'
    'x-ms-request-id': '5db0f56f-b290-4545-8194-858518ed4100'
    'x-ms-ests-server': 'REDACTED'
    'x-ms-clitelem': 'REDACTED'
    'x-ms-srs': 'REDACTED'
    'Content-Security-Policy-Report-Only': 'REDACTED'
    'X-XSS-Protection': 'REDACTED'
    'Set-Cookie': 'REDACTED'
    'Date': 'Wed, 25 Jun 2025 22:06:27 GMT'
    'Content-Length': '1668'
[2025-06-25T22:06:28.145+0000] {token_cache.py:204} DEBUG - event={
    "client_id": "27157a5a-3927-4895-8478-9d4554697d25",
    "data": {
        "claims": null,
        "scope": [
            "https://management.azure.com/.default"
        ]
    },
    "environment": "login.microsoftonline.com",
    "grant_type": "client_credentials",
    "params": null,
    "response": {
        "access_token": "********",
        "expires_in": 86399,
        "ext_expires_in": 86399,
        "refresh_in": 43199,
        "token_type": "Bearer"
    },
    "scope": [
        "https://management.azure.com/.default"
    ],
    "token_endpoint": "https://login.microsoftonline.com/0a33589b-0036-4fe8-a829-3ed0926af886/oauth2/v2.0/token"
}
[2025-06-25T22:06:28.147+0000] {get_token_mixin.py:148} INFO - ClientSecretCredential.get_token_info succeeded
[2025-06-25T22:06:28.148+0000] {_universal.py:511} INFO - Request URL: 'https://management.azure.com/subscriptions/0a94de80-6d3b-49f2-b3e9-ec5818862801/resourceGroups/buas-y2/providers/Microsoft.MachineLearningServices/workspaces/CV9-2025/models/axonrooter-finetuned/versions?api-version=REDACTED&listViewType=REDACTED'
Request method: 'GET'
Request headers:
    'Accept': 'application/json'
    'x-ms-client-request-id': 'a4350892-5210-11f0-83a1-e64dc2efff95'
    'User-Agent': 'azure-ai-ml/1.27.1 azsdk-python-mgmt-machinelearningservices/0.1.0 Python/3.10.14 (Linux-6.6.87.1-microsoft-standard-WSL2-x86_64-with-glibc2.36)'
    'Authorization': 'REDACTED'
No body was attached to the request
[2025-06-25T22:06:28.579+0000] {_universal.py:547} INFO - Response status: 200
Response headers:
    'Cache-Control': 'no-cache'
    'Pragma': 'no-cache'
    'Content-Length': '17287'
    'Content-Type': 'application/json; charset=utf-8'
    'Expires': '-1'
    'Vary': 'REDACTED'
    'x-ms-ratelimit-remaining-subscription-reads': '249'
    'x-ms-operation-identifier': 'REDACTED'
    'Request-Context': 'REDACTED'
    'x-ms-response-type': 'REDACTED'
    'Strict-Transport-Security': 'REDACTED'
    'X-Content-Type-Options': 'REDACTED'
    'azureml-served-by-cluster': 'REDACTED'
    'x-request-time': 'REDACTED'
    'x-ms-ratelimit-remaining-subscription-global-reads': 'REDACTED'
    'x-ms-request-id': 'c07ee4f8-9ce4-4443-823f-3fcaddd05b94'
    'x-ms-correlation-request-id': 'REDACTED'
    'x-ms-routing-request-id': 'REDACTED'
    'X-Cache': 'REDACTED'
    'X-MSEdge-Ref': 'Ref A: 4E0F5105497E42228B50823D8FA07D22 Ref B: AMS231032609045 Ref C: 2025-06-25T22:06:27Z'
    'Date': 'Wed, 25 Jun 2025 22:06:27 GMT'
[2025-06-25T22:06:28.597+0000] {logging_mixin.py:188} INFO - ⚠️ No accuracy tag found. Skipping deployment.
[2025-06-25T22:06:28.598+0000] {python.py:237} INFO - Done. Returned value was: None
[2025-06-25T22:06:28.599+0000] {taskinstance.py:441} INFO - ::group::Post task execution logs
[2025-06-25T22:06:28.600+0000] {__init__.py:77} DEBUG - Lineage called with inlets: [], outlets: []
[2025-06-25T22:06:28.615+0000] {taskinstance.py:584} DEBUG - Clearing next_method and next_kwargs.
[2025-06-25T22:06:28.616+0000] {taskinstance.py:1206} INFO - Marking task as SUCCESS. dag_id=axonrooter_weekly_retraining, task_id=promote_model_to_green, run_id=manual__2025-06-25T22:06:07.455799+00:00, execution_date=20250625T220607, start_date=20250625T220627, end_date=20250625T220628
[2025-06-25T22:06:28.617+0000] {taskinstance.py:562} DEBUG - Task Duration set to 1.373856
[2025-06-25T22:06:28.633+0000] {cli_action_loggers.py:88} DEBUG - Calling callbacks: []
[2025-06-25T22:06:28.686+0000] {local_task_job_runner.py:240} INFO - Task exited with return code 0
[2025-06-25T22:06:28.712+0000] {dagrun.py:932} DEBUG - number of tis tasks for <DagRun axonrooter_weekly_retraining @ 2025-06-25 22:06:07.455799+00:00: manual__2025-06-25T22:06:07.455799+00:00, state:running, queued_at: 2025-06-25 22:06:07.556255+00:00. externally triggered: True>: 0 task(s)
[2025-06-25T22:06:28.713+0000] {taskinstance.py:3498} INFO - 0 downstream tasks scheduled from follow-on schedule check
[2025-06-25T22:06:28.717+0000] {local_task_job_runner.py:222} INFO - ::endgroup::
