[2025-06-26T18:13:04.550+0000] {taskinstance.py:1042} DEBUG - previous_execution_date was called
[2025-06-26T18:13:04.578+0000] {__init__.py:54} DEBUG - Loading core task runner: StandardTaskRunner
[2025-06-26T18:13:04.602+0000] {taskinstance.py:1042} DEBUG - previous_execution_date was called
[2025-06-26T18:13:04.610+0000] {base_task_runner.py:73} DEBUG - Planning to run as the  user
[2025-06-26T18:13:04.619+0000] {local_task_job_runner.py:120} INFO - ::group::Pre task execution logs
[2025-06-26T18:13:04.650+0000] {taskinstance.py:2088} DEBUG - <TaskInstance: axonrooter_weekly_retraining.run_retraining_pipeline manual__2025-06-26T18:12:47.889069+00:00 [queued]> dependency 'Task Instance Not Running' PASSED: True, Task is not in running state.
[2025-06-26T18:13:04.651+0000] {taskinstance.py:2088} DEBUG - <TaskInstance: axonrooter_weekly_retraining.run_retraining_pipeline manual__2025-06-26T18:12:47.889069+00:00 [queued]> dependency 'Task Instance State' PASSED: True, Task state queued was valid.
[2025-06-26T18:13:04.652+0000] {taskinstance.py:2088} DEBUG - <TaskInstance: axonrooter_weekly_retraining.run_retraining_pipeline manual__2025-06-26T18:12:47.889069+00:00 [queued]> dependency 'Trigger Rule' PASSED: True, The task instance did not have any upstream tasks.
[2025-06-26T18:13:04.661+0000] {taskinstance.py:2088} DEBUG - <TaskInstance: axonrooter_weekly_retraining.run_retraining_pipeline manual__2025-06-26T18:12:47.889069+00:00 [queued]> dependency 'Not In Retry Period' PASSED: True, The task instance was not marked for retrying.
[2025-06-26T18:13:04.662+0000] {taskinstance.py:2088} DEBUG - <TaskInstance: axonrooter_weekly_retraining.run_retraining_pipeline manual__2025-06-26T18:12:47.889069+00:00 [queued]> dependency 'Previous Dagrun State' PASSED: True, The task did not have depends_on_past set.
[2025-06-26T18:13:04.663+0000] {taskinstance.py:2076} INFO - Dependencies all met for dep_context=non-requeueable deps ti=<TaskInstance: axonrooter_weekly_retraining.run_retraining_pipeline manual__2025-06-26T18:12:47.889069+00:00 [queued]>
[2025-06-26T18:13:04.666+0000] {taskinstance.py:2088} DEBUG - <TaskInstance: axonrooter_weekly_retraining.run_retraining_pipeline manual__2025-06-26T18:12:47.889069+00:00 [queued]> dependency 'Trigger Rule' PASSED: True, The task instance did not have any upstream tasks.
[2025-06-26T18:13:04.670+0000] {taskinstance.py:2088} DEBUG - <TaskInstance: axonrooter_weekly_retraining.run_retraining_pipeline manual__2025-06-26T18:12:47.889069+00:00 [queued]> dependency 'Not In Retry Period' PASSED: True, The task instance was not marked for retrying.
[2025-06-26T18:13:04.671+0000] {taskinstance.py:2088} DEBUG - <TaskInstance: axonrooter_weekly_retraining.run_retraining_pipeline manual__2025-06-26T18:12:47.889069+00:00 [queued]> dependency 'Previous Dagrun State' PASSED: True, The task did not have depends_on_past set.
[2025-06-26T18:13:04.677+0000] {taskinstance.py:2088} DEBUG - <TaskInstance: axonrooter_weekly_retraining.run_retraining_pipeline manual__2025-06-26T18:12:47.889069+00:00 [queued]> dependency 'Pool Slots Available' PASSED: True, There are enough open slots in default_pool to execute the task
[2025-06-26T18:13:04.678+0000] {taskinstance.py:2088} DEBUG - <TaskInstance: axonrooter_weekly_retraining.run_retraining_pipeline manual__2025-06-26T18:12:47.889069+00:00 [queued]> dependency 'Task Concurrency' PASSED: True, Task concurrency is not set.
[2025-06-26T18:13:04.679+0000] {taskinstance.py:2076} INFO - Dependencies all met for dep_context=requeueable deps ti=<TaskInstance: axonrooter_weekly_retraining.run_retraining_pipeline manual__2025-06-26T18:12:47.889069+00:00 [queued]>
[2025-06-26T18:13:04.680+0000] {taskinstance.py:2306} INFO - Starting attempt 1 of 2
[2025-06-26T18:13:04.697+0000] {taskinstance.py:2330} INFO - Executing <Task(PythonOperator): run_retraining_pipeline> on 2025-06-26 18:12:47.889069+00:00
[2025-06-26T18:13:04.716+0000] {standard_task_runner.py:63} INFO - Started process 400 to run task
[2025-06-26T18:13:04.724+0000] {standard_task_runner.py:90} INFO - Running: ['***', 'tasks', 'run', 'axonrooter_weekly_retraining', 'run_retraining_pipeline', 'manual__2025-06-26T18:12:47.889069+00:00', '--job-id', '4', '--raw', '--subdir', 'DAGS_FOLDER/retrain_dag.py', '--cfg-path', '/tmp/tmponvdazbt']
[2025-06-26T18:13:04.731+0000] {standard_task_runner.py:91} INFO - Job 4: Subtask run_retraining_pipeline
[2025-06-26T18:13:04.733+0000] {cli_action_loggers.py:70} DEBUG - Calling callbacks: [<function default_action_log at 0x7e82aef34ca0>]
[2025-06-26T18:13:04.821+0000] {taskinstance.py:1042} DEBUG - previous_execution_date was called
[2025-06-26T18:13:04.832+0000] {task_command.py:426} INFO - Running <TaskInstance: axonrooter_weekly_retraining.run_retraining_pipeline manual__2025-06-26T18:12:47.889069+00:00 [running]> on host 62655652679c
[2025-06-26T18:13:04.833+0000] {settings.py:363} DEBUG - Disposing DB connection pool (PID 400)
[2025-06-26T18:13:04.834+0000] {settings.py:250} DEBUG - Setting up DB connection pool (PID 400)
[2025-06-26T18:13:04.835+0000] {settings.py:298} DEBUG - settings.prepare_engine_args(): Using NullPool
[2025-06-26T18:13:04.894+0000] {taskinstance.py:1042} DEBUG - previous_execution_date was called
[2025-06-26T18:13:04.897+0000] {taskinstance.py:1845} DEBUG - Clearing XCom data
[2025-06-26T18:13:04.911+0000] {retries.py:91} DEBUG - Running RenderedTaskInstanceFields.write with retries. Try 1 of 3
[2025-06-26T18:13:04.942+0000] {retries.py:91} DEBUG - Running RenderedTaskInstanceFields._do_delete_old_records with retries. Try 1 of 3
[2025-06-26T18:13:04.961+0000] {taskinstance.py:2648} INFO - Exporting env vars: AIRFLOW_CTX_DAG_OWNER='***' AIRFLOW_CTX_DAG_ID='axonrooter_weekly_retraining' AIRFLOW_CTX_TASK_ID='run_retraining_pipeline' AIRFLOW_CTX_EXECUTION_DATE='2025-06-26T18:12:47.889069+00:00' AIRFLOW_CTX_TRY_NUMBER='1' AIRFLOW_CTX_DAG_RUN_ID='manual__2025-06-26T18:12:47.889069+00:00'
[2025-06-26T18:13:04.962+0000] {__init__.py:119} DEBUG - Preparing lineage inlets and outlets
[2025-06-26T18:13:04.964+0000] {__init__.py:158} DEBUG - inlets: [], outlets: []
[2025-06-26T18:13:04.965+0000] {taskinstance.py:430} INFO - ::endgroup::
[2025-06-26T18:13:04.983+0000] {taskinstance.py:441} INFO - ::group::Post task execution logs
[2025-06-26T18:13:04.997+0000] {taskinstance.py:2905} ERROR - Task failed with exception
Traceback (most recent call last):
  File "/home/airflow/.local/lib/python3.10/site-packages/airflow/models/taskinstance.py", line 465, in _execute_task
    result = _execute_callable(context=context, **execute_callable_kwargs)
  File "/home/airflow/.local/lib/python3.10/site-packages/airflow/models/taskinstance.py", line 432, in _execute_callable
    return execute_callable(context=context, **execute_callable_kwargs)
  File "/home/airflow/.local/lib/python3.10/site-packages/airflow/models/baseoperator.py", line 400, in wrapper
    return func(self, *args, **kwargs)
  File "/home/airflow/.local/lib/python3.10/site-packages/airflow/operators/python.py", line 235, in execute
    return_value = self.execute_callable()
  File "/home/airflow/.local/lib/python3.10/site-packages/airflow/operators/python.py", line 252, in execute_callable
    return self.python_callable(*self.op_args, **self.op_kwargs)
  File "/opt/airflow/dags/retrain_dag.py", line 51, in run_pipeline
    ml_client = get_ml_client()
  File "/opt/airflow/dags/retrain_dag.py", line 36, in get_ml_client
    conn = BaseHook.get_connection("azure_ml_conn")
  File "/home/airflow/.local/lib/python3.10/site-packages/airflow/hooks/base.py", line 83, in get_connection
    conn = Connection.get_connection_from_secrets(conn_id)
  File "/home/airflow/.local/lib/python3.10/site-packages/airflow/models/connection.py", line 519, in get_connection_from_secrets
    raise AirflowNotFoundException(f"The conn_id `{conn_id}` isn't defined")
airflow.exceptions.AirflowNotFoundException: The conn_id `azure_ml_conn` isn't defined
[2025-06-26T18:13:05.014+0000] {taskinstance.py:562} DEBUG - Task Duration set to 0.350159
[2025-06-26T18:13:05.016+0000] {taskinstance.py:584} DEBUG - Clearing next_method and next_kwargs.
[2025-06-26T18:13:05.016+0000] {taskinstance.py:1206} INFO - Marking task as UP_FOR_RETRY. dag_id=axonrooter_weekly_retraining, task_id=run_retraining_pipeline, run_id=manual__2025-06-26T18:12:47.889069+00:00, execution_date=20250626T181247, start_date=20250626T181304, end_date=20250626T181305
[2025-06-26T18:13:05.037+0000] {cli_action_loggers.py:88} DEBUG - Calling callbacks: []
[2025-06-26T18:13:05.038+0000] {standard_task_runner.py:110} ERROR - Failed to execute job 4 for task run_retraining_pipeline (The conn_id `azure_ml_conn` isn't defined; 400)
[2025-06-26T18:13:05.098+0000] {local_task_job_runner.py:240} INFO - Task exited with return code 1
[2025-06-26T18:13:05.127+0000] {dagrun.py:932} DEBUG - number of tis tasks for <DagRun axonrooter_weekly_retraining @ 2025-06-26 18:12:47.889069+00:00: manual__2025-06-26T18:12:47.889069+00:00, state:running, queued_at: 2025-06-26 18:12:48.006976+00:00. externally triggered: True>: 2 task(s)
[2025-06-26T18:13:05.128+0000] {dagrun.py:953} DEBUG - number of scheduleable tasks for <DagRun axonrooter_weekly_retraining @ 2025-06-26 18:12:47.889069+00:00: manual__2025-06-26T18:12:47.889069+00:00, state:running, queued_at: 2025-06-26 18:12:48.006976+00:00. externally triggered: True>: 2 task(s)
[2025-06-26T18:13:05.129+0000] {taskinstance.py:2088} DEBUG - <TaskInstance: axonrooter_weekly_retraining.run_retraining_pipeline manual__2025-06-26T18:12:47.889069+00:00 [up_for_retry]> dependency 'Trigger Rule' PASSED: True, The task instance did not have any upstream tasks.
[2025-06-26T18:13:05.130+0000] {taskinstance.py:2088} DEBUG - <TaskInstance: axonrooter_weekly_retraining.run_retraining_pipeline manual__2025-06-26T18:12:47.889069+00:00 [up_for_retry]> dependency 'Not In Retry Period' PASSED: False, Task is not ready for retry yet but will be retried automatically. Current date is 2025-06-26T18:13:05.130631+00:00 and task will be retried at 2025-06-26T18:18:05.013990+00:00.
[2025-06-26T18:13:05.131+0000] {taskinstance.py:2066} DEBUG - Dependencies not met for <TaskInstance: axonrooter_weekly_retraining.run_retraining_pipeline manual__2025-06-26T18:12:47.889069+00:00 [up_for_retry]>, dependency 'Not In Retry Period' FAILED: Task is not ready for retry yet but will be retried automatically. Current date is 2025-06-26T18:13:05.130631+00:00 and task will be retried at 2025-06-26T18:18:05.013990+00:00.
[2025-06-26T18:13:05.132+0000] {taskinstance.py:2088} DEBUG - <TaskInstance: axonrooter_weekly_retraining.run_retraining_pipeline manual__2025-06-26T18:12:47.889069+00:00 [up_for_retry]> dependency 'Previous Dagrun State' PASSED: True, The task did not have depends_on_past set.
[2025-06-26T18:13:05.133+0000] {taskinstance.py:2088} DEBUG - <TaskInstance: axonrooter_weekly_retraining.promote_model_to_green manual__2025-06-26T18:12:47.889069+00:00 [None]> dependency 'Trigger Rule' PASSED: False, Task's trigger rule 'all_success' requires all upstream tasks to have succeeded, but found 1 non-success(es). upstream_states=_UpstreamTIStates(success=0, skipped=0, failed=0, upstream_failed=0, removed=0, done=0, success_setup=0, skipped_setup=0), upstream_task_ids={'run_retraining_pipeline'}
[2025-06-26T18:13:05.155+0000] {taskinstance.py:2066} DEBUG - Dependencies not met for <TaskInstance: axonrooter_weekly_retraining.promote_model_to_green manual__2025-06-26T18:12:47.889069+00:00 [None]>, dependency 'Trigger Rule' FAILED: Task's trigger rule 'all_success' requires all upstream tasks to have succeeded, but found 1 non-success(es). upstream_states=_UpstreamTIStates(success=0, skipped=0, failed=0, upstream_failed=0, removed=0, done=0, success_setup=0, skipped_setup=0), upstream_task_ids={'run_retraining_pipeline'}
[2025-06-26T18:13:05.157+0000] {taskinstance.py:2088} DEBUG - <TaskInstance: axonrooter_weekly_retraining.promote_model_to_green manual__2025-06-26T18:12:47.889069+00:00 [None]> dependency 'Not In Retry Period' PASSED: True, The task instance was not marked for retrying.
[2025-06-26T18:13:05.157+0000] {taskinstance.py:2088} DEBUG - <TaskInstance: axonrooter_weekly_retraining.promote_model_to_green manual__2025-06-26T18:12:47.889069+00:00 [None]> dependency 'Previous Dagrun State' PASSED: True, The task did not have depends_on_past set.
[2025-06-26T18:13:05.168+0000] {taskinstance.py:3498} INFO - 0 downstream tasks scheduled from follow-on schedule check
[2025-06-26T18:13:05.172+0000] {local_task_job_runner.py:222} INFO - ::endgroup::
