[2025-06-24T18:16:35.406+0000] {taskinstance.py:1042} DEBUG - previous_execution_date was called
[2025-06-24T18:16:35.448+0000] {__init__.py:54} DEBUG - Loading core task runner: StandardTaskRunner
[2025-06-24T18:16:35.473+0000] {taskinstance.py:1042} DEBUG - previous_execution_date was called
[2025-06-24T18:16:35.493+0000] {base_task_runner.py:73} DEBUG - Planning to run as the  user
[2025-06-24T18:16:35.500+0000] {local_task_job_runner.py:120} INFO - ::group::Pre task execution logs
[2025-06-24T18:16:35.538+0000] {taskinstance.py:2088} DEBUG - <TaskInstance: axonrooter_weekly_retraining.run_retraining_pipeline manual__2025-06-24T18:11:17.088962+00:00 [queued]> dependency 'Previous Dagrun State' PASSED: True, The task did not have depends_on_past set.
[2025-06-24T18:16:35.539+0000] {taskinstance.py:2088} DEBUG - <TaskInstance: axonrooter_weekly_retraining.run_retraining_pipeline manual__2025-06-24T18:11:17.088962+00:00 [queued]> dependency 'Not In Retry Period' PASSED: True, The task instance was not marked for retrying.
[2025-06-24T18:16:35.540+0000] {taskinstance.py:2088} DEBUG - <TaskInstance: axonrooter_weekly_retraining.run_retraining_pipeline manual__2025-06-24T18:11:17.088962+00:00 [queued]> dependency 'Trigger Rule' PASSED: True, The task instance did not have any upstream tasks.
[2025-06-24T18:16:35.541+0000] {taskinstance.py:2088} DEBUG - <TaskInstance: axonrooter_weekly_retraining.run_retraining_pipeline manual__2025-06-24T18:11:17.088962+00:00 [queued]> dependency 'Task Instance Not Running' PASSED: True, Task is not in running state.
[2025-06-24T18:16:35.542+0000] {taskinstance.py:2088} DEBUG - <TaskInstance: axonrooter_weekly_retraining.run_retraining_pipeline manual__2025-06-24T18:11:17.088962+00:00 [queued]> dependency 'Task Instance State' PASSED: True, Task state queued was valid.
[2025-06-24T18:16:35.543+0000] {taskinstance.py:2076} INFO - Dependencies all met for dep_context=non-requeueable deps ti=<TaskInstance: axonrooter_weekly_retraining.run_retraining_pipeline manual__2025-06-24T18:11:17.088962+00:00 [queued]>
[2025-06-24T18:16:35.547+0000] {taskinstance.py:2088} DEBUG - <TaskInstance: axonrooter_weekly_retraining.run_retraining_pipeline manual__2025-06-24T18:11:17.088962+00:00 [queued]> dependency 'Previous Dagrun State' PASSED: True, The task did not have depends_on_past set.
[2025-06-24T18:16:35.548+0000] {taskinstance.py:2088} DEBUG - <TaskInstance: axonrooter_weekly_retraining.run_retraining_pipeline manual__2025-06-24T18:11:17.088962+00:00 [queued]> dependency 'Not In Retry Period' PASSED: True, The task instance was not marked for retrying.
[2025-06-24T18:16:35.556+0000] {taskinstance.py:2088} DEBUG - <TaskInstance: axonrooter_weekly_retraining.run_retraining_pipeline manual__2025-06-24T18:11:17.088962+00:00 [queued]> dependency 'Pool Slots Available' PASSED: True, There are enough open slots in default_pool to execute the task
[2025-06-24T18:16:35.559+0000] {taskinstance.py:2088} DEBUG - <TaskInstance: axonrooter_weekly_retraining.run_retraining_pipeline manual__2025-06-24T18:11:17.088962+00:00 [queued]> dependency 'Task Concurrency' PASSED: True, Task concurrency is not set.
[2025-06-24T18:16:35.560+0000] {taskinstance.py:2088} DEBUG - <TaskInstance: axonrooter_weekly_retraining.run_retraining_pipeline manual__2025-06-24T18:11:17.088962+00:00 [queued]> dependency 'Trigger Rule' PASSED: True, The task instance did not have any upstream tasks.
[2025-06-24T18:16:35.561+0000] {taskinstance.py:2076} INFO - Dependencies all met for dep_context=requeueable deps ti=<TaskInstance: axonrooter_weekly_retraining.run_retraining_pipeline manual__2025-06-24T18:11:17.088962+00:00 [queued]>
[2025-06-24T18:16:35.562+0000] {taskinstance.py:2306} INFO - Starting attempt 2 of 2
[2025-06-24T18:16:35.583+0000] {taskinstance.py:2330} INFO - Executing <Task(PythonOperator): run_retraining_pipeline> on 2025-06-24 18:11:17.088962+00:00
[2025-06-24T18:16:35.603+0000] {standard_task_runner.py:63} INFO - Started process 1104 to run task
[2025-06-24T18:16:35.610+0000] {standard_task_runner.py:90} INFO - Running: ['***', 'tasks', 'run', 'axonrooter_weekly_retraining', 'run_retraining_pipeline', 'manual__2025-06-24T18:11:17.088962+00:00', '--job-id', '93', '--raw', '--subdir', 'DAGS_FOLDER/retrain_dag.py', '--cfg-path', '/tmp/tmpyfrthy4n']
[2025-06-24T18:16:35.618+0000] {standard_task_runner.py:91} INFO - Job 93: Subtask run_retraining_pipeline
[2025-06-24T18:16:35.621+0000] {cli_action_loggers.py:70} DEBUG - Calling callbacks: [<function default_action_log at 0x7dbed2b18ca0>]
[2025-06-24T18:16:35.718+0000] {taskinstance.py:1042} DEBUG - previous_execution_date was called
[2025-06-24T18:16:35.736+0000] {task_command.py:426} INFO - Running <TaskInstance: axonrooter_weekly_retraining.run_retraining_pipeline manual__2025-06-24T18:11:17.088962+00:00 [running]> on host 2396ac50d429
[2025-06-24T18:16:35.737+0000] {settings.py:363} DEBUG - Disposing DB connection pool (PID 1104)
[2025-06-24T18:16:35.738+0000] {settings.py:250} DEBUG - Setting up DB connection pool (PID 1104)
[2025-06-24T18:16:35.739+0000] {settings.py:298} DEBUG - settings.prepare_engine_args(): Using NullPool
[2025-06-24T18:16:35.813+0000] {taskinstance.py:1042} DEBUG - previous_execution_date was called
[2025-06-24T18:16:35.824+0000] {taskinstance.py:1845} DEBUG - Clearing XCom data
[2025-06-24T18:16:35.840+0000] {retries.py:91} DEBUG - Running RenderedTaskInstanceFields.write with retries. Try 1 of 3
[2025-06-24T18:16:35.876+0000] {retries.py:91} DEBUG - Running RenderedTaskInstanceFields._do_delete_old_records with retries. Try 1 of 3
[2025-06-24T18:16:35.900+0000] {taskinstance.py:2648} INFO - Exporting env vars: AIRFLOW_CTX_DAG_OWNER='***' AIRFLOW_CTX_DAG_ID='axonrooter_weekly_retraining' AIRFLOW_CTX_TASK_ID='run_retraining_pipeline' AIRFLOW_CTX_EXECUTION_DATE='2025-06-24T18:11:17.088962+00:00' AIRFLOW_CTX_TRY_NUMBER='2' AIRFLOW_CTX_DAG_RUN_ID='manual__2025-06-24T18:11:17.088962+00:00'
[2025-06-24T18:16:35.901+0000] {__init__.py:119} DEBUG - Preparing lineage inlets and outlets
[2025-06-24T18:16:35.904+0000] {__init__.py:158} DEBUG - inlets: [], outlets: []
[2025-06-24T18:16:35.905+0000] {taskinstance.py:430} INFO - ::endgroup::
[2025-06-24T18:16:35.922+0000] {base.py:84} INFO - Using connection ID 'azure_ml_conn' for task execution.
[2025-06-24T18:16:36.028+0000] {authority.py:75} DEBUG - Initializing with Entra authority: https://login.microsoftonline.com/0a33589b-0036-4fe8-a829-3ed0926af886
[2025-06-24T18:16:36.030+0000] {_universal.py:511} INFO - Request URL: 'https://login.microsoftonline.com/0a33589b-0036-4fe8-a829-3ed0926af886/v2.0/.well-known/openid-configuration'
Request method: 'GET'
Request headers:
    'User-Agent': 'azsdk-python-identity/1.23.0 Python/3.10.14 (Linux-6.6.87.1-microsoft-standard-WSL2-x86_64-with-glibc2.36)'
No body was attached to the request
[2025-06-24T18:16:36.575+0000] {_universal.py:547} INFO - Response status: 200
Response headers:
    'Cache-Control': 'max-age=86400, private'
    'Content-Type': 'application/json; charset=utf-8'
    'Strict-Transport-Security': 'REDACTED'
    'X-Content-Type-Options': 'REDACTED'
    'Access-Control-Allow-Origin': 'REDACTED'
    'Access-Control-Allow-Methods': 'REDACTED'
    'P3P': 'REDACTED'
    'x-ms-request-id': '4ef78dcf-d431-49e5-86c1-36c8bac63500'
    'x-ms-ests-server': 'REDACTED'
    'x-ms-srs': 'REDACTED'
    'Content-Security-Policy-Report-Only': 'REDACTED'
    'X-XSS-Protection': 'REDACTED'
    'Set-Cookie': 'REDACTED'
    'Date': 'Tue, 24 Jun 2025 18:16:34 GMT'
    'Content-Length': '1753'
[2025-06-24T18:16:36.579+0000] {authority.py:96} DEBUG - openid_config("https://login.microsoftonline.com/0a33589b-0036-4fe8-a829-3ed0926af886/v2.0/.well-known/openid-configuration") = {'token_endpoint': '***', 'token_endpoint_auth_methods_supported': ['***', '***', '***'], 'jwks_uri': 'https://login.microsoftonline.com/0a33589b-0036-4fe8-a829-3ed0926af886/discovery/v2.0/keys', 'response_modes_supported': ['query', 'fragment', 'form_post'], 'subject_types_supported': ['pairwise'], 'id_token_signing_alg_values_supported': ['***'], 'response_types_supported': ['code', 'id_token', 'code id_token', 'id_token token'], 'scopes_supported': ['openid', 'profile', 'email', 'offline_access'], 'issuer': 'https://login.microsoftonline.com/0a33589b-0036-4fe8-a829-3ed0926af886/v2.0', 'request_uri_parameter_supported': False, 'userinfo_endpoint': 'https://graph.microsoft.com/oidc/userinfo', 'authorization_endpoint': '***', 'device_authorization_endpoint': '***', 'http_logout_supported': True, 'frontchannel_logout_supported': True, 'end_session_endpoint': 'https://login.microsoftonline.com/0a33589b-0036-4fe8-a829-3ed0926af886/oauth2/v2.0/logout', 'claims_supported': ['sub', 'iss', 'cloud_instance_name', 'cloud_instance_host_name', 'cloud_graph_host_name', 'msgraph_host', 'aud', 'exp', 'iat', 'auth_time', 'acr', 'nonce', 'preferred_username', 'name', 'tid', 'ver', 'at_hash', 'c_hash', 'email'], 'kerberos_endpoint': 'https://login.microsoftonline.com/0a33589b-0036-4fe8-a829-3ed0926af886/kerberos', 'tenant_region_scope': 'EU', 'cloud_instance_name': 'microsoftonline.com', 'cloud_graph_host_name': 'graph.windows.net', 'msgraph_host': 'graph.microsoft.com', 'rbac_url': 'https://pas.windows.net'}
[2025-06-24T18:16:36.581+0000] {application.py:705} DEBUG - Broker enabled? None
[2025-06-24T18:16:36.583+0000] {application.py:755} DEBUG - Region to be used: None
[2025-06-24T18:16:36.591+0000] {telemetry.py:37} DEBUG - Generate or reuse correlation_id: c5cef40c-bdd9-4517-95ce-25af3c671b87
[2025-06-24T18:16:36.592+0000] {_universal.py:508} INFO - Request URL: 'https://login.microsoftonline.com/0a33589b-0036-4fe8-a829-3ed0926af886/oauth2/v2.0/token'
Request method: 'POST'
Request headers:
    'Accept': 'application/json'
    'x-client-sku': 'REDACTED'
    'x-client-ver': 'REDACTED'
    'x-client-os': 'REDACTED'
    'x-ms-lib-capability': 'REDACTED'
    'client-request-id': 'REDACTED'
    'x-client-current-telemetry': 'REDACTED'
    'x-client-last-telemetry': 'REDACTED'
    'User-Agent': 'azsdk-python-identity/1.23.0 Python/3.10.14 (Linux-6.6.87.1-microsoft-standard-WSL2-x86_64-with-glibc2.36)'
A body is sent with the request
[2025-06-24T18:16:36.684+0000] {_universal.py:547} INFO - Response status: 200
Response headers:
    'Cache-Control': 'no-store, no-cache'
    'Pragma': 'no-cache'
    'Content-Type': 'application/json; charset=utf-8'
    'Expires': '-1'
    'Strict-Transport-Security': 'REDACTED'
    'X-Content-Type-Options': 'REDACTED'
    'P3P': 'REDACTED'
    'client-request-id': 'REDACTED'
    'x-ms-request-id': '9f651d6e-99f3-4357-b9be-5707b0793000'
    'x-ms-ests-server': 'REDACTED'
    'x-ms-clitelem': 'REDACTED'
    'x-ms-srs': 'REDACTED'
    'Content-Security-Policy-Report-Only': 'REDACTED'
    'X-XSS-Protection': 'REDACTED'
    'Set-Cookie': 'REDACTED'
    'Date': 'Tue, 24 Jun 2025 18:16:34 GMT'
    'Content-Length': '1676'
[2025-06-24T18:16:36.685+0000] {token_cache.py:204} DEBUG - event={
    "client_id": "27157a5a-3927-4895-8478-9d4554697d25",
    "data": {
        "claims": null,
        "scope": [
            "https://management.azure.com/.default"
        ]
    },
    "environment": "login.microsoftonline.com",
    "grant_type": "client_credentials",
    "params": null,
    "response": {
        "access_token": "********",
        "expires_in": 86399,
        "ext_expires_in": 86399,
        "refresh_in": 43199,
        "token_type": "Bearer"
    },
    "scope": [
        "https://management.azure.com/.default"
    ],
    "token_endpoint": "https://login.microsoftonline.com/0a33589b-0036-4fe8-a829-3ed0926af886/oauth2/v2.0/token"
}
[2025-06-24T18:16:36.686+0000] {get_token_mixin.py:148} INFO - ClientSecretCredential.get_token_info succeeded
[2025-06-24T18:16:36.687+0000] {_universal.py:511} INFO - Request URL: 'https://management.azure.com/subscriptions/0a94de80-6d3b-49f2-b3e9-ec5818862801/resourceGroups/buas-y2/providers/Microsoft.MachineLearningServices/workspaces/CV9-2025/data/axonrooter_student_corrections_Endijs_20250623_204658?api-version=REDACTED'
Request method: 'GET'
Request headers:
    'Accept': 'application/json'
    'x-ms-client-request-id': '5d5a867a-5127-11f0-866e-7aa2131b79d3'
    'User-Agent': 'azure-ai-ml/1.27.1 azsdk-python-mgmt-machinelearningservices/0.1.0 Python/3.10.14 (Linux-6.6.87.1-microsoft-standard-WSL2-x86_64-with-glibc2.36)'
    'Authorization': 'REDACTED'
No body was attached to the request
[2025-06-24T18:16:37.184+0000] {_universal.py:547} INFO - Response status: 200
Response headers:
    'Cache-Control': 'no-cache'
    'Pragma': 'no-cache'
    'Content-Length': '737'
    'Content-Type': 'application/json; charset=utf-8'
    'Expires': '-1'
    'Vary': 'REDACTED'
    'x-ms-ratelimit-remaining-subscription-reads': '249'
    'x-ms-operation-identifier': 'REDACTED'
    'Request-Context': 'REDACTED'
    'x-ms-response-type': 'REDACTED'
    'Strict-Transport-Security': 'REDACTED'
    'X-Content-Type-Options': 'REDACTED'
    'azureml-served-by-cluster': 'REDACTED'
    'x-request-time': 'REDACTED'
    'x-ms-ratelimit-remaining-subscription-global-reads': 'REDACTED'
    'x-ms-request-id': '7a43705d-259e-4d73-8de5-56ba8ad56bcc'
    'x-ms-correlation-request-id': 'REDACTED'
    'x-ms-routing-request-id': 'REDACTED'
    'X-Cache': 'REDACTED'
    'X-MSEdge-Ref': 'Ref A: E14CEDF1F67444C089808D4446CBDE89 Ref B: AMS231032608027 Ref C: 2025-06-24T18:16:34Z'
    'Date': 'Tue, 24 Jun 2025 18:16:34 GMT'
[2025-06-24T18:16:37.192+0000] {_universal.py:511} INFO - Request URL: 'https://management.azure.com/subscriptions/0a94de80-6d3b-49f2-b3e9-ec5818862801/resourceGroups/buas-y2/providers/Microsoft.MachineLearningServices/workspaces/CV9-2025/data/axonrooter_student_corrections_Endijs_20250623_204658/versions/1?api-version=REDACTED'
Request method: 'GET'
Request headers:
    'Accept': 'application/json'
    'x-ms-client-request-id': '5e0c3e4c-5127-11f0-866e-7aa2131b79d3'
    'User-Agent': 'azure-ai-ml/1.27.1 azsdk-python-mgmt-machinelearningservices/0.1.0 Python/3.10.14 (Linux-6.6.87.1-microsoft-standard-WSL2-x86_64-with-glibc2.36)'
    'Authorization': 'REDACTED'
No body was attached to the request
[2025-06-24T18:16:37.362+0000] {_universal.py:547} INFO - Response status: 200
Response headers:
    'Cache-Control': 'no-cache'
    'Pragma': 'no-cache'
    'Content-Length': '1073'
    'Content-Type': 'application/json; charset=utf-8'
    'Expires': '-1'
    'Vary': 'REDACTED'
    'x-ms-ratelimit-remaining-subscription-reads': '249'
    'x-ms-operation-identifier': 'REDACTED'
    'Request-Context': 'REDACTED'
    'x-ms-response-type': 'REDACTED'
    'Strict-Transport-Security': 'REDACTED'
    'X-Content-Type-Options': 'REDACTED'
    'azureml-served-by-cluster': 'REDACTED'
    'x-request-time': 'REDACTED'
    'x-ms-ratelimit-remaining-subscription-global-reads': 'REDACTED'
    'x-ms-request-id': '26f75db1-0cc1-496b-a8fd-2a4cef07706e'
    'x-ms-correlation-request-id': 'REDACTED'
    'x-ms-routing-request-id': 'REDACTED'
    'X-Cache': 'REDACTED'
    'X-MSEdge-Ref': 'Ref A: C5406A8BB78F4B09BDBBF37C51CE35A4 Ref B: AMS231032608027 Ref C: 2025-06-24T18:16:35Z'
    'Date': 'Tue, 24 Jun 2025 18:16:35 GMT'
[2025-06-24T18:16:37.367+0000] {application.py:1553} DEBUG - Cache hit an AT
[2025-06-24T18:16:37.369+0000] {telemetry.py:37} DEBUG - Generate or reuse correlation_id: 848c7059-ab83-4f10-82f0-20ab38a9458b
[2025-06-24T18:16:37.369+0000] {get_token_mixin.py:148} INFO - ClientSecretCredential.get_token_info succeeded
[2025-06-24T18:16:37.370+0000] {_universal.py:511} INFO - Request URL: 'https://management.azure.com/subscriptions/0a94de80-6d3b-49f2-b3e9-ec5818862801/resourceGroups/buas-y2/providers/Microsoft.MachineLearningServices/workspaces/CV9-2025/components/train2/versions/4?api-version=REDACTED'
Request method: 'GET'
Request headers:
    'Accept': 'application/json'
    'x-ms-client-request-id': '5e270b64-5127-11f0-866e-7aa2131b79d3'
    'User-Agent': 'azure-ai-ml/1.27.1 azsdk-python-mgmt-machinelearningservices/0.1.0 Python/3.10.14 (Linux-6.6.87.1-microsoft-standard-WSL2-x86_64-with-glibc2.36)'
    'Authorization': 'REDACTED'
No body was attached to the request
[2025-06-24T18:16:37.973+0000] {_universal.py:547} INFO - Response status: 200
Response headers:
    'Cache-Control': 'no-cache'
    'Pragma': 'no-cache'
    'Content-Length': '2017'
    'Content-Type': 'application/json; charset=utf-8'
    'Expires': '-1'
    'Vary': 'REDACTED'
    'x-ms-ratelimit-remaining-subscription-reads': '249'
    'x-ms-operation-identifier': 'REDACTED'
    'Request-Context': 'REDACTED'
    'x-ms-response-type': 'REDACTED'
    'Strict-Transport-Security': 'REDACTED'
    'X-Content-Type-Options': 'REDACTED'
    'azureml-served-by-cluster': 'REDACTED'
    'x-request-time': 'REDACTED'
    'x-ms-ratelimit-remaining-subscription-global-reads': 'REDACTED'
    'x-ms-request-id': '0f9442ed-d803-49cd-a947-b9d8233f61ca'
    'x-ms-correlation-request-id': 'REDACTED'
    'x-ms-routing-request-id': 'REDACTED'
    'X-Cache': 'REDACTED'
    'X-MSEdge-Ref': 'Ref A: 227B0A75BEA04148AA0394647EC90D8D Ref B: AMS231032607007 Ref C: 2025-06-24T18:16:35Z'
    'Date': 'Tue, 24 Jun 2025 18:16:34 GMT'
[2025-06-24T18:16:38.007+0000] {_universal.py:511} INFO - Request URL: 'https://management.azure.com/subscriptions/0a94de80-6d3b-49f2-b3e9-ec5818862801/resourceGroups/buas-y2/providers/Microsoft.MachineLearningServices/workspaces/CV9-2025/components/evaluate2/versions/1?api-version=REDACTED'
Request method: 'GET'
Request headers:
    'Accept': 'application/json'
    'x-ms-client-request-id': '5e889230-5127-11f0-866e-7aa2131b79d3'
    'User-Agent': 'azure-ai-ml/1.27.1 azsdk-python-mgmt-machinelearningservices/0.1.0 Python/3.10.14 (Linux-6.6.87.1-microsoft-standard-WSL2-x86_64-with-glibc2.36)'
    'Authorization': 'REDACTED'
No body was attached to the request
[2025-06-24T18:16:38.283+0000] {_universal.py:547} INFO - Response status: 200
Response headers:
    'Cache-Control': 'no-cache'
    'Pragma': 'no-cache'
    'Content-Length': '1941'
    'Content-Type': 'application/json; charset=utf-8'
    'Expires': '-1'
    'Vary': 'REDACTED'
    'x-ms-ratelimit-remaining-subscription-reads': '249'
    'x-ms-operation-identifier': 'REDACTED'
    'Request-Context': 'REDACTED'
    'x-ms-response-type': 'REDACTED'
    'Strict-Transport-Security': 'REDACTED'
    'X-Content-Type-Options': 'REDACTED'
    'azureml-served-by-cluster': 'REDACTED'
    'x-request-time': 'REDACTED'
    'x-ms-ratelimit-remaining-subscription-global-reads': 'REDACTED'
    'x-ms-request-id': '91128f43-d94c-48ee-8017-9afa8e0806fd'
    'x-ms-correlation-request-id': 'REDACTED'
    'x-ms-routing-request-id': 'REDACTED'
    'X-Cache': 'REDACTED'
    'X-MSEdge-Ref': 'Ref A: CBFFE6A728F24E468B91D97944E5C42C Ref B: AMS231032607007 Ref C: 2025-06-24T18:16:35Z'
    'Date': 'Tue, 24 Jun 2025 18:16:35 GMT'
[2025-06-24T18:16:38.288+0000] {_universal.py:511} INFO - Request URL: 'https://management.azure.com/subscriptions/0a94de80-6d3b-49f2-b3e9-ec5818862801/resourceGroups/buas-y2/providers/Microsoft.MachineLearningServices/workspaces/CV9-2025/components/register/versions/1?api-version=REDACTED'
Request method: 'GET'
Request headers:
    'Accept': 'application/json'
    'x-ms-client-request-id': '5eb37702-5127-11f0-866e-7aa2131b79d3'
    'User-Agent': 'azure-ai-ml/1.27.1 azsdk-python-mgmt-machinelearningservices/0.1.0 Python/3.10.14 (Linux-6.6.87.1-microsoft-standard-WSL2-x86_64-with-glibc2.36)'
    'Authorization': 'REDACTED'
No body was attached to the request
[2025-06-24T18:16:38.700+0000] {_universal.py:547} INFO - Response status: 200
Response headers:
    'Cache-Control': 'no-cache'
    'Pragma': 'no-cache'
    'Content-Length': '2008'
    'Content-Type': 'application/json; charset=utf-8'
    'Expires': '-1'
    'Vary': 'REDACTED'
    'x-ms-ratelimit-remaining-subscription-reads': '249'
    'x-ms-operation-identifier': 'REDACTED'
    'Request-Context': 'REDACTED'
    'x-ms-response-type': 'REDACTED'
    'Strict-Transport-Security': 'REDACTED'
    'X-Content-Type-Options': 'REDACTED'
    'azureml-served-by-cluster': 'REDACTED'
    'x-request-time': 'REDACTED'
    'x-ms-ratelimit-remaining-subscription-global-reads': 'REDACTED'
    'x-ms-request-id': 'd62ac244-5019-415c-b33d-1ffd457862b8'
    'x-ms-correlation-request-id': 'REDACTED'
    'x-ms-routing-request-id': 'REDACTED'
    'X-Cache': 'REDACTED'
    'X-MSEdge-Ref': 'Ref A: B27CA044FF5D42C580ECAEEBF757E9A9 Ref B: AMS231032607007 Ref C: 2025-06-24T18:16:36Z'
    'Date': 'Tue, 24 Jun 2025 18:16:35 GMT'
[2025-06-24T18:16:38.706+0000] {application.py:1553} DEBUG - Cache hit an AT
[2025-06-24T18:16:38.707+0000] {telemetry.py:37} DEBUG - Generate or reuse correlation_id: b5d8cbe4-1fc5-4241-8a4d-3b58b27b254c
[2025-06-24T18:16:38.708+0000] {get_token_mixin.py:148} INFO - ClientSecretCredential.get_token_info succeeded
[2025-06-24T18:16:38.709+0000] {_universal.py:511} INFO - Request URL: 'https://management.azure.com/subscriptions/0a94de80-6d3b-49f2-b3e9-ec5818862801/resourceGroups/buas-y2/providers/Microsoft.MachineLearningServices/workspaces/CV9-2025/models/axonrooter-finetuned/versions/8?api-version=REDACTED'
Request method: 'GET'
Request headers:
    'Accept': 'application/json'
    'x-ms-client-request-id': '5ef34008-5127-11f0-866e-7aa2131b79d3'
    'User-Agent': 'azure-ai-ml/1.27.1 azsdk-python-mgmt-machinelearningservices/0.1.0 Python/3.10.14 (Linux-6.6.87.1-microsoft-standard-WSL2-x86_64-with-glibc2.36)'
    'Authorization': 'REDACTED'
No body was attached to the request
[2025-06-24T18:16:39.115+0000] {_universal.py:547} INFO - Response status: 200
Response headers:
    'Cache-Control': 'no-cache'
    'Pragma': 'no-cache'
    'Content-Length': '1214'
    'Content-Type': 'application/json; charset=utf-8'
    'Expires': '-1'
    'Vary': 'REDACTED'
    'x-ms-ratelimit-remaining-subscription-reads': '249'
    'x-ms-operation-identifier': 'REDACTED'
    'Request-Context': 'REDACTED'
    'x-ms-response-type': 'REDACTED'
    'Strict-Transport-Security': 'REDACTED'
    'X-Content-Type-Options': 'REDACTED'
    'azureml-served-by-cluster': 'REDACTED'
    'x-request-time': 'REDACTED'
    'x-ms-ratelimit-remaining-subscription-global-reads': 'REDACTED'
    'x-ms-request-id': '6a29f8d9-4179-48b9-a611-5c822e6d0b73'
    'x-ms-correlation-request-id': 'REDACTED'
    'x-ms-routing-request-id': 'REDACTED'
    'X-Cache': 'REDACTED'
    'X-MSEdge-Ref': 'Ref A: 366A0705D4F54A87BAFE91B579AE51DB Ref B: AMS231020512035 Ref C: 2025-06-24T18:16:36Z'
    'Date': 'Tue, 24 Jun 2025 18:16:36 GMT'
[2025-06-24T18:16:39.954+0000] {taskinstance.py:441} INFO - ::group::Post task execution logs
[2025-06-24T18:16:39.955+0000] {taskinstance.py:2905} ERROR - Task failed with exception
Traceback (most recent call last):
  File "/home/airflow/.local/lib/python3.10/site-packages/airflow/models/taskinstance.py", line 465, in _execute_task
    result = _execute_callable(context=context, **execute_callable_kwargs)
  File "/home/airflow/.local/lib/python3.10/site-packages/airflow/models/taskinstance.py", line 432, in _execute_callable
    return execute_callable(context=context, **execute_callable_kwargs)
  File "/home/airflow/.local/lib/python3.10/site-packages/airflow/models/baseoperator.py", line 400, in wrapper
    return func(self, *args, **kwargs)
  File "/home/airflow/.local/lib/python3.10/site-packages/airflow/operators/python.py", line 235, in execute
    return_value = self.execute_callable()
  File "/home/airflow/.local/lib/python3.10/site-packages/airflow/operators/python.py", line 252, in execute_callable
    return self.python_callable(*self.op_args, **self.op_kwargs)
  File "/opt/airflow/dags/retrain_dag.py", line 69, in run_pipeline
    job = retraining_pipeline()
  File "/home/airflow/.local/lib/python3.10/site-packages/azure/ai/ml/dsl/_pipeline_decorator.py", line 200, in wrapper
    pipeline_component = pipeline_builder.build(
  File "/home/airflow/.local/lib/python3.10/site-packages/azure/ai/ml/dsl/_pipeline_component_builder.py", line 191, in build
    outputs, _locals = get_outputs_and_locals(self.func, kwargs)
  File "/home/airflow/.local/lib/python3.10/site-packages/azure/ai/ml/_utils/_func_utils.py", line 471, in get_outputs_and_locals
    return _get_persistent_locals_builder().call(func, _all_kwargs)
  File "/home/airflow/.local/lib/python3.10/site-packages/azure/ai/ml/_utils/_func_utils.py", line 63, in call
    return self._call(func, _all_kwargs)
  File "/home/airflow/.local/lib/python3.10/site-packages/azure/ai/ml/_utils/_func_utils.py", line 109, in _call
    outputs = func(**_all_kwargs)
  File "/opt/airflow/dags/retrain_dag.py", line 51, in retraining_pipeline
    train = train_component(
  File "/home/airflow/.local/lib/python3.10/site-packages/azure/ai/ml/entities/_component/component.py", line 641, in __call__
    return self._func(*args, **kwargs)  # pylint: disable=not-callable
  File "/home/airflow/.local/lib/python3.10/site-packages/azure/ai/ml/dsl/_dynamic.py", line 172, in [component] Train Model
    _assert_arg_valid(kwargs, [*list(default_kwargs.keys()), *flattened_group_keys], func_name=func_name)
  File "/home/airflow/.local/lib/python3.10/site-packages/azure/ai/ml/dsl/_dynamic.py", line 115, in _assert_arg_valid
    raise UnexpectedKeywordError(func_name=func_name, keyword=key, keywords=keys)
azure.ai.ml.exceptions.UnexpectedKeywordError: [component] Train Model() got an unexpected keyword argument 'data_root', valid keywords: 'data', 'pretrained_model'.
[2025-06-24T18:16:39.969+0000] {taskinstance.py:562} DEBUG - Task Duration set to 4.425927
[2025-06-24T18:16:39.971+0000] {taskinstance.py:584} DEBUG - Clearing next_method and next_kwargs.
[2025-06-24T18:16:39.972+0000] {taskinstance.py:1206} INFO - Marking task as FAILED. dag_id=axonrooter_weekly_retraining, task_id=run_retraining_pipeline, run_id=manual__2025-06-24T18:11:17.088962+00:00, execution_date=20250624T181117, start_date=20250624T181635, end_date=20250624T181639
[2025-06-24T18:16:39.994+0000] {cli_action_loggers.py:88} DEBUG - Calling callbacks: []
[2025-06-24T18:16:39.996+0000] {standard_task_runner.py:110} ERROR - Failed to execute job 93 for task run_retraining_pipeline ([component] Train Model() got an unexpected keyword argument 'data_root', valid keywords: 'data', 'pretrained_model'.; 1104)
[2025-06-24T18:16:40.045+0000] {local_task_job_runner.py:240} INFO - Task exited with return code 1
[2025-06-24T18:16:40.070+0000] {dagrun.py:932} DEBUG - number of tis tasks for <DagRun axonrooter_weekly_retraining @ 2025-06-24 18:11:17.088962+00:00: manual__2025-06-24T18:11:17.088962+00:00, state:running, queued_at: 2025-06-24 18:11:17.212824+00:00. externally triggered: True>: 0 task(s)
[2025-06-24T18:16:40.071+0000] {taskinstance.py:3498} INFO - 0 downstream tasks scheduled from follow-on schedule check
[2025-06-24T18:16:40.074+0000] {local_task_job_runner.py:222} INFO - ::endgroup::
