[2025-06-25T21:57:57.517+0000] {taskinstance.py:1042} DEBUG - previous_execution_date was called
[2025-06-25T21:57:57.544+0000] {__init__.py:54} DEBUG - Loading core task runner: StandardTaskRunner
[2025-06-25T21:57:57.561+0000] {taskinstance.py:1042} DEBUG - previous_execution_date was called
[2025-06-25T21:57:57.573+0000] {base_task_runner.py:73} DEBUG - Planning to run as the  user
[2025-06-25T21:57:57.579+0000] {local_task_job_runner.py:120} INFO - ::group::Pre task execution logs
[2025-06-25T21:57:57.602+0000] {taskinstance.py:2088} DEBUG - <TaskInstance: axonrooter_weekly_retraining.run_retraining_pipeline manual__2025-06-25T21:52:36.851405+00:00 [queued]> dependency 'Previous Dagrun State' PASSED: True, The task did not have depends_on_past set.
[2025-06-25T21:57:57.603+0000] {taskinstance.py:2088} DEBUG - <TaskInstance: axonrooter_weekly_retraining.run_retraining_pipeline manual__2025-06-25T21:52:36.851405+00:00 [queued]> dependency 'Task Instance Not Running' PASSED: True, Task is not in running state.
[2025-06-25T21:57:57.603+0000] {taskinstance.py:2088} DEBUG - <TaskInstance: axonrooter_weekly_retraining.run_retraining_pipeline manual__2025-06-25T21:52:36.851405+00:00 [queued]> dependency 'Task Instance State' PASSED: True, Task state queued was valid.
[2025-06-25T21:57:57.612+0000] {taskinstance.py:2088} DEBUG - <TaskInstance: axonrooter_weekly_retraining.run_retraining_pipeline manual__2025-06-25T21:52:36.851405+00:00 [queued]> dependency 'Not In Retry Period' PASSED: True, The task instance was not marked for retrying.
[2025-06-25T21:57:57.613+0000] {taskinstance.py:2088} DEBUG - <TaskInstance: axonrooter_weekly_retraining.run_retraining_pipeline manual__2025-06-25T21:52:36.851405+00:00 [queued]> dependency 'Trigger Rule' PASSED: True, The task instance did not have any upstream tasks.
[2025-06-25T21:57:57.614+0000] {taskinstance.py:2076} INFO - Dependencies all met for dep_context=non-requeueable deps ti=<TaskInstance: axonrooter_weekly_retraining.run_retraining_pipeline manual__2025-06-25T21:52:36.851405+00:00 [queued]>
[2025-06-25T21:57:57.615+0000] {taskinstance.py:2088} DEBUG - <TaskInstance: axonrooter_weekly_retraining.run_retraining_pipeline manual__2025-06-25T21:52:36.851405+00:00 [queued]> dependency 'Previous Dagrun State' PASSED: True, The task did not have depends_on_past set.
[2025-06-25T21:57:57.624+0000] {taskinstance.py:2088} DEBUG - <TaskInstance: axonrooter_weekly_retraining.run_retraining_pipeline manual__2025-06-25T21:52:36.851405+00:00 [queued]> dependency 'Pool Slots Available' PASSED: True, There are enough open slots in default_pool to execute the task
[2025-06-25T21:57:57.625+0000] {taskinstance.py:2088} DEBUG - <TaskInstance: axonrooter_weekly_retraining.run_retraining_pipeline manual__2025-06-25T21:52:36.851405+00:00 [queued]> dependency 'Task Concurrency' PASSED: True, Task concurrency is not set.
[2025-06-25T21:57:57.633+0000] {taskinstance.py:2088} DEBUG - <TaskInstance: axonrooter_weekly_retraining.run_retraining_pipeline manual__2025-06-25T21:52:36.851405+00:00 [queued]> dependency 'Not In Retry Period' PASSED: True, The task instance was not marked for retrying.
[2025-06-25T21:57:57.634+0000] {taskinstance.py:2088} DEBUG - <TaskInstance: axonrooter_weekly_retraining.run_retraining_pipeline manual__2025-06-25T21:52:36.851405+00:00 [queued]> dependency 'Trigger Rule' PASSED: True, The task instance did not have any upstream tasks.
[2025-06-25T21:57:57.635+0000] {taskinstance.py:2076} INFO - Dependencies all met for dep_context=requeueable deps ti=<TaskInstance: axonrooter_weekly_retraining.run_retraining_pipeline manual__2025-06-25T21:52:36.851405+00:00 [queued]>
[2025-06-25T21:57:57.635+0000] {taskinstance.py:2306} INFO - Starting attempt 2 of 2
[2025-06-25T21:57:57.660+0000] {taskinstance.py:2330} INFO - Executing <Task(PythonOperator): run_retraining_pipeline> on 2025-06-25 21:52:36.851405+00:00
[2025-06-25T21:57:57.675+0000] {standard_task_runner.py:63} INFO - Started process 242 to run task
[2025-06-25T21:57:57.681+0000] {standard_task_runner.py:90} INFO - Running: ['***', 'tasks', 'run', 'axonrooter_weekly_retraining', 'run_retraining_pipeline', 'manual__2025-06-25T21:52:36.851405+00:00', '--job-id', '162', '--raw', '--subdir', 'DAGS_FOLDER/retrain_dag.py', '--cfg-path', '/tmp/tmpf8bz9j1c']
[2025-06-25T21:57:57.686+0000] {standard_task_runner.py:91} INFO - Job 162: Subtask run_retraining_pipeline
[2025-06-25T21:57:57.687+0000] {cli_action_loggers.py:70} DEBUG - Calling callbacks: [<function default_action_log at 0x77eb8f178ca0>]
[2025-06-25T21:57:57.750+0000] {taskinstance.py:1042} DEBUG - previous_execution_date was called
[2025-06-25T21:57:57.762+0000] {task_command.py:426} INFO - Running <TaskInstance: axonrooter_weekly_retraining.run_retraining_pipeline manual__2025-06-25T21:52:36.851405+00:00 [running]> on host 9e069602cbde
[2025-06-25T21:57:57.762+0000] {settings.py:363} DEBUG - Disposing DB connection pool (PID 242)
[2025-06-25T21:57:57.763+0000] {settings.py:250} DEBUG - Setting up DB connection pool (PID 242)
[2025-06-25T21:57:57.764+0000] {settings.py:298} DEBUG - settings.prepare_engine_args(): Using NullPool
[2025-06-25T21:57:57.818+0000] {taskinstance.py:1042} DEBUG - previous_execution_date was called
[2025-06-25T21:57:57.828+0000] {taskinstance.py:1845} DEBUG - Clearing XCom data
[2025-06-25T21:57:57.841+0000] {retries.py:91} DEBUG - Running RenderedTaskInstanceFields.write with retries. Try 1 of 3
[2025-06-25T21:57:57.872+0000] {retries.py:91} DEBUG - Running RenderedTaskInstanceFields._do_delete_old_records with retries. Try 1 of 3
[2025-06-25T21:57:57.890+0000] {taskinstance.py:2648} INFO - Exporting env vars: AIRFLOW_CTX_DAG_OWNER='***' AIRFLOW_CTX_DAG_ID='axonrooter_weekly_retraining' AIRFLOW_CTX_TASK_ID='run_retraining_pipeline' AIRFLOW_CTX_EXECUTION_DATE='2025-06-25T21:52:36.851405+00:00' AIRFLOW_CTX_TRY_NUMBER='2' AIRFLOW_CTX_DAG_RUN_ID='manual__2025-06-25T21:52:36.851405+00:00'
[2025-06-25T21:57:57.891+0000] {__init__.py:119} DEBUG - Preparing lineage inlets and outlets
[2025-06-25T21:57:57.894+0000] {__init__.py:158} DEBUG - inlets: [], outlets: []
[2025-06-25T21:57:57.895+0000] {taskinstance.py:430} INFO - ::endgroup::
[2025-06-25T21:57:57.907+0000] {base.py:84} INFO - Using connection ID 'azure_ml_conn' for task execution.
[2025-06-25T21:57:58.008+0000] {authority.py:75} DEBUG - Initializing with Entra authority: https://login.microsoftonline.com/0a33589b-0036-4fe8-a829-3ed0926af886
[2025-06-25T21:57:58.010+0000] {_universal.py:511} INFO - Request URL: 'https://login.microsoftonline.com/0a33589b-0036-4fe8-a829-3ed0926af886/v2.0/.well-known/openid-configuration'
Request method: 'GET'
Request headers:
    'User-Agent': 'azsdk-python-identity/1.23.0 Python/3.10.14 (Linux-6.6.87.1-microsoft-standard-WSL2-x86_64-with-glibc2.36)'
No body was attached to the request
[2025-06-25T21:57:58.853+0000] {_universal.py:547} INFO - Response status: 200
Response headers:
    'Cache-Control': 'max-age=86400, private'
    'Content-Type': 'application/json; charset=utf-8'
    'Strict-Transport-Security': 'REDACTED'
    'X-Content-Type-Options': 'REDACTED'
    'Access-Control-Allow-Origin': 'REDACTED'
    'Access-Control-Allow-Methods': 'REDACTED'
    'P3P': 'REDACTED'
    'x-ms-request-id': '7a1e9d13-f20b-4d36-b5ca-514a9d885c00'
    'x-ms-ests-server': 'REDACTED'
    'x-ms-srs': 'REDACTED'
    'Content-Security-Policy-Report-Only': 'REDACTED'
    'X-XSS-Protection': 'REDACTED'
    'Set-Cookie': 'REDACTED'
    'Date': 'Wed, 25 Jun 2025 21:57:57 GMT'
    'Content-Length': '1753'
[2025-06-25T21:57:58.858+0000] {authority.py:96} DEBUG - openid_config("https://login.microsoftonline.com/0a33589b-0036-4fe8-a829-3ed0926af886/v2.0/.well-known/openid-configuration") = {'token_endpoint': '***', 'token_endpoint_auth_methods_supported': ['***', '***', '***'], 'jwks_uri': 'https://login.microsoftonline.com/0a33589b-0036-4fe8-a829-3ed0926af886/discovery/v2.0/keys', 'response_modes_supported': ['query', 'fragment', 'form_post'], 'subject_types_supported': ['pairwise'], 'id_token_signing_alg_values_supported': ['***'], 'response_types_supported': ['code', 'id_token', 'code id_token', 'id_token token'], 'scopes_supported': ['openid', 'profile', 'email', 'offline_access'], 'issuer': 'https://login.microsoftonline.com/0a33589b-0036-4fe8-a829-3ed0926af886/v2.0', 'request_uri_parameter_supported': False, 'userinfo_endpoint': 'https://graph.microsoft.com/oidc/userinfo', 'authorization_endpoint': '***', 'device_authorization_endpoint': '***', 'http_logout_supported': True, 'frontchannel_logout_supported': True, 'end_session_endpoint': 'https://login.microsoftonline.com/0a33589b-0036-4fe8-a829-3ed0926af886/oauth2/v2.0/logout', 'claims_supported': ['sub', 'iss', 'cloud_instance_name', 'cloud_instance_host_name', 'cloud_graph_host_name', 'msgraph_host', 'aud', 'exp', 'iat', 'auth_time', 'acr', 'nonce', 'preferred_username', 'name', 'tid', 'ver', 'at_hash', 'c_hash', 'email'], 'kerberos_endpoint': 'https://login.microsoftonline.com/0a33589b-0036-4fe8-a829-3ed0926af886/kerberos', 'tenant_region_scope': 'EU', 'cloud_instance_name': 'microsoftonline.com', 'cloud_graph_host_name': 'graph.windows.net', 'msgraph_host': 'graph.microsoft.com', 'rbac_url': 'https://pas.windows.net'}
[2025-06-25T21:57:58.859+0000] {application.py:705} DEBUG - Broker enabled? None
[2025-06-25T21:57:58.860+0000] {application.py:755} DEBUG - Region to be used: None
[2025-06-25T21:57:58.869+0000] {telemetry.py:37} DEBUG - Generate or reuse correlation_id: 5148b127-c434-4c4c-bfda-070ea2134b87
[2025-06-25T21:57:58.870+0000] {_universal.py:508} INFO - Request URL: 'https://login.microsoftonline.com/0a33589b-0036-4fe8-a829-3ed0926af886/oauth2/v2.0/token'
Request method: 'POST'
Request headers:
    'Accept': 'application/json'
    'x-client-sku': 'REDACTED'
    'x-client-ver': 'REDACTED'
    'x-client-os': 'REDACTED'
    'x-ms-lib-capability': 'REDACTED'
    'client-request-id': 'REDACTED'
    'x-client-current-telemetry': 'REDACTED'
    'x-client-last-telemetry': 'REDACTED'
    'User-Agent': 'azsdk-python-identity/1.23.0 Python/3.10.14 (Linux-6.6.87.1-microsoft-standard-WSL2-x86_64-with-glibc2.36)'
A body is sent with the request
[2025-06-25T21:57:59.056+0000] {_universal.py:547} INFO - Response status: 200
Response headers:
    'Cache-Control': 'no-store, no-cache'
    'Pragma': 'no-cache'
    'Content-Type': 'application/json; charset=utf-8'
    'Expires': '-1'
    'Strict-Transport-Security': 'REDACTED'
    'X-Content-Type-Options': 'REDACTED'
    'P3P': 'REDACTED'
    'client-request-id': 'REDACTED'
    'x-ms-request-id': '8498fa84-cacb-45e6-b3ac-ae21ec2d4900'
    'x-ms-ests-server': 'REDACTED'
    'x-ms-clitelem': 'REDACTED'
    'x-ms-srs': 'REDACTED'
    'Content-Security-Policy-Report-Only': 'REDACTED'
    'X-XSS-Protection': 'REDACTED'
    'Set-Cookie': 'REDACTED'
    'Date': 'Wed, 25 Jun 2025 21:57:57 GMT'
    'Content-Length': '1676'
[2025-06-25T21:57:59.058+0000] {token_cache.py:204} DEBUG - event={
    "client_id": "27157a5a-3927-4895-8478-9d4554697d25",
    "data": {
        "claims": null,
        "scope": [
            "https://management.azure.com/.default"
        ]
    },
    "environment": "login.microsoftonline.com",
    "grant_type": "client_credentials",
    "params": null,
    "response": {
        "access_token": "********",
        "expires_in": 86399,
        "ext_expires_in": 86399,
        "refresh_in": 43199,
        "token_type": "Bearer"
    },
    "scope": [
        "https://management.azure.com/.default"
    ],
    "token_endpoint": "https://login.microsoftonline.com/0a33589b-0036-4fe8-a829-3ed0926af886/oauth2/v2.0/token"
}
[2025-06-25T21:57:59.059+0000] {get_token_mixin.py:148} INFO - ClientSecretCredential.get_token_info succeeded
[2025-06-25T21:57:59.060+0000] {_universal.py:511} INFO - Request URL: 'https://management.azure.com/subscriptions/0a94de80-6d3b-49f2-b3e9-ec5818862801/resourceGroups/buas-y2/providers/Microsoft.MachineLearningServices/workspaces/CV9-2025/data?api-version=REDACTED&listViewType=REDACTED'
Request method: 'GET'
Request headers:
    'Accept': 'application/json'
    'x-ms-client-request-id': '74719c66-520f-11f0-8099-e64dc2efff95'
    'User-Agent': 'azure-ai-ml/1.27.1 azsdk-python-mgmt-machinelearningservices/0.1.0 Python/3.10.14 (Linux-6.6.87.1-microsoft-standard-WSL2-x86_64-with-glibc2.36)'
    'Authorization': 'REDACTED'
No body was attached to the request
[2025-06-25T21:57:59.614+0000] {_universal.py:547} INFO - Response status: 200
Response headers:
    'Cache-Control': 'no-cache'
    'Pragma': 'no-cache'
    'Content-Length': '17213'
    'Content-Type': 'application/json; charset=utf-8'
    'Expires': '-1'
    'Vary': 'REDACTED'
    'x-ms-ratelimit-remaining-subscription-reads': '249'
    'x-ms-operation-identifier': 'REDACTED'
    'Request-Context': 'REDACTED'
    'x-ms-response-type': 'REDACTED'
    'Strict-Transport-Security': 'REDACTED'
    'X-Content-Type-Options': 'REDACTED'
    'azureml-served-by-cluster': 'REDACTED'
    'x-request-time': 'REDACTED'
    'x-ms-ratelimit-remaining-subscription-global-reads': 'REDACTED'
    'x-ms-request-id': 'e23cda71-38c1-4625-9235-330dd6201d7c'
    'x-ms-correlation-request-id': 'REDACTED'
    'x-ms-routing-request-id': 'REDACTED'
    'X-Cache': 'REDACTED'
    'X-MSEdge-Ref': 'Ref A: 6C7672BF9EFB4458B52DAA543FF28C61 Ref B: AMS231032609019 Ref C: 2025-06-25T21:57:58Z'
    'Date': 'Wed, 25 Jun 2025 21:57:58 GMT'
[2025-06-25T21:57:59.626+0000] {logging_mixin.py:188} INFO - ✅ Using latest dataset: axonrooter_student_corrections_Endijs_20250625_234825 vNone
[2025-06-25T21:57:59.629+0000] {application.py:1553} DEBUG - Cache hit an AT
[2025-06-25T21:57:59.630+0000] {telemetry.py:37} DEBUG - Generate or reuse correlation_id: 0d3b18fe-f289-4d38-9a4c-2ea48df7050b
[2025-06-25T21:57:59.631+0000] {get_token_mixin.py:148} INFO - ClientSecretCredential.get_token_info succeeded
[2025-06-25T21:57:59.632+0000] {_universal.py:511} INFO - Request URL: 'https://management.azure.com/subscriptions/0a94de80-6d3b-49f2-b3e9-ec5818862801/resourceGroups/buas-y2/providers/Microsoft.MachineLearningServices/workspaces/CV9-2025/components/train2/versions/5?api-version=REDACTED'
Request method: 'GET'
Request headers:
    'Accept': 'application/json'
    'x-ms-client-request-id': '75691f18-520f-11f0-8099-e64dc2efff95'
    'User-Agent': 'azure-ai-ml/1.27.1 azsdk-python-mgmt-machinelearningservices/0.1.0 Python/3.10.14 (Linux-6.6.87.1-microsoft-standard-WSL2-x86_64-with-glibc2.36)'
    'Authorization': 'REDACTED'
No body was attached to the request
[2025-06-25T21:58:00.280+0000] {_universal.py:547} INFO - Response status: 200
Response headers:
    'Cache-Control': 'no-cache'
    'Pragma': 'no-cache'
    'Content-Length': '1966'
    'Content-Type': 'application/json; charset=utf-8'
    'Expires': '-1'
    'Vary': 'REDACTED'
    'x-ms-ratelimit-remaining-subscription-reads': '249'
    'x-ms-operation-identifier': 'REDACTED'
    'Request-Context': 'REDACTED'
    'x-ms-response-type': 'REDACTED'
    'Strict-Transport-Security': 'REDACTED'
    'X-Content-Type-Options': 'REDACTED'
    'azureml-served-by-cluster': 'REDACTED'
    'x-request-time': 'REDACTED'
    'x-ms-ratelimit-remaining-subscription-global-reads': 'REDACTED'
    'x-ms-request-id': '18ea7f7e-e972-4318-85ef-220ded6d3aa8'
    'x-ms-correlation-request-id': 'REDACTED'
    'x-ms-routing-request-id': 'REDACTED'
    'X-Cache': 'REDACTED'
    'X-MSEdge-Ref': 'Ref A: 23B99411A8A4433C9B6B69EC932C9B12 Ref B: AMS231032608033 Ref C: 2025-06-25T21:57:59Z'
    'Date': 'Wed, 25 Jun 2025 21:57:59 GMT'
[2025-06-25T21:58:00.315+0000] {_universal.py:511} INFO - Request URL: 'https://management.azure.com/subscriptions/0a94de80-6d3b-49f2-b3e9-ec5818862801/resourceGroups/buas-y2/providers/Microsoft.MachineLearningServices/workspaces/CV9-2025/components/evaluate2/versions/2?api-version=REDACTED'
Request method: 'GET'
Request headers:
    'Accept': 'application/json'
    'x-ms-client-request-id': '75d1c3ce-520f-11f0-8099-e64dc2efff95'
    'User-Agent': 'azure-ai-ml/1.27.1 azsdk-python-mgmt-machinelearningservices/0.1.0 Python/3.10.14 (Linux-6.6.87.1-microsoft-standard-WSL2-x86_64-with-glibc2.36)'
    'Authorization': 'REDACTED'
No body was attached to the request
[2025-06-25T21:58:00.598+0000] {_universal.py:547} INFO - Response status: 200
Response headers:
    'Cache-Control': 'no-cache'
    'Pragma': 'no-cache'
    'Content-Length': '1957'
    'Content-Type': 'application/json; charset=utf-8'
    'Expires': '-1'
    'Vary': 'REDACTED'
    'x-ms-ratelimit-remaining-subscription-reads': '249'
    'x-ms-operation-identifier': 'REDACTED'
    'Request-Context': 'REDACTED'
    'x-ms-response-type': 'REDACTED'
    'Strict-Transport-Security': 'REDACTED'
    'X-Content-Type-Options': 'REDACTED'
    'azureml-served-by-cluster': 'REDACTED'
    'x-request-time': 'REDACTED'
    'x-ms-ratelimit-remaining-subscription-global-reads': 'REDACTED'
    'x-ms-request-id': '00652638-8bd0-4328-a49d-062eb16dd341'
    'x-ms-correlation-request-id': 'REDACTED'
    'x-ms-routing-request-id': 'REDACTED'
    'X-Cache': 'REDACTED'
    'X-MSEdge-Ref': 'Ref A: B3B619A185DC4F8AA783D65B3D23F131 Ref B: AMS231032608033 Ref C: 2025-06-25T21:57:59Z'
    'Date': 'Wed, 25 Jun 2025 21:57:59 GMT'
[2025-06-25T21:58:00.603+0000] {_universal.py:511} INFO - Request URL: 'https://management.azure.com/subscriptions/0a94de80-6d3b-49f2-b3e9-ec5818862801/resourceGroups/buas-y2/providers/Microsoft.MachineLearningServices/workspaces/CV9-2025/components/register2/versions/1?api-version=REDACTED'
Request method: 'GET'
Request headers:
    'Accept': 'application/json'
    'x-ms-client-request-id': '75fdb524-520f-11f0-8099-e64dc2efff95'
    'User-Agent': 'azure-ai-ml/1.27.1 azsdk-python-mgmt-machinelearningservices/0.1.0 Python/3.10.14 (Linux-6.6.87.1-microsoft-standard-WSL2-x86_64-with-glibc2.36)'
    'Authorization': 'REDACTED'
No body was attached to the request
[2025-06-25T21:58:00.915+0000] {_universal.py:547} INFO - Response status: 200
Response headers:
    'Cache-Control': 'no-cache'
    'Pragma': 'no-cache'
    'Content-Length': '1827'
    'Content-Type': 'application/json; charset=utf-8'
    'Expires': '-1'
    'Vary': 'REDACTED'
    'x-ms-ratelimit-remaining-subscription-reads': '249'
    'x-ms-operation-identifier': 'REDACTED'
    'Request-Context': 'REDACTED'
    'x-ms-response-type': 'REDACTED'
    'Strict-Transport-Security': 'REDACTED'
    'X-Content-Type-Options': 'REDACTED'
    'azureml-served-by-cluster': 'REDACTED'
    'x-request-time': 'REDACTED'
    'x-ms-ratelimit-remaining-subscription-global-reads': 'REDACTED'
    'x-ms-request-id': '99454da3-0365-49ac-87c4-342770242335'
    'x-ms-correlation-request-id': 'REDACTED'
    'x-ms-routing-request-id': 'REDACTED'
    'X-Cache': 'REDACTED'
    'X-MSEdge-Ref': 'Ref A: 03AF337793D64E07BA1DDA052CD44D84 Ref B: AMS231032608033 Ref C: 2025-06-25T21:57:59Z'
    'Date': 'Wed, 25 Jun 2025 21:57:59 GMT'
[2025-06-25T21:58:00.922+0000] {application.py:1553} DEBUG - Cache hit an AT
[2025-06-25T21:58:00.924+0000] {telemetry.py:37} DEBUG - Generate or reuse correlation_id: 8b3fbfdc-cd40-4fa3-a722-867f22b6f790
[2025-06-25T21:58:00.924+0000] {get_token_mixin.py:148} INFO - ClientSecretCredential.get_token_info succeeded
[2025-06-25T21:58:00.925+0000] {_universal.py:511} INFO - Request URL: 'https://management.azure.com/subscriptions/0a94de80-6d3b-49f2-b3e9-ec5818862801/resourceGroups/buas-y2/providers/Microsoft.MachineLearningServices/workspaces/CV9-2025/models/axonrooter-finetuned/versions/8?api-version=REDACTED'
Request method: 'GET'
Request headers:
    'Accept': 'application/json'
    'x-ms-client-request-id': '762e6cfa-520f-11f0-8099-e64dc2efff95'
    'User-Agent': 'azure-ai-ml/1.27.1 azsdk-python-mgmt-machinelearningservices/0.1.0 Python/3.10.14 (Linux-6.6.87.1-microsoft-standard-WSL2-x86_64-with-glibc2.36)'
    'Authorization': 'REDACTED'
No body was attached to the request
[2025-06-25T21:58:01.292+0000] {_universal.py:547} INFO - Response status: 200
Response headers:
    'Cache-Control': 'no-cache'
    'Pragma': 'no-cache'
    'Content-Length': '1214'
    'Content-Type': 'application/json; charset=utf-8'
    'Expires': '-1'
    'Vary': 'REDACTED'
    'x-ms-ratelimit-remaining-subscription-reads': '249'
    'x-ms-operation-identifier': 'REDACTED'
    'Request-Context': 'REDACTED'
    'x-ms-response-type': 'REDACTED'
    'Strict-Transport-Security': 'REDACTED'
    'X-Content-Type-Options': 'REDACTED'
    'azureml-served-by-cluster': 'REDACTED'
    'x-request-time': 'REDACTED'
    'x-ms-ratelimit-remaining-subscription-global-reads': 'REDACTED'
    'x-ms-request-id': '443b5689-27ce-4a9d-8d69-983227aacd54'
    'x-ms-correlation-request-id': 'REDACTED'
    'x-ms-routing-request-id': 'REDACTED'
    'X-Cache': 'REDACTED'
    'X-MSEdge-Ref': 'Ref A: 0A59E5B05BE24499B0FF87368838DCAF Ref B: AMS231032607025 Ref C: 2025-06-25T21:58:00Z'
    'Date': 'Wed, 25 Jun 2025 21:57:59 GMT'
[2025-06-25T21:58:02.285+0000] {log.py:232} WARNING - Class AutoDeleteSettingSchema: This is an experimental class, and may change at any time. Please see https://aka.ms/azuremlexperimental for more information.
[2025-06-25T21:58:02.296+0000] {log.py:232} WARNING - Class AutoDeleteConditionSchema: This is an experimental class, and may change at any time. Please see https://aka.ms/azuremlexperimental for more information.
[2025-06-25T21:58:02.306+0000] {log.py:232} WARNING - Class BaseAutoDeleteSettingSchema: This is an experimental class, and may change at any time. Please see https://aka.ms/azuremlexperimental for more information.
[2025-06-25T21:58:02.321+0000] {log.py:232} WARNING - Class IntellectualPropertySchema: This is an experimental class, and may change at any time. Please see https://aka.ms/azuremlexperimental for more information.
[2025-06-25T21:58:02.332+0000] {log.py:232} WARNING - Class ProtectionLevelSchema: This is an experimental class, and may change at any time. Please see https://aka.ms/azuremlexperimental for more information.
[2025-06-25T21:58:02.342+0000] {log.py:232} WARNING - Class BaseIntellectualPropertySchema: This is an experimental class, and may change at any time. Please see https://aka.ms/azuremlexperimental for more information.
[2025-06-25T21:58:02.350+0000] {_attr_dict.py:109} DEBUG - getting schema_ignored
[2025-06-25T21:58:02.351+0000] {_attr_dict.py:122} DEBUG - setting schema_ignored to {}
[2025-06-25T21:58:02.356+0000] {_attr_dict.py:109} DEBUG - getting schema_ignored
[2025-06-25T21:58:02.357+0000] {_attr_dict.py:122} DEBUG - setting schema_ignored to {}
[2025-06-25T21:58:02.359+0000] {_attr_dict.py:109} DEBUG - getting schema_ignored
[2025-06-25T21:58:02.360+0000] {_attr_dict.py:122} DEBUG - setting schema_ignored to {}
[2025-06-25T21:58:02.398+0000] {_attr_dict.py:109} DEBUG - getting schema_ignored
[2025-06-25T21:58:02.399+0000] {_attr_dict.py:122} DEBUG - setting schema_ignored to {}
[2025-06-25T21:58:02.424+0000] {_attr_dict.py:109} DEBUG - getting schema_ignored
[2025-06-25T21:58:02.425+0000] {_attr_dict.py:122} DEBUG - setting schema_ignored to {}
[2025-06-25T21:58:02.455+0000] {_attr_dict.py:109} DEBUG - getting schema_ignored
[2025-06-25T21:58:02.456+0000] {_attr_dict.py:122} DEBUG - setting schema_ignored to {}
[2025-06-25T21:58:02.471+0000] {_universal.py:511} INFO - Request URL: 'https://management.azure.com/subscriptions/0a94de80-6d3b-49f2-b3e9-ec5818862801/resourceGroups/buas-y2/providers/Microsoft.MachineLearningServices/workspaces/CV9-2025/computes/adsai-lambda-2?api-version=REDACTED'
Request method: 'GET'
Request headers:
    'Accept': 'application/json'
    'x-ms-client-request-id': '771abd4e-520f-11f0-8099-e64dc2efff95'
    'User-Agent': 'azure-ai-ml/1.27.1 azsdk-python-mgmt-machinelearningservices/0.1.0 Python/3.10.14 (Linux-6.6.87.1-microsoft-standard-WSL2-x86_64-with-glibc2.36)'
    'Authorization': 'REDACTED'
No body was attached to the request
[2025-06-25T21:58:02.700+0000] {retries.py:91} DEBUG - Running Job._fetch_from_db with retries. Try 1 of 3
[2025-06-25T21:58:02.718+0000] {retries.py:91} DEBUG - Running Job._update_heartbeat with retries. Try 1 of 3
[2025-06-25T21:58:02.740+0000] {job.py:214} DEBUG - [heartbeat]
[2025-06-25T21:58:02.987+0000] {_universal.py:547} INFO - Response status: 200
Response headers:
    'Cache-Control': 'no-cache'
    'Pragma': 'no-cache'
    'Content-Length': '2753'
    'Content-Type': 'application/json; charset=utf-8'
    'Expires': '-1'
    'Vary': 'REDACTED'
    'x-ms-ratelimit-remaining-subscription-reads': '249'
    'x-ms-operation-identifier': 'REDACTED'
    'Request-Context': 'REDACTED'
    'x-ms-response-type': 'REDACTED'
    'Strict-Transport-Security': 'REDACTED'
    'X-Content-Type-Options': 'REDACTED'
    'azureml-served-by-cluster': 'REDACTED'
    'x-request-time': 'REDACTED'
    'x-ms-ratelimit-remaining-subscription-global-reads': 'REDACTED'
    'x-ms-request-id': 'd8b98af9-3311-404c-b9dd-4e541b17e18f'
    'x-ms-correlation-request-id': 'REDACTED'
    'x-ms-routing-request-id': 'REDACTED'
    'X-Cache': 'REDACTED'
    'X-MSEdge-Ref': 'Ref A: 8516A130760D429481B7C32287E02F37 Ref B: AMS231032607025 Ref C: 2025-06-25T21:58:01Z'
    'Date': 'Wed, 25 Jun 2025 21:58:01 GMT'
[2025-06-25T21:58:02.994+0000] {taskinstance.py:441} INFO - ::group::Post task execution logs
[2025-06-25T21:58:02.995+0000] {taskinstance.py:2905} ERROR - Task failed with exception
Traceback (most recent call last):
  File "/home/airflow/.local/lib/python3.10/site-packages/azure/ai/ml/operations/_job_operations.py", line 680, in create_or_update
    self._resolve_arm_id_or_upload_dependencies(job)
  File "/home/airflow/.local/lib/python3.10/site-packages/azure/ai/ml/operations/_job_operations.py", line 1137, in _resolve_arm_id_or_upload_dependencies
    self._resolve_arm_id_or_azureml_id(job, self._orchestrators.get_asset_arm_id)
  File "/home/airflow/.local/lib/python3.10/site-packages/azure/ai/ml/operations/_job_operations.py", line 1428, in _resolve_arm_id_or_azureml_id
    job = self._resolve_arm_id_for_pipeline_job(job, resolver)
  File "/home/airflow/.local/lib/python3.10/site-packages/azure/ai/ml/operations/_job_operations.py", line 1617, in _resolve_arm_id_for_pipeline_job
    self._component_operations._resolve_dependencies_for_pipeline_component_jobs(
  File "/home/airflow/.local/lib/python3.10/site-packages/azure/ai/ml/operations/_component_operations.py", line 1152, in _resolve_dependencies_for_pipeline_component_jobs
    self._resolve_inputs_for_pipeline_component_jobs(component.jobs, component._base_path)
  File "/home/airflow/.local/lib/python3.10/site-packages/azure/ai/ml/operations/_component_operations.py", line 903, in _resolve_inputs_for_pipeline_component_jobs
    self._job_operations._resolve_job_inputs(
  File "/home/airflow/.local/lib/python3.10/site-packages/azure/ai/ml/operations/_job_operations.py", line 1255, in _resolve_job_inputs
    self._resolve_job_input(entry, base_path)
  File "/home/airflow/.local/lib/python3.10/site-packages/azure/ai/ml/operations/_job_operations.py", line 1295, in _resolve_job_input
    raise ValidationException(
azure.ai.ml.exceptions.ValidationException: Input path can't be empty for jobs.

During handling of the above exception, another exception occurred:

Traceback (most recent call last):
  File "/home/airflow/.local/lib/python3.10/site-packages/airflow/models/taskinstance.py", line 465, in _execute_task
    result = _execute_callable(context=context, **execute_callable_kwargs)
  File "/home/airflow/.local/lib/python3.10/site-packages/airflow/models/taskinstance.py", line 432, in _execute_callable
    return execute_callable(context=context, **execute_callable_kwargs)
  File "/home/airflow/.local/lib/python3.10/site-packages/airflow/models/baseoperator.py", line 400, in wrapper
    return func(self, *args, **kwargs)
  File "/home/airflow/.local/lib/python3.10/site-packages/airflow/operators/python.py", line 235, in execute
    return_value = self.execute_callable()
  File "/home/airflow/.local/lib/python3.10/site-packages/airflow/operators/python.py", line 252, in execute_callable
    return self.python_callable(*self.op_args, **self.op_kwargs)
  File "/opt/airflow/dags/retrain_dag.py", line 80, in run_pipeline
    job = ml_client.jobs.create_or_update(pipeline_job, experiment_name="axonrooter_weekly_retrain")
  File "/home/airflow/.local/lib/python3.10/site-packages/azure/core/tracing/decorator.py", line 119, in wrapper_use_tracer
    return func(*args, **kwargs)
  File "/home/airflow/.local/lib/python3.10/site-packages/azure/ai/ml/_telemetry/activity.py", line 371, in wrapper
    return_value = f(*args, **kwargs)
  File "/home/airflow/.local/lib/python3.10/site-packages/azure/ai/ml/operations/_job_operations.py", line 682, in create_or_update
    log_and_raise_error(ex)
  File "/home/airflow/.local/lib/python3.10/site-packages/azure/ai/ml/_exception_helper.py", line 337, in log_and_raise_error
    raise MlException(message=formatted_error, no_personal_data_message=formatted_error)
azure.ai.ml.exceptions.MlException: 
[37m
[30m
1) At least one required parameter is missing[39m[39m

Details: 

[31m(x) Input path can't be empty for jobs.[39m

Resolutions: 
1) Ensure all parameters required by the Job schema are specified.
If using the CLI, you can also check the full log in debug mode for more details by adding --debug to the end of your command

Additional Resources: The easiest way to author a yaml specification file is using IntelliSense and auto-completion Azure ML VS code extension provides: [36mhttps://code.visualstudio.com/docs/datascience/azure-machine-learning.[39m To set up VS Code, visit [36mhttps://learn.microsoft.com/azure/machine-learning/how-to-setup-vs-code[39m

[2025-06-25T21:58:03.014+0000] {taskinstance.py:562} DEBUG - Task Duration set to 5.398651
[2025-06-25T21:58:03.015+0000] {taskinstance.py:584} DEBUG - Clearing next_method and next_kwargs.
[2025-06-25T21:58:03.016+0000] {taskinstance.py:1206} INFO - Marking task as FAILED. dag_id=axonrooter_weekly_retraining, task_id=run_retraining_pipeline, run_id=manual__2025-06-25T21:52:36.851405+00:00, execution_date=20250625T215236, start_date=20250625T215757, end_date=20250625T215803
[2025-06-25T21:58:03.039+0000] {cli_action_loggers.py:88} DEBUG - Calling callbacks: []
[2025-06-25T21:58:03.040+0000] {standard_task_runner.py:110} ERROR - Failed to execute job 162 for task run_retraining_pipeline (
[37m
[30m
1) At least one required parameter is missing[39m[39m

Details: 

[31m(x) Input path can't be empty for jobs.[39m

Resolutions: 
1) Ensure all parameters required by the Job schema are specified.
If using the CLI, you can also check the full log in debug mode for more details by adding --debug to the end of your command

Additional Resources: The easiest way to author a yaml specification file is using IntelliSense and auto-completion Azure ML VS code extension provides: [36mhttps://code.visualstudio.com/docs/datascience/azure-machine-learning.[39m To set up VS Code, visit [36mhttps://learn.microsoft.com/azure/machine-learning/how-to-setup-vs-code[39m
; 242)
[2025-06-25T21:58:03.116+0000] {local_task_job_runner.py:240} INFO - Task exited with return code 1
[2025-06-25T21:58:03.137+0000] {dagrun.py:932} DEBUG - number of tis tasks for <DagRun axonrooter_weekly_retraining @ 2025-06-25 21:52:36.851405+00:00: manual__2025-06-25T21:52:36.851405+00:00, state:running, queued_at: 2025-06-25 21:52:36.878248+00:00. externally triggered: True>: 0 task(s)
[2025-06-25T21:58:03.138+0000] {taskinstance.py:3498} INFO - 0 downstream tasks scheduled from follow-on schedule check
[2025-06-25T21:58:03.147+0000] {local_task_job_runner.py:222} INFO - ::endgroup::
