[2025-06-25T21:52:46.269+0000] {taskinstance.py:1042} DEBUG - previous_execution_date was called
[2025-06-25T21:52:46.309+0000] {__init__.py:54} DEBUG - Loading core task runner: StandardTaskRunner
[2025-06-25T21:52:46.330+0000] {taskinstance.py:1042} DEBUG - previous_execution_date was called
[2025-06-25T21:52:46.345+0000] {base_task_runner.py:73} DEBUG - Planning to run as the  user
[2025-06-25T21:52:46.351+0000] {local_task_job_runner.py:120} INFO - ::group::Pre task execution logs
[2025-06-25T21:52:46.377+0000] {taskinstance.py:2088} DEBUG - <TaskInstance: axonrooter_weekly_retraining.run_retraining_pipeline manual__2025-06-25T21:52:36.851405+00:00 [queued]> dependency 'Previous Dagrun State' PASSED: True, The task did not have depends_on_past set.
[2025-06-25T21:52:46.378+0000] {taskinstance.py:2088} DEBUG - <TaskInstance: axonrooter_weekly_retraining.run_retraining_pipeline manual__2025-06-25T21:52:36.851405+00:00 [queued]> dependency 'Task Instance Not Running' PASSED: True, Task is not in running state.
[2025-06-25T21:52:46.378+0000] {taskinstance.py:2088} DEBUG - <TaskInstance: axonrooter_weekly_retraining.run_retraining_pipeline manual__2025-06-25T21:52:36.851405+00:00 [queued]> dependency 'Task Instance State' PASSED: True, Task state queued was valid.
[2025-06-25T21:52:46.387+0000] {taskinstance.py:2088} DEBUG - <TaskInstance: axonrooter_weekly_retraining.run_retraining_pipeline manual__2025-06-25T21:52:36.851405+00:00 [queued]> dependency 'Not In Retry Period' PASSED: True, The task instance was not marked for retrying.
[2025-06-25T21:52:46.388+0000] {taskinstance.py:2088} DEBUG - <TaskInstance: axonrooter_weekly_retraining.run_retraining_pipeline manual__2025-06-25T21:52:36.851405+00:00 [queued]> dependency 'Trigger Rule' PASSED: True, The task instance did not have any upstream tasks.
[2025-06-25T21:52:46.389+0000] {taskinstance.py:2076} INFO - Dependencies all met for dep_context=non-requeueable deps ti=<TaskInstance: axonrooter_weekly_retraining.run_retraining_pipeline manual__2025-06-25T21:52:36.851405+00:00 [queued]>
[2025-06-25T21:52:46.390+0000] {taskinstance.py:2088} DEBUG - <TaskInstance: axonrooter_weekly_retraining.run_retraining_pipeline manual__2025-06-25T21:52:36.851405+00:00 [queued]> dependency 'Previous Dagrun State' PASSED: True, The task did not have depends_on_past set.
[2025-06-25T21:52:46.396+0000] {taskinstance.py:2088} DEBUG - <TaskInstance: axonrooter_weekly_retraining.run_retraining_pipeline manual__2025-06-25T21:52:36.851405+00:00 [queued]> dependency 'Pool Slots Available' PASSED: True, There are enough open slots in default_pool to execute the task
[2025-06-25T21:52:46.397+0000] {taskinstance.py:2088} DEBUG - <TaskInstance: axonrooter_weekly_retraining.run_retraining_pipeline manual__2025-06-25T21:52:36.851405+00:00 [queued]> dependency 'Task Concurrency' PASSED: True, Task concurrency is not set.
[2025-06-25T21:52:46.403+0000] {taskinstance.py:2088} DEBUG - <TaskInstance: axonrooter_weekly_retraining.run_retraining_pipeline manual__2025-06-25T21:52:36.851405+00:00 [queued]> dependency 'Not In Retry Period' PASSED: True, The task instance was not marked for retrying.
[2025-06-25T21:52:46.404+0000] {taskinstance.py:2088} DEBUG - <TaskInstance: axonrooter_weekly_retraining.run_retraining_pipeline manual__2025-06-25T21:52:36.851405+00:00 [queued]> dependency 'Trigger Rule' PASSED: True, The task instance did not have any upstream tasks.
[2025-06-25T21:52:46.405+0000] {taskinstance.py:2076} INFO - Dependencies all met for dep_context=requeueable deps ti=<TaskInstance: axonrooter_weekly_retraining.run_retraining_pipeline manual__2025-06-25T21:52:36.851405+00:00 [queued]>
[2025-06-25T21:52:46.405+0000] {taskinstance.py:2306} INFO - Starting attempt 1 of 2
[2025-06-25T21:52:46.423+0000] {taskinstance.py:2330} INFO - Executing <Task(PythonOperator): run_retraining_pipeline> on 2025-06-25 21:52:36.851405+00:00
[2025-06-25T21:52:46.439+0000] {standard_task_runner.py:63} INFO - Started process 175 to run task
[2025-06-25T21:52:46.444+0000] {standard_task_runner.py:90} INFO - Running: ['***', 'tasks', 'run', 'axonrooter_weekly_retraining', 'run_retraining_pipeline', 'manual__2025-06-25T21:52:36.851405+00:00', '--job-id', '161', '--raw', '--subdir', 'DAGS_FOLDER/retrain_dag.py', '--cfg-path', '/tmp/tmpew1fl676']
[2025-06-25T21:52:46.449+0000] {standard_task_runner.py:91} INFO - Job 161: Subtask run_retraining_pipeline
[2025-06-25T21:52:46.451+0000] {cli_action_loggers.py:70} DEBUG - Calling callbacks: [<function default_action_log at 0x77eb8f178ca0>]
[2025-06-25T21:52:46.539+0000] {taskinstance.py:1042} DEBUG - previous_execution_date was called
[2025-06-25T21:52:46.555+0000] {task_command.py:426} INFO - Running <TaskInstance: axonrooter_weekly_retraining.run_retraining_pipeline manual__2025-06-25T21:52:36.851405+00:00 [running]> on host 9e069602cbde
[2025-06-25T21:52:46.557+0000] {settings.py:363} DEBUG - Disposing DB connection pool (PID 175)
[2025-06-25T21:52:46.558+0000] {settings.py:250} DEBUG - Setting up DB connection pool (PID 175)
[2025-06-25T21:52:46.559+0000] {settings.py:298} DEBUG - settings.prepare_engine_args(): Using NullPool
[2025-06-25T21:52:46.621+0000] {taskinstance.py:1042} DEBUG - previous_execution_date was called
[2025-06-25T21:52:46.632+0000] {taskinstance.py:1845} DEBUG - Clearing XCom data
[2025-06-25T21:52:46.651+0000] {retries.py:91} DEBUG - Running RenderedTaskInstanceFields.write with retries. Try 1 of 3
[2025-06-25T21:52:46.688+0000] {retries.py:91} DEBUG - Running RenderedTaskInstanceFields._do_delete_old_records with retries. Try 1 of 3
[2025-06-25T21:52:46.714+0000] {taskinstance.py:2648} INFO - Exporting env vars: AIRFLOW_CTX_DAG_OWNER='***' AIRFLOW_CTX_DAG_ID='axonrooter_weekly_retraining' AIRFLOW_CTX_TASK_ID='run_retraining_pipeline' AIRFLOW_CTX_EXECUTION_DATE='2025-06-25T21:52:36.851405+00:00' AIRFLOW_CTX_TRY_NUMBER='1' AIRFLOW_CTX_DAG_RUN_ID='manual__2025-06-25T21:52:36.851405+00:00'
[2025-06-25T21:52:46.715+0000] {__init__.py:119} DEBUG - Preparing lineage inlets and outlets
[2025-06-25T21:52:46.719+0000] {__init__.py:158} DEBUG - inlets: [], outlets: []
[2025-06-25T21:52:46.720+0000] {taskinstance.py:430} INFO - ::endgroup::
[2025-06-25T21:52:46.741+0000] {base.py:84} INFO - Using connection ID 'azure_ml_conn' for task execution.
[2025-06-25T21:52:46.871+0000] {authority.py:75} DEBUG - Initializing with Entra authority: https://login.microsoftonline.com/0a33589b-0036-4fe8-a829-3ed0926af886
[2025-06-25T21:52:46.875+0000] {_universal.py:511} INFO - Request URL: 'https://login.microsoftonline.com/0a33589b-0036-4fe8-a829-3ed0926af886/v2.0/.well-known/openid-configuration'
Request method: 'GET'
Request headers:
    'User-Agent': 'azsdk-python-identity/1.23.0 Python/3.10.14 (Linux-6.6.87.1-microsoft-standard-WSL2-x86_64-with-glibc2.36)'
No body was attached to the request
[2025-06-25T21:52:47.581+0000] {_universal.py:547} INFO - Response status: 200
Response headers:
    'Cache-Control': 'max-age=86400, private'
    'Content-Type': 'application/json; charset=utf-8'
    'Strict-Transport-Security': 'REDACTED'
    'X-Content-Type-Options': 'REDACTED'
    'Access-Control-Allow-Origin': 'REDACTED'
    'Access-Control-Allow-Methods': 'REDACTED'
    'P3P': 'REDACTED'
    'x-ms-request-id': 'd46509da-3484-4c9e-8d4a-7a1431256200'
    'x-ms-ests-server': 'REDACTED'
    'x-ms-srs': 'REDACTED'
    'Content-Security-Policy-Report-Only': 'REDACTED'
    'X-XSS-Protection': 'REDACTED'
    'Set-Cookie': 'REDACTED'
    'Date': 'Wed, 25 Jun 2025 21:52:45 GMT'
    'Content-Length': '1753'
[2025-06-25T21:52:47.585+0000] {authority.py:96} DEBUG - openid_config("https://login.microsoftonline.com/0a33589b-0036-4fe8-a829-3ed0926af886/v2.0/.well-known/openid-configuration") = {'token_endpoint': '***', 'token_endpoint_auth_methods_supported': ['***', '***', '***'], 'jwks_uri': 'https://login.microsoftonline.com/0a33589b-0036-4fe8-a829-3ed0926af886/discovery/v2.0/keys', 'response_modes_supported': ['query', 'fragment', 'form_post'], 'subject_types_supported': ['pairwise'], 'id_token_signing_alg_values_supported': ['***'], 'response_types_supported': ['code', 'id_token', 'code id_token', 'id_token token'], 'scopes_supported': ['openid', 'profile', 'email', 'offline_access'], 'issuer': 'https://login.microsoftonline.com/0a33589b-0036-4fe8-a829-3ed0926af886/v2.0', 'request_uri_parameter_supported': False, 'userinfo_endpoint': 'https://graph.microsoft.com/oidc/userinfo', 'authorization_endpoint': '***', 'device_authorization_endpoint': '***', 'http_logout_supported': True, 'frontchannel_logout_supported': True, 'end_session_endpoint': 'https://login.microsoftonline.com/0a33589b-0036-4fe8-a829-3ed0926af886/oauth2/v2.0/logout', 'claims_supported': ['sub', 'iss', 'cloud_instance_name', 'cloud_instance_host_name', 'cloud_graph_host_name', 'msgraph_host', 'aud', 'exp', 'iat', 'auth_time', 'acr', 'nonce', 'preferred_username', 'name', 'tid', 'ver', 'at_hash', 'c_hash', 'email'], 'kerberos_endpoint': 'https://login.microsoftonline.com/0a33589b-0036-4fe8-a829-3ed0926af886/kerberos', 'tenant_region_scope': 'EU', 'cloud_instance_name': 'microsoftonline.com', 'cloud_graph_host_name': 'graph.windows.net', 'msgraph_host': 'graph.microsoft.com', 'rbac_url': 'https://pas.windows.net'}
[2025-06-25T21:52:47.587+0000] {application.py:705} DEBUG - Broker enabled? None
[2025-06-25T21:52:47.588+0000] {application.py:755} DEBUG - Region to be used: None
[2025-06-25T21:52:47.606+0000] {telemetry.py:37} DEBUG - Generate or reuse correlation_id: 465bbeac-a30a-45c0-995c-95803e26ec96
[2025-06-25T21:52:47.608+0000] {_universal.py:508} INFO - Request URL: 'https://login.microsoftonline.com/0a33589b-0036-4fe8-a829-3ed0926af886/oauth2/v2.0/token'
Request method: 'POST'
Request headers:
    'Accept': 'application/json'
    'x-client-sku': 'REDACTED'
    'x-client-ver': 'REDACTED'
    'x-client-os': 'REDACTED'
    'x-ms-lib-capability': 'REDACTED'
    'client-request-id': 'REDACTED'
    'x-client-current-telemetry': 'REDACTED'
    'x-client-last-telemetry': 'REDACTED'
    'User-Agent': 'azsdk-python-identity/1.23.0 Python/3.10.14 (Linux-6.6.87.1-microsoft-standard-WSL2-x86_64-with-glibc2.36)'
A body is sent with the request
[2025-06-25T21:52:47.715+0000] {_universal.py:547} INFO - Response status: 200
Response headers:
    'Cache-Control': 'no-store, no-cache'
    'Pragma': 'no-cache'
    'Content-Type': 'application/json; charset=utf-8'
    'Expires': '-1'
    'Strict-Transport-Security': 'REDACTED'
    'X-Content-Type-Options': 'REDACTED'
    'P3P': 'REDACTED'
    'client-request-id': 'REDACTED'
    'x-ms-request-id': '5019a61a-ec2c-41a2-b9e4-301215f35700'
    'x-ms-ests-server': 'REDACTED'
    'x-ms-clitelem': 'REDACTED'
    'x-ms-srs': 'REDACTED'
    'Content-Security-Policy-Report-Only': 'REDACTED'
    'X-XSS-Protection': 'REDACTED'
    'Set-Cookie': 'REDACTED'
    'Date': 'Wed, 25 Jun 2025 21:52:46 GMT'
    'Content-Length': '1676'
[2025-06-25T21:52:47.716+0000] {token_cache.py:204} DEBUG - event={
    "client_id": "27157a5a-3927-4895-8478-9d4554697d25",
    "data": {
        "claims": null,
        "scope": [
            "https://management.azure.com/.default"
        ]
    },
    "environment": "login.microsoftonline.com",
    "grant_type": "client_credentials",
    "params": null,
    "response": {
        "access_token": "********",
        "expires_in": 86399,
        "ext_expires_in": 86399,
        "refresh_in": 43199,
        "token_type": "Bearer"
    },
    "scope": [
        "https://management.azure.com/.default"
    ],
    "token_endpoint": "https://login.microsoftonline.com/0a33589b-0036-4fe8-a829-3ed0926af886/oauth2/v2.0/token"
}
[2025-06-25T21:52:47.717+0000] {get_token_mixin.py:148} INFO - ClientSecretCredential.get_token_info succeeded
[2025-06-25T21:52:47.718+0000] {_universal.py:511} INFO - Request URL: 'https://management.azure.com/subscriptions/0a94de80-6d3b-49f2-b3e9-ec5818862801/resourceGroups/buas-y2/providers/Microsoft.MachineLearningServices/workspaces/CV9-2025/data?api-version=REDACTED&listViewType=REDACTED'
Request method: 'GET'
Request headers:
    'Accept': 'application/json'
    'x-ms-client-request-id': 'bafdec8a-520e-11f0-b6bc-e64dc2efff95'
    'User-Agent': 'azure-ai-ml/1.27.1 azsdk-python-mgmt-machinelearningservices/0.1.0 Python/3.10.14 (Linux-6.6.87.1-microsoft-standard-WSL2-x86_64-with-glibc2.36)'
    'Authorization': 'REDACTED'
No body was attached to the request
[2025-06-25T21:52:48.353+0000] {_universal.py:547} INFO - Response status: 200
Response headers:
    'Cache-Control': 'no-cache'
    'Pragma': 'no-cache'
    'Content-Length': '16369'
    'Content-Type': 'application/json; charset=utf-8'
    'Expires': '-1'
    'Vary': 'REDACTED'
    'x-ms-ratelimit-remaining-subscription-reads': '249'
    'x-ms-operation-identifier': 'REDACTED'
    'Request-Context': 'REDACTED'
    'x-ms-response-type': 'REDACTED'
    'Strict-Transport-Security': 'REDACTED'
    'X-Content-Type-Options': 'REDACTED'
    'azureml-served-by-cluster': 'REDACTED'
    'x-request-time': 'REDACTED'
    'x-ms-ratelimit-remaining-subscription-global-reads': 'REDACTED'
    'x-ms-request-id': '4b9327e2-479f-40f7-84ee-0cd91460d7b7'
    'x-ms-correlation-request-id': 'REDACTED'
    'x-ms-routing-request-id': 'REDACTED'
    'X-Cache': 'REDACTED'
    'X-MSEdge-Ref': 'Ref A: BD3BB0CBA50D404A8E42A9C5A14D2DCE Ref B: AMS231032607031 Ref C: 2025-06-25T21:52:47Z'
    'Date': 'Wed, 25 Jun 2025 21:52:46 GMT'
[2025-06-25T21:52:48.370+0000] {logging_mixin.py:188} INFO - ✅ Using latest dataset: axonrooter_student_corrections_Endijs_20250625_231020 vNone
[2025-06-25T21:52:48.373+0000] {application.py:1553} DEBUG - Cache hit an AT
[2025-06-25T21:52:48.374+0000] {telemetry.py:37} DEBUG - Generate or reuse correlation_id: ebd65379-01dc-4610-bcc0-f227a0ef507f
[2025-06-25T21:52:48.375+0000] {get_token_mixin.py:148} INFO - ClientSecretCredential.get_token_info succeeded
[2025-06-25T21:52:48.376+0000] {_universal.py:511} INFO - Request URL: 'https://management.azure.com/subscriptions/0a94de80-6d3b-49f2-b3e9-ec5818862801/resourceGroups/buas-y2/providers/Microsoft.MachineLearningServices/workspaces/CV9-2025/components/train2/versions/5?api-version=REDACTED'
Request method: 'GET'
Request headers:
    'Accept': 'application/json'
    'x-ms-client-request-id': 'bbe3293a-520e-11f0-b6bc-e64dc2efff95'
    'User-Agent': 'azure-ai-ml/1.27.1 azsdk-python-mgmt-machinelearningservices/0.1.0 Python/3.10.14 (Linux-6.6.87.1-microsoft-standard-WSL2-x86_64-with-glibc2.36)'
    'Authorization': 'REDACTED'
No body was attached to the request
[2025-06-25T21:52:48.880+0000] {_universal.py:547} INFO - Response status: 200
Response headers:
    'Cache-Control': 'no-cache'
    'Pragma': 'no-cache'
    'Content-Length': '1966'
    'Content-Type': 'application/json; charset=utf-8'
    'Expires': '-1'
    'Vary': 'REDACTED'
    'x-ms-ratelimit-remaining-subscription-reads': '249'
    'x-ms-operation-identifier': 'REDACTED'
    'Request-Context': 'REDACTED'
    'x-ms-response-type': 'REDACTED'
    'Strict-Transport-Security': 'REDACTED'
    'X-Content-Type-Options': 'REDACTED'
    'azureml-served-by-cluster': 'REDACTED'
    'x-request-time': 'REDACTED'
    'x-ms-ratelimit-remaining-subscription-global-reads': 'REDACTED'
    'x-ms-request-id': '659a5b77-7b72-469b-8b68-537cc3850379'
    'x-ms-correlation-request-id': 'REDACTED'
    'x-ms-routing-request-id': 'REDACTED'
    'X-Cache': 'REDACTED'
    'X-MSEdge-Ref': 'Ref A: 31BE820881604638B3E4B786ED255EA3 Ref B: AMS231032609017 Ref C: 2025-06-25T21:52:47Z'
    'Date': 'Wed, 25 Jun 2025 21:52:47 GMT'
[2025-06-25T21:52:48.910+0000] {_universal.py:511} INFO - Request URL: 'https://management.azure.com/subscriptions/0a94de80-6d3b-49f2-b3e9-ec5818862801/resourceGroups/buas-y2/providers/Microsoft.MachineLearningServices/workspaces/CV9-2025/components/evaluate2/versions/2?api-version=REDACTED'
Request method: 'GET'
Request headers:
    'Accept': 'application/json'
    'x-ms-client-request-id': 'bc3515c4-520e-11f0-b6bc-e64dc2efff95'
    'User-Agent': 'azure-ai-ml/1.27.1 azsdk-python-mgmt-machinelearningservices/0.1.0 Python/3.10.14 (Linux-6.6.87.1-microsoft-standard-WSL2-x86_64-with-glibc2.36)'
    'Authorization': 'REDACTED'
No body was attached to the request
[2025-06-25T21:52:49.247+0000] {_universal.py:547} INFO - Response status: 200
Response headers:
    'Cache-Control': 'no-cache'
    'Pragma': 'no-cache'
    'Content-Length': '1957'
    'Content-Type': 'application/json; charset=utf-8'
    'Expires': '-1'
    'Vary': 'REDACTED'
    'x-ms-ratelimit-remaining-subscription-reads': '249'
    'x-ms-operation-identifier': 'REDACTED'
    'Request-Context': 'REDACTED'
    'x-ms-response-type': 'REDACTED'
    'Strict-Transport-Security': 'REDACTED'
    'X-Content-Type-Options': 'REDACTED'
    'azureml-served-by-cluster': 'REDACTED'
    'x-request-time': 'REDACTED'
    'x-ms-ratelimit-remaining-subscription-global-reads': 'REDACTED'
    'x-ms-request-id': 'ca2b5f6d-d7e5-4f4c-a15d-09b2fe86090d'
    'x-ms-correlation-request-id': 'REDACTED'
    'x-ms-routing-request-id': 'REDACTED'
    'X-Cache': 'REDACTED'
    'X-MSEdge-Ref': 'Ref A: C9DE90682A9D46CABDEE24237AA37A4D Ref B: AMS231032609017 Ref C: 2025-06-25T21:52:48Z'
    'Date': 'Wed, 25 Jun 2025 21:52:48 GMT'
[2025-06-25T21:52:49.255+0000] {_universal.py:511} INFO - Request URL: 'https://management.azure.com/subscriptions/0a94de80-6d3b-49f2-b3e9-ec5818862801/resourceGroups/buas-y2/providers/Microsoft.MachineLearningServices/workspaces/CV9-2025/components/register2/versions/1?api-version=REDACTED'
Request method: 'GET'
Request headers:
    'Accept': 'application/json'
    'x-ms-client-request-id': 'bc69b7b6-520e-11f0-b6bc-e64dc2efff95'
    'User-Agent': 'azure-ai-ml/1.27.1 azsdk-python-mgmt-machinelearningservices/0.1.0 Python/3.10.14 (Linux-6.6.87.1-microsoft-standard-WSL2-x86_64-with-glibc2.36)'
    'Authorization': 'REDACTED'
No body was attached to the request
[2025-06-25T21:52:49.552+0000] {_universal.py:547} INFO - Response status: 200
Response headers:
    'Cache-Control': 'no-cache'
    'Pragma': 'no-cache'
    'Content-Length': '1827'
    'Content-Type': 'application/json; charset=utf-8'
    'Expires': '-1'
    'Vary': 'REDACTED'
    'x-ms-ratelimit-remaining-subscription-reads': '249'
    'x-ms-operation-identifier': 'REDACTED'
    'Request-Context': 'REDACTED'
    'x-ms-response-type': 'REDACTED'
    'Strict-Transport-Security': 'REDACTED'
    'X-Content-Type-Options': 'REDACTED'
    'azureml-served-by-cluster': 'REDACTED'
    'x-request-time': 'REDACTED'
    'x-ms-ratelimit-remaining-subscription-global-reads': 'REDACTED'
    'x-ms-request-id': 'fa62bfdd-8bdb-42a6-91ae-b3949128141d'
    'x-ms-correlation-request-id': 'REDACTED'
    'x-ms-routing-request-id': 'REDACTED'
    'X-Cache': 'REDACTED'
    'X-MSEdge-Ref': 'Ref A: 9A942EA36B9B4FA18D1C3EE3D4B99611 Ref B: AMS231032609017 Ref C: 2025-06-25T21:52:48Z'
    'Date': 'Wed, 25 Jun 2025 21:52:48 GMT'
[2025-06-25T21:52:49.557+0000] {application.py:1553} DEBUG - Cache hit an AT
[2025-06-25T21:52:49.558+0000] {telemetry.py:37} DEBUG - Generate or reuse correlation_id: f9d2236b-bf86-4813-9de4-f99428f346b9
[2025-06-25T21:52:49.559+0000] {get_token_mixin.py:148} INFO - ClientSecretCredential.get_token_info succeeded
[2025-06-25T21:52:49.560+0000] {_universal.py:511} INFO - Request URL: 'https://management.azure.com/subscriptions/0a94de80-6d3b-49f2-b3e9-ec5818862801/resourceGroups/buas-y2/providers/Microsoft.MachineLearningServices/workspaces/CV9-2025/models/axonrooter-finetuned/versions/8?api-version=REDACTED'
Request method: 'GET'
Request headers:
    'Accept': 'application/json'
    'x-ms-client-request-id': 'bc97e2ee-520e-11f0-b6bc-e64dc2efff95'
    'User-Agent': 'azure-ai-ml/1.27.1 azsdk-python-mgmt-machinelearningservices/0.1.0 Python/3.10.14 (Linux-6.6.87.1-microsoft-standard-WSL2-x86_64-with-glibc2.36)'
    'Authorization': 'REDACTED'
No body was attached to the request
[2025-06-25T21:52:49.842+0000] {_universal.py:547} INFO - Response status: 200
Response headers:
    'Cache-Control': 'no-cache'
    'Pragma': 'no-cache'
    'Content-Length': '1214'
    'Content-Type': 'application/json; charset=utf-8'
    'Expires': '-1'
    'Vary': 'REDACTED'
    'x-ms-ratelimit-remaining-subscription-reads': '249'
    'x-ms-operation-identifier': 'REDACTED'
    'Request-Context': 'REDACTED'
    'x-ms-response-type': 'REDACTED'
    'Strict-Transport-Security': 'REDACTED'
    'X-Content-Type-Options': 'REDACTED'
    'azureml-served-by-cluster': 'REDACTED'
    'x-request-time': 'REDACTED'
    'x-ms-ratelimit-remaining-subscription-global-reads': 'REDACTED'
    'x-ms-request-id': '14e0b24a-e4e0-491d-9f61-fb20757cb41a'
    'x-ms-correlation-request-id': 'REDACTED'
    'x-ms-routing-request-id': 'REDACTED'
    'X-Cache': 'REDACTED'
    'X-MSEdge-Ref': 'Ref A: 44B18D29639247A18EA2B75B5F59ACB9 Ref B: AMS231032609033 Ref C: 2025-06-25T21:52:48Z'
    'Date': 'Wed, 25 Jun 2025 21:52:48 GMT'
[2025-06-25T21:52:50.912+0000] {log.py:232} WARNING - Class AutoDeleteSettingSchema: This is an experimental class, and may change at any time. Please see https://aka.ms/azuremlexperimental for more information.
[2025-06-25T21:52:50.925+0000] {log.py:232} WARNING - Class AutoDeleteConditionSchema: This is an experimental class, and may change at any time. Please see https://aka.ms/azuremlexperimental for more information.
[2025-06-25T21:52:50.937+0000] {log.py:232} WARNING - Class BaseAutoDeleteSettingSchema: This is an experimental class, and may change at any time. Please see https://aka.ms/azuremlexperimental for more information.
[2025-06-25T21:52:50.953+0000] {log.py:232} WARNING - Class IntellectualPropertySchema: This is an experimental class, and may change at any time. Please see https://aka.ms/azuremlexperimental for more information.
[2025-06-25T21:52:50.964+0000] {log.py:232} WARNING - Class ProtectionLevelSchema: This is an experimental class, and may change at any time. Please see https://aka.ms/azuremlexperimental for more information.
[2025-06-25T21:52:50.974+0000] {log.py:232} WARNING - Class BaseIntellectualPropertySchema: This is an experimental class, and may change at any time. Please see https://aka.ms/azuremlexperimental for more information.
[2025-06-25T21:52:50.982+0000] {_attr_dict.py:109} DEBUG - getting schema_ignored
[2025-06-25T21:52:50.983+0000] {_attr_dict.py:122} DEBUG - setting schema_ignored to {}
[2025-06-25T21:52:50.987+0000] {_attr_dict.py:109} DEBUG - getting schema_ignored
[2025-06-25T21:52:50.988+0000] {_attr_dict.py:122} DEBUG - setting schema_ignored to {}
[2025-06-25T21:52:50.990+0000] {_attr_dict.py:109} DEBUG - getting schema_ignored
[2025-06-25T21:52:50.991+0000] {_attr_dict.py:122} DEBUG - setting schema_ignored to {}
[2025-06-25T21:52:51.031+0000] {_attr_dict.py:109} DEBUG - getting schema_ignored
[2025-06-25T21:52:51.032+0000] {_attr_dict.py:122} DEBUG - setting schema_ignored to {}
[2025-06-25T21:52:51.055+0000] {_attr_dict.py:109} DEBUG - getting schema_ignored
[2025-06-25T21:52:51.056+0000] {_attr_dict.py:122} DEBUG - setting schema_ignored to {}
[2025-06-25T21:52:51.074+0000] {_attr_dict.py:109} DEBUG - getting schema_ignored
[2025-06-25T21:52:51.075+0000] {_attr_dict.py:122} DEBUG - setting schema_ignored to {}
[2025-06-25T21:52:51.089+0000] {_universal.py:511} INFO - Request URL: 'https://management.azure.com/subscriptions/0a94de80-6d3b-49f2-b3e9-ec5818862801/resourceGroups/buas-y2/providers/Microsoft.MachineLearningServices/workspaces/CV9-2025/computes/adsai-lambda-2?api-version=REDACTED'
Request method: 'GET'
Request headers:
    'Accept': 'application/json'
    'x-ms-client-request-id': 'bd81972c-520e-11f0-b6bc-e64dc2efff95'
    'User-Agent': 'azure-ai-ml/1.27.1 azsdk-python-mgmt-machinelearningservices/0.1.0 Python/3.10.14 (Linux-6.6.87.1-microsoft-standard-WSL2-x86_64-with-glibc2.36)'
    'Authorization': 'REDACTED'
No body was attached to the request
[2025-06-25T21:52:51.481+0000] {retries.py:91} DEBUG - Running Job._fetch_from_db with retries. Try 1 of 3
[2025-06-25T21:52:51.500+0000] {retries.py:91} DEBUG - Running Job._update_heartbeat with retries. Try 1 of 3
[2025-06-25T21:52:51.524+0000] {job.py:214} DEBUG - [heartbeat]
[2025-06-25T21:52:51.556+0000] {_universal.py:547} INFO - Response status: 200
Response headers:
    'Cache-Control': 'no-cache'
    'Pragma': 'no-cache'
    'Content-Length': '2753'
    'Content-Type': 'application/json; charset=utf-8'
    'Expires': '-1'
    'Vary': 'REDACTED'
    'x-ms-ratelimit-remaining-subscription-reads': '249'
    'x-ms-operation-identifier': 'REDACTED'
    'Request-Context': 'REDACTED'
    'x-ms-response-type': 'REDACTED'
    'Strict-Transport-Security': 'REDACTED'
    'X-Content-Type-Options': 'REDACTED'
    'azureml-served-by-cluster': 'REDACTED'
    'x-request-time': 'REDACTED'
    'x-ms-ratelimit-remaining-subscription-global-reads': 'REDACTED'
    'x-ms-request-id': '8e82a9d3-38b6-40b1-89f0-97e7468ba40d'
    'x-ms-correlation-request-id': 'REDACTED'
    'x-ms-routing-request-id': 'REDACTED'
    'X-Cache': 'REDACTED'
    'X-MSEdge-Ref': 'Ref A: 72CFAA6AB1E6442EB113D759CF94B3B0 Ref B: AMS231032609033 Ref C: 2025-06-25T21:52:50Z'
    'Date': 'Wed, 25 Jun 2025 21:52:50 GMT'
[2025-06-25T21:52:51.567+0000] {taskinstance.py:441} INFO - ::group::Post task execution logs
[2025-06-25T21:52:51.569+0000] {taskinstance.py:2905} ERROR - Task failed with exception
Traceback (most recent call last):
  File "/home/airflow/.local/lib/python3.10/site-packages/azure/ai/ml/operations/_job_operations.py", line 680, in create_or_update
    self._resolve_arm_id_or_upload_dependencies(job)
  File "/home/airflow/.local/lib/python3.10/site-packages/azure/ai/ml/operations/_job_operations.py", line 1137, in _resolve_arm_id_or_upload_dependencies
    self._resolve_arm_id_or_azureml_id(job, self._orchestrators.get_asset_arm_id)
  File "/home/airflow/.local/lib/python3.10/site-packages/azure/ai/ml/operations/_job_operations.py", line 1428, in _resolve_arm_id_or_azureml_id
    job = self._resolve_arm_id_for_pipeline_job(job, resolver)
  File "/home/airflow/.local/lib/python3.10/site-packages/azure/ai/ml/operations/_job_operations.py", line 1617, in _resolve_arm_id_for_pipeline_job
    self._component_operations._resolve_dependencies_for_pipeline_component_jobs(
  File "/home/airflow/.local/lib/python3.10/site-packages/azure/ai/ml/operations/_component_operations.py", line 1152, in _resolve_dependencies_for_pipeline_component_jobs
    self._resolve_inputs_for_pipeline_component_jobs(component.jobs, component._base_path)
  File "/home/airflow/.local/lib/python3.10/site-packages/azure/ai/ml/operations/_component_operations.py", line 903, in _resolve_inputs_for_pipeline_component_jobs
    self._job_operations._resolve_job_inputs(
  File "/home/airflow/.local/lib/python3.10/site-packages/azure/ai/ml/operations/_job_operations.py", line 1255, in _resolve_job_inputs
    self._resolve_job_input(entry, base_path)
  File "/home/airflow/.local/lib/python3.10/site-packages/azure/ai/ml/operations/_job_operations.py", line 1295, in _resolve_job_input
    raise ValidationException(
azure.ai.ml.exceptions.ValidationException: Input path can't be empty for jobs.

During handling of the above exception, another exception occurred:

Traceback (most recent call last):
  File "/home/airflow/.local/lib/python3.10/site-packages/airflow/models/taskinstance.py", line 465, in _execute_task
    result = _execute_callable(context=context, **execute_callable_kwargs)
  File "/home/airflow/.local/lib/python3.10/site-packages/airflow/models/taskinstance.py", line 432, in _execute_callable
    return execute_callable(context=context, **execute_callable_kwargs)
  File "/home/airflow/.local/lib/python3.10/site-packages/airflow/models/baseoperator.py", line 400, in wrapper
    return func(self, *args, **kwargs)
  File "/home/airflow/.local/lib/python3.10/site-packages/airflow/operators/python.py", line 235, in execute
    return_value = self.execute_callable()
  File "/home/airflow/.local/lib/python3.10/site-packages/airflow/operators/python.py", line 252, in execute_callable
    return self.python_callable(*self.op_args, **self.op_kwargs)
  File "/opt/airflow/dags/retrain_dag.py", line 80, in run_pipeline
    job = ml_client.jobs.create_or_update(pipeline_job, experiment_name="axonrooter_weekly_retrain")
  File "/home/airflow/.local/lib/python3.10/site-packages/azure/core/tracing/decorator.py", line 119, in wrapper_use_tracer
    return func(*args, **kwargs)
  File "/home/airflow/.local/lib/python3.10/site-packages/azure/ai/ml/_telemetry/activity.py", line 371, in wrapper
    return_value = f(*args, **kwargs)
  File "/home/airflow/.local/lib/python3.10/site-packages/azure/ai/ml/operations/_job_operations.py", line 682, in create_or_update
    log_and_raise_error(ex)
  File "/home/airflow/.local/lib/python3.10/site-packages/azure/ai/ml/_exception_helper.py", line 337, in log_and_raise_error
    raise MlException(message=formatted_error, no_personal_data_message=formatted_error)
azure.ai.ml.exceptions.MlException: 
[37m
[30m
1) At least one required parameter is missing[39m[39m

Details: 

[31m(x) Input path can't be empty for jobs.[39m

Resolutions: 
1) Ensure all parameters required by the Job schema are specified.
If using the CLI, you can also check the full log in debug mode for more details by adding --debug to the end of your command

Additional Resources: The easiest way to author a yaml specification file is using IntelliSense and auto-completion Azure ML VS code extension provides: [36mhttps://code.visualstudio.com/docs/datascience/azure-machine-learning.[39m To set up VS Code, visit [36mhttps://learn.microsoft.com/azure/machine-learning/how-to-setup-vs-code[39m

[2025-06-25T21:52:51.584+0000] {taskinstance.py:562} DEBUG - Task Duration set to 5.194163
[2025-06-25T21:52:51.586+0000] {taskinstance.py:584} DEBUG - Clearing next_method and next_kwargs.
[2025-06-25T21:52:51.587+0000] {taskinstance.py:1206} INFO - Marking task as UP_FOR_RETRY. dag_id=axonrooter_weekly_retraining, task_id=run_retraining_pipeline, run_id=manual__2025-06-25T21:52:36.851405+00:00, execution_date=20250625T215236, start_date=20250625T215246, end_date=20250625T215251
[2025-06-25T21:52:51.611+0000] {cli_action_loggers.py:88} DEBUG - Calling callbacks: []
[2025-06-25T21:52:51.612+0000] {standard_task_runner.py:110} ERROR - Failed to execute job 161 for task run_retraining_pipeline (
[37m
[30m
1) At least one required parameter is missing[39m[39m

Details: 

[31m(x) Input path can't be empty for jobs.[39m

Resolutions: 
1) Ensure all parameters required by the Job schema are specified.
If using the CLI, you can also check the full log in debug mode for more details by adding --debug to the end of your command

Additional Resources: The easiest way to author a yaml specification file is using IntelliSense and auto-completion Azure ML VS code extension provides: [36mhttps://code.visualstudio.com/docs/datascience/azure-machine-learning.[39m To set up VS Code, visit [36mhttps://learn.microsoft.com/azure/machine-learning/how-to-setup-vs-code[39m
; 175)
[2025-06-25T21:52:51.698+0000] {local_task_job_runner.py:240} INFO - Task exited with return code 1
[2025-06-25T21:52:51.720+0000] {dagrun.py:932} DEBUG - number of tis tasks for <DagRun axonrooter_weekly_retraining @ 2025-06-25 21:52:36.851405+00:00: manual__2025-06-25T21:52:36.851405+00:00, state:running, queued_at: 2025-06-25 21:52:36.878248+00:00. externally triggered: True>: 0 task(s)
[2025-06-25T21:52:51.721+0000] {taskinstance.py:3498} INFO - 0 downstream tasks scheduled from follow-on schedule check
[2025-06-25T21:52:51.725+0000] {local_task_job_runner.py:222} INFO - ::endgroup::
