[2025-06-26T01:15:45.640+0000] {taskinstance.py:1042} DEBUG - previous_execution_date was called
[2025-06-26T01:15:45.676+0000] {__init__.py:54} DEBUG - Loading core task runner: StandardTaskRunner
[2025-06-26T01:15:45.697+0000] {taskinstance.py:1042} DEBUG - previous_execution_date was called
[2025-06-26T01:15:45.710+0000] {base_task_runner.py:73} DEBUG - Planning to run as the  user
[2025-06-26T01:15:45.718+0000] {local_task_job_runner.py:120} INFO - ::group::Pre task execution logs
[2025-06-26T01:15:45.745+0000] {taskinstance.py:2088} DEBUG - <TaskInstance: axonrooter_weekly_retraining.run_retraining_pipeline manual__2025-06-26T01:15:33.342347+00:00 [queued]> dependency 'Previous Dagrun State' PASSED: True, The task did not have depends_on_past set.
[2025-06-26T01:15:45.746+0000] {taskinstance.py:2088} DEBUG - <TaskInstance: axonrooter_weekly_retraining.run_retraining_pipeline manual__2025-06-26T01:15:33.342347+00:00 [queued]> dependency 'Task Instance Not Running' PASSED: True, Task is not in running state.
[2025-06-26T01:15:45.747+0000] {taskinstance.py:2088} DEBUG - <TaskInstance: axonrooter_weekly_retraining.run_retraining_pipeline manual__2025-06-26T01:15:33.342347+00:00 [queued]> dependency 'Task Instance State' PASSED: True, Task state queued was valid.
[2025-06-26T01:15:45.755+0000] {taskinstance.py:2088} DEBUG - <TaskInstance: axonrooter_weekly_retraining.run_retraining_pipeline manual__2025-06-26T01:15:33.342347+00:00 [queued]> dependency 'Not In Retry Period' PASSED: True, The task instance was not marked for retrying.
[2025-06-26T01:15:45.756+0000] {taskinstance.py:2088} DEBUG - <TaskInstance: axonrooter_weekly_retraining.run_retraining_pipeline manual__2025-06-26T01:15:33.342347+00:00 [queued]> dependency 'Trigger Rule' PASSED: True, The task instance did not have any upstream tasks.
[2025-06-26T01:15:45.757+0000] {taskinstance.py:2076} INFO - Dependencies all met for dep_context=non-requeueable deps ti=<TaskInstance: axonrooter_weekly_retraining.run_retraining_pipeline manual__2025-06-26T01:15:33.342347+00:00 [queued]>
[2025-06-26T01:15:45.758+0000] {taskinstance.py:2088} DEBUG - <TaskInstance: axonrooter_weekly_retraining.run_retraining_pipeline manual__2025-06-26T01:15:33.342347+00:00 [queued]> dependency 'Previous Dagrun State' PASSED: True, The task did not have depends_on_past set.
[2025-06-26T01:15:45.766+0000] {taskinstance.py:2088} DEBUG - <TaskInstance: axonrooter_weekly_retraining.run_retraining_pipeline manual__2025-06-26T01:15:33.342347+00:00 [queued]> dependency 'Pool Slots Available' PASSED: True, There are enough open slots in default_pool to execute the task
[2025-06-26T01:15:45.767+0000] {taskinstance.py:2088} DEBUG - <TaskInstance: axonrooter_weekly_retraining.run_retraining_pipeline manual__2025-06-26T01:15:33.342347+00:00 [queued]> dependency 'Task Concurrency' PASSED: True, Task concurrency is not set.
[2025-06-26T01:15:45.773+0000] {taskinstance.py:2088} DEBUG - <TaskInstance: axonrooter_weekly_retraining.run_retraining_pipeline manual__2025-06-26T01:15:33.342347+00:00 [queued]> dependency 'Not In Retry Period' PASSED: True, The task instance was not marked for retrying.
[2025-06-26T01:15:45.774+0000] {taskinstance.py:2088} DEBUG - <TaskInstance: axonrooter_weekly_retraining.run_retraining_pipeline manual__2025-06-26T01:15:33.342347+00:00 [queued]> dependency 'Trigger Rule' PASSED: True, The task instance did not have any upstream tasks.
[2025-06-26T01:15:45.776+0000] {taskinstance.py:2076} INFO - Dependencies all met for dep_context=requeueable deps ti=<TaskInstance: axonrooter_weekly_retraining.run_retraining_pipeline manual__2025-06-26T01:15:33.342347+00:00 [queued]>
[2025-06-26T01:15:45.776+0000] {taskinstance.py:2306} INFO - Starting attempt 1 of 2
[2025-06-26T01:15:45.798+0000] {taskinstance.py:2330} INFO - Executing <Task(PythonOperator): run_retraining_pipeline> on 2025-06-26 01:15:33.342347+00:00
[2025-06-26T01:15:45.815+0000] {standard_task_runner.py:63} INFO - Started process 1736 to run task
[2025-06-26T01:15:45.823+0000] {standard_task_runner.py:90} INFO - Running: ['***', 'tasks', 'run', 'axonrooter_weekly_retraining', 'run_retraining_pipeline', 'manual__2025-06-26T01:15:33.342347+00:00', '--job-id', '171', '--raw', '--subdir', 'DAGS_FOLDER/retrain_og_dag.py', '--cfg-path', '/tmp/tmpzob410jh']
[2025-06-26T01:15:45.830+0000] {standard_task_runner.py:91} INFO - Job 171: Subtask run_retraining_pipeline
[2025-06-26T01:15:45.832+0000] {cli_action_loggers.py:70} DEBUG - Calling callbacks: [<function default_action_log at 0x77eb8f178ca0>]
[2025-06-26T01:15:45.923+0000] {taskinstance.py:1042} DEBUG - previous_execution_date was called
[2025-06-26T01:15:45.939+0000] {task_command.py:426} INFO - Running <TaskInstance: axonrooter_weekly_retraining.run_retraining_pipeline manual__2025-06-26T01:15:33.342347+00:00 [running]> on host 9e069602cbde
[2025-06-26T01:15:45.939+0000] {settings.py:363} DEBUG - Disposing DB connection pool (PID 1736)
[2025-06-26T01:15:45.940+0000] {settings.py:250} DEBUG - Setting up DB connection pool (PID 1736)
[2025-06-26T01:15:45.941+0000] {settings.py:298} DEBUG - settings.prepare_engine_args(): Using NullPool
[2025-06-26T01:15:46.023+0000] {taskinstance.py:1042} DEBUG - previous_execution_date was called
[2025-06-26T01:15:46.034+0000] {taskinstance.py:1845} DEBUG - Clearing XCom data
[2025-06-26T01:15:46.052+0000] {retries.py:91} DEBUG - Running RenderedTaskInstanceFields.write with retries. Try 1 of 3
[2025-06-26T01:15:46.091+0000] {retries.py:91} DEBUG - Running RenderedTaskInstanceFields._do_delete_old_records with retries. Try 1 of 3
[2025-06-26T01:15:46.113+0000] {taskinstance.py:2648} INFO - Exporting env vars: AIRFLOW_CTX_DAG_OWNER='***' AIRFLOW_CTX_DAG_ID='axonrooter_weekly_retraining' AIRFLOW_CTX_TASK_ID='run_retraining_pipeline' AIRFLOW_CTX_EXECUTION_DATE='2025-06-26T01:15:33.342347+00:00' AIRFLOW_CTX_TRY_NUMBER='1' AIRFLOW_CTX_DAG_RUN_ID='manual__2025-06-26T01:15:33.342347+00:00'
[2025-06-26T01:15:46.115+0000] {__init__.py:119} DEBUG - Preparing lineage inlets and outlets
[2025-06-26T01:15:46.118+0000] {__init__.py:158} DEBUG - inlets: [], outlets: []
[2025-06-26T01:15:46.119+0000] {taskinstance.py:430} INFO - ::endgroup::
[2025-06-26T01:15:46.137+0000] {base.py:84} INFO - Using connection ID 'azure_ml_conn' for task execution.
[2025-06-26T01:15:46.269+0000] {authority.py:75} DEBUG - Initializing with Entra authority: https://login.microsoftonline.com/0a33589b-0036-4fe8-a829-3ed0926af886
[2025-06-26T01:15:46.272+0000] {_universal.py:511} INFO - Request URL: 'https://login.microsoftonline.com/0a33589b-0036-4fe8-a829-3ed0926af886/v2.0/.well-known/openid-configuration'
Request method: 'GET'
Request headers:
    'User-Agent': 'azsdk-python-identity/1.23.0 Python/3.10.14 (Linux-6.6.87.1-microsoft-standard-WSL2-x86_64-with-glibc2.36)'
No body was attached to the request
[2025-06-26T01:15:46.988+0000] {_universal.py:547} INFO - Response status: 200
Response headers:
    'Cache-Control': 'max-age=86400, private'
    'Content-Type': 'application/json; charset=utf-8'
    'Strict-Transport-Security': 'REDACTED'
    'X-Content-Type-Options': 'REDACTED'
    'Access-Control-Allow-Origin': 'REDACTED'
    'Access-Control-Allow-Methods': 'REDACTED'
    'P3P': 'REDACTED'
    'x-ms-request-id': '064c73b5-5d6e-4e19-9ab6-7e4ea6f95a00'
    'x-ms-ests-server': 'REDACTED'
    'x-ms-srs': 'REDACTED'
    'Content-Security-Policy-Report-Only': 'REDACTED'
    'X-XSS-Protection': 'REDACTED'
    'Set-Cookie': 'REDACTED'
    'Date': 'Thu, 26 Jun 2025 01:15:45 GMT'
    'Content-Length': '1753'
[2025-06-26T01:15:46.995+0000] {authority.py:96} DEBUG - openid_config("https://login.microsoftonline.com/0a33589b-0036-4fe8-a829-3ed0926af886/v2.0/.well-known/openid-configuration") = {'token_endpoint': '***', 'token_endpoint_auth_methods_supported': ['***', '***', '***'], 'jwks_uri': 'https://login.microsoftonline.com/0a33589b-0036-4fe8-a829-3ed0926af886/discovery/v2.0/keys', 'response_modes_supported': ['query', 'fragment', 'form_post'], 'subject_types_supported': ['pairwise'], 'id_token_signing_alg_values_supported': ['***'], 'response_types_supported': ['code', 'id_token', 'code id_token', 'id_token token'], 'scopes_supported': ['openid', 'profile', 'email', 'offline_access'], 'issuer': 'https://login.microsoftonline.com/0a33589b-0036-4fe8-a829-3ed0926af886/v2.0', 'request_uri_parameter_supported': False, 'userinfo_endpoint': 'https://graph.microsoft.com/oidc/userinfo', 'authorization_endpoint': '***', 'device_authorization_endpoint': '***', 'http_logout_supported': True, 'frontchannel_logout_supported': True, 'end_session_endpoint': 'https://login.microsoftonline.com/0a33589b-0036-4fe8-a829-3ed0926af886/oauth2/v2.0/logout', 'claims_supported': ['sub', 'iss', 'cloud_instance_name', 'cloud_instance_host_name', 'cloud_graph_host_name', 'msgraph_host', 'aud', 'exp', 'iat', 'auth_time', 'acr', 'nonce', 'preferred_username', 'name', 'tid', 'ver', 'at_hash', 'c_hash', 'email'], 'kerberos_endpoint': 'https://login.microsoftonline.com/0a33589b-0036-4fe8-a829-3ed0926af886/kerberos', 'tenant_region_scope': 'EU', 'cloud_instance_name': 'microsoftonline.com', 'cloud_graph_host_name': 'graph.windows.net', 'msgraph_host': 'graph.microsoft.com', 'rbac_url': 'https://pas.windows.net'}
[2025-06-26T01:15:46.996+0000] {application.py:705} DEBUG - Broker enabled? None
[2025-06-26T01:15:46.997+0000] {application.py:755} DEBUG - Region to be used: None
[2025-06-26T01:15:47.014+0000] {telemetry.py:37} DEBUG - Generate or reuse correlation_id: 40a2a7e5-c716-4e9f-a877-c9be1ba8c81b
[2025-06-26T01:15:47.016+0000] {_universal.py:508} INFO - Request URL: 'https://login.microsoftonline.com/0a33589b-0036-4fe8-a829-3ed0926af886/oauth2/v2.0/token'
Request method: 'POST'
Request headers:
    'Accept': 'application/json'
    'x-client-sku': 'REDACTED'
    'x-client-ver': 'REDACTED'
    'x-client-os': 'REDACTED'
    'x-ms-lib-capability': 'REDACTED'
    'client-request-id': 'REDACTED'
    'x-client-current-telemetry': 'REDACTED'
    'x-client-last-telemetry': 'REDACTED'
    'User-Agent': 'azsdk-python-identity/1.23.0 Python/3.10.14 (Linux-6.6.87.1-microsoft-standard-WSL2-x86_64-with-glibc2.36)'
A body is sent with the request
[2025-06-26T01:15:47.138+0000] {_universal.py:547} INFO - Response status: 200
Response headers:
    'Cache-Control': 'no-store, no-cache'
    'Pragma': 'no-cache'
    'Content-Type': 'application/json; charset=utf-8'
    'Expires': '-1'
    'Strict-Transport-Security': 'REDACTED'
    'X-Content-Type-Options': 'REDACTED'
    'P3P': 'REDACTED'
    'client-request-id': 'REDACTED'
    'x-ms-request-id': 'ca7e2cd7-2e74-49a2-9a5a-35a845cfa500'
    'x-ms-ests-server': 'REDACTED'
    'x-ms-clitelem': 'REDACTED'
    'x-ms-srs': 'REDACTED'
    'Content-Security-Policy-Report-Only': 'REDACTED'
    'X-XSS-Protection': 'REDACTED'
    'Set-Cookie': 'REDACTED'
    'Date': 'Thu, 26 Jun 2025 01:15:45 GMT'
    'Content-Length': '1673'
[2025-06-26T01:15:47.140+0000] {token_cache.py:204} DEBUG - event={
    "client_id": "27157a5a-3927-4895-8478-9d4554697d25",
    "data": {
        "claims": null,
        "scope": [
            "https://management.azure.com/.default"
        ]
    },
    "environment": "login.microsoftonline.com",
    "grant_type": "client_credentials",
    "params": null,
    "response": {
        "access_token": "********",
        "expires_in": 86399,
        "ext_expires_in": 86399,
        "refresh_in": 43199,
        "token_type": "Bearer"
    },
    "scope": [
        "https://management.azure.com/.default"
    ],
    "token_endpoint": "https://login.microsoftonline.com/0a33589b-0036-4fe8-a829-3ed0926af886/oauth2/v2.0/token"
}
[2025-06-26T01:15:47.141+0000] {get_token_mixin.py:148} INFO - ClientSecretCredential.get_token_info succeeded
[2025-06-26T01:15:47.142+0000] {_universal.py:511} INFO - Request URL: 'https://management.azure.com/subscriptions/0a94de80-6d3b-49f2-b3e9-ec5818862801/resourceGroups/buas-y2/providers/Microsoft.MachineLearningServices/workspaces/CV9-2025/data/bigger-segmentation-dataset-only-roots?api-version=REDACTED'
Request method: 'GET'
Request headers:
    'Accept': 'application/json'
    'x-ms-client-request-id': '167a9092-522b-11f0-8fc4-e64dc2efff95'
    'User-Agent': 'azure-ai-ml/1.27.1 azsdk-python-mgmt-machinelearningservices/0.1.0 Python/3.10.14 (Linux-6.6.87.1-microsoft-standard-WSL2-x86_64-with-glibc2.36)'
    'Authorization': 'REDACTED'
No body was attached to the request
[2025-06-26T01:15:47.692+0000] {_universal.py:547} INFO - Response status: 200
Response headers:
    'Cache-Control': 'no-cache'
    'Pragma': 'no-cache'
    'Content-Length': '698'
    'Content-Type': 'application/json; charset=utf-8'
    'Expires': '-1'
    'Vary': 'REDACTED'
    'x-ms-ratelimit-remaining-subscription-reads': '249'
    'x-ms-operation-identifier': 'REDACTED'
    'Request-Context': 'REDACTED'
    'x-ms-response-type': 'REDACTED'
    'Strict-Transport-Security': 'REDACTED'
    'X-Content-Type-Options': 'REDACTED'
    'azureml-served-by-cluster': 'REDACTED'
    'x-request-time': 'REDACTED'
    'x-ms-ratelimit-remaining-subscription-global-reads': 'REDACTED'
    'x-ms-request-id': '6e3acc38-e7fd-40f1-a5bc-97540a627050'
    'x-ms-correlation-request-id': 'REDACTED'
    'x-ms-routing-request-id': 'REDACTED'
    'X-Cache': 'REDACTED'
    'X-MSEdge-Ref': 'Ref A: 44DA5BC9C47647978F911A68202953AE Ref B: AMS231032607053 Ref C: 2025-06-26T01:15:46Z'
    'Date': 'Thu, 26 Jun 2025 01:15:46 GMT'
[2025-06-26T01:15:47.701+0000] {_universal.py:511} INFO - Request URL: 'https://management.azure.com/subscriptions/0a94de80-6d3b-49f2-b3e9-ec5818862801/resourceGroups/buas-y2/providers/Microsoft.MachineLearningServices/workspaces/CV9-2025/data/bigger-segmentation-dataset-only-roots/versions/1?api-version=REDACTED'
Request method: 'GET'
Request headers:
    'Accept': 'application/json'
    'x-ms-client-request-id': '175515a0-522b-11f0-8fc4-e64dc2efff95'
    'User-Agent': 'azure-ai-ml/1.27.1 azsdk-python-mgmt-machinelearningservices/0.1.0 Python/3.10.14 (Linux-6.6.87.1-microsoft-standard-WSL2-x86_64-with-glibc2.36)'
    'Authorization': 'REDACTED'
No body was attached to the request
[2025-06-26T01:15:47.828+0000] {_universal.py:547} INFO - Response status: 200
Response headers:
    'Cache-Control': 'no-cache'
    'Pragma': 'no-cache'
    'Content-Length': '1023'
    'Content-Type': 'application/json; charset=utf-8'
    'Expires': '-1'
    'Vary': 'REDACTED'
    'x-ms-ratelimit-remaining-subscription-reads': '249'
    'x-ms-operation-identifier': 'REDACTED'
    'Request-Context': 'REDACTED'
    'x-ms-response-type': 'REDACTED'
    'Strict-Transport-Security': 'REDACTED'
    'X-Content-Type-Options': 'REDACTED'
    'azureml-served-by-cluster': 'REDACTED'
    'x-request-time': 'REDACTED'
    'x-ms-ratelimit-remaining-subscription-global-reads': 'REDACTED'
    'x-ms-request-id': '1cd3b85e-9aae-4bfa-8dfb-cb8f67b1bd03'
    'x-ms-correlation-request-id': 'REDACTED'
    'x-ms-routing-request-id': 'REDACTED'
    'X-Cache': 'REDACTED'
    'X-MSEdge-Ref': 'Ref A: 1AD1BA2091E244ED91B7B9169F048F7B Ref B: AMS231032607053 Ref C: 2025-06-26T01:15:46Z'
    'Date': 'Thu, 26 Jun 2025 01:15:46 GMT'
[2025-06-26T01:15:47.833+0000] {application.py:1553} DEBUG - Cache hit an AT
[2025-06-26T01:15:47.834+0000] {telemetry.py:37} DEBUG - Generate or reuse correlation_id: 2a8903f7-f5f1-4c01-b3bd-2e9adae104a6
[2025-06-26T01:15:47.835+0000] {get_token_mixin.py:148} INFO - ClientSecretCredential.get_token_info succeeded
[2025-06-26T01:15:47.836+0000] {_universal.py:511} INFO - Request URL: 'https://management.azure.com/subscriptions/0a94de80-6d3b-49f2-b3e9-ec5818862801/resourceGroups/buas-y2/providers/Microsoft.MachineLearningServices/workspaces/CV9-2025/components/train2/versions/5?api-version=REDACTED'
Request method: 'GET'
Request headers:
    'Accept': 'application/json'
    'x-ms-client-request-id': '17693e72-522b-11f0-8fc4-e64dc2efff95'
    'User-Agent': 'azure-ai-ml/1.27.1 azsdk-python-mgmt-machinelearningservices/0.1.0 Python/3.10.14 (Linux-6.6.87.1-microsoft-standard-WSL2-x86_64-with-glibc2.36)'
    'Authorization': 'REDACTED'
No body was attached to the request
[2025-06-26T01:15:48.286+0000] {_universal.py:547} INFO - Response status: 200
Response headers:
    'Cache-Control': 'no-cache'
    'Pragma': 'no-cache'
    'Content-Length': '1966'
    'Content-Type': 'application/json; charset=utf-8'
    'Expires': '-1'
    'Vary': 'REDACTED'
    'x-ms-ratelimit-remaining-subscription-reads': '249'
    'x-ms-operation-identifier': 'REDACTED'
    'Request-Context': 'REDACTED'
    'x-ms-response-type': 'REDACTED'
    'Strict-Transport-Security': 'REDACTED'
    'X-Content-Type-Options': 'REDACTED'
    'azureml-served-by-cluster': 'REDACTED'
    'x-request-time': 'REDACTED'
    'x-ms-ratelimit-remaining-subscription-global-reads': 'REDACTED'
    'x-ms-request-id': '0f33bef6-de25-4982-a2a3-3e5d85358b8e'
    'x-ms-correlation-request-id': 'REDACTED'
    'x-ms-routing-request-id': 'REDACTED'
    'X-Cache': 'REDACTED'
    'X-MSEdge-Ref': 'Ref A: 67658965D9CE44AABA75EE2E722BBB53 Ref B: AMS231020512021 Ref C: 2025-06-26T01:15:46Z'
    'Date': 'Thu, 26 Jun 2025 01:15:46 GMT'
[2025-06-26T01:15:48.336+0000] {_universal.py:511} INFO - Request URL: 'https://management.azure.com/subscriptions/0a94de80-6d3b-49f2-b3e9-ec5818862801/resourceGroups/buas-y2/providers/Microsoft.MachineLearningServices/workspaces/CV9-2025/components/evaluate2/versions/2?api-version=REDACTED'
Request method: 'GET'
Request headers:
    'Accept': 'application/json'
    'x-ms-client-request-id': '17b60590-522b-11f0-8fc4-e64dc2efff95'
    'User-Agent': 'azure-ai-ml/1.27.1 azsdk-python-mgmt-machinelearningservices/0.1.0 Python/3.10.14 (Linux-6.6.87.1-microsoft-standard-WSL2-x86_64-with-glibc2.36)'
    'Authorization': 'REDACTED'
No body was attached to the request
[2025-06-26T01:15:48.707+0000] {_universal.py:547} INFO - Response status: 200
Response headers:
    'Cache-Control': 'no-cache'
    'Pragma': 'no-cache'
    'Content-Length': '1957'
    'Content-Type': 'application/json; charset=utf-8'
    'Expires': '-1'
    'Vary': 'REDACTED'
    'x-ms-ratelimit-remaining-subscription-reads': '249'
    'x-ms-operation-identifier': 'REDACTED'
    'Request-Context': 'REDACTED'
    'x-ms-response-type': 'REDACTED'
    'Strict-Transport-Security': 'REDACTED'
    'X-Content-Type-Options': 'REDACTED'
    'azureml-served-by-cluster': 'REDACTED'
    'x-request-time': 'REDACTED'
    'x-ms-ratelimit-remaining-subscription-global-reads': 'REDACTED'
    'x-ms-request-id': '5bd04420-a3a5-4e24-9ce7-96f84f4a2928'
    'x-ms-correlation-request-id': 'REDACTED'
    'x-ms-routing-request-id': 'REDACTED'
    'X-Cache': 'REDACTED'
    'X-MSEdge-Ref': 'Ref A: 1039B8F5769D4BA8B22263C41B86D135 Ref B: AMS231020512021 Ref C: 2025-06-26T01:15:47Z'
    'Date': 'Thu, 26 Jun 2025 01:15:46 GMT'
[2025-06-26T01:15:48.713+0000] {_universal.py:511} INFO - Request URL: 'https://management.azure.com/subscriptions/0a94de80-6d3b-49f2-b3e9-ec5818862801/resourceGroups/buas-y2/providers/Microsoft.MachineLearningServices/workspaces/CV9-2025/components/register2/versions/1?api-version=REDACTED'
Request method: 'GET'
Request headers:
    'Accept': 'application/json'
    'x-ms-client-request-id': '17ef9b34-522b-11f0-8fc4-e64dc2efff95'
    'User-Agent': 'azure-ai-ml/1.27.1 azsdk-python-mgmt-machinelearningservices/0.1.0 Python/3.10.14 (Linux-6.6.87.1-microsoft-standard-WSL2-x86_64-with-glibc2.36)'
    'Authorization': 'REDACTED'
No body was attached to the request
[2025-06-26T01:15:49.050+0000] {_universal.py:547} INFO - Response status: 200
Response headers:
    'Cache-Control': 'no-cache'
    'Pragma': 'no-cache'
    'Content-Length': '1827'
    'Content-Type': 'application/json; charset=utf-8'
    'Expires': '-1'
    'Vary': 'REDACTED'
    'x-ms-ratelimit-remaining-subscription-reads': '249'
    'x-ms-operation-identifier': 'REDACTED'
    'Request-Context': 'REDACTED'
    'x-ms-response-type': 'REDACTED'
    'Strict-Transport-Security': 'REDACTED'
    'X-Content-Type-Options': 'REDACTED'
    'azureml-served-by-cluster': 'REDACTED'
    'x-request-time': 'REDACTED'
    'x-ms-ratelimit-remaining-subscription-global-reads': 'REDACTED'
    'x-ms-request-id': '5f4d53fb-a733-490a-a19f-869a8892e1d6'
    'x-ms-correlation-request-id': 'REDACTED'
    'x-ms-routing-request-id': 'REDACTED'
    'X-Cache': 'REDACTED'
    'X-MSEdge-Ref': 'Ref A: D4C3D02299E848609381B0FAD72C688F Ref B: AMS231020512021 Ref C: 2025-06-26T01:15:47Z'
    'Date': 'Thu, 26 Jun 2025 01:15:47 GMT'
[2025-06-26T01:15:49.058+0000] {application.py:1553} DEBUG - Cache hit an AT
[2025-06-26T01:15:49.060+0000] {telemetry.py:37} DEBUG - Generate or reuse correlation_id: 4456eba0-bda2-4c9a-9260-6fc706c55627
[2025-06-26T01:15:49.062+0000] {get_token_mixin.py:148} INFO - ClientSecretCredential.get_token_info succeeded
[2025-06-26T01:15:49.063+0000] {_universal.py:511} INFO - Request URL: 'https://management.azure.com/subscriptions/0a94de80-6d3b-49f2-b3e9-ec5818862801/resourceGroups/buas-y2/providers/Microsoft.MachineLearningServices/workspaces/CV9-2025/models/axonrooter-finetuned/versions/8?api-version=REDACTED'
Request method: 'GET'
Request headers:
    'Accept': 'application/json'
    'x-ms-client-request-id': '18242bb0-522b-11f0-8fc4-e64dc2efff95'
    'User-Agent': 'azure-ai-ml/1.27.1 azsdk-python-mgmt-machinelearningservices/0.1.0 Python/3.10.14 (Linux-6.6.87.1-microsoft-standard-WSL2-x86_64-with-glibc2.36)'
    'Authorization': 'REDACTED'
No body was attached to the request
[2025-06-26T01:15:49.511+0000] {_universal.py:547} INFO - Response status: 200
Response headers:
    'Cache-Control': 'no-cache'
    'Pragma': 'no-cache'
    'Content-Length': '1214'
    'Content-Type': 'application/json; charset=utf-8'
    'Expires': '-1'
    'Vary': 'REDACTED'
    'x-ms-ratelimit-remaining-subscription-reads': '249'
    'x-ms-operation-identifier': 'REDACTED'
    'Request-Context': 'REDACTED'
    'x-ms-response-type': 'REDACTED'
    'Strict-Transport-Security': 'REDACTED'
    'X-Content-Type-Options': 'REDACTED'
    'azureml-served-by-cluster': 'REDACTED'
    'x-request-time': 'REDACTED'
    'x-ms-ratelimit-remaining-subscription-global-reads': 'REDACTED'
    'x-ms-request-id': '1efe2c0a-2dcc-4fd5-b930-ccd8314b7c35'
    'x-ms-correlation-request-id': 'REDACTED'
    'x-ms-routing-request-id': 'REDACTED'
    'X-Cache': 'REDACTED'
    'X-MSEdge-Ref': 'Ref A: FD13BAF906D843A5B3C28EAC07D5025D Ref B: AMS231022012053 Ref C: 2025-06-26T01:15:47Z'
    'Date': 'Thu, 26 Jun 2025 01:15:47 GMT'
[2025-06-26T01:15:50.598+0000] {log.py:232} WARNING - Class AutoDeleteSettingSchema: This is an experimental class, and may change at any time. Please see https://aka.ms/azuremlexperimental for more information.
[2025-06-26T01:15:50.611+0000] {log.py:232} WARNING - Class AutoDeleteConditionSchema: This is an experimental class, and may change at any time. Please see https://aka.ms/azuremlexperimental for more information.
[2025-06-26T01:15:50.623+0000] {log.py:232} WARNING - Class BaseAutoDeleteSettingSchema: This is an experimental class, and may change at any time. Please see https://aka.ms/azuremlexperimental for more information.
[2025-06-26T01:15:50.643+0000] {log.py:232} WARNING - Class IntellectualPropertySchema: This is an experimental class, and may change at any time. Please see https://aka.ms/azuremlexperimental for more information.
[2025-06-26T01:15:50.655+0000] {log.py:232} WARNING - Class ProtectionLevelSchema: This is an experimental class, and may change at any time. Please see https://aka.ms/azuremlexperimental for more information.
[2025-06-26T01:15:50.667+0000] {log.py:232} WARNING - Class BaseIntellectualPropertySchema: This is an experimental class, and may change at any time. Please see https://aka.ms/azuremlexperimental for more information.
[2025-06-26T01:15:50.681+0000] {_attr_dict.py:109} DEBUG - getting schema_ignored
[2025-06-26T01:15:50.681+0000] {_attr_dict.py:122} DEBUG - setting schema_ignored to {}
[2025-06-26T01:15:50.687+0000] {_attr_dict.py:109} DEBUG - getting schema_ignored
[2025-06-26T01:15:50.688+0000] {_attr_dict.py:122} DEBUG - setting schema_ignored to {}
[2025-06-26T01:15:50.690+0000] {_attr_dict.py:109} DEBUG - getting schema_ignored
[2025-06-26T01:15:50.691+0000] {_attr_dict.py:122} DEBUG - setting schema_ignored to {}
[2025-06-26T01:15:50.733+0000] {_attr_dict.py:109} DEBUG - getting schema_ignored
[2025-06-26T01:15:50.735+0000] {_attr_dict.py:122} DEBUG - setting schema_ignored to {}
[2025-06-26T01:15:50.758+0000] {_attr_dict.py:109} DEBUG - getting schema_ignored
[2025-06-26T01:15:50.760+0000] {_attr_dict.py:122} DEBUG - setting schema_ignored to {}
[2025-06-26T01:15:50.781+0000] {_attr_dict.py:109} DEBUG - getting schema_ignored
[2025-06-26T01:15:50.782+0000] {_attr_dict.py:122} DEBUG - setting schema_ignored to {}
[2025-06-26T01:15:50.799+0000] {_universal.py:511} INFO - Request URL: 'https://management.azure.com/subscriptions/0a94de80-6d3b-49f2-b3e9-ec5818862801/resourceGroups/buas-y2/providers/Microsoft.MachineLearningServices/workspaces/CV9-2025/computes/adsai-lambda-2?api-version=REDACTED'
Request method: 'GET'
Request headers:
    'Accept': 'application/json'
    'x-ms-client-request-id': '192ddf1a-522b-11f0-8fc4-e64dc2efff95'
    'User-Agent': 'azure-ai-ml/1.27.1 azsdk-python-mgmt-machinelearningservices/0.1.0 Python/3.10.14 (Linux-6.6.87.1-microsoft-standard-WSL2-x86_64-with-glibc2.36)'
    'Authorization': 'REDACTED'
No body was attached to the request
[2025-06-26T01:15:50.860+0000] {retries.py:91} DEBUG - Running Job._fetch_from_db with retries. Try 1 of 3
[2025-06-26T01:15:50.879+0000] {retries.py:91} DEBUG - Running Job._update_heartbeat with retries. Try 1 of 3
[2025-06-26T01:15:50.906+0000] {job.py:214} DEBUG - [heartbeat]
[2025-06-26T01:15:51.289+0000] {_universal.py:547} INFO - Response status: 200
Response headers:
    'Cache-Control': 'no-cache'
    'Pragma': 'no-cache'
    'Content-Length': '2753'
    'Content-Type': 'application/json; charset=utf-8'
    'Expires': '-1'
    'Vary': 'REDACTED'
    'x-ms-ratelimit-remaining-subscription-reads': '249'
    'x-ms-operation-identifier': 'REDACTED'
    'Request-Context': 'REDACTED'
    'x-ms-response-type': 'REDACTED'
    'Strict-Transport-Security': 'REDACTED'
    'X-Content-Type-Options': 'REDACTED'
    'azureml-served-by-cluster': 'REDACTED'
    'x-request-time': 'REDACTED'
    'x-ms-ratelimit-remaining-subscription-global-reads': 'REDACTED'
    'x-ms-request-id': '739acf95-5cb6-4895-bd30-5bb2a250338b'
    'x-ms-correlation-request-id': 'REDACTED'
    'x-ms-routing-request-id': 'REDACTED'
    'X-Cache': 'REDACTED'
    'X-MSEdge-Ref': 'Ref A: 50B437043FBB47078EA438D4D75146D1 Ref B: AMS231022012053 Ref C: 2025-06-26T01:15:49Z'
    'Date': 'Thu, 26 Jun 2025 01:15:49 GMT'
[2025-06-26T01:15:51.297+0000] {application.py:1553} DEBUG - Cache hit an AT
[2025-06-26T01:15:51.298+0000] {telemetry.py:37} DEBUG - Generate or reuse correlation_id: 741aa7f3-7c22-4c77-8c0a-dba874bd6e95
[2025-06-26T01:15:51.299+0000] {get_token_mixin.py:148} INFO - ClientSecretCredential.get_token_info succeeded
[2025-06-26T01:15:51.299+0000] {_universal.py:511} INFO - Request URL: 'https://management.azure.com/subscriptions/0a94de80-6d3b-49f2-b3e9-ec5818862801/resourceGroups/buas-y2/providers/Microsoft.MachineLearningServices/workspaces/CV9-2025?api-version=REDACTED'
Request method: 'GET'
Request headers:
    'Accept': 'application/json'
    'x-ms-client-request-id': '1979d384-522b-11f0-8fc4-e64dc2efff95'
    'User-Agent': 'azure-ai-ml/1.27.1 azsdk-python-mgmt-machinelearningservices/0.1.0 Python/3.10.14 (Linux-6.6.87.1-microsoft-standard-WSL2-x86_64-with-glibc2.36)'
    'Authorization': 'REDACTED'
No body was attached to the request
[2025-06-26T01:15:51.641+0000] {_universal.py:547} INFO - Response status: 200
Response headers:
    'Cache-Control': 'no-cache'
    'Pragma': 'no-cache'
    'Content-Length': '3748'
    'Content-Type': 'application/json; charset=utf-8'
    'Expires': '-1'
    'Vary': 'REDACTED'
    'x-ms-ratelimit-remaining-subscription-global-reads': 'REDACTED'
    'x-ms-ratelimit-remaining-subscription-reads': '249'
    'Request-Context': 'REDACTED'
    'x-ms-response-type': 'REDACTED'
    'Strict-Transport-Security': 'REDACTED'
    'X-Content-Type-Options': 'REDACTED'
    'azureml-served-by-cluster': 'REDACTED'
    'x-request-time': 'REDACTED'
    'x-ms-request-id': '73d4dbf1-e8df-4b12-9670-872148980f40'
    'x-ms-correlation-request-id': 'REDACTED'
    'x-ms-routing-request-id': 'REDACTED'
    'X-Cache': 'REDACTED'
    'X-MSEdge-Ref': 'Ref A: 3AE5C34C14644711A223129076806C63 Ref B: AMS231032609035 Ref C: 2025-06-26T01:15:50Z'
    'Date': 'Thu, 26 Jun 2025 01:15:49 GMT'
[2025-06-26T01:15:51.672+0000] {_attr_dict.py:109} DEBUG - getting schema_ignored
[2025-06-26T01:15:51.673+0000] {_attr_dict.py:122} DEBUG - setting schema_ignored to {}
[2025-06-26T01:15:51.686+0000] {_attr_dict.py:109} DEBUG - getting schema_ignored
[2025-06-26T01:15:51.687+0000] {_attr_dict.py:122} DEBUG - setting schema_ignored to {}
[2025-06-26T01:15:51.697+0000] {_attr_dict.py:109} DEBUG - getting schema_ignored
[2025-06-26T01:15:51.698+0000] {_attr_dict.py:122} DEBUG - setting schema_ignored to {}
[2025-06-26T01:15:51.701+0000] {telemetry.py:37} DEBUG - Generate or reuse correlation_id: 089433e9-155a-4eda-b666-b299fa13c37b
[2025-06-26T01:15:51.703+0000] {_universal.py:508} INFO - Request URL: 'https://login.microsoftonline.com/0a33589b-0036-4fe8-a829-3ed0926af886/oauth2/v2.0/token'
Request method: 'POST'
Request headers:
    'Accept': 'application/json'
    'x-client-sku': 'REDACTED'
    'x-client-ver': 'REDACTED'
    'x-client-os': 'REDACTED'
    'x-ms-lib-capability': 'REDACTED'
    'client-request-id': 'REDACTED'
    'x-client-current-telemetry': 'REDACTED'
    'x-client-last-telemetry': 'REDACTED'
    'User-Agent': 'azsdk-python-identity/1.23.0 Python/3.10.14 (Linux-6.6.87.1-microsoft-standard-WSL2-x86_64-with-glibc2.36)'
A body is sent with the request
[2025-06-26T01:15:51.807+0000] {_universal.py:547} INFO - Response status: 200
Response headers:
    'Cache-Control': 'no-store, no-cache'
    'Pragma': 'no-cache'
    'Content-Type': 'application/json; charset=utf-8'
    'Expires': '-1'
    'Strict-Transport-Security': 'REDACTED'
    'X-Content-Type-Options': 'REDACTED'
    'P3P': 'REDACTED'
    'client-request-id': 'REDACTED'
    'x-ms-request-id': '064c73b5-5d6e-4e19-9ab6-7e4e39fa5a00'
    'x-ms-ests-server': 'REDACTED'
    'x-ms-clitelem': 'REDACTED'
    'x-ms-srs': 'REDACTED'
    'Content-Security-Policy-Report-Only': 'REDACTED'
    'X-XSS-Protection': 'REDACTED'
    'Set-Cookie': 'REDACTED'
    'Date': 'Thu, 26 Jun 2025 01:15:50 GMT'
    'Content-Length': '1628'
[2025-06-26T01:15:51.809+0000] {token_cache.py:204} DEBUG - event={
    "client_id": "27157a5a-3927-4895-8478-9d4554697d25",
    "data": {
        "claims": null,
        "scope": [
            "https://ml.azure.com/.default"
        ]
    },
    "environment": "login.microsoftonline.com",
    "grant_type": "client_credentials",
    "params": null,
    "response": {
        "access_token": "********",
        "expires_in": 86399,
        "ext_expires_in": 86399,
        "refresh_in": 43199,
        "token_type": "Bearer"
    },
    "scope": [
        "https://ml.azure.com/.default"
    ],
    "token_endpoint": "https://login.microsoftonline.com/0a33589b-0036-4fe8-a829-3ed0926af886/oauth2/v2.0/token"
}
[2025-06-26T01:15:51.810+0000] {get_token_mixin.py:148} INFO - ClientSecretCredential.get_token succeeded
[2025-06-26T01:15:51.817+0000] {_universal.py:508} INFO - Request URL: 'https://management.azure.com/subscriptions/0a94de80-6d3b-49f2-b3e9-ec5818862801/resourceGroups/buas-y2/providers/Microsoft.MachineLearningServices/workspaces/CV9-2025/jobs/wheat_net_fc5p55q8ct?api-version=REDACTED'
Request method: 'PUT'
Request headers:
    'Content-Type': 'application/json'
    'Content-Length': '2479'
    'Accept': 'application/json'
    'x-ms-client-request-id': '19c9137c-522b-11f0-8fc4-e64dc2efff95'
    'x-azureml-token': 'REDACTED'
    'User-Agent': 'azure-ai-ml/1.27.1 azsdk-python-mgmt-machinelearningservices/0.1.0 Python/3.10.14 (Linux-6.6.87.1-microsoft-standard-WSL2-x86_64-with-glibc2.36)'
    'Authorization': 'REDACTED'
A body is sent with the request
[2025-06-26T01:15:52.712+0000] {_universal.py:547} INFO - Response status: 201
Response headers:
    'Cache-Control': 'no-cache'
    'Pragma': 'no-cache'
    'Content-Length': '4502'
    'Content-Type': 'application/json; charset=utf-8'
    'Expires': '-1'
    'Location': 'REDACTED'
    'x-ms-operation-identifier': 'REDACTED'
    'Request-Context': 'REDACTED'
    'x-ms-response-type': 'REDACTED'
    'Strict-Transport-Security': 'REDACTED'
    'X-Content-Type-Options': 'REDACTED'
    'azureml-served-by-cluster': 'REDACTED'
    'x-request-time': 'REDACTED'
    'x-ms-ratelimit-remaining-subscription-writes': '199'
    'x-ms-ratelimit-remaining-subscription-global-writes': 'REDACTED'
    'x-ms-request-id': '602b5b86-0e9b-4b49-9fb2-6afaec93220b'
    'x-ms-correlation-request-id': 'REDACTED'
    'x-ms-routing-request-id': 'REDACTED'
    'X-Cache': 'REDACTED'
    'X-MSEdge-Ref': 'Ref A: 5780CE0E963549069C7FE674A75E6404 Ref B: AMS231020512021 Ref C: 2025-06-26T01:15:50Z'
    'Date': 'Thu, 26 Jun 2025 01:15:50 GMT'
[2025-06-26T01:15:52.721+0000] {application.py:1553} DEBUG - Cache hit an AT
[2025-06-26T01:15:52.722+0000] {telemetry.py:37} DEBUG - Generate or reuse correlation_id: 31899fdf-1d34-4fcf-bb69-0460381f7bc5
[2025-06-26T01:15:52.723+0000] {get_token_mixin.py:148} INFO - ClientSecretCredential.get_token succeeded
[2025-06-26T01:15:52.726+0000] {logging_mixin.py:188} INFO - 🚀 Submitted retraining pipeline job.
[2025-06-26T01:15:52.728+0000] {python.py:237} INFO - Done. Returned value was: None
[2025-06-26T01:15:52.729+0000] {taskinstance.py:441} INFO - ::group::Post task execution logs
[2025-06-26T01:15:52.731+0000] {__init__.py:77} DEBUG - Lineage called with inlets: [], outlets: []
[2025-06-26T01:15:52.750+0000] {taskinstance.py:584} DEBUG - Clearing next_method and next_kwargs.
[2025-06-26T01:15:52.752+0000] {taskinstance.py:1206} INFO - Marking task as SUCCESS. dag_id=axonrooter_weekly_retraining, task_id=run_retraining_pipeline, run_id=manual__2025-06-26T01:15:33.342347+00:00, execution_date=20250626T011533, start_date=20250626T011545, end_date=20250626T011552
[2025-06-26T01:15:52.753+0000] {taskinstance.py:562} DEBUG - Task Duration set to 6.993465
[2025-06-26T01:15:52.774+0000] {cli_action_loggers.py:88} DEBUG - Calling callbacks: []
[2025-06-26T01:15:52.850+0000] {local_task_job_runner.py:240} INFO - Task exited with return code 0
[2025-06-26T01:15:52.874+0000] {dagrun.py:932} DEBUG - number of tis tasks for <DagRun axonrooter_weekly_retraining @ 2025-06-26 01:15:33.342347+00:00: manual__2025-06-26T01:15:33.342347+00:00, state:running, queued_at: 2025-06-26 01:15:33.549400+00:00. externally triggered: True>: 0 task(s)
[2025-06-26T01:15:52.875+0000] {taskinstance.py:3498} INFO - 0 downstream tasks scheduled from follow-on schedule check
[2025-06-26T01:15:52.878+0000] {local_task_job_runner.py:222} INFO - ::endgroup::
