[2025-06-26T17:14:16.579+0000] {taskinstance.py:1042} DEBUG - previous_execution_date was called
[2025-06-26T17:14:16.616+0000] {__init__.py:54} DEBUG - Loading core task runner: StandardTaskRunner
[2025-06-26T17:14:16.638+0000] {taskinstance.py:1042} DEBUG - previous_execution_date was called
[2025-06-26T17:14:16.653+0000] {base_task_runner.py:73} DEBUG - Planning to run as the  user
[2025-06-26T17:14:16.662+0000] {local_task_job_runner.py:120} INFO - ::group::Pre task execution logs
[2025-06-26T17:14:16.688+0000] {taskinstance.py:2088} DEBUG - <TaskInstance: axonrooter_weekly_retraining.promote_model_to_green manual__2025-06-26T17:13:44.463603+00:00 [queued]> dependency 'Not In Retry Period' PASSED: True, The task instance was not marked for retrying.
[2025-06-26T17:14:16.697+0000] {taskinstance.py:2088} DEBUG - <TaskInstance: axonrooter_weekly_retraining.promote_model_to_green manual__2025-06-26T17:13:44.463603+00:00 [queued]> dependency 'Previous Dagrun State' PASSED: True, The task did not have depends_on_past set.
[2025-06-26T17:14:16.698+0000] {taskinstance.py:2088} DEBUG - <TaskInstance: axonrooter_weekly_retraining.promote_model_to_green manual__2025-06-26T17:13:44.463603+00:00 [queued]> dependency 'Task Instance State' PASSED: True, Task state queued was valid.
[2025-06-26T17:14:16.700+0000] {taskinstance.py:2088} DEBUG - <TaskInstance: axonrooter_weekly_retraining.promote_model_to_green manual__2025-06-26T17:13:44.463603+00:00 [queued]> dependency 'Task Instance Not Running' PASSED: True, Task is not in running state.
[2025-06-26T17:14:16.700+0000] {taskinstance.py:2076} INFO - Dependencies all met for dep_context=non-requeueable deps ti=<TaskInstance: axonrooter_weekly_retraining.promote_model_to_green manual__2025-06-26T17:13:44.463603+00:00 [queued]>
[2025-06-26T17:14:16.706+0000] {taskinstance.py:2088} DEBUG - <TaskInstance: axonrooter_weekly_retraining.promote_model_to_green manual__2025-06-26T17:13:44.463603+00:00 [queued]> dependency 'Not In Retry Period' PASSED: True, The task instance was not marked for retrying.
[2025-06-26T17:14:16.712+0000] {taskinstance.py:2088} DEBUG - <TaskInstance: axonrooter_weekly_retraining.promote_model_to_green manual__2025-06-26T17:13:44.463603+00:00 [queued]> dependency 'Previous Dagrun State' PASSED: True, The task did not have depends_on_past set.
[2025-06-26T17:14:16.720+0000] {taskinstance.py:2088} DEBUG - <TaskInstance: axonrooter_weekly_retraining.promote_model_to_green manual__2025-06-26T17:13:44.463603+00:00 [queued]> dependency 'Pool Slots Available' PASSED: True, There are enough open slots in default_pool to execute the task
[2025-06-26T17:14:16.721+0000] {taskinstance.py:2088} DEBUG - <TaskInstance: axonrooter_weekly_retraining.promote_model_to_green manual__2025-06-26T17:13:44.463603+00:00 [queued]> dependency 'Task Concurrency' PASSED: True, Task concurrency is not set.
[2025-06-26T17:14:16.722+0000] {taskinstance.py:2076} INFO - Dependencies all met for dep_context=requeueable deps ti=<TaskInstance: axonrooter_weekly_retraining.promote_model_to_green manual__2025-06-26T17:13:44.463603+00:00 [queued]>
[2025-06-26T17:14:16.724+0000] {taskinstance.py:2306} INFO - Starting attempt 1 of 2
[2025-06-26T17:14:16.749+0000] {taskinstance.py:2330} INFO - Executing <Task(PythonOperator): promote_model_to_green> on 2025-06-26 17:13:44.463603+00:00
[2025-06-26T17:14:16.767+0000] {standard_task_runner.py:63} INFO - Started process 377 to run task
[2025-06-26T17:14:16.775+0000] {standard_task_runner.py:90} INFO - Running: ['***', 'tasks', 'run', 'axonrooter_weekly_retraining', 'promote_model_to_green', 'manual__2025-06-26T17:13:44.463603+00:00', '--job-id', '10', '--raw', '--subdir', 'DAGS_FOLDER/retrain_dag.py', '--cfg-path', '/tmp/tmpjhly4tcj']
[2025-06-26T17:14:16.782+0000] {standard_task_runner.py:91} INFO - Job 10: Subtask promote_model_to_green
[2025-06-26T17:14:16.785+0000] {cli_action_loggers.py:70} DEBUG - Calling callbacks: [<function default_action_log at 0x790b6bb1cca0>]
[2025-06-26T17:14:16.864+0000] {taskinstance.py:1042} DEBUG - previous_execution_date was called
[2025-06-26T17:14:16.881+0000] {task_command.py:426} INFO - Running <TaskInstance: axonrooter_weekly_retraining.promote_model_to_green manual__2025-06-26T17:13:44.463603+00:00 [running]> on host 1fc71c0f6201
[2025-06-26T17:14:16.882+0000] {settings.py:363} DEBUG - Disposing DB connection pool (PID 377)
[2025-06-26T17:14:16.883+0000] {settings.py:250} DEBUG - Setting up DB connection pool (PID 377)
[2025-06-26T17:14:16.885+0000] {settings.py:298} DEBUG - settings.prepare_engine_args(): Using NullPool
[2025-06-26T17:14:16.949+0000] {taskinstance.py:1042} DEBUG - previous_execution_date was called
[2025-06-26T17:14:16.960+0000] {taskinstance.py:1845} DEBUG - Clearing XCom data
[2025-06-26T17:14:16.973+0000] {retries.py:91} DEBUG - Running RenderedTaskInstanceFields.write with retries. Try 1 of 3
[2025-06-26T17:14:17.007+0000] {retries.py:91} DEBUG - Running RenderedTaskInstanceFields._do_delete_old_records with retries. Try 1 of 3
[2025-06-26T17:14:17.024+0000] {taskinstance.py:2648} INFO - Exporting env vars: AIRFLOW_CTX_DAG_OWNER='***' AIRFLOW_CTX_DAG_ID='axonrooter_weekly_retraining' AIRFLOW_CTX_TASK_ID='promote_model_to_green' AIRFLOW_CTX_EXECUTION_DATE='2025-06-26T17:13:44.463603+00:00' AIRFLOW_CTX_TRY_NUMBER='1' AIRFLOW_CTX_DAG_RUN_ID='manual__2025-06-26T17:13:44.463603+00:00'
[2025-06-26T17:14:17.026+0000] {__init__.py:119} DEBUG - Preparing lineage inlets and outlets
[2025-06-26T17:14:17.029+0000] {__init__.py:158} DEBUG - inlets: [], outlets: []
[2025-06-26T17:14:17.030+0000] {taskinstance.py:430} INFO - ::endgroup::
[2025-06-26T17:14:17.047+0000] {base.py:84} INFO - Using connection ID 'azure_ml_conn' for task execution.
[2025-06-26T17:14:17.140+0000] {authority.py:75} DEBUG - Initializing with Entra authority: https://login.microsoftonline.com/0a33589b-0036-4fe8-a829-3ed0926af886
[2025-06-26T17:14:17.143+0000] {_universal.py:511} INFO - Request URL: 'https://login.microsoftonline.com/0a33589b-0036-4fe8-a829-3ed0926af886/v2.0/.well-known/openid-configuration'
Request method: 'GET'
Request headers:
    'User-Agent': 'azsdk-python-identity/1.23.0 Python/3.10.14 (Linux-6.6.87.1-microsoft-standard-WSL2-x86_64-with-glibc2.36)'
No body was attached to the request
[2025-06-26T17:14:17.471+0000] {_universal.py:547} INFO - Response status: 200
Response headers:
    'Cache-Control': 'max-age=86400, private'
    'Content-Type': 'application/json; charset=utf-8'
    'Strict-Transport-Security': 'REDACTED'
    'X-Content-Type-Options': 'REDACTED'
    'Access-Control-Allow-Origin': 'REDACTED'
    'Access-Control-Allow-Methods': 'REDACTED'
    'P3P': 'REDACTED'
    'x-ms-request-id': 'a2c46e6b-a857-4c5f-8f31-7a49919c0400'
    'x-ms-ests-server': 'REDACTED'
    'x-ms-srs': 'REDACTED'
    'Content-Security-Policy-Report-Only': 'REDACTED'
    'X-XSS-Protection': 'REDACTED'
    'Set-Cookie': 'REDACTED'
    'Date': 'Thu, 26 Jun 2025 17:14:14 GMT'
    'Content-Length': '1753'
[2025-06-26T17:14:17.476+0000] {authority.py:96} DEBUG - openid_config("https://login.microsoftonline.com/0a33589b-0036-4fe8-a829-3ed0926af886/v2.0/.well-known/openid-configuration") = {'token_endpoint': '***', 'token_endpoint_auth_methods_supported': ['***', '***', '***'], 'jwks_uri': 'https://login.microsoftonline.com/0a33589b-0036-4fe8-a829-3ed0926af886/discovery/v2.0/keys', 'response_modes_supported': ['query', 'fragment', 'form_post'], 'subject_types_supported': ['pairwise'], 'id_token_signing_alg_values_supported': ['***'], 'response_types_supported': ['code', 'id_token', 'code id_token', 'id_token token'], 'scopes_supported': ['openid', 'profile', 'email', 'offline_access'], 'issuer': 'https://login.microsoftonline.com/0a33589b-0036-4fe8-a829-3ed0926af886/v2.0', 'request_uri_parameter_supported': False, 'userinfo_endpoint': 'https://graph.microsoft.com/oidc/userinfo', 'authorization_endpoint': '***', 'device_authorization_endpoint': '***', 'http_logout_supported': True, 'frontchannel_logout_supported': True, 'end_session_endpoint': 'https://login.microsoftonline.com/0a33589b-0036-4fe8-a829-3ed0926af886/oauth2/v2.0/logout', 'claims_supported': ['sub', 'iss', 'cloud_instance_name', 'cloud_instance_host_name', 'cloud_graph_host_name', 'msgraph_host', 'aud', 'exp', 'iat', 'auth_time', 'acr', 'nonce', 'preferred_username', 'name', 'tid', 'ver', 'at_hash', 'c_hash', 'email'], 'kerberos_endpoint': 'https://login.microsoftonline.com/0a33589b-0036-4fe8-a829-3ed0926af886/kerberos', 'tenant_region_scope': 'EU', 'cloud_instance_name': 'microsoftonline.com', 'cloud_graph_host_name': 'graph.windows.net', 'msgraph_host': 'graph.microsoft.com', 'rbac_url': 'https://pas.windows.net'}
[2025-06-26T17:14:17.478+0000] {application.py:705} DEBUG - Broker enabled? None
[2025-06-26T17:14:17.480+0000] {application.py:755} DEBUG - Region to be used: None
[2025-06-26T17:14:17.489+0000] {telemetry.py:37} DEBUG - Generate or reuse correlation_id: 0ba3069a-e1d9-466f-8fad-4c909ac13177
[2025-06-26T17:14:17.491+0000] {_universal.py:508} INFO - Request URL: 'https://login.microsoftonline.com/0a33589b-0036-4fe8-a829-3ed0926af886/oauth2/v2.0/token'
Request method: 'POST'
Request headers:
    'Accept': 'application/json'
    'x-client-sku': 'REDACTED'
    'x-client-ver': 'REDACTED'
    'x-client-os': 'REDACTED'
    'x-ms-lib-capability': 'REDACTED'
    'client-request-id': 'REDACTED'
    'x-client-current-telemetry': 'REDACTED'
    'x-client-last-telemetry': 'REDACTED'
    'User-Agent': 'azsdk-python-identity/1.23.0 Python/3.10.14 (Linux-6.6.87.1-microsoft-standard-WSL2-x86_64-with-glibc2.36)'
A body is sent with the request
[2025-06-26T17:14:17.573+0000] {_universal.py:547} INFO - Response status: 200
Response headers:
    'Cache-Control': 'no-store, no-cache'
    'Pragma': 'no-cache'
    'Content-Type': 'application/json; charset=utf-8'
    'Expires': '-1'
    'Strict-Transport-Security': 'REDACTED'
    'X-Content-Type-Options': 'REDACTED'
    'P3P': 'REDACTED'
    'client-request-id': 'REDACTED'
    'x-ms-request-id': '793f798f-28df-4a33-ba06-d7e092b68a00'
    'x-ms-ests-server': 'REDACTED'
    'x-ms-clitelem': 'REDACTED'
    'x-ms-srs': 'REDACTED'
    'Content-Security-Policy-Report-Only': 'REDACTED'
    'X-XSS-Protection': 'REDACTED'
    'Set-Cookie': 'REDACTED'
    'Date': 'Thu, 26 Jun 2025 17:14:14 GMT'
    'Content-Length': '1674'
[2025-06-26T17:14:17.574+0000] {token_cache.py:204} DEBUG - event={
    "client_id": "27157a5a-3927-4895-8478-9d4554697d25",
    "data": {
        "claims": null,
        "scope": [
            "https://management.azure.com/.default"
        ]
    },
    "environment": "login.microsoftonline.com",
    "grant_type": "client_credentials",
    "params": null,
    "response": {
        "access_token": "********",
        "expires_in": 86399,
        "ext_expires_in": 86399,
        "refresh_in": 43199,
        "token_type": "Bearer"
    },
    "scope": [
        "https://management.azure.com/.default"
    ],
    "token_endpoint": "https://login.microsoftonline.com/0a33589b-0036-4fe8-a829-3ed0926af886/oauth2/v2.0/token"
}
[2025-06-26T17:14:17.575+0000] {get_token_mixin.py:148} INFO - ClientSecretCredential.get_token_info succeeded
[2025-06-26T17:14:17.576+0000] {_universal.py:511} INFO - Request URL: 'https://management.azure.com/subscriptions/0a94de80-6d3b-49f2-b3e9-ec5818862801/resourceGroups/buas-y2/providers/Microsoft.MachineLearningServices/workspaces/CV9-2025/models/axonrooter-finetuned/versions?api-version=REDACTED&listViewType=REDACTED'
Request method: 'GET'
Request headers:
    'Accept': 'application/json'
    'x-ms-client-request-id': 'fda0fe18-52b0-11f0-993e-c6da882b0672'
    'User-Agent': 'azure-ai-ml/1.27.1 azsdk-python-mgmt-machinelearningservices/0.1.0 Python/3.10.14 (Linux-6.6.87.1-microsoft-standard-WSL2-x86_64-with-glibc2.36)'
    'Authorization': 'REDACTED'
No body was attached to the request
[2025-06-26T17:14:18.044+0000] {_universal.py:547} INFO - Response status: 200
Response headers:
    'Cache-Control': 'no-cache'
    'Pragma': 'no-cache'
    'Content-Length': '26684'
    'Content-Type': 'application/json; charset=utf-8'
    'Expires': '-1'
    'Vary': 'REDACTED'
    'x-ms-ratelimit-remaining-subscription-reads': '249'
    'x-ms-operation-identifier': 'REDACTED'
    'Request-Context': 'REDACTED'
    'x-ms-response-type': 'REDACTED'
    'Strict-Transport-Security': 'REDACTED'
    'X-Content-Type-Options': 'REDACTED'
    'azureml-served-by-cluster': 'REDACTED'
    'x-request-time': 'REDACTED'
    'x-ms-ratelimit-remaining-subscription-global-reads': 'REDACTED'
    'x-ms-request-id': 'ab3ce34f-2715-4414-bf14-d28ae7fd3fe9'
    'x-ms-correlation-request-id': 'REDACTED'
    'x-ms-routing-request-id': 'REDACTED'
    'X-Cache': 'REDACTED'
    'X-MSEdge-Ref': 'Ref A: FE954264B5A342E79EAA640FEEDC726D Ref B: AMS231032608019 Ref C: 2025-06-26T17:14:15Z'
    'Date': 'Thu, 26 Jun 2025 17:14:15 GMT'
[2025-06-26T17:14:18.065+0000] {logging_mixin.py:188} INFO - ✅ Latest model version: 21 with accuracy 0.8418268736228337
[2025-06-26T17:14:18.067+0000] {application.py:1553} DEBUG - Cache hit an AT
[2025-06-26T17:14:18.068+0000] {telemetry.py:37} DEBUG - Generate or reuse correlation_id: 52d2803d-47f4-4e81-ab01-093ba3f74e28
[2025-06-26T17:14:18.069+0000] {get_token_mixin.py:148} INFO - ClientSecretCredential.get_token_info succeeded
[2025-06-26T17:14:18.070+0000] {_universal.py:511} INFO - Request URL: 'https://management.azure.com/subscriptions/0a94de80-6d3b-49f2-b3e9-ec5818862801/resourceGroups/buas-y2/providers/Microsoft.MachineLearningServices/workspaces/CV9-2025/environments/my-custom-env-2/versions/1.11?api-version=REDACTED'
Request method: 'GET'
Request headers:
    'Accept': 'application/json'
    'x-ms-client-request-id': 'fe2e9bec-52b0-11f0-993e-c6da882b0672'
    'User-Agent': 'azure-ai-ml/1.27.1 azsdk-python-mgmt-machinelearningservices/0.1.0 Python/3.10.14 (Linux-6.6.87.1-microsoft-standard-WSL2-x86_64-with-glibc2.36)'
    'Authorization': 'REDACTED'
No body was attached to the request
[2025-06-26T17:14:19.064+0000] {_universal.py:547} INFO - Response status: 200
Response headers:
    'Cache-Control': 'no-cache'
    'Pragma': 'no-cache'
    'Content-Length': '1740'
    'Content-Type': 'application/json; charset=utf-8'
    'Expires': '-1'
    'Vary': 'REDACTED'
    'x-ms-ratelimit-remaining-subscription-reads': '249'
    'x-ms-operation-identifier': 'REDACTED'
    'Request-Context': 'REDACTED'
    'x-ms-response-type': 'REDACTED'
    'Strict-Transport-Security': 'REDACTED'
    'X-Content-Type-Options': 'REDACTED'
    'azureml-served-by-cluster': 'REDACTED'
    'x-request-time': 'REDACTED'
    'x-ms-ratelimit-remaining-subscription-global-reads': 'REDACTED'
    'x-ms-request-id': 'e9191811-a53e-4d44-990e-705e362f186a'
    'x-ms-correlation-request-id': 'REDACTED'
    'x-ms-routing-request-id': 'REDACTED'
    'X-Cache': 'REDACTED'
    'X-MSEdge-Ref': 'Ref A: 4DB76052F5DB4244A33F7325BBCF3E8B Ref B: AMS231022012029 Ref C: 2025-06-26T17:14:16Z'
    'Date': 'Thu, 26 Jun 2025 17:14:16 GMT'
[2025-06-26T17:14:19.073+0000] {taskinstance.py:441} INFO - ::group::Post task execution logs
[2025-06-26T17:14:19.074+0000] {taskinstance.py:2905} ERROR - Task failed with exception
Traceback (most recent call last):
  File "/home/airflow/.local/lib/python3.10/site-packages/azure/ai/ml/_utils/_endpoint_utils.py", line 186, in validate_scoring_script
    with open(score_script_path, "r", encoding=DefaultOpenEncoding.READ) as script:
FileNotFoundError: [Errno 2] No such file or directory: '/opt/airflow/AxonRooter/src/axonrooter/scoring.py'

The above exception was the direct cause of the following exception:

Traceback (most recent call last):
  File "/home/airflow/.local/lib/python3.10/site-packages/airflow/models/taskinstance.py", line 465, in _execute_task
    result = _execute_callable(context=context, **execute_callable_kwargs)
  File "/home/airflow/.local/lib/python3.10/site-packages/airflow/models/taskinstance.py", line 432, in _execute_callable
    return execute_callable(context=context, **execute_callable_kwargs)
  File "/home/airflow/.local/lib/python3.10/site-packages/airflow/models/baseoperator.py", line 400, in wrapper
    return func(self, *args, **kwargs)
  File "/home/airflow/.local/lib/python3.10/site-packages/airflow/operators/python.py", line 235, in execute
    return_value = self.execute_callable()
  File "/home/airflow/.local/lib/python3.10/site-packages/airflow/operators/python.py", line 252, in execute_callable
    return self.python_callable(*self.op_args, **self.op_kwargs)
  File "/opt/airflow/dags/retrain_dag.py", line 110, in promote_model_to_green
    ml_client.online_deployments.begin_create_or_update(green_deployment).wait()
  File "/home/airflow/.local/lib/python3.10/site-packages/azure/core/tracing/decorator.py", line 119, in wrapper_use_tracer
    return func(*args, **kwargs)
  File "/home/airflow/.local/lib/python3.10/site-packages/azure/ai/ml/_telemetry/activity.py", line 288, in wrapper
    return f(*args, **kwargs)
  File "/home/airflow/.local/lib/python3.10/site-packages/azure/ai/ml/operations/_online_deployment_operations.py", line 218, in begin_create_or_update
    raise ex
  File "/home/airflow/.local/lib/python3.10/site-packages/azure/ai/ml/operations/_online_deployment_operations.py", line 163, in begin_create_or_update
    validate_scoring_script(deployment)
  File "/home/airflow/.local/lib/python3.10/site-packages/azure/ai/ml/_utils/_endpoint_utils.py", line 214, in validate_scoring_script
    raise MlException(
azure.ai.ml.exceptions.MlException: Failed to open scoring script /opt/***/AxonRooter/src/axonrooter/scoring.py.
[2025-06-26T17:14:19.101+0000] {taskinstance.py:562} DEBUG - Task Duration set to 2.399339
[2025-06-26T17:14:19.104+0000] {taskinstance.py:584} DEBUG - Clearing next_method and next_kwargs.
[2025-06-26T17:14:19.105+0000] {taskinstance.py:1206} INFO - Marking task as UP_FOR_RETRY. dag_id=axonrooter_weekly_retraining, task_id=promote_model_to_green, run_id=manual__2025-06-26T17:13:44.463603+00:00, execution_date=20250626T171344, start_date=20250626T171416, end_date=20250626T171419
[2025-06-26T17:14:19.129+0000] {cli_action_loggers.py:88} DEBUG - Calling callbacks: []
[2025-06-26T17:14:19.130+0000] {standard_task_runner.py:110} ERROR - Failed to execute job 10 for task promote_model_to_green (Failed to open scoring script /opt/***/AxonRooter/src/axonrooter/scoring.py.; 377)
[2025-06-26T17:14:19.201+0000] {local_task_job_runner.py:240} INFO - Task exited with return code 1
[2025-06-26T17:14:19.236+0000] {dagrun.py:932} DEBUG - number of tis tasks for <DagRun axonrooter_weekly_retraining @ 2025-06-26 17:13:44.463603+00:00: manual__2025-06-26T17:13:44.463603+00:00, state:running, queued_at: 2025-06-26 17:13:44.793138+00:00. externally triggered: True>: 0 task(s)
[2025-06-26T17:14:19.238+0000] {taskinstance.py:3498} INFO - 0 downstream tasks scheduled from follow-on schedule check
[2025-06-26T17:14:19.242+0000] {local_task_job_runner.py:222} INFO - ::endgroup::
