[2025-06-25T18:44:47.179+0000] {taskinstance.py:1042} DEBUG - previous_execution_date was called
[2025-06-25T18:44:47.212+0000] {__init__.py:54} DEBUG - Loading core task runner: StandardTaskRunner
[2025-06-25T18:44:47.229+0000] {taskinstance.py:1042} DEBUG - previous_execution_date was called
[2025-06-25T18:44:47.240+0000] {base_task_runner.py:73} DEBUG - Planning to run as the  user
[2025-06-25T18:44:47.246+0000] {local_task_job_runner.py:120} INFO - ::group::Pre task execution logs
[2025-06-25T18:44:47.267+0000] {taskinstance.py:2088} DEBUG - <TaskInstance: axonrooter_weekly_retraining.run_retraining_pipeline manual__2025-06-25T18:32:09.279022+00:00 [queued]> dependency 'Trigger Rule' PASSED: True, The task instance did not have any upstream tasks.
[2025-06-25T18:44:47.268+0000] {taskinstance.py:2088} DEBUG - <TaskInstance: axonrooter_weekly_retraining.run_retraining_pipeline manual__2025-06-25T18:32:09.279022+00:00 [queued]> dependency 'Not In Retry Period' PASSED: True, The task instance was not marked for retrying.
[2025-06-25T18:44:47.269+0000] {taskinstance.py:2088} DEBUG - <TaskInstance: axonrooter_weekly_retraining.run_retraining_pipeline manual__2025-06-25T18:32:09.279022+00:00 [queued]> dependency 'Task Instance State' PASSED: True, Task state queued was valid.
[2025-06-25T18:44:47.270+0000] {taskinstance.py:2088} DEBUG - <TaskInstance: axonrooter_weekly_retraining.run_retraining_pipeline manual__2025-06-25T18:32:09.279022+00:00 [queued]> dependency 'Task Instance Not Running' PASSED: True, Task is not in running state.
[2025-06-25T18:44:47.270+0000] {taskinstance.py:2088} DEBUG - <TaskInstance: axonrooter_weekly_retraining.run_retraining_pipeline manual__2025-06-25T18:32:09.279022+00:00 [queued]> dependency 'Previous Dagrun State' PASSED: True, The task did not have depends_on_past set.
[2025-06-25T18:44:47.279+0000] {taskinstance.py:2076} INFO - Dependencies all met for dep_context=non-requeueable deps ti=<TaskInstance: axonrooter_weekly_retraining.run_retraining_pipeline manual__2025-06-25T18:32:09.279022+00:00 [queued]>
[2025-06-25T18:44:47.283+0000] {taskinstance.py:2088} DEBUG - <TaskInstance: axonrooter_weekly_retraining.run_retraining_pipeline manual__2025-06-25T18:32:09.279022+00:00 [queued]> dependency 'Trigger Rule' PASSED: True, The task instance did not have any upstream tasks.
[2025-06-25T18:44:47.284+0000] {taskinstance.py:2088} DEBUG - <TaskInstance: axonrooter_weekly_retraining.run_retraining_pipeline manual__2025-06-25T18:32:09.279022+00:00 [queued]> dependency 'Not In Retry Period' PASSED: True, The task instance was not marked for retrying.
[2025-06-25T18:44:47.289+0000] {taskinstance.py:2088} DEBUG - <TaskInstance: axonrooter_weekly_retraining.run_retraining_pipeline manual__2025-06-25T18:32:09.279022+00:00 [queued]> dependency 'Pool Slots Available' PASSED: True, There are enough open slots in default_pool to execute the task
[2025-06-25T18:44:47.290+0000] {taskinstance.py:2088} DEBUG - <TaskInstance: axonrooter_weekly_retraining.run_retraining_pipeline manual__2025-06-25T18:32:09.279022+00:00 [queued]> dependency 'Task Concurrency' PASSED: True, Task concurrency is not set.
[2025-06-25T18:44:47.291+0000] {taskinstance.py:2088} DEBUG - <TaskInstance: axonrooter_weekly_retraining.run_retraining_pipeline manual__2025-06-25T18:32:09.279022+00:00 [queued]> dependency 'Previous Dagrun State' PASSED: True, The task did not have depends_on_past set.
[2025-06-25T18:44:47.293+0000] {taskinstance.py:2076} INFO - Dependencies all met for dep_context=requeueable deps ti=<TaskInstance: axonrooter_weekly_retraining.run_retraining_pipeline manual__2025-06-25T18:32:09.279022+00:00 [queued]>
[2025-06-25T18:44:47.294+0000] {taskinstance.py:2306} INFO - Starting attempt 2 of 2
[2025-06-25T18:44:47.313+0000] {taskinstance.py:2330} INFO - Executing <Task(PythonOperator): run_retraining_pipeline> on 2025-06-25 18:32:09.279022+00:00
[2025-06-25T18:44:47.327+0000] {standard_task_runner.py:63} INFO - Started process 200 to run task
[2025-06-25T18:44:47.333+0000] {standard_task_runner.py:90} INFO - Running: ['***', 'tasks', 'run', 'axonrooter_weekly_retraining', 'run_retraining_pipeline', 'manual__2025-06-25T18:32:09.279022+00:00', '--job-id', '139', '--raw', '--subdir', 'DAGS_FOLDER/retrain_dag.py', '--cfg-path', '/tmp/tmpxspq6gf2']
[2025-06-25T18:44:47.339+0000] {standard_task_runner.py:91} INFO - Job 139: Subtask run_retraining_pipeline
[2025-06-25T18:44:47.340+0000] {cli_action_loggers.py:70} DEBUG - Calling callbacks: [<function default_action_log at 0x77bbc5178ca0>]
[2025-06-25T18:44:47.429+0000] {taskinstance.py:1042} DEBUG - previous_execution_date was called
[2025-06-25T18:44:47.443+0000] {task_command.py:426} INFO - Running <TaskInstance: axonrooter_weekly_retraining.run_retraining_pipeline manual__2025-06-25T18:32:09.279022+00:00 [running]> on host 9e069602cbde
[2025-06-25T18:44:47.444+0000] {settings.py:363} DEBUG - Disposing DB connection pool (PID 200)
[2025-06-25T18:44:47.445+0000] {settings.py:250} DEBUG - Setting up DB connection pool (PID 200)
[2025-06-25T18:44:47.446+0000] {settings.py:298} DEBUG - settings.prepare_engine_args(): Using NullPool
[2025-06-25T18:44:47.509+0000] {taskinstance.py:1042} DEBUG - previous_execution_date was called
[2025-06-25T18:44:47.519+0000] {taskinstance.py:1845} DEBUG - Clearing XCom data
[2025-06-25T18:44:47.533+0000] {retries.py:91} DEBUG - Running RenderedTaskInstanceFields.write with retries. Try 1 of 3
[2025-06-25T18:44:47.567+0000] {retries.py:91} DEBUG - Running RenderedTaskInstanceFields._do_delete_old_records with retries. Try 1 of 3
[2025-06-25T18:44:47.588+0000] {taskinstance.py:2648} INFO - Exporting env vars: AIRFLOW_CTX_DAG_OWNER='***' AIRFLOW_CTX_DAG_ID='axonrooter_weekly_retraining' AIRFLOW_CTX_TASK_ID='run_retraining_pipeline' AIRFLOW_CTX_EXECUTION_DATE='2025-06-25T18:32:09.279022+00:00' AIRFLOW_CTX_TRY_NUMBER='2' AIRFLOW_CTX_DAG_RUN_ID='manual__2025-06-25T18:32:09.279022+00:00'
[2025-06-25T18:44:47.589+0000] {__init__.py:119} DEBUG - Preparing lineage inlets and outlets
[2025-06-25T18:44:47.592+0000] {__init__.py:158} DEBUG - inlets: [], outlets: []
[2025-06-25T18:44:47.593+0000] {taskinstance.py:430} INFO - ::endgroup::
[2025-06-25T18:44:47.609+0000] {base.py:84} INFO - Using connection ID 'azure_ml_conn' for task execution.
[2025-06-25T18:44:47.738+0000] {authority.py:75} DEBUG - Initializing with Entra authority: https://login.microsoftonline.com/0a33589b-0036-4fe8-a829-3ed0926af886
[2025-06-25T18:44:47.740+0000] {_universal.py:511} INFO - Request URL: 'https://login.microsoftonline.com/0a33589b-0036-4fe8-a829-3ed0926af886/v2.0/.well-known/openid-configuration'
Request method: 'GET'
Request headers:
    'User-Agent': 'azsdk-python-identity/1.23.0 Python/3.10.14 (Linux-6.6.87.1-microsoft-standard-WSL2-x86_64-with-glibc2.36)'
No body was attached to the request
[2025-06-25T18:44:47.933+0000] {_universal.py:547} INFO - Response status: 200
Response headers:
    'Cache-Control': 'max-age=86400, private'
    'Content-Type': 'application/json; charset=utf-8'
    'Strict-Transport-Security': 'REDACTED'
    'X-Content-Type-Options': 'REDACTED'
    'Access-Control-Allow-Origin': 'REDACTED'
    'Access-Control-Allow-Methods': 'REDACTED'
    'P3P': 'REDACTED'
    'x-ms-request-id': 'fd782307-cf44-418c-afd0-e6a03f5b0d00'
    'x-ms-ests-server': 'REDACTED'
    'x-ms-srs': 'REDACTED'
    'Content-Security-Policy-Report-Only': 'REDACTED'
    'X-XSS-Protection': 'REDACTED'
    'Set-Cookie': 'REDACTED'
    'Date': 'Wed, 25 Jun 2025 18:44:47 GMT'
    'Content-Length': '1753'
[2025-06-25T18:44:47.942+0000] {authority.py:96} DEBUG - openid_config("https://login.microsoftonline.com/0a33589b-0036-4fe8-a829-3ed0926af886/v2.0/.well-known/openid-configuration") = {'token_endpoint': '***', 'token_endpoint_auth_methods_supported': ['***', '***', '***'], 'jwks_uri': 'https://login.microsoftonline.com/0a33589b-0036-4fe8-a829-3ed0926af886/discovery/v2.0/keys', 'response_modes_supported': ['query', 'fragment', 'form_post'], 'subject_types_supported': ['pairwise'], 'id_token_signing_alg_values_supported': ['***'], 'response_types_supported': ['code', 'id_token', 'code id_token', 'id_token token'], 'scopes_supported': ['openid', 'profile', 'email', 'offline_access'], 'issuer': 'https://login.microsoftonline.com/0a33589b-0036-4fe8-a829-3ed0926af886/v2.0', 'request_uri_parameter_supported': False, 'userinfo_endpoint': 'https://graph.microsoft.com/oidc/userinfo', 'authorization_endpoint': '***', 'device_authorization_endpoint': '***', 'http_logout_supported': True, 'frontchannel_logout_supported': True, 'end_session_endpoint': 'https://login.microsoftonline.com/0a33589b-0036-4fe8-a829-3ed0926af886/oauth2/v2.0/logout', 'claims_supported': ['sub', 'iss', 'cloud_instance_name', 'cloud_instance_host_name', 'cloud_graph_host_name', 'msgraph_host', 'aud', 'exp', 'iat', 'auth_time', 'acr', 'nonce', 'preferred_username', 'name', 'tid', 'ver', 'at_hash', 'c_hash', 'email'], 'kerberos_endpoint': 'https://login.microsoftonline.com/0a33589b-0036-4fe8-a829-3ed0926af886/kerberos', 'tenant_region_scope': 'EU', 'cloud_instance_name': 'microsoftonline.com', 'cloud_graph_host_name': 'graph.windows.net', 'msgraph_host': 'graph.microsoft.com', 'rbac_url': 'https://pas.windows.net'}
[2025-06-25T18:44:47.944+0000] {application.py:705} DEBUG - Broker enabled? None
[2025-06-25T18:44:47.947+0000] {application.py:755} DEBUG - Region to be used: None
[2025-06-25T18:44:47.967+0000] {telemetry.py:37} DEBUG - Generate or reuse correlation_id: 45370d9b-d039-4fdf-b569-24fa14c180bb
[2025-06-25T18:44:47.969+0000] {_universal.py:508} INFO - Request URL: 'https://login.microsoftonline.com/0a33589b-0036-4fe8-a829-3ed0926af886/oauth2/v2.0/token'
Request method: 'POST'
Request headers:
    'Accept': 'application/json'
    'x-client-sku': 'REDACTED'
    'x-client-ver': 'REDACTED'
    'x-client-os': 'REDACTED'
    'x-ms-lib-capability': 'REDACTED'
    'client-request-id': 'REDACTED'
    'x-client-current-telemetry': 'REDACTED'
    'x-client-last-telemetry': 'REDACTED'
    'User-Agent': 'azsdk-python-identity/1.23.0 Python/3.10.14 (Linux-6.6.87.1-microsoft-standard-WSL2-x86_64-with-glibc2.36)'
A body is sent with the request
[2025-06-25T18:44:48.122+0000] {_universal.py:547} INFO - Response status: 200
Response headers:
    'Cache-Control': 'no-store, no-cache'
    'Pragma': 'no-cache'
    'Content-Type': 'application/json; charset=utf-8'
    'Expires': '-1'
    'Strict-Transport-Security': 'REDACTED'
    'X-Content-Type-Options': 'REDACTED'
    'P3P': 'REDACTED'
    'client-request-id': 'REDACTED'
    'x-ms-request-id': 'd46509da-3484-4c9e-8d4a-7a1494665e00'
    'x-ms-ests-server': 'REDACTED'
    'x-ms-clitelem': 'REDACTED'
    'x-ms-srs': 'REDACTED'
    'Content-Security-Policy-Report-Only': 'REDACTED'
    'X-XSS-Protection': 'REDACTED'
    'Set-Cookie': 'REDACTED'
    'Date': 'Wed, 25 Jun 2025 18:44:47 GMT'
    'Content-Length': '1668'
[2025-06-25T18:44:48.124+0000] {token_cache.py:204} DEBUG - event={
    "client_id": "27157a5a-3927-4895-8478-9d4554697d25",
    "data": {
        "claims": null,
        "scope": [
            "https://management.azure.com/.default"
        ]
    },
    "environment": "login.microsoftonline.com",
    "grant_type": "client_credentials",
    "params": null,
    "response": {
        "access_token": "********",
        "expires_in": 86399,
        "ext_expires_in": 86399,
        "refresh_in": 43199,
        "token_type": "Bearer"
    },
    "scope": [
        "https://management.azure.com/.default"
    ],
    "token_endpoint": "https://login.microsoftonline.com/0a33589b-0036-4fe8-a829-3ed0926af886/oauth2/v2.0/token"
}
[2025-06-25T18:44:48.126+0000] {get_token_mixin.py:148} INFO - ClientSecretCredential.get_token_info succeeded
[2025-06-25T18:44:48.127+0000] {_universal.py:511} INFO - Request URL: 'https://management.azure.com/subscriptions/0a94de80-6d3b-49f2-b3e9-ec5818862801/resourceGroups/buas-y2/providers/Microsoft.MachineLearningServices/workspaces/CV9-2025/data?api-version=REDACTED&listViewType=REDACTED'
Request method: 'GET'
Request headers:
    'Accept': 'application/json'
    'x-ms-client-request-id': '781ad1ae-51f4-11f0-84e2-7622809da7b3'
    'User-Agent': 'azure-ai-ml/1.27.1 azsdk-python-mgmt-machinelearningservices/0.1.0 Python/3.10.14 (Linux-6.6.87.1-microsoft-standard-WSL2-x86_64-with-glibc2.36)'
    'Authorization': 'REDACTED'
No body was attached to the request
[2025-06-25T18:44:48.538+0000] {_universal.py:547} INFO - Response status: 200
Response headers:
    'Cache-Control': 'no-cache'
    'Pragma': 'no-cache'
    'Content-Length': '13837'
    'Content-Type': 'application/json; charset=utf-8'
    'Expires': '-1'
    'Vary': 'REDACTED'
    'x-ms-ratelimit-remaining-subscription-reads': '249'
    'x-ms-operation-identifier': 'REDACTED'
    'Request-Context': 'REDACTED'
    'x-ms-response-type': 'REDACTED'
    'Strict-Transport-Security': 'REDACTED'
    'X-Content-Type-Options': 'REDACTED'
    'azureml-served-by-cluster': 'REDACTED'
    'x-request-time': 'REDACTED'
    'x-ms-ratelimit-remaining-subscription-global-reads': 'REDACTED'
    'x-ms-request-id': '00ffd4a4-33d2-4cc8-915e-159cf8122ea5'
    'x-ms-correlation-request-id': 'REDACTED'
    'x-ms-routing-request-id': 'REDACTED'
    'X-Cache': 'REDACTED'
    'X-MSEdge-Ref': 'Ref A: FCF2365C59684C1E9F8EA461BDC76630 Ref B: AMS231032607039 Ref C: 2025-06-25T18:44:48Z'
    'Date': 'Wed, 25 Jun 2025 18:44:47 GMT'
[2025-06-25T18:44:48.550+0000] {logging_mixin.py:188} INFO - ✅ Using latest dataset: axonrooter_student_corrections_Endijs_20250625_162026 vNone
[2025-06-25T18:44:48.553+0000] {application.py:1553} DEBUG - Cache hit an AT
[2025-06-25T18:44:48.554+0000] {telemetry.py:37} DEBUG - Generate or reuse correlation_id: 555297a1-116f-4869-8e22-a1445f4de486
[2025-06-25T18:44:48.554+0000] {get_token_mixin.py:148} INFO - ClientSecretCredential.get_token_info succeeded
[2025-06-25T18:44:48.555+0000] {_universal.py:511} INFO - Request URL: 'https://management.azure.com/subscriptions/0a94de80-6d3b-49f2-b3e9-ec5818862801/resourceGroups/buas-y2/providers/Microsoft.MachineLearningServices/workspaces/CV9-2025/components/train2/versions/5?api-version=REDACTED'
Request method: 'GET'
Request headers:
    'Accept': 'application/json'
    'x-ms-client-request-id': '789734e2-51f4-11f0-84e2-7622809da7b3'
    'User-Agent': 'azure-ai-ml/1.27.1 azsdk-python-mgmt-machinelearningservices/0.1.0 Python/3.10.14 (Linux-6.6.87.1-microsoft-standard-WSL2-x86_64-with-glibc2.36)'
    'Authorization': 'REDACTED'
No body was attached to the request
[2025-06-25T18:44:49.055+0000] {_universal.py:547} INFO - Response status: 200
Response headers:
    'Cache-Control': 'no-cache'
    'Pragma': 'no-cache'
    'Content-Length': '1966'
    'Content-Type': 'application/json; charset=utf-8'
    'Expires': '-1'
    'Vary': 'REDACTED'
    'x-ms-ratelimit-remaining-subscription-reads': '249'
    'x-ms-operation-identifier': 'REDACTED'
    'Request-Context': 'REDACTED'
    'x-ms-response-type': 'REDACTED'
    'Strict-Transport-Security': 'REDACTED'
    'X-Content-Type-Options': 'REDACTED'
    'azureml-served-by-cluster': 'REDACTED'
    'x-request-time': 'REDACTED'
    'x-ms-ratelimit-remaining-subscription-global-reads': 'REDACTED'
    'x-ms-request-id': 'f280fc37-b751-4885-bdf8-a153b4b19d9a'
    'x-ms-correlation-request-id': 'REDACTED'
    'x-ms-routing-request-id': 'REDACTED'
    'X-Cache': 'REDACTED'
    'X-MSEdge-Ref': 'Ref A: 0BA368246A75451F95F9428AD6982D9F Ref B: AMS231032608033 Ref C: 2025-06-25T18:44:48Z'
    'Date': 'Wed, 25 Jun 2025 18:44:48 GMT'
[2025-06-25T18:44:49.081+0000] {_universal.py:511} INFO - Request URL: 'https://management.azure.com/subscriptions/0a94de80-6d3b-49f2-b3e9-ec5818862801/resourceGroups/buas-y2/providers/Microsoft.MachineLearningServices/workspaces/CV9-2025/components/evaluate2/versions/2?api-version=REDACTED'
Request method: 'GET'
Request headers:
    'Accept': 'application/json'
    'x-ms-client-request-id': '78e7d9e2-51f4-11f0-84e2-7622809da7b3'
    'User-Agent': 'azure-ai-ml/1.27.1 azsdk-python-mgmt-machinelearningservices/0.1.0 Python/3.10.14 (Linux-6.6.87.1-microsoft-standard-WSL2-x86_64-with-glibc2.36)'
    'Authorization': 'REDACTED'
No body was attached to the request
[2025-06-25T18:44:49.465+0000] {_universal.py:547} INFO - Response status: 200
Response headers:
    'Cache-Control': 'no-cache'
    'Pragma': 'no-cache'
    'Content-Length': '1957'
    'Content-Type': 'application/json; charset=utf-8'
    'Expires': '-1'
    'Vary': 'REDACTED'
    'x-ms-ratelimit-remaining-subscription-reads': '249'
    'x-ms-operation-identifier': 'REDACTED'
    'Request-Context': 'REDACTED'
    'x-ms-response-type': 'REDACTED'
    'Strict-Transport-Security': 'REDACTED'
    'X-Content-Type-Options': 'REDACTED'
    'azureml-served-by-cluster': 'REDACTED'
    'x-request-time': 'REDACTED'
    'x-ms-ratelimit-remaining-subscription-global-reads': 'REDACTED'
    'x-ms-request-id': '2d90e292-a733-44e3-89ea-ba68d43c818f'
    'x-ms-correlation-request-id': 'REDACTED'
    'x-ms-routing-request-id': 'REDACTED'
    'X-Cache': 'REDACTED'
    'X-MSEdge-Ref': 'Ref A: 36FF73AF9C6046B6AE58D4E175D216DE Ref B: AMS231032608033 Ref C: 2025-06-25T18:44:48Z'
    'Date': 'Wed, 25 Jun 2025 18:44:48 GMT'
[2025-06-25T18:44:49.471+0000] {_universal.py:511} INFO - Request URL: 'https://management.azure.com/subscriptions/0a94de80-6d3b-49f2-b3e9-ec5818862801/resourceGroups/buas-y2/providers/Microsoft.MachineLearningServices/workspaces/CV9-2025/components/register2/versions/1?api-version=REDACTED'
Request method: 'GET'
Request headers:
    'Accept': 'application/json'
    'x-ms-client-request-id': '79235bd4-51f4-11f0-84e2-7622809da7b3'
    'User-Agent': 'azure-ai-ml/1.27.1 azsdk-python-mgmt-machinelearningservices/0.1.0 Python/3.10.14 (Linux-6.6.87.1-microsoft-standard-WSL2-x86_64-with-glibc2.36)'
    'Authorization': 'REDACTED'
No body was attached to the request
[2025-06-25T18:44:49.715+0000] {_universal.py:547} INFO - Response status: 200
Response headers:
    'Cache-Control': 'no-cache'
    'Pragma': 'no-cache'
    'Content-Length': '1827'
    'Content-Type': 'application/json; charset=utf-8'
    'Expires': '-1'
    'Vary': 'REDACTED'
    'x-ms-ratelimit-remaining-subscription-reads': '249'
    'x-ms-operation-identifier': 'REDACTED'
    'Request-Context': 'REDACTED'
    'x-ms-response-type': 'REDACTED'
    'Strict-Transport-Security': 'REDACTED'
    'X-Content-Type-Options': 'REDACTED'
    'azureml-served-by-cluster': 'REDACTED'
    'x-request-time': 'REDACTED'
    'x-ms-ratelimit-remaining-subscription-global-reads': 'REDACTED'
    'x-ms-request-id': 'a50e1896-bac8-42b9-bc18-1b682ab6caa2'
    'x-ms-correlation-request-id': 'REDACTED'
    'x-ms-routing-request-id': 'REDACTED'
    'X-Cache': 'REDACTED'
    'X-MSEdge-Ref': 'Ref A: E55C405A458640659452FC598F9A51B6 Ref B: AMS231032608033 Ref C: 2025-06-25T18:44:49Z'
    'Date': 'Wed, 25 Jun 2025 18:44:49 GMT'
[2025-06-25T18:44:49.721+0000] {application.py:1553} DEBUG - Cache hit an AT
[2025-06-25T18:44:49.722+0000] {telemetry.py:37} DEBUG - Generate or reuse correlation_id: d14eeeec-4522-42c8-8267-2be5e075afff
[2025-06-25T18:44:49.722+0000] {get_token_mixin.py:148} INFO - ClientSecretCredential.get_token_info succeeded
[2025-06-25T18:44:49.723+0000] {_universal.py:511} INFO - Request URL: 'https://management.azure.com/subscriptions/0a94de80-6d3b-49f2-b3e9-ec5818862801/resourceGroups/buas-y2/providers/Microsoft.MachineLearningServices/workspaces/CV9-2025/models/axonrooter-finetuned/versions/8?api-version=REDACTED'
Request method: 'GET'
Request headers:
    'Accept': 'application/json'
    'x-ms-client-request-id': '79496720-51f4-11f0-84e2-7622809da7b3'
    'User-Agent': 'azure-ai-ml/1.27.1 azsdk-python-mgmt-machinelearningservices/0.1.0 Python/3.10.14 (Linux-6.6.87.1-microsoft-standard-WSL2-x86_64-with-glibc2.36)'
    'Authorization': 'REDACTED'
No body was attached to the request
[2025-06-25T18:44:50.011+0000] {_universal.py:547} INFO - Response status: 200
Response headers:
    'Cache-Control': 'no-cache'
    'Pragma': 'no-cache'
    'Content-Length': '1214'
    'Content-Type': 'application/json; charset=utf-8'
    'Expires': '-1'
    'Vary': 'REDACTED'
    'x-ms-ratelimit-remaining-subscription-reads': '249'
    'x-ms-operation-identifier': 'REDACTED'
    'Request-Context': 'REDACTED'
    'x-ms-response-type': 'REDACTED'
    'Strict-Transport-Security': 'REDACTED'
    'X-Content-Type-Options': 'REDACTED'
    'azureml-served-by-cluster': 'REDACTED'
    'x-request-time': 'REDACTED'
    'x-ms-ratelimit-remaining-subscription-global-reads': 'REDACTED'
    'x-ms-request-id': '349efc0f-2e14-43ce-a010-ac4eb846f751'
    'x-ms-correlation-request-id': 'REDACTED'
    'x-ms-routing-request-id': 'REDACTED'
    'X-Cache': 'REDACTED'
    'X-MSEdge-Ref': 'Ref A: 8205563B6FF24C6A9B9D9ADEA2053E65 Ref B: AMS231020512027 Ref C: 2025-06-25T18:44:49Z'
    'Date': 'Wed, 25 Jun 2025 18:44:49 GMT'
[2025-06-25T18:44:51.082+0000] {log.py:232} WARNING - Class AutoDeleteSettingSchema: This is an experimental class, and may change at any time. Please see https://aka.ms/azuremlexperimental for more information.
[2025-06-25T18:44:51.093+0000] {log.py:232} WARNING - Class AutoDeleteConditionSchema: This is an experimental class, and may change at any time. Please see https://aka.ms/azuremlexperimental for more information.
[2025-06-25T18:44:51.105+0000] {log.py:232} WARNING - Class BaseAutoDeleteSettingSchema: This is an experimental class, and may change at any time. Please see https://aka.ms/azuremlexperimental for more information.
[2025-06-25T18:44:51.120+0000] {log.py:232} WARNING - Class IntellectualPropertySchema: This is an experimental class, and may change at any time. Please see https://aka.ms/azuremlexperimental for more information.
[2025-06-25T18:44:51.131+0000] {log.py:232} WARNING - Class ProtectionLevelSchema: This is an experimental class, and may change at any time. Please see https://aka.ms/azuremlexperimental for more information.
[2025-06-25T18:44:51.142+0000] {log.py:232} WARNING - Class BaseIntellectualPropertySchema: This is an experimental class, and may change at any time. Please see https://aka.ms/azuremlexperimental for more information.
[2025-06-25T18:44:51.151+0000] {_attr_dict.py:109} DEBUG - getting schema_ignored
[2025-06-25T18:44:51.153+0000] {_attr_dict.py:122} DEBUG - setting schema_ignored to {}
[2025-06-25T18:44:51.158+0000] {_attr_dict.py:109} DEBUG - getting schema_ignored
[2025-06-25T18:44:51.158+0000] {_attr_dict.py:122} DEBUG - setting schema_ignored to {}
[2025-06-25T18:44:51.160+0000] {_attr_dict.py:109} DEBUG - getting schema_ignored
[2025-06-25T18:44:51.161+0000] {_attr_dict.py:122} DEBUG - setting schema_ignored to {}
[2025-06-25T18:44:51.201+0000] {_attr_dict.py:109} DEBUG - getting schema_ignored
[2025-06-25T18:44:51.202+0000] {_attr_dict.py:122} DEBUG - setting schema_ignored to {}
[2025-06-25T18:44:51.228+0000] {_attr_dict.py:109} DEBUG - getting schema_ignored
[2025-06-25T18:44:51.229+0000] {_attr_dict.py:122} DEBUG - setting schema_ignored to {}
[2025-06-25T18:44:51.248+0000] {_attr_dict.py:109} DEBUG - getting schema_ignored
[2025-06-25T18:44:51.250+0000] {_attr_dict.py:122} DEBUG - setting schema_ignored to {}
[2025-06-25T18:44:51.264+0000] {_universal.py:511} INFO - Request URL: 'https://management.azure.com/subscriptions/0a94de80-6d3b-49f2-b3e9-ec5818862801/resourceGroups/buas-y2/providers/Microsoft.MachineLearningServices/workspaces/CV9-2025/computes/adsai-lambda-2?api-version=REDACTED'
Request method: 'GET'
Request headers:
    'Accept': 'application/json'
    'x-ms-client-request-id': '7a34eec0-51f4-11f0-84e2-7622809da7b3'
    'User-Agent': 'azure-ai-ml/1.27.1 azsdk-python-mgmt-machinelearningservices/0.1.0 Python/3.10.14 (Linux-6.6.87.1-microsoft-standard-WSL2-x86_64-with-glibc2.36)'
    'Authorization': 'REDACTED'
No body was attached to the request
[2025-06-25T18:44:51.805+0000] {_universal.py:547} INFO - Response status: 200
Response headers:
    'Cache-Control': 'no-cache'
    'Pragma': 'no-cache'
    'Content-Length': '2753'
    'Content-Type': 'application/json; charset=utf-8'
    'Expires': '-1'
    'Vary': 'REDACTED'
    'x-ms-ratelimit-remaining-subscription-reads': '249'
    'x-ms-operation-identifier': 'REDACTED'
    'Request-Context': 'REDACTED'
    'x-ms-response-type': 'REDACTED'
    'Strict-Transport-Security': 'REDACTED'
    'X-Content-Type-Options': 'REDACTED'
    'azureml-served-by-cluster': 'REDACTED'
    'x-request-time': 'REDACTED'
    'x-ms-ratelimit-remaining-subscription-global-reads': 'REDACTED'
    'x-ms-request-id': '75ac44f6-2a3f-4b42-aeda-1f4bd70fea77'
    'x-ms-correlation-request-id': 'REDACTED'
    'x-ms-routing-request-id': 'REDACTED'
    'X-Cache': 'REDACTED'
    'X-MSEdge-Ref': 'Ref A: C60735435D414E0B99FB9D3FD9F14EA3 Ref B: AMS231020512027 Ref C: 2025-06-25T18:44:51Z'
    'Date': 'Wed, 25 Jun 2025 18:44:51 GMT'
[2025-06-25T18:44:51.812+0000] {taskinstance.py:441} INFO - ::group::Post task execution logs
[2025-06-25T18:44:51.813+0000] {taskinstance.py:2905} ERROR - Task failed with exception
Traceback (most recent call last):
  File "/home/airflow/.local/lib/python3.10/site-packages/azure/ai/ml/operations/_job_operations.py", line 680, in create_or_update
    self._resolve_arm_id_or_upload_dependencies(job)
  File "/home/airflow/.local/lib/python3.10/site-packages/azure/ai/ml/operations/_job_operations.py", line 1137, in _resolve_arm_id_or_upload_dependencies
    self._resolve_arm_id_or_azureml_id(job, self._orchestrators.get_asset_arm_id)
  File "/home/airflow/.local/lib/python3.10/site-packages/azure/ai/ml/operations/_job_operations.py", line 1428, in _resolve_arm_id_or_azureml_id
    job = self._resolve_arm_id_for_pipeline_job(job, resolver)
  File "/home/airflow/.local/lib/python3.10/site-packages/azure/ai/ml/operations/_job_operations.py", line 1617, in _resolve_arm_id_for_pipeline_job
    self._component_operations._resolve_dependencies_for_pipeline_component_jobs(
  File "/home/airflow/.local/lib/python3.10/site-packages/azure/ai/ml/operations/_component_operations.py", line 1152, in _resolve_dependencies_for_pipeline_component_jobs
    self._resolve_inputs_for_pipeline_component_jobs(component.jobs, component._base_path)
  File "/home/airflow/.local/lib/python3.10/site-packages/azure/ai/ml/operations/_component_operations.py", line 903, in _resolve_inputs_for_pipeline_component_jobs
    self._job_operations._resolve_job_inputs(
  File "/home/airflow/.local/lib/python3.10/site-packages/azure/ai/ml/operations/_job_operations.py", line 1255, in _resolve_job_inputs
    self._resolve_job_input(entry, base_path)
  File "/home/airflow/.local/lib/python3.10/site-packages/azure/ai/ml/operations/_job_operations.py", line 1295, in _resolve_job_input
    raise ValidationException(
azure.ai.ml.exceptions.ValidationException: Input path can't be empty for jobs.

During handling of the above exception, another exception occurred:

Traceback (most recent call last):
  File "/home/airflow/.local/lib/python3.10/site-packages/airflow/models/taskinstance.py", line 465, in _execute_task
    result = _execute_callable(context=context, **execute_callable_kwargs)
  File "/home/airflow/.local/lib/python3.10/site-packages/airflow/models/taskinstance.py", line 432, in _execute_callable
    return execute_callable(context=context, **execute_callable_kwargs)
  File "/home/airflow/.local/lib/python3.10/site-packages/airflow/models/baseoperator.py", line 400, in wrapper
    return func(self, *args, **kwargs)
  File "/home/airflow/.local/lib/python3.10/site-packages/airflow/operators/python.py", line 235, in execute
    return_value = self.execute_callable()
  File "/home/airflow/.local/lib/python3.10/site-packages/airflow/operators/python.py", line 252, in execute_callable
    return self.python_callable(*self.op_args, **self.op_kwargs)
  File "/opt/airflow/dags/retrain_dag.py", line 80, in run_pipeline
    job = ml_client.jobs.create_or_update(pipeline_job, experiment_name="axonrooter_weekly_retrain")
  File "/home/airflow/.local/lib/python3.10/site-packages/azure/core/tracing/decorator.py", line 119, in wrapper_use_tracer
    return func(*args, **kwargs)
  File "/home/airflow/.local/lib/python3.10/site-packages/azure/ai/ml/_telemetry/activity.py", line 371, in wrapper
    return_value = f(*args, **kwargs)
  File "/home/airflow/.local/lib/python3.10/site-packages/azure/ai/ml/operations/_job_operations.py", line 682, in create_or_update
    log_and_raise_error(ex)
  File "/home/airflow/.local/lib/python3.10/site-packages/azure/ai/ml/_exception_helper.py", line 337, in log_and_raise_error
    raise MlException(message=formatted_error, no_personal_data_message=formatted_error)
azure.ai.ml.exceptions.MlException: 
[37m
[30m
1) At least one required parameter is missing[39m[39m

Details: 

[31m(x) Input path can't be empty for jobs.[39m

Resolutions: 
1) Ensure all parameters required by the Job schema are specified.
If using the CLI, you can also check the full log in debug mode for more details by adding --debug to the end of your command

Additional Resources: The easiest way to author a yaml specification file is using IntelliSense and auto-completion Azure ML VS code extension provides: [36mhttps://code.visualstudio.com/docs/datascience/azure-machine-learning.[39m To set up VS Code, visit [36mhttps://learn.microsoft.com/azure/machine-learning/how-to-setup-vs-code[39m

[2025-06-25T18:44:51.830+0000] {taskinstance.py:562} DEBUG - Task Duration set to 4.54987
[2025-06-25T18:44:51.831+0000] {taskinstance.py:584} DEBUG - Clearing next_method and next_kwargs.
[2025-06-25T18:44:51.832+0000] {taskinstance.py:1206} INFO - Marking task as FAILED. dag_id=axonrooter_weekly_retraining, task_id=run_retraining_pipeline, run_id=manual__2025-06-25T18:32:09.279022+00:00, execution_date=20250625T183209, start_date=20250625T184447, end_date=20250625T184451
[2025-06-25T18:44:51.852+0000] {cli_action_loggers.py:88} DEBUG - Calling callbacks: []
[2025-06-25T18:44:51.853+0000] {standard_task_runner.py:110} ERROR - Failed to execute job 139 for task run_retraining_pipeline (
[37m
[30m
1) At least one required parameter is missing[39m[39m

Details: 

[31m(x) Input path can't be empty for jobs.[39m

Resolutions: 
1) Ensure all parameters required by the Job schema are specified.
If using the CLI, you can also check the full log in debug mode for more details by adding --debug to the end of your command

Additional Resources: The easiest way to author a yaml specification file is using IntelliSense and auto-completion Azure ML VS code extension provides: [36mhttps://code.visualstudio.com/docs/datascience/azure-machine-learning.[39m To set up VS Code, visit [36mhttps://learn.microsoft.com/azure/machine-learning/how-to-setup-vs-code[39m
; 200)
[2025-06-25T18:44:51.924+0000] {local_task_job_runner.py:240} INFO - Task exited with return code 1
[2025-06-25T18:44:51.950+0000] {dagrun.py:932} DEBUG - number of tis tasks for <DagRun axonrooter_weekly_retraining @ 2025-06-25 18:32:09.279022+00:00: manual__2025-06-25T18:32:09.279022+00:00, state:running, queued_at: 2025-06-25 18:32:09.420509+00:00. externally triggered: True>: 0 task(s)
[2025-06-25T18:44:51.951+0000] {taskinstance.py:3498} INFO - 0 downstream tasks scheduled from follow-on schedule check
[2025-06-25T18:44:51.954+0000] {local_task_job_runner.py:222} INFO - ::endgroup::
