[2025-06-26T22:33:45.696+0000] {taskinstance.py:1042} DEBUG - previous_execution_date was called
[2025-06-26T22:33:45.748+0000] {__init__.py:54} DEBUG - Loading core task runner: StandardTaskRunner
[2025-06-26T22:33:45.773+0000] {taskinstance.py:1042} DEBUG - previous_execution_date was called
[2025-06-26T22:33:45.784+0000] {base_task_runner.py:73} DEBUG - Planning to run as the  user
[2025-06-26T22:33:45.790+0000] {local_task_job_runner.py:120} INFO - ::group::Pre task execution logs
[2025-06-26T22:33:45.814+0000] {taskinstance.py:2088} DEBUG - <TaskInstance: axonrooter_weekly_retraining.run_retraining_pipeline manual__2025-06-26T22:33:35.637954+00:00 [queued]> dependency 'Not In Retry Period' PASSED: True, The task instance was not marked for retrying.
[2025-06-26T22:33:45.815+0000] {taskinstance.py:2088} DEBUG - <TaskInstance: axonrooter_weekly_retraining.run_retraining_pipeline manual__2025-06-26T22:33:35.637954+00:00 [queued]> dependency 'Task Instance Not Running' PASSED: True, Task is not in running state.
[2025-06-26T22:33:45.824+0000] {taskinstance.py:2088} DEBUG - <TaskInstance: axonrooter_weekly_retraining.run_retraining_pipeline manual__2025-06-26T22:33:35.637954+00:00 [queued]> dependency 'Trigger Rule' PASSED: True, The task instance did not have any upstream tasks.
[2025-06-26T22:33:45.826+0000] {taskinstance.py:2088} DEBUG - <TaskInstance: axonrooter_weekly_retraining.run_retraining_pipeline manual__2025-06-26T22:33:35.637954+00:00 [queued]> dependency 'Previous Dagrun State' PASSED: True, The task did not have depends_on_past set.
[2025-06-26T22:33:45.827+0000] {taskinstance.py:2088} DEBUG - <TaskInstance: axonrooter_weekly_retraining.run_retraining_pipeline manual__2025-06-26T22:33:35.637954+00:00 [queued]> dependency 'Task Instance State' PASSED: True, Task state queued was valid.
[2025-06-26T22:33:45.829+0000] {taskinstance.py:2076} INFO - Dependencies all met for dep_context=non-requeueable deps ti=<TaskInstance: axonrooter_weekly_retraining.run_retraining_pipeline manual__2025-06-26T22:33:35.637954+00:00 [queued]>
[2025-06-26T22:33:45.838+0000] {taskinstance.py:2088} DEBUG - <TaskInstance: axonrooter_weekly_retraining.run_retraining_pipeline manual__2025-06-26T22:33:35.637954+00:00 [queued]> dependency 'Pool Slots Available' PASSED: True, There are enough open slots in default_pool to execute the task
[2025-06-26T22:33:45.839+0000] {taskinstance.py:2088} DEBUG - <TaskInstance: axonrooter_weekly_retraining.run_retraining_pipeline manual__2025-06-26T22:33:35.637954+00:00 [queued]> dependency 'Task Concurrency' PASSED: True, Task concurrency is not set.
[2025-06-26T22:33:45.842+0000] {taskinstance.py:2088} DEBUG - <TaskInstance: axonrooter_weekly_retraining.run_retraining_pipeline manual__2025-06-26T22:33:35.637954+00:00 [queued]> dependency 'Trigger Rule' PASSED: True, The task instance did not have any upstream tasks.
[2025-06-26T22:33:45.842+0000] {taskinstance.py:2088} DEBUG - <TaskInstance: axonrooter_weekly_retraining.run_retraining_pipeline manual__2025-06-26T22:33:35.637954+00:00 [queued]> dependency 'Previous Dagrun State' PASSED: True, The task did not have depends_on_past set.
[2025-06-26T22:33:45.843+0000] {taskinstance.py:2088} DEBUG - <TaskInstance: axonrooter_weekly_retraining.run_retraining_pipeline manual__2025-06-26T22:33:35.637954+00:00 [queued]> dependency 'Not In Retry Period' PASSED: True, The task instance was not marked for retrying.
[2025-06-26T22:33:45.844+0000] {taskinstance.py:2076} INFO - Dependencies all met for dep_context=requeueable deps ti=<TaskInstance: axonrooter_weekly_retraining.run_retraining_pipeline manual__2025-06-26T22:33:35.637954+00:00 [queued]>
[2025-06-26T22:33:45.844+0000] {taskinstance.py:2306} INFO - Starting attempt 1 of 2
[2025-06-26T22:33:45.862+0000] {taskinstance.py:2330} INFO - Executing <Task(PythonOperator): run_retraining_pipeline> on 2025-06-26 22:33:35.637954+00:00
[2025-06-26T22:33:45.882+0000] {standard_task_runner.py:63} INFO - Started process 74 to run task
[2025-06-26T22:33:45.889+0000] {standard_task_runner.py:90} INFO - Running: ['***', 'tasks', 'run', 'axonrooter_weekly_retraining', 'run_retraining_pipeline', 'manual__2025-06-26T22:33:35.637954+00:00', '--job-id', '26', '--raw', '--subdir', 'DAGS_FOLDER/retrain_og_dag.py', '--cfg-path', '/tmp/tmp39njk2qr']
[2025-06-26T22:33:45.896+0000] {standard_task_runner.py:91} INFO - Job 26: Subtask run_retraining_pipeline
[2025-06-26T22:33:45.897+0000] {cli_action_loggers.py:70} DEBUG - Calling callbacks: [<function default_action_log at 0x7d08ca520ca0>]
[2025-06-26T22:33:45.969+0000] {taskinstance.py:1042} DEBUG - previous_execution_date was called
[2025-06-26T22:33:45.983+0000] {task_command.py:426} INFO - Running <TaskInstance: axonrooter_weekly_retraining.run_retraining_pipeline manual__2025-06-26T22:33:35.637954+00:00 [running]> on host a0c5969eb7a0
[2025-06-26T22:33:45.984+0000] {settings.py:363} DEBUG - Disposing DB connection pool (PID 74)
[2025-06-26T22:33:45.985+0000] {settings.py:250} DEBUG - Setting up DB connection pool (PID 74)
[2025-06-26T22:33:45.986+0000] {settings.py:298} DEBUG - settings.prepare_engine_args(): Using NullPool
[2025-06-26T22:33:46.049+0000] {taskinstance.py:1042} DEBUG - previous_execution_date was called
[2025-06-26T22:33:46.059+0000] {taskinstance.py:1845} DEBUG - Clearing XCom data
[2025-06-26T22:33:46.074+0000] {retries.py:91} DEBUG - Running RenderedTaskInstanceFields.write with retries. Try 1 of 3
[2025-06-26T22:33:46.111+0000] {retries.py:91} DEBUG - Running RenderedTaskInstanceFields._do_delete_old_records with retries. Try 1 of 3
[2025-06-26T22:33:46.131+0000] {taskinstance.py:2648} INFO - Exporting env vars: AIRFLOW_CTX_DAG_OWNER='***' AIRFLOW_CTX_DAG_ID='axonrooter_weekly_retraining' AIRFLOW_CTX_TASK_ID='run_retraining_pipeline' AIRFLOW_CTX_EXECUTION_DATE='2025-06-26T22:33:35.637954+00:00' AIRFLOW_CTX_TRY_NUMBER='1' AIRFLOW_CTX_DAG_RUN_ID='manual__2025-06-26T22:33:35.637954+00:00'
[2025-06-26T22:33:46.133+0000] {__init__.py:119} DEBUG - Preparing lineage inlets and outlets
[2025-06-26T22:33:46.135+0000] {__init__.py:158} DEBUG - inlets: [], outlets: []
[2025-06-26T22:33:46.136+0000] {taskinstance.py:430} INFO - ::endgroup::
[2025-06-26T22:33:46.154+0000] {base.py:84} INFO - Using connection ID 'azure_ml_conn' for task execution.
[2025-06-26T22:33:46.288+0000] {authority.py:75} DEBUG - Initializing with Entra authority: https://login.microsoftonline.com/0a33589b-0036-4fe8-a829-3ed0926af886
[2025-06-26T22:33:46.290+0000] {_universal.py:511} INFO - Request URL: 'https://login.microsoftonline.com/0a33589b-0036-4fe8-a829-3ed0926af886/v2.0/.well-known/openid-configuration'
Request method: 'GET'
Request headers:
    'User-Agent': 'azsdk-python-identity/1.23.0 Python/3.10.14 (Linux-6.6.87.1-microsoft-standard-WSL2-x86_64-with-glibc2.36)'
No body was attached to the request
[2025-06-26T22:33:46.881+0000] {_universal.py:547} INFO - Response status: 200
Response headers:
    'Cache-Control': 'max-age=86400, private'
    'Content-Type': 'application/json; charset=utf-8'
    'Strict-Transport-Security': 'REDACTED'
    'X-Content-Type-Options': 'REDACTED'
    'Access-Control-Allow-Origin': 'REDACTED'
    'Access-Control-Allow-Methods': 'REDACTED'
    'P3P': 'REDACTED'
    'x-ms-request-id': 'dac70079-7985-4ce3-885e-41f282588600'
    'x-ms-ests-server': 'REDACTED'
    'x-ms-srs': 'REDACTED'
    'Content-Security-Policy-Report-Only': 'REDACTED'
    'X-XSS-Protection': 'REDACTED'
    'Set-Cookie': 'REDACTED'
    'Date': 'Thu, 26 Jun 2025 22:33:45 GMT'
    'Content-Length': '1753'
[2025-06-26T22:33:46.886+0000] {authority.py:96} DEBUG - openid_config("https://login.microsoftonline.com/0a33589b-0036-4fe8-a829-3ed0926af886/v2.0/.well-known/openid-configuration") = {'token_endpoint': '***', 'token_endpoint_auth_methods_supported': ['***', '***', '***'], 'jwks_uri': 'https://login.microsoftonline.com/0a33589b-0036-4fe8-a829-3ed0926af886/discovery/v2.0/keys', 'response_modes_supported': ['query', 'fragment', 'form_post'], 'subject_types_supported': ['pairwise'], 'id_token_signing_alg_values_supported': ['***'], 'response_types_supported': ['code', 'id_token', 'code id_token', 'id_token token'], 'scopes_supported': ['openid', 'profile', 'email', 'offline_access'], 'issuer': 'https://login.microsoftonline.com/0a33589b-0036-4fe8-a829-3ed0926af886/v2.0', 'request_uri_parameter_supported': False, 'userinfo_endpoint': 'https://graph.microsoft.com/oidc/userinfo', 'authorization_endpoint': '***', 'device_authorization_endpoint': '***', 'http_logout_supported': True, 'frontchannel_logout_supported': True, 'end_session_endpoint': 'https://login.microsoftonline.com/0a33589b-0036-4fe8-a829-3ed0926af886/oauth2/v2.0/logout', 'claims_supported': ['sub', 'iss', 'cloud_instance_name', 'cloud_instance_host_name', 'cloud_graph_host_name', 'msgraph_host', 'aud', 'exp', 'iat', 'auth_time', 'acr', 'nonce', 'preferred_username', 'name', 'tid', 'ver', 'at_hash', 'c_hash', 'email'], 'kerberos_endpoint': 'https://login.microsoftonline.com/0a33589b-0036-4fe8-a829-3ed0926af886/kerberos', 'tenant_region_scope': 'EU', 'cloud_instance_name': 'microsoftonline.com', 'cloud_graph_host_name': 'graph.windows.net', 'msgraph_host': 'graph.microsoft.com', 'rbac_url': 'https://pas.windows.net'}
[2025-06-26T22:33:46.888+0000] {application.py:705} DEBUG - Broker enabled? None
[2025-06-26T22:33:46.889+0000] {application.py:755} DEBUG - Region to be used: None
[2025-06-26T22:33:46.919+0000] {telemetry.py:37} DEBUG - Generate or reuse correlation_id: 1c5ae04e-7ab8-43d5-9277-22a8ab10ffe3
[2025-06-26T22:33:46.921+0000] {_universal.py:508} INFO - Request URL: 'https://login.microsoftonline.com/0a33589b-0036-4fe8-a829-3ed0926af886/oauth2/v2.0/token'
Request method: 'POST'
Request headers:
    'Accept': 'application/json'
    'x-client-sku': 'REDACTED'
    'x-client-ver': 'REDACTED'
    'x-client-os': 'REDACTED'
    'x-ms-lib-capability': 'REDACTED'
    'client-request-id': 'REDACTED'
    'x-client-current-telemetry': 'REDACTED'
    'x-client-last-telemetry': 'REDACTED'
    'User-Agent': 'azsdk-python-identity/1.23.0 Python/3.10.14 (Linux-6.6.87.1-microsoft-standard-WSL2-x86_64-with-glibc2.36)'
A body is sent with the request
[2025-06-26T22:33:47.042+0000] {_universal.py:547} INFO - Response status: 200
Response headers:
    'Cache-Control': 'no-store, no-cache'
    'Pragma': 'no-cache'
    'Content-Type': 'application/json; charset=utf-8'
    'Expires': '-1'
    'Strict-Transport-Security': 'REDACTED'
    'X-Content-Type-Options': 'REDACTED'
    'P3P': 'REDACTED'
    'client-request-id': 'REDACTED'
    'x-ms-request-id': 'cdb3de81-acb8-48b7-b8d3-c8bf24223600'
    'x-ms-ests-server': 'REDACTED'
    'x-ms-clitelem': 'REDACTED'
    'x-ms-srs': 'REDACTED'
    'Content-Security-Policy-Report-Only': 'REDACTED'
    'X-XSS-Protection': 'REDACTED'
    'Set-Cookie': 'REDACTED'
    'Date': 'Thu, 26 Jun 2025 22:33:45 GMT'
    'Content-Length': '1668'
[2025-06-26T22:33:47.044+0000] {token_cache.py:204} DEBUG - event={
    "client_id": "27157a5a-3927-4895-8478-9d4554697d25",
    "data": {
        "claims": null,
        "scope": [
            "https://management.azure.com/.default"
        ]
    },
    "environment": "login.microsoftonline.com",
    "grant_type": "client_credentials",
    "params": null,
    "response": {
        "access_token": "********",
        "expires_in": 86399,
        "ext_expires_in": 86399,
        "refresh_in": 43199,
        "token_type": "Bearer"
    },
    "scope": [
        "https://management.azure.com/.default"
    ],
    "token_endpoint": "https://login.microsoftonline.com/0a33589b-0036-4fe8-a829-3ed0926af886/oauth2/v2.0/token"
}
[2025-06-26T22:33:47.044+0000] {get_token_mixin.py:148} INFO - ClientSecretCredential.get_token_info succeeded
[2025-06-26T22:33:47.046+0000] {_universal.py:511} INFO - Request URL: 'https://management.azure.com/subscriptions/0a94de80-6d3b-49f2-b3e9-ec5818862801/resourceGroups/buas-y2/providers/Microsoft.MachineLearningServices/workspaces/CV9-2025/data/axonrooter_student_corrections_student_20250626_205400?api-version=REDACTED'
Request method: 'GET'
Request headers:
    'Accept': 'application/json'
    'x-ms-client-request-id': '9f54e6f8-52dd-11f0-9f87-22676b4511cb'
    'User-Agent': 'azure-ai-ml/1.27.1 azsdk-python-mgmt-machinelearningservices/0.1.0 Python/3.10.14 (Linux-6.6.87.1-microsoft-standard-WSL2-x86_64-with-glibc2.36)'
    'Authorization': 'REDACTED'
No body was attached to the request
[2025-06-26T22:33:47.758+0000] {_universal.py:547} INFO - Response status: 200
Response headers:
    'Cache-Control': 'no-cache'
    'Pragma': 'no-cache'
    'Content-Length': '765'
    'Content-Type': 'application/json; charset=utf-8'
    'Expires': '-1'
    'Vary': 'REDACTED'
    'x-ms-ratelimit-remaining-subscription-reads': '249'
    'x-ms-operation-identifier': 'REDACTED'
    'Request-Context': 'REDACTED'
    'x-ms-response-type': 'REDACTED'
    'Strict-Transport-Security': 'REDACTED'
    'X-Content-Type-Options': 'REDACTED'
    'azureml-served-by-cluster': 'REDACTED'
    'x-request-time': 'REDACTED'
    'x-ms-ratelimit-remaining-subscription-global-reads': 'REDACTED'
    'x-ms-request-id': '3f7abc9f-61e3-45c1-9d9f-70429ad2ebc5'
    'x-ms-correlation-request-id': 'REDACTED'
    'x-ms-routing-request-id': 'REDACTED'
    'X-Cache': 'REDACTED'
    'X-MSEdge-Ref': 'Ref A: E4D3315B62D846D9A37293FD7AE85CA6 Ref B: AMS231020614039 Ref C: 2025-06-26T22:33:46Z'
    'Date': 'Thu, 26 Jun 2025 22:33:46 GMT'
[2025-06-26T22:33:47.767+0000] {_universal.py:511} INFO - Request URL: 'https://management.azure.com/subscriptions/0a94de80-6d3b-49f2-b3e9-ec5818862801/resourceGroups/buas-y2/providers/Microsoft.MachineLearningServices/workspaces/CV9-2025/data/axonrooter_student_corrections_student_20250626_205400/versions/1?api-version=REDACTED'
Request method: 'GET'
Request headers:
    'Accept': 'application/json'
    'x-ms-client-request-id': 'a03693fa-52dd-11f0-9f87-22676b4511cb'
    'User-Agent': 'azure-ai-ml/1.27.1 azsdk-python-mgmt-machinelearningservices/0.1.0 Python/3.10.14 (Linux-6.6.87.1-microsoft-standard-WSL2-x86_64-with-glibc2.36)'
    'Authorization': 'REDACTED'
No body was attached to the request
[2025-06-26T22:33:48.063+0000] {_universal.py:547} INFO - Response status: 200
Response headers:
    'Cache-Control': 'no-cache'
    'Pragma': 'no-cache'
    'Content-Length': '1108'
    'Content-Type': 'application/json; charset=utf-8'
    'Expires': '-1'
    'Vary': 'REDACTED'
    'x-ms-ratelimit-remaining-subscription-reads': '249'
    'x-ms-operation-identifier': 'REDACTED'
    'Request-Context': 'REDACTED'
    'x-ms-response-type': 'REDACTED'
    'Strict-Transport-Security': 'REDACTED'
    'X-Content-Type-Options': 'REDACTED'
    'azureml-served-by-cluster': 'REDACTED'
    'x-request-time': 'REDACTED'
    'x-ms-ratelimit-remaining-subscription-global-reads': 'REDACTED'
    'x-ms-request-id': '89253378-d4ed-4492-ba47-dbe8b430b0e5'
    'x-ms-correlation-request-id': 'REDACTED'
    'x-ms-routing-request-id': 'REDACTED'
    'X-Cache': 'REDACTED'
    'X-MSEdge-Ref': 'Ref A: AC446702267E4BB88E9B3A8345A4DB31 Ref B: AMS231020614039 Ref C: 2025-06-26T22:33:46Z'
    'Date': 'Thu, 26 Jun 2025 22:33:46 GMT'
[2025-06-26T22:33:48.070+0000] {application.py:1553} DEBUG - Cache hit an AT
[2025-06-26T22:33:48.072+0000] {telemetry.py:37} DEBUG - Generate or reuse correlation_id: 92be5633-e2f4-4e8f-bd87-96c573087b98
[2025-06-26T22:33:48.073+0000] {get_token_mixin.py:148} INFO - ClientSecretCredential.get_token_info succeeded
[2025-06-26T22:33:48.074+0000] {_universal.py:511} INFO - Request URL: 'https://management.azure.com/subscriptions/0a94de80-6d3b-49f2-b3e9-ec5818862801/resourceGroups/buas-y2/providers/Microsoft.MachineLearningServices/workspaces/CV9-2025/components/train2/versions/5?api-version=REDACTED'
Request method: 'GET'
Request headers:
    'Accept': 'application/json'
    'x-ms-client-request-id': 'a064e7d2-52dd-11f0-9f87-22676b4511cb'
    'User-Agent': 'azure-ai-ml/1.27.1 azsdk-python-mgmt-machinelearningservices/0.1.0 Python/3.10.14 (Linux-6.6.87.1-microsoft-standard-WSL2-x86_64-with-glibc2.36)'
    'Authorization': 'REDACTED'
No body was attached to the request
[2025-06-26T22:33:48.693+0000] {_universal.py:547} INFO - Response status: 200
Response headers:
    'Cache-Control': 'no-cache'
    'Pragma': 'no-cache'
    'Content-Length': '1966'
    'Content-Type': 'application/json; charset=utf-8'
    'Expires': '-1'
    'Vary': 'REDACTED'
    'x-ms-ratelimit-remaining-subscription-reads': '249'
    'x-ms-operation-identifier': 'REDACTED'
    'Request-Context': 'REDACTED'
    'x-ms-response-type': 'REDACTED'
    'Strict-Transport-Security': 'REDACTED'
    'X-Content-Type-Options': 'REDACTED'
    'azureml-served-by-cluster': 'REDACTED'
    'x-request-time': 'REDACTED'
    'x-ms-ratelimit-remaining-subscription-global-reads': 'REDACTED'
    'x-ms-request-id': 'c5bc3823-c793-4b76-9c86-96ece258fa78'
    'x-ms-correlation-request-id': 'REDACTED'
    'x-ms-routing-request-id': 'REDACTED'
    'X-Cache': 'REDACTED'
    'X-MSEdge-Ref': 'Ref A: 3B3D916FAEEE4A2BB31EECCA4FB41E53 Ref B: AMS231020615035 Ref C: 2025-06-26T22:33:47Z'
    'Date': 'Thu, 26 Jun 2025 22:33:47 GMT'
[2025-06-26T22:33:48.724+0000] {_universal.py:511} INFO - Request URL: 'https://management.azure.com/subscriptions/0a94de80-6d3b-49f2-b3e9-ec5818862801/resourceGroups/buas-y2/providers/Microsoft.MachineLearningServices/workspaces/CV9-2025/components/evaluate2/versions/2?api-version=REDACTED'
Request method: 'GET'
Request headers:
    'Accept': 'application/json'
    'x-ms-client-request-id': 'a0c8b2f8-52dd-11f0-9f87-22676b4511cb'
    'User-Agent': 'azure-ai-ml/1.27.1 azsdk-python-mgmt-machinelearningservices/0.1.0 Python/3.10.14 (Linux-6.6.87.1-microsoft-standard-WSL2-x86_64-with-glibc2.36)'
    'Authorization': 'REDACTED'
No body was attached to the request
[2025-06-26T22:33:49.087+0000] {_universal.py:547} INFO - Response status: 200
Response headers:
    'Cache-Control': 'no-cache'
    'Pragma': 'no-cache'
    'Content-Length': '1957'
    'Content-Type': 'application/json; charset=utf-8'
    'Expires': '-1'
    'Vary': 'REDACTED'
    'x-ms-ratelimit-remaining-subscription-reads': '249'
    'x-ms-operation-identifier': 'REDACTED'
    'Request-Context': 'REDACTED'
    'x-ms-response-type': 'REDACTED'
    'Strict-Transport-Security': 'REDACTED'
    'X-Content-Type-Options': 'REDACTED'
    'azureml-served-by-cluster': 'REDACTED'
    'x-request-time': 'REDACTED'
    'x-ms-ratelimit-remaining-subscription-global-reads': 'REDACTED'
    'x-ms-request-id': 'a7f3c656-8eb2-48b3-b838-74a21890c8b8'
    'x-ms-correlation-request-id': 'REDACTED'
    'x-ms-routing-request-id': 'REDACTED'
    'X-Cache': 'REDACTED'
    'X-MSEdge-Ref': 'Ref A: A336A28985EB436E8A0D1899C9D241D1 Ref B: AMS231020615035 Ref C: 2025-06-26T22:33:47Z'
    'Date': 'Thu, 26 Jun 2025 22:33:47 GMT'
[2025-06-26T22:33:49.096+0000] {_universal.py:511} INFO - Request URL: 'https://management.azure.com/subscriptions/0a94de80-6d3b-49f2-b3e9-ec5818862801/resourceGroups/buas-y2/providers/Microsoft.MachineLearningServices/workspaces/CV9-2025/components/register2/versions/1?api-version=REDACTED'
Request method: 'GET'
Request headers:
    'Accept': 'application/json'
    'x-ms-client-request-id': 'a101712e-52dd-11f0-9f87-22676b4511cb'
    'User-Agent': 'azure-ai-ml/1.27.1 azsdk-python-mgmt-machinelearningservices/0.1.0 Python/3.10.14 (Linux-6.6.87.1-microsoft-standard-WSL2-x86_64-with-glibc2.36)'
    'Authorization': 'REDACTED'
No body was attached to the request
[2025-06-26T22:33:49.436+0000] {_universal.py:547} INFO - Response status: 200
Response headers:
    'Cache-Control': 'no-cache'
    'Pragma': 'no-cache'
    'Content-Length': '1827'
    'Content-Type': 'application/json; charset=utf-8'
    'Expires': '-1'
    'Vary': 'REDACTED'
    'x-ms-ratelimit-remaining-subscription-reads': '249'
    'x-ms-operation-identifier': 'REDACTED'
    'Request-Context': 'REDACTED'
    'x-ms-response-type': 'REDACTED'
    'Strict-Transport-Security': 'REDACTED'
    'X-Content-Type-Options': 'REDACTED'
    'azureml-served-by-cluster': 'REDACTED'
    'x-request-time': 'REDACTED'
    'x-ms-ratelimit-remaining-subscription-global-reads': 'REDACTED'
    'x-ms-request-id': '18291362-c9ea-4366-8279-14af31b800d5'
    'x-ms-correlation-request-id': 'REDACTED'
    'x-ms-routing-request-id': 'REDACTED'
    'X-Cache': 'REDACTED'
    'X-MSEdge-Ref': 'Ref A: DBBAB6C5A486415A9F3F3EBC30B204BB Ref B: AMS231020615035 Ref C: 2025-06-26T22:33:48Z'
    'Date': 'Thu, 26 Jun 2025 22:33:48 GMT'
[2025-06-26T22:33:49.443+0000] {application.py:1553} DEBUG - Cache hit an AT
[2025-06-26T22:33:49.444+0000] {telemetry.py:37} DEBUG - Generate or reuse correlation_id: 0cb8dd5e-78c6-4fa0-9130-ab12db40b2a4
[2025-06-26T22:33:49.445+0000] {get_token_mixin.py:148} INFO - ClientSecretCredential.get_token_info succeeded
[2025-06-26T22:33:49.446+0000] {_universal.py:511} INFO - Request URL: 'https://management.azure.com/subscriptions/0a94de80-6d3b-49f2-b3e9-ec5818862801/resourceGroups/buas-y2/providers/Microsoft.MachineLearningServices/workspaces/CV9-2025/models/axonrooter-finetuned/versions/8?api-version=REDACTED'
Request method: 'GET'
Request headers:
    'Accept': 'application/json'
    'x-ms-client-request-id': 'a13668de-52dd-11f0-9f87-22676b4511cb'
    'User-Agent': 'azure-ai-ml/1.27.1 azsdk-python-mgmt-machinelearningservices/0.1.0 Python/3.10.14 (Linux-6.6.87.1-microsoft-standard-WSL2-x86_64-with-glibc2.36)'
    'Authorization': 'REDACTED'
No body was attached to the request
[2025-06-26T22:33:49.761+0000] {_universal.py:547} INFO - Response status: 200
Response headers:
    'Cache-Control': 'no-cache'
    'Pragma': 'no-cache'
    'Content-Length': '1214'
    'Content-Type': 'application/json; charset=utf-8'
    'Expires': '-1'
    'Vary': 'REDACTED'
    'x-ms-ratelimit-remaining-subscription-reads': '249'
    'x-ms-operation-identifier': 'REDACTED'
    'Request-Context': 'REDACTED'
    'x-ms-response-type': 'REDACTED'
    'Strict-Transport-Security': 'REDACTED'
    'X-Content-Type-Options': 'REDACTED'
    'azureml-served-by-cluster': 'REDACTED'
    'x-request-time': 'REDACTED'
    'x-ms-ratelimit-remaining-subscription-global-reads': 'REDACTED'
    'x-ms-request-id': 'daaae083-b07e-4326-8f74-7ca7c7d11b0a'
    'x-ms-correlation-request-id': 'REDACTED'
    'x-ms-routing-request-id': 'REDACTED'
    'X-Cache': 'REDACTED'
    'X-MSEdge-Ref': 'Ref A: D934E4B7EFAF408DAE4543CD6224A6C7 Ref B: AMS231032609027 Ref C: 2025-06-26T22:33:48Z'
    'Date': 'Thu, 26 Jun 2025 22:33:48 GMT'
[2025-06-26T22:33:50.746+0000] {taskinstance.py:441} INFO - ::group::Post task execution logs
[2025-06-26T22:33:50.748+0000] {taskinstance.py:2905} ERROR - Task failed with exception
Traceback (most recent call last):
  File "/home/airflow/.local/lib/python3.10/site-packages/airflow/models/taskinstance.py", line 465, in _execute_task
    result = _execute_callable(context=context, **execute_callable_kwargs)
  File "/home/airflow/.local/lib/python3.10/site-packages/airflow/models/taskinstance.py", line 432, in _execute_callable
    return execute_callable(context=context, **execute_callable_kwargs)
  File "/home/airflow/.local/lib/python3.10/site-packages/airflow/models/baseoperator.py", line 400, in wrapper
    return func(self, *args, **kwargs)
  File "/home/airflow/.local/lib/python3.10/site-packages/airflow/operators/python.py", line 235, in execute
    return_value = self.execute_callable()
  File "/home/airflow/.local/lib/python3.10/site-packages/airflow/operators/python.py", line 252, in execute_callable
    return self.python_callable(*self.op_args, **self.op_kwargs)
  File "/opt/airflow/dags/retrain_og_dag.py", line 68, in run_pipeline
    job = retraining_pipeline()
  File "/home/airflow/.local/lib/python3.10/site-packages/azure/ai/ml/dsl/_pipeline_decorator.py", line 200, in wrapper
    pipeline_component = pipeline_builder.build(
  File "/home/airflow/.local/lib/python3.10/site-packages/azure/ai/ml/dsl/_pipeline_component_builder.py", line 191, in build
    outputs, _locals = get_outputs_and_locals(self.func, kwargs)
  File "/home/airflow/.local/lib/python3.10/site-packages/azure/ai/ml/_utils/_func_utils.py", line 471, in get_outputs_and_locals
    return _get_persistent_locals_builder().call(func, _all_kwargs)
  File "/home/airflow/.local/lib/python3.10/site-packages/azure/ai/ml/_utils/_func_utils.py", line 63, in call
    return self._call(func, _all_kwargs)
  File "/home/airflow/.local/lib/python3.10/site-packages/azure/ai/ml/_utils/_func_utils.py", line 109, in _call
    outputs = func(**_all_kwargs)
  File "/opt/airflow/dags/retrain_og_dag.py", line 62, in retraining_pipeline
    register = register_component(
  File "/home/airflow/.local/lib/python3.10/site-packages/azure/ai/ml/entities/_component/component.py", line 641, in __call__
    return self._func(*args, **kwargs)  # pylint: disable=not-callable
  File "/home/airflow/.local/lib/python3.10/site-packages/azure/ai/ml/dsl/_dynamic.py", line 172, in [component] Register model
    _assert_arg_valid(kwargs, [*list(default_kwargs.keys()), *flattened_group_keys], func_name=func_name)
  File "/home/airflow/.local/lib/python3.10/site-packages/azure/ai/ml/dsl/_dynamic.py", line 115, in _assert_arg_valid
    raise UnexpectedKeywordError(func_name=func_name, keyword=key, keywords=keys)
azure.ai.ml.exceptions.UnexpectedKeywordError: [component] Register model() got an unexpected keyword argument 'tags', valid keywords: 'model', 'accuracy'.
[2025-06-26T22:33:50.776+0000] {taskinstance.py:562} DEBUG - Task Duration set to 4.945869
[2025-06-26T22:33:50.780+0000] {taskinstance.py:584} DEBUG - Clearing next_method and next_kwargs.
[2025-06-26T22:33:50.781+0000] {taskinstance.py:1206} INFO - Marking task as UP_FOR_RETRY. dag_id=axonrooter_weekly_retraining, task_id=run_retraining_pipeline, run_id=manual__2025-06-26T22:33:35.637954+00:00, execution_date=20250626T223335, start_date=20250626T223345, end_date=20250626T223350
[2025-06-26T22:33:50.816+0000] {cli_action_loggers.py:88} DEBUG - Calling callbacks: []
[2025-06-26T22:33:50.818+0000] {standard_task_runner.py:110} ERROR - Failed to execute job 26 for task run_retraining_pipeline ([component] Register model() got an unexpected keyword argument 'tags', valid keywords: 'model', 'accuracy'.; 74)
[2025-06-26T22:33:50.894+0000] {local_task_job_runner.py:240} INFO - Task exited with return code 1
[2025-06-26T22:33:50.933+0000] {dagrun.py:932} DEBUG - number of tis tasks for <DagRun axonrooter_weekly_retraining @ 2025-06-26 22:33:35.637954+00:00: manual__2025-06-26T22:33:35.637954+00:00, state:running, queued_at: 2025-06-26 22:33:35.666316+00:00. externally triggered: True>: 0 task(s)
[2025-06-26T22:33:50.934+0000] {taskinstance.py:3498} INFO - 0 downstream tasks scheduled from follow-on schedule check
[2025-06-26T22:33:50.937+0000] {local_task_job_runner.py:222} INFO - ::endgroup::
