[2025-06-25T18:41:33.722+0000] {taskinstance.py:1042} DEBUG - previous_execution_date was called
[2025-06-25T18:41:33.758+0000] {__init__.py:54} DEBUG - Loading core task runner: StandardTaskRunner
[2025-06-25T18:41:33.784+0000] {taskinstance.py:1042} DEBUG - previous_execution_date was called
[2025-06-25T18:41:33.795+0000] {base_task_runner.py:73} DEBUG - Planning to run as the  user
[2025-06-25T18:41:33.801+0000] {local_task_job_runner.py:120} INFO - ::group::Pre task execution logs
[2025-06-25T18:41:33.847+0000] {taskinstance.py:2088} DEBUG - <TaskInstance: axonrooter_weekly_retraining_with_green_update_and_slack.notify_failure scheduled__2025-06-15T00:00:00+00:00 [queued]> dependency 'Not In Retry Period' PASSED: True, The task instance was not marked for retrying.
[2025-06-25T18:41:33.848+0000] {taskinstance.py:2088} DEBUG - <TaskInstance: axonrooter_weekly_retraining_with_green_update_and_slack.notify_failure scheduled__2025-06-15T00:00:00+00:00 [queued]> dependency 'Task Instance State' PASSED: True, Task state queued was valid.
[2025-06-25T18:41:33.850+0000] {taskinstance.py:2088} DEBUG - <TaskInstance: axonrooter_weekly_retraining_with_green_update_and_slack.notify_failure scheduled__2025-06-15T00:00:00+00:00 [queued]> dependency 'Task Instance Not Running' PASSED: True, Task is not in running state.
[2025-06-25T18:41:33.852+0000] {taskinstance.py:2088} DEBUG - <TaskInstance: axonrooter_weekly_retraining_with_green_update_and_slack.notify_failure scheduled__2025-06-15T00:00:00+00:00 [queued]> dependency 'Previous Dagrun State' PASSED: True, The task did not have depends_on_past set.
[2025-06-25T18:41:33.854+0000] {taskinstance.py:2076} INFO - Dependencies all met for dep_context=non-requeueable deps ti=<TaskInstance: axonrooter_weekly_retraining_with_green_update_and_slack.notify_failure scheduled__2025-06-15T00:00:00+00:00 [queued]>
[2025-06-25T18:41:33.864+0000] {taskinstance.py:2088} DEBUG - <TaskInstance: axonrooter_weekly_retraining_with_green_update_and_slack.notify_failure scheduled__2025-06-15T00:00:00+00:00 [queued]> dependency 'Not In Retry Period' PASSED: True, The task instance was not marked for retrying.
[2025-06-25T18:41:33.871+0000] {taskinstance.py:2088} DEBUG - <TaskInstance: axonrooter_weekly_retraining_with_green_update_and_slack.notify_failure scheduled__2025-06-15T00:00:00+00:00 [queued]> dependency 'Pool Slots Available' PASSED: True, There are enough open slots in default_pool to execute the task
[2025-06-25T18:41:33.872+0000] {taskinstance.py:2088} DEBUG - <TaskInstance: axonrooter_weekly_retraining_with_green_update_and_slack.notify_failure scheduled__2025-06-15T00:00:00+00:00 [queued]> dependency 'Task Concurrency' PASSED: True, Task concurrency is not set.
[2025-06-25T18:41:33.873+0000] {taskinstance.py:2088} DEBUG - <TaskInstance: axonrooter_weekly_retraining_with_green_update_and_slack.notify_failure scheduled__2025-06-15T00:00:00+00:00 [queued]> dependency 'Previous Dagrun State' PASSED: True, The task did not have depends_on_past set.
[2025-06-25T18:41:33.874+0000] {taskinstance.py:2076} INFO - Dependencies all met for dep_context=requeueable deps ti=<TaskInstance: axonrooter_weekly_retraining_with_green_update_and_slack.notify_failure scheduled__2025-06-15T00:00:00+00:00 [queued]>
[2025-06-25T18:41:33.875+0000] {taskinstance.py:2306} INFO - Starting attempt 1 of 2
[2025-06-25T18:41:33.895+0000] {taskinstance.py:2330} INFO - Executing <Task(SimpleHttpOperator): notify_failure> on 2025-06-15 00:00:00+00:00
[2025-06-25T18:41:33.910+0000] {standard_task_runner.py:63} INFO - Started process 153 to run task
[2025-06-25T18:41:33.917+0000] {standard_task_runner.py:90} INFO - Running: ['***', 'tasks', 'run', 'axonrooter_weekly_retraining_with_green_update_and_slack', 'notify_failure', 'scheduled__2025-06-15T00:00:00+00:00', '--job-id', '135', '--raw', '--subdir', 'DAGS_FOLDER/retrain_dag.py', '--cfg-path', '/tmp/tmpunh0c6j5']
[2025-06-25T18:41:33.924+0000] {standard_task_runner.py:91} INFO - Job 135: Subtask notify_failure
[2025-06-25T18:41:33.926+0000] {cli_action_loggers.py:70} DEBUG - Calling callbacks: [<function default_action_log at 0x77bbc5178ca0>]
[2025-06-25T18:41:34.001+0000] {taskinstance.py:1042} DEBUG - previous_execution_date was called
[2025-06-25T18:41:34.012+0000] {task_command.py:426} INFO - Running <TaskInstance: axonrooter_weekly_retraining_with_green_update_and_slack.notify_failure scheduled__2025-06-15T00:00:00+00:00 [running]> on host 9e069602cbde
[2025-06-25T18:41:34.013+0000] {settings.py:363} DEBUG - Disposing DB connection pool (PID 153)
[2025-06-25T18:41:34.014+0000] {settings.py:250} DEBUG - Setting up DB connection pool (PID 153)
[2025-06-25T18:41:34.015+0000] {settings.py:298} DEBUG - settings.prepare_engine_args(): Using NullPool
[2025-06-25T18:41:34.090+0000] {taskinstance.py:1042} DEBUG - previous_execution_date was called
[2025-06-25T18:41:34.094+0000] {taskinstance.py:1845} DEBUG - Clearing XCom data
[2025-06-25T18:41:34.111+0000] {retries.py:91} DEBUG - Running RenderedTaskInstanceFields.write with retries. Try 1 of 3
[2025-06-25T18:41:34.153+0000] {retries.py:91} DEBUG - Running RenderedTaskInstanceFields._do_delete_old_records with retries. Try 1 of 3
[2025-06-25T18:41:34.176+0000] {taskinstance.py:2648} INFO - Exporting env vars: AIRFLOW_CTX_DAG_OWNER='***' AIRFLOW_CTX_DAG_ID='axonrooter_weekly_retraining_with_green_update_and_slack' AIRFLOW_CTX_TASK_ID='notify_failure' AIRFLOW_CTX_EXECUTION_DATE='2025-06-15T00:00:00+00:00' AIRFLOW_CTX_TRY_NUMBER='1' AIRFLOW_CTX_DAG_RUN_ID='scheduled__2025-06-15T00:00:00+00:00'
[2025-06-25T18:41:34.177+0000] {__init__.py:119} DEBUG - Preparing lineage inlets and outlets
[2025-06-25T18:41:34.180+0000] {__init__.py:158} DEBUG - inlets: [], outlets: []
[2025-06-25T18:41:34.181+0000] {taskinstance.py:430} INFO - ::endgroup::
[2025-06-25T18:41:34.182+0000] {http.py:169} INFO - Calling HTTP method
[2025-06-25T18:41:34.184+0000] {http.py:147} DEBUG - Get connection for slack_conn
[2025-06-25T18:41:34.204+0000] {base.py:84} INFO - Using connection ID 'slack_conn' for task execution.
[2025-06-25T18:41:34.206+0000] {providers_manager.py:376} DEBUG - Initializing Providers Manager[hooks]
[2025-06-25T18:41:34.208+0000] {providers_manager.py:379} DEBUG - Initialization of Providers Manager[hooks] took 0.00 seconds
[2025-06-25T18:41:34.229+0000] {base.py:84} INFO - Using connection ID 'slack_conn' for task execution.
[2025-06-25T18:41:34.232+0000] {http.py:186} DEBUG - Sending 'POST' to url: https://hooks.slack.com/services
[2025-06-25T18:41:35.070+0000] {taskinstance.py:441} INFO - ::group::Post task execution logs
[2025-06-25T18:41:35.107+0000] {__init__.py:77} DEBUG - Lineage called with inlets: [], outlets: []
[2025-06-25T18:41:35.126+0000] {taskinstance.py:584} DEBUG - Clearing next_method and next_kwargs.
[2025-06-25T18:41:35.127+0000] {taskinstance.py:1206} INFO - Marking task as SUCCESS. dag_id=axonrooter_weekly_retraining_with_green_update_and_slack, task_id=notify_failure, run_id=scheduled__2025-06-15T00:00:00+00:00, execution_date=20250615T000000, start_date=20250625T184133, end_date=20250625T184135
[2025-06-25T18:41:35.128+0000] {taskinstance.py:562} DEBUG - Task Duration set to 1.272147
[2025-06-25T18:41:35.143+0000] {cli_action_loggers.py:88} DEBUG - Calling callbacks: []
[2025-06-25T18:41:35.175+0000] {local_task_job_runner.py:240} INFO - Task exited with return code 0
[2025-06-25T18:41:35.208+0000] {dagrun.py:932} DEBUG - number of tis tasks for <DagRun axonrooter_weekly_retraining_with_green_update_and_slack @ 2025-06-15 00:00:00+00:00: scheduled__2025-06-15T00:00:00+00:00, state:running, queued_at: 2025-06-25 18:36:07.119841+00:00. externally triggered: False>: 0 task(s)
[2025-06-25T18:41:35.208+0000] {taskinstance.py:3498} INFO - 0 downstream tasks scheduled from follow-on schedule check
[2025-06-25T18:41:35.212+0000] {local_task_job_runner.py:222} INFO - ::endgroup::
