[2025-06-24T19:05:37.565+0000] {taskinstance.py:1042} DEBUG - previous_execution_date was called
[2025-06-24T19:05:37.607+0000] {__init__.py:54} DEBUG - Loading core task runner: StandardTaskRunner
[2025-06-24T19:05:37.631+0000] {taskinstance.py:1042} DEBUG - previous_execution_date was called
[2025-06-24T19:05:37.649+0000] {base_task_runner.py:73} DEBUG - Planning to run as the  user
[2025-06-24T19:05:37.656+0000] {local_task_job_runner.py:120} INFO - ::group::Pre task execution logs
[2025-06-24T19:05:37.701+0000] {taskinstance.py:2088} DEBUG - <TaskInstance: axonrooter_weekly_retraining.run_retraining_pipeline manual__2025-06-24T19:05:30.824847+00:00 [queued]> dependency 'Previous Dagrun State' PASSED: True, The task did not have depends_on_past set.
[2025-06-24T19:05:37.704+0000] {taskinstance.py:2088} DEBUG - <TaskInstance: axonrooter_weekly_retraining.run_retraining_pipeline manual__2025-06-24T19:05:30.824847+00:00 [queued]> dependency 'Not In Retry Period' PASSED: True, The task instance was not marked for retrying.
[2025-06-24T19:05:37.705+0000] {taskinstance.py:2088} DEBUG - <TaskInstance: axonrooter_weekly_retraining.run_retraining_pipeline manual__2025-06-24T19:05:30.824847+00:00 [queued]> dependency 'Trigger Rule' PASSED: True, The task instance did not have any upstream tasks.
[2025-06-24T19:05:37.705+0000] {taskinstance.py:2088} DEBUG - <TaskInstance: axonrooter_weekly_retraining.run_retraining_pipeline manual__2025-06-24T19:05:30.824847+00:00 [queued]> dependency 'Task Instance Not Running' PASSED: True, Task is not in running state.
[2025-06-24T19:05:37.706+0000] {taskinstance.py:2088} DEBUG - <TaskInstance: axonrooter_weekly_retraining.run_retraining_pipeline manual__2025-06-24T19:05:30.824847+00:00 [queued]> dependency 'Task Instance State' PASSED: True, Task state queued was valid.
[2025-06-24T19:05:37.708+0000] {taskinstance.py:2076} INFO - Dependencies all met for dep_context=non-requeueable deps ti=<TaskInstance: axonrooter_weekly_retraining.run_retraining_pipeline manual__2025-06-24T19:05:30.824847+00:00 [queued]>
[2025-06-24T19:05:37.713+0000] {taskinstance.py:2088} DEBUG - <TaskInstance: axonrooter_weekly_retraining.run_retraining_pipeline manual__2025-06-24T19:05:30.824847+00:00 [queued]> dependency 'Previous Dagrun State' PASSED: True, The task did not have depends_on_past set.
[2025-06-24T19:05:37.714+0000] {taskinstance.py:2088} DEBUG - <TaskInstance: axonrooter_weekly_retraining.run_retraining_pipeline manual__2025-06-24T19:05:30.824847+00:00 [queued]> dependency 'Not In Retry Period' PASSED: True, The task instance was not marked for retrying.
[2025-06-24T19:05:37.725+0000] {taskinstance.py:2088} DEBUG - <TaskInstance: axonrooter_weekly_retraining.run_retraining_pipeline manual__2025-06-24T19:05:30.824847+00:00 [queued]> dependency 'Pool Slots Available' PASSED: True, There are enough open slots in default_pool to execute the task
[2025-06-24T19:05:37.730+0000] {taskinstance.py:2088} DEBUG - <TaskInstance: axonrooter_weekly_retraining.run_retraining_pipeline manual__2025-06-24T19:05:30.824847+00:00 [queued]> dependency 'Task Concurrency' PASSED: True, Task concurrency is not set.
[2025-06-24T19:05:37.731+0000] {taskinstance.py:2088} DEBUG - <TaskInstance: axonrooter_weekly_retraining.run_retraining_pipeline manual__2025-06-24T19:05:30.824847+00:00 [queued]> dependency 'Trigger Rule' PASSED: True, The task instance did not have any upstream tasks.
[2025-06-24T19:05:37.732+0000] {taskinstance.py:2076} INFO - Dependencies all met for dep_context=requeueable deps ti=<TaskInstance: axonrooter_weekly_retraining.run_retraining_pipeline manual__2025-06-24T19:05:30.824847+00:00 [queued]>
[2025-06-24T19:05:37.733+0000] {taskinstance.py:2306} INFO - Starting attempt 1 of 2
[2025-06-24T19:05:37.761+0000] {taskinstance.py:2330} INFO - Executing <Task(PythonOperator): run_retraining_pipeline> on 2025-06-24 19:05:30.824847+00:00
[2025-06-24T19:05:37.775+0000] {standard_task_runner.py:63} INFO - Started process 1752 to run task
[2025-06-24T19:05:37.783+0000] {standard_task_runner.py:90} INFO - Running: ['***', 'tasks', 'run', 'axonrooter_weekly_retraining', 'run_retraining_pipeline', 'manual__2025-06-24T19:05:30.824847+00:00', '--job-id', '101', '--raw', '--subdir', 'DAGS_FOLDER/retrain_dag.py', '--cfg-path', '/tmp/tmpbnmatzoc']
[2025-06-24T19:05:37.793+0000] {standard_task_runner.py:91} INFO - Job 101: Subtask run_retraining_pipeline
[2025-06-24T19:05:37.796+0000] {cli_action_loggers.py:70} DEBUG - Calling callbacks: [<function default_action_log at 0x7dbed2b18ca0>]
[2025-06-24T19:05:37.880+0000] {taskinstance.py:1042} DEBUG - previous_execution_date was called
[2025-06-24T19:05:37.895+0000] {task_command.py:426} INFO - Running <TaskInstance: axonrooter_weekly_retraining.run_retraining_pipeline manual__2025-06-24T19:05:30.824847+00:00 [running]> on host 2396ac50d429
[2025-06-24T19:05:37.896+0000] {settings.py:363} DEBUG - Disposing DB connection pool (PID 1752)
[2025-06-24T19:05:37.897+0000] {settings.py:250} DEBUG - Setting up DB connection pool (PID 1752)
[2025-06-24T19:05:37.898+0000] {settings.py:298} DEBUG - settings.prepare_engine_args(): Using NullPool
[2025-06-24T19:05:37.960+0000] {taskinstance.py:1042} DEBUG - previous_execution_date was called
[2025-06-24T19:05:37.969+0000] {taskinstance.py:1845} DEBUG - Clearing XCom data
[2025-06-24T19:05:37.984+0000] {retries.py:91} DEBUG - Running RenderedTaskInstanceFields.write with retries. Try 1 of 3
[2025-06-24T19:05:38.017+0000] {retries.py:91} DEBUG - Running RenderedTaskInstanceFields._do_delete_old_records with retries. Try 1 of 3
[2025-06-24T19:05:38.043+0000] {taskinstance.py:2648} INFO - Exporting env vars: AIRFLOW_CTX_DAG_OWNER='***' AIRFLOW_CTX_DAG_ID='axonrooter_weekly_retraining' AIRFLOW_CTX_TASK_ID='run_retraining_pipeline' AIRFLOW_CTX_EXECUTION_DATE='2025-06-24T19:05:30.824847+00:00' AIRFLOW_CTX_TRY_NUMBER='1' AIRFLOW_CTX_DAG_RUN_ID='manual__2025-06-24T19:05:30.824847+00:00'
[2025-06-24T19:05:38.044+0000] {__init__.py:119} DEBUG - Preparing lineage inlets and outlets
[2025-06-24T19:05:38.047+0000] {__init__.py:158} DEBUG - inlets: [], outlets: []
[2025-06-24T19:05:38.048+0000] {taskinstance.py:430} INFO - ::endgroup::
[2025-06-24T19:05:38.071+0000] {base.py:84} INFO - Using connection ID 'azure_ml_conn' for task execution.
[2025-06-24T19:05:38.254+0000] {authority.py:75} DEBUG - Initializing with Entra authority: https://login.microsoftonline.com/0a33589b-0036-4fe8-a829-3ed0926af886
[2025-06-24T19:05:38.257+0000] {_universal.py:511} INFO - Request URL: 'https://login.microsoftonline.com/0a33589b-0036-4fe8-a829-3ed0926af886/v2.0/.well-known/openid-configuration'
Request method: 'GET'
Request headers:
    'User-Agent': 'azsdk-python-identity/1.23.0 Python/3.10.14 (Linux-6.6.87.1-microsoft-standard-WSL2-x86_64-with-glibc2.36)'
No body was attached to the request
[2025-06-24T19:05:38.853+0000] {_universal.py:547} INFO - Response status: 200
Response headers:
    'Cache-Control': 'max-age=86400, private'
    'Content-Type': 'application/json; charset=utf-8'
    'Strict-Transport-Security': 'REDACTED'
    'X-Content-Type-Options': 'REDACTED'
    'Access-Control-Allow-Origin': 'REDACTED'
    'Access-Control-Allow-Methods': 'REDACTED'
    'P3P': 'REDACTED'
    'x-ms-request-id': '359fd605-01d9-4ae2-b30c-7edf8d5d2c00'
    'x-ms-ests-server': 'REDACTED'
    'x-ms-srs': 'REDACTED'
    'Content-Security-Policy-Report-Only': 'REDACTED'
    'X-XSS-Protection': 'REDACTED'
    'Set-Cookie': 'REDACTED'
    'Date': 'Tue, 24 Jun 2025 19:05:36 GMT'
    'Content-Length': '1753'
[2025-06-24T19:05:38.859+0000] {authority.py:96} DEBUG - openid_config("https://login.microsoftonline.com/0a33589b-0036-4fe8-a829-3ed0926af886/v2.0/.well-known/openid-configuration") = {'token_endpoint': '***', 'token_endpoint_auth_methods_supported': ['***', '***', '***'], 'jwks_uri': 'https://login.microsoftonline.com/0a33589b-0036-4fe8-a829-3ed0926af886/discovery/v2.0/keys', 'response_modes_supported': ['query', 'fragment', 'form_post'], 'subject_types_supported': ['pairwise'], 'id_token_signing_alg_values_supported': ['***'], 'response_types_supported': ['code', 'id_token', 'code id_token', 'id_token token'], 'scopes_supported': ['openid', 'profile', 'email', 'offline_access'], 'issuer': 'https://login.microsoftonline.com/0a33589b-0036-4fe8-a829-3ed0926af886/v2.0', 'request_uri_parameter_supported': False, 'userinfo_endpoint': 'https://graph.microsoft.com/oidc/userinfo', 'authorization_endpoint': '***', 'device_authorization_endpoint': '***', 'http_logout_supported': True, 'frontchannel_logout_supported': True, 'end_session_endpoint': 'https://login.microsoftonline.com/0a33589b-0036-4fe8-a829-3ed0926af886/oauth2/v2.0/logout', 'claims_supported': ['sub', 'iss', 'cloud_instance_name', 'cloud_instance_host_name', 'cloud_graph_host_name', 'msgraph_host', 'aud', 'exp', 'iat', 'auth_time', 'acr', 'nonce', 'preferred_username', 'name', 'tid', 'ver', 'at_hash', 'c_hash', 'email'], 'kerberos_endpoint': 'https://login.microsoftonline.com/0a33589b-0036-4fe8-a829-3ed0926af886/kerberos', 'tenant_region_scope': 'EU', 'cloud_instance_name': 'microsoftonline.com', 'cloud_graph_host_name': 'graph.windows.net', 'msgraph_host': 'graph.microsoft.com', 'rbac_url': 'https://pas.windows.net'}
[2025-06-24T19:05:38.861+0000] {application.py:705} DEBUG - Broker enabled? None
[2025-06-24T19:05:38.863+0000] {application.py:755} DEBUG - Region to be used: None
[2025-06-24T19:05:38.876+0000] {telemetry.py:37} DEBUG - Generate or reuse correlation_id: 682c18ac-0b4e-4f0c-8ee9-cd9f1aa025de
[2025-06-24T19:05:38.878+0000] {_universal.py:508} INFO - Request URL: 'https://login.microsoftonline.com/0a33589b-0036-4fe8-a829-3ed0926af886/oauth2/v2.0/token'
Request method: 'POST'
Request headers:
    'Accept': 'application/json'
    'x-client-sku': 'REDACTED'
    'x-client-ver': 'REDACTED'
    'x-client-os': 'REDACTED'
    'x-ms-lib-capability': 'REDACTED'
    'client-request-id': 'REDACTED'
    'x-client-current-telemetry': 'REDACTED'
    'x-client-last-telemetry': 'REDACTED'
    'User-Agent': 'azsdk-python-identity/1.23.0 Python/3.10.14 (Linux-6.6.87.1-microsoft-standard-WSL2-x86_64-with-glibc2.36)'
A body is sent with the request
[2025-06-24T19:05:38.990+0000] {_universal.py:547} INFO - Response status: 200
Response headers:
    'Cache-Control': 'no-store, no-cache'
    'Pragma': 'no-cache'
    'Content-Type': 'application/json; charset=utf-8'
    'Expires': '-1'
    'Strict-Transport-Security': 'REDACTED'
    'X-Content-Type-Options': 'REDACTED'
    'P3P': 'REDACTED'
    'client-request-id': 'REDACTED'
    'x-ms-request-id': '8a81b21b-9e57-4371-ac1a-5d73f4f33600'
    'x-ms-ests-server': 'REDACTED'
    'x-ms-clitelem': 'REDACTED'
    'x-ms-srs': 'REDACTED'
    'Content-Security-Policy-Report-Only': 'REDACTED'
    'X-XSS-Protection': 'REDACTED'
    'Set-Cookie': 'REDACTED'
    'Date': 'Tue, 24 Jun 2025 19:05:36 GMT'
    'Content-Length': '1668'
[2025-06-24T19:05:38.992+0000] {token_cache.py:204} DEBUG - event={
    "client_id": "27157a5a-3927-4895-8478-9d4554697d25",
    "data": {
        "claims": null,
        "scope": [
            "https://management.azure.com/.default"
        ]
    },
    "environment": "login.microsoftonline.com",
    "grant_type": "client_credentials",
    "params": null,
    "response": {
        "access_token": "********",
        "expires_in": 86399,
        "ext_expires_in": 86399,
        "refresh_in": 43199,
        "token_type": "Bearer"
    },
    "scope": [
        "https://management.azure.com/.default"
    ],
    "token_endpoint": "https://login.microsoftonline.com/0a33589b-0036-4fe8-a829-3ed0926af886/oauth2/v2.0/token"
}
[2025-06-24T19:05:38.993+0000] {get_token_mixin.py:148} INFO - ClientSecretCredential.get_token_info succeeded
[2025-06-24T19:05:38.994+0000] {_universal.py:511} INFO - Request URL: 'https://management.azure.com/subscriptions/0a94de80-6d3b-49f2-b3e9-ec5818862801/resourceGroups/buas-y2/providers/Microsoft.MachineLearningServices/workspaces/CV9-2025/data/axonrooter_student_corrections_Endijs_20250623_204658?api-version=REDACTED'
Request method: 'GET'
Request headers:
    'Accept': 'application/json'
    'x-ms-client-request-id': '370e82ee-512e-11f0-a0d6-7aa2131b79d3'
    'User-Agent': 'azure-ai-ml/1.27.1 azsdk-python-mgmt-machinelearningservices/0.1.0 Python/3.10.14 (Linux-6.6.87.1-microsoft-standard-WSL2-x86_64-with-glibc2.36)'
    'Authorization': 'REDACTED'
No body was attached to the request
[2025-06-24T19:05:39.436+0000] {_universal.py:547} INFO - Response status: 200
Response headers:
    'Cache-Control': 'no-cache'
    'Pragma': 'no-cache'
    'Content-Length': '737'
    'Content-Type': 'application/json; charset=utf-8'
    'Expires': '-1'
    'Vary': 'REDACTED'
    'x-ms-ratelimit-remaining-subscription-reads': '249'
    'x-ms-operation-identifier': 'REDACTED'
    'Request-Context': 'REDACTED'
    'x-ms-response-type': 'REDACTED'
    'Strict-Transport-Security': 'REDACTED'
    'X-Content-Type-Options': 'REDACTED'
    'azureml-served-by-cluster': 'REDACTED'
    'x-request-time': 'REDACTED'
    'x-ms-ratelimit-remaining-subscription-global-reads': 'REDACTED'
    'x-ms-request-id': '4f3bc1e6-b336-4e8d-ae53-b27a07c75fac'
    'x-ms-correlation-request-id': 'REDACTED'
    'x-ms-routing-request-id': 'REDACTED'
    'X-Cache': 'REDACTED'
    'X-MSEdge-Ref': 'Ref A: D125A3D0CA3E4316B17AD8BC212C5E0F Ref B: AMS231020615007 Ref C: 2025-06-24T19:05:36Z'
    'Date': 'Tue, 24 Jun 2025 19:05:36 GMT'
[2025-06-24T19:05:39.445+0000] {_universal.py:511} INFO - Request URL: 'https://management.azure.com/subscriptions/0a94de80-6d3b-49f2-b3e9-ec5818862801/resourceGroups/buas-y2/providers/Microsoft.MachineLearningServices/workspaces/CV9-2025/data/axonrooter_student_corrections_Endijs_20250623_204658/versions/1?api-version=REDACTED'
Request method: 'GET'
Request headers:
    'Accept': 'application/json'
    'x-ms-client-request-id': '37c45f56-512e-11f0-a0d6-7aa2131b79d3'
    'User-Agent': 'azure-ai-ml/1.27.1 azsdk-python-mgmt-machinelearningservices/0.1.0 Python/3.10.14 (Linux-6.6.87.1-microsoft-standard-WSL2-x86_64-with-glibc2.36)'
    'Authorization': 'REDACTED'
No body was attached to the request
[2025-06-24T19:05:39.581+0000] {_universal.py:547} INFO - Response status: 200
Response headers:
    'Cache-Control': 'no-cache'
    'Pragma': 'no-cache'
    'Content-Length': '1073'
    'Content-Type': 'application/json; charset=utf-8'
    'Expires': '-1'
    'Vary': 'REDACTED'
    'x-ms-ratelimit-remaining-subscription-reads': '249'
    'x-ms-operation-identifier': 'REDACTED'
    'Request-Context': 'REDACTED'
    'x-ms-response-type': 'REDACTED'
    'Strict-Transport-Security': 'REDACTED'
    'X-Content-Type-Options': 'REDACTED'
    'azureml-served-by-cluster': 'REDACTED'
    'x-request-time': 'REDACTED'
    'x-ms-ratelimit-remaining-subscription-global-reads': 'REDACTED'
    'x-ms-request-id': '2bbba9c8-4f60-4e48-ab5f-1554d82dad8a'
    'x-ms-correlation-request-id': 'REDACTED'
    'x-ms-routing-request-id': 'REDACTED'
    'X-Cache': 'REDACTED'
    'X-MSEdge-Ref': 'Ref A: 1E0D1778BBF044E6ACCFC45372FE6EA7 Ref B: AMS231020615007 Ref C: 2025-06-24T19:05:37Z'
    'Date': 'Tue, 24 Jun 2025 19:05:36 GMT'
[2025-06-24T19:05:39.588+0000] {application.py:1553} DEBUG - Cache hit an AT
[2025-06-24T19:05:39.589+0000] {telemetry.py:37} DEBUG - Generate or reuse correlation_id: 1439c46b-61f0-4b62-82c6-9131eb78d13b
[2025-06-24T19:05:39.589+0000] {get_token_mixin.py:148} INFO - ClientSecretCredential.get_token_info succeeded
[2025-06-24T19:05:39.590+0000] {_universal.py:511} INFO - Request URL: 'https://management.azure.com/subscriptions/0a94de80-6d3b-49f2-b3e9-ec5818862801/resourceGroups/buas-y2/providers/Microsoft.MachineLearningServices/workspaces/CV9-2025/components/train2/versions/1?api-version=REDACTED'
Request method: 'GET'
Request headers:
    'Accept': 'application/json'
    'x-ms-client-request-id': '37da395c-512e-11f0-a0d6-7aa2131b79d3'
    'User-Agent': 'azure-ai-ml/1.27.1 azsdk-python-mgmt-machinelearningservices/0.1.0 Python/3.10.14 (Linux-6.6.87.1-microsoft-standard-WSL2-x86_64-with-glibc2.36)'
    'Authorization': 'REDACTED'
No body was attached to the request
[2025-06-24T19:05:40.111+0000] {_universal.py:547} INFO - Response status: 200
Response headers:
    'Cache-Control': 'no-cache'
    'Pragma': 'no-cache'
    'Content-Length': '1966'
    'Content-Type': 'application/json; charset=utf-8'
    'Expires': '-1'
    'Vary': 'REDACTED'
    'x-ms-ratelimit-remaining-subscription-reads': '249'
    'x-ms-operation-identifier': 'REDACTED'
    'Request-Context': 'REDACTED'
    'x-ms-response-type': 'REDACTED'
    'Strict-Transport-Security': 'REDACTED'
    'X-Content-Type-Options': 'REDACTED'
    'azureml-served-by-cluster': 'REDACTED'
    'x-request-time': 'REDACTED'
    'x-ms-ratelimit-remaining-subscription-global-reads': 'REDACTED'
    'x-ms-request-id': 'e9d3d54f-ac52-43a6-a498-34729b5baa7a'
    'x-ms-correlation-request-id': 'REDACTED'
    'x-ms-routing-request-id': 'REDACTED'
    'X-Cache': 'REDACTED'
    'X-MSEdge-Ref': 'Ref A: 3C94A1D4DD68430E86F8A12A0D4F4C77 Ref B: AMS231020614049 Ref C: 2025-06-24T19:05:37Z'
    'Date': 'Tue, 24 Jun 2025 19:05:37 GMT'
[2025-06-24T19:05:40.159+0000] {_universal.py:511} INFO - Request URL: 'https://management.azure.com/subscriptions/0a94de80-6d3b-49f2-b3e9-ec5818862801/resourceGroups/buas-y2/providers/Microsoft.MachineLearningServices/workspaces/CV9-2025/components/evaluate2/versions/1?api-version=REDACTED'
Request method: 'GET'
Request headers:
    'Accept': 'application/json'
    'x-ms-client-request-id': '38316420-512e-11f0-a0d6-7aa2131b79d3'
    'User-Agent': 'azure-ai-ml/1.27.1 azsdk-python-mgmt-machinelearningservices/0.1.0 Python/3.10.14 (Linux-6.6.87.1-microsoft-standard-WSL2-x86_64-with-glibc2.36)'
    'Authorization': 'REDACTED'
No body was attached to the request
[2025-06-24T19:05:40.496+0000] {_universal.py:547} INFO - Response status: 200
Response headers:
    'Cache-Control': 'no-cache'
    'Pragma': 'no-cache'
    'Content-Length': '1941'
    'Content-Type': 'application/json; charset=utf-8'
    'Expires': '-1'
    'Vary': 'REDACTED'
    'x-ms-ratelimit-remaining-subscription-reads': '249'
    'x-ms-operation-identifier': 'REDACTED'
    'Request-Context': 'REDACTED'
    'x-ms-response-type': 'REDACTED'
    'Strict-Transport-Security': 'REDACTED'
    'X-Content-Type-Options': 'REDACTED'
    'azureml-served-by-cluster': 'REDACTED'
    'x-request-time': 'REDACTED'
    'x-ms-ratelimit-remaining-subscription-global-reads': 'REDACTED'
    'x-ms-request-id': 'ce35c115-1df6-4628-966f-65458adc2f90'
    'x-ms-correlation-request-id': 'REDACTED'
    'x-ms-routing-request-id': 'REDACTED'
    'X-Cache': 'REDACTED'
    'X-MSEdge-Ref': 'Ref A: 613562E8EE5B432EB2453F2DEE83C2B7 Ref B: AMS231020614049 Ref C: 2025-06-24T19:05:37Z'
    'Date': 'Tue, 24 Jun 2025 19:05:37 GMT'
[2025-06-24T19:05:40.504+0000] {_universal.py:511} INFO - Request URL: 'https://management.azure.com/subscriptions/0a94de80-6d3b-49f2-b3e9-ec5818862801/resourceGroups/buas-y2/providers/Microsoft.MachineLearningServices/workspaces/CV9-2025/components/register/versions/1?api-version=REDACTED'
Request method: 'GET'
Request headers:
    'Accept': 'application/json'
    'x-ms-client-request-id': '3865f686-512e-11f0-a0d6-7aa2131b79d3'
    'User-Agent': 'azure-ai-ml/1.27.1 azsdk-python-mgmt-machinelearningservices/0.1.0 Python/3.10.14 (Linux-6.6.87.1-microsoft-standard-WSL2-x86_64-with-glibc2.36)'
    'Authorization': 'REDACTED'
No body was attached to the request
[2025-06-24T19:05:40.832+0000] {_universal.py:547} INFO - Response status: 200
Response headers:
    'Cache-Control': 'no-cache'
    'Pragma': 'no-cache'
    'Content-Length': '2008'
    'Content-Type': 'application/json; charset=utf-8'
    'Expires': '-1'
    'Vary': 'REDACTED'
    'x-ms-ratelimit-remaining-subscription-reads': '249'
    'x-ms-operation-identifier': 'REDACTED'
    'Request-Context': 'REDACTED'
    'x-ms-response-type': 'REDACTED'
    'Strict-Transport-Security': 'REDACTED'
    'X-Content-Type-Options': 'REDACTED'
    'azureml-served-by-cluster': 'REDACTED'
    'x-request-time': 'REDACTED'
    'x-ms-ratelimit-remaining-subscription-global-reads': 'REDACTED'
    'x-ms-request-id': 'fd1d450c-7d48-4de2-b995-aa46a8918b88'
    'x-ms-correlation-request-id': 'REDACTED'
    'x-ms-routing-request-id': 'REDACTED'
    'X-Cache': 'REDACTED'
    'X-MSEdge-Ref': 'Ref A: DAE52808048643D68E789B21FF0A656F Ref B: AMS231020614049 Ref C: 2025-06-24T19:05:38Z'
    'Date': 'Tue, 24 Jun 2025 19:05:37 GMT'
[2025-06-24T19:05:40.842+0000] {application.py:1553} DEBUG - Cache hit an AT
[2025-06-24T19:05:40.843+0000] {telemetry.py:37} DEBUG - Generate or reuse correlation_id: 9ccb9e70-08e8-4789-9210-c957a6bf3265
[2025-06-24T19:05:40.844+0000] {get_token_mixin.py:148} INFO - ClientSecretCredential.get_token_info succeeded
[2025-06-24T19:05:40.846+0000] {_universal.py:511} INFO - Request URL: 'https://management.azure.com/subscriptions/0a94de80-6d3b-49f2-b3e9-ec5818862801/resourceGroups/buas-y2/providers/Microsoft.MachineLearningServices/workspaces/CV9-2025/models/axonrooter-finetuned/versions/8?api-version=REDACTED'
Request method: 'GET'
Request headers:
    'Accept': 'application/json'
    'x-ms-client-request-id': '38998c58-512e-11f0-a0d6-7aa2131b79d3'
    'User-Agent': 'azure-ai-ml/1.27.1 azsdk-python-mgmt-machinelearningservices/0.1.0 Python/3.10.14 (Linux-6.6.87.1-microsoft-standard-WSL2-x86_64-with-glibc2.36)'
    'Authorization': 'REDACTED'
No body was attached to the request
[2025-06-24T19:05:41.142+0000] {_universal.py:547} INFO - Response status: 200
Response headers:
    'Cache-Control': 'no-cache'
    'Pragma': 'no-cache'
    'Content-Length': '1214'
    'Content-Type': 'application/json; charset=utf-8'
    'Expires': '-1'
    'Vary': 'REDACTED'
    'x-ms-ratelimit-remaining-subscription-reads': '249'
    'x-ms-operation-identifier': 'REDACTED'
    'Request-Context': 'REDACTED'
    'x-ms-response-type': 'REDACTED'
    'Strict-Transport-Security': 'REDACTED'
    'X-Content-Type-Options': 'REDACTED'
    'azureml-served-by-cluster': 'REDACTED'
    'x-request-time': 'REDACTED'
    'x-ms-ratelimit-remaining-subscription-global-reads': 'REDACTED'
    'x-ms-request-id': '7ea6a519-3a85-4605-a7c9-01e389487a65'
    'x-ms-correlation-request-id': 'REDACTED'
    'x-ms-routing-request-id': 'REDACTED'
    'X-Cache': 'REDACTED'
    'X-MSEdge-Ref': 'Ref A: 5A500D86ACDF41D28BCDA9663E8C5360 Ref B: AMS231032607033 Ref C: 2025-06-24T19:05:38Z'
    'Date': 'Tue, 24 Jun 2025 19:05:38 GMT'
[2025-06-24T19:05:42.148+0000] {log.py:232} WARNING - Class AutoDeleteSettingSchema: This is an experimental class, and may change at any time. Please see https://aka.ms/azuremlexperimental for more information.
[2025-06-24T19:05:42.161+0000] {log.py:232} WARNING - Class AutoDeleteConditionSchema: This is an experimental class, and may change at any time. Please see https://aka.ms/azuremlexperimental for more information.
[2025-06-24T19:05:42.179+0000] {log.py:232} WARNING - Class BaseAutoDeleteSettingSchema: This is an experimental class, and may change at any time. Please see https://aka.ms/azuremlexperimental for more information.
[2025-06-24T19:05:42.198+0000] {log.py:232} WARNING - Class IntellectualPropertySchema: This is an experimental class, and may change at any time. Please see https://aka.ms/azuremlexperimental for more information.
[2025-06-24T19:05:42.212+0000] {log.py:232} WARNING - Class ProtectionLevelSchema: This is an experimental class, and may change at any time. Please see https://aka.ms/azuremlexperimental for more information.
[2025-06-24T19:05:42.227+0000] {log.py:232} WARNING - Class BaseIntellectualPropertySchema: This is an experimental class, and may change at any time. Please see https://aka.ms/azuremlexperimental for more information.
[2025-06-24T19:05:42.244+0000] {_attr_dict.py:109} DEBUG - getting schema_ignored
[2025-06-24T19:05:42.246+0000] {_attr_dict.py:122} DEBUG - setting schema_ignored to {}
[2025-06-24T19:05:42.253+0000] {_attr_dict.py:109} DEBUG - getting schema_ignored
[2025-06-24T19:05:42.255+0000] {_attr_dict.py:122} DEBUG - setting schema_ignored to {}
[2025-06-24T19:05:42.257+0000] {_attr_dict.py:109} DEBUG - getting schema_ignored
[2025-06-24T19:05:42.259+0000] {_attr_dict.py:122} DEBUG - setting schema_ignored to {}
[2025-06-24T19:05:42.303+0000] {_attr_dict.py:109} DEBUG - getting schema_ignored
[2025-06-24T19:05:42.304+0000] {_attr_dict.py:122} DEBUG - setting schema_ignored to {}
[2025-06-24T19:05:42.327+0000] {_attr_dict.py:109} DEBUG - getting schema_ignored
[2025-06-24T19:05:42.329+0000] {_attr_dict.py:122} DEBUG - setting schema_ignored to {}
[2025-06-24T19:05:42.349+0000] {_attr_dict.py:109} DEBUG - getting schema_ignored
[2025-06-24T19:05:42.350+0000] {_attr_dict.py:122} DEBUG - setting schema_ignored to {}
[2025-06-24T19:05:42.365+0000] {_universal.py:511} INFO - Request URL: 'https://management.azure.com/subscriptions/0a94de80-6d3b-49f2-b3e9-ec5818862801/resourceGroups/buas-y2/providers/Microsoft.MachineLearningServices/workspaces/CV9-2025/computes/adsai-lambda-0?api-version=REDACTED'
Request method: 'GET'
Request headers:
    'Accept': 'application/json'
    'x-ms-client-request-id': '3981f81c-512e-11f0-a0d6-7aa2131b79d3'
    'User-Agent': 'azure-ai-ml/1.27.1 azsdk-python-mgmt-machinelearningservices/0.1.0 Python/3.10.14 (Linux-6.6.87.1-microsoft-standard-WSL2-x86_64-with-glibc2.36)'
    'Authorization': 'REDACTED'
No body was attached to the request
[2025-06-24T19:05:42.738+0000] {_universal.py:547} INFO - Response status: 200
Response headers:
    'Cache-Control': 'no-cache'
    'Pragma': 'no-cache'
    'Content-Length': '2918'
    'Content-Type': 'application/json; charset=utf-8'
    'Expires': '-1'
    'Vary': 'REDACTED'
    'x-ms-ratelimit-remaining-subscription-reads': '249'
    'x-ms-operation-identifier': 'REDACTED'
    'Request-Context': 'REDACTED'
    'x-ms-response-type': 'REDACTED'
    'Strict-Transport-Security': 'REDACTED'
    'X-Content-Type-Options': 'REDACTED'
    'azureml-served-by-cluster': 'REDACTED'
    'x-request-time': 'REDACTED'
    'x-ms-ratelimit-remaining-subscription-global-reads': 'REDACTED'
    'x-ms-request-id': 'fd8e4bcc-f69c-4c0a-985d-b4ecc86edacb'
    'x-ms-correlation-request-id': 'REDACTED'
    'x-ms-routing-request-id': 'REDACTED'
    'X-Cache': 'REDACTED'
    'X-MSEdge-Ref': 'Ref A: D8490F7FA7A64BD0A0A8A536ECDCB3D7 Ref B: AMS231032607033 Ref C: 2025-06-24T19:05:40Z'
    'Date': 'Tue, 24 Jun 2025 19:05:39 GMT'
[2025-06-24T19:05:42.749+0000] {application.py:1553} DEBUG - Cache hit an AT
[2025-06-24T19:05:42.750+0000] {telemetry.py:37} DEBUG - Generate or reuse correlation_id: 1f92f4d5-2b9e-49da-80c8-4c02a6d80107
[2025-06-24T19:05:42.752+0000] {get_token_mixin.py:148} INFO - ClientSecretCredential.get_token_info succeeded
[2025-06-24T19:05:42.753+0000] {_universal.py:511} INFO - Request URL: 'https://management.azure.com/subscriptions/0a94de80-6d3b-49f2-b3e9-ec5818862801/resourceGroups/buas-y2/providers/Microsoft.MachineLearningServices/workspaces/CV9-2025?api-version=REDACTED'
Request method: 'GET'
Request headers:
    'Accept': 'application/json'
    'x-ms-client-request-id': '39bc8bda-512e-11f0-a0d6-7aa2131b79d3'
    'User-Agent': 'azure-ai-ml/1.27.1 azsdk-python-mgmt-machinelearningservices/0.1.0 Python/3.10.14 (Linux-6.6.87.1-microsoft-standard-WSL2-x86_64-with-glibc2.36)'
    'Authorization': 'REDACTED'
No body was attached to the request
[2025-06-24T19:05:42.822+0000] {retries.py:91} DEBUG - Running Job._fetch_from_db with retries. Try 1 of 3
[2025-06-24T19:05:42.844+0000] {retries.py:91} DEBUG - Running Job._update_heartbeat with retries. Try 1 of 3
[2025-06-24T19:05:42.872+0000] {job.py:214} DEBUG - [heartbeat]
[2025-06-24T19:05:43.094+0000] {_universal.py:547} INFO - Response status: 200
Response headers:
    'Cache-Control': 'no-cache'
    'Pragma': 'no-cache'
    'Content-Length': '3748'
    'Content-Type': 'application/json; charset=utf-8'
    'Expires': '-1'
    'Vary': 'REDACTED'
    'x-ms-ratelimit-remaining-subscription-global-reads': 'REDACTED'
    'x-ms-ratelimit-remaining-subscription-reads': '249'
    'Request-Context': 'REDACTED'
    'x-ms-response-type': 'REDACTED'
    'Strict-Transport-Security': 'REDACTED'
    'X-Content-Type-Options': 'REDACTED'
    'azureml-served-by-cluster': 'REDACTED'
    'x-request-time': 'REDACTED'
    'x-ms-request-id': '54d12f88-65ff-4a3b-8c31-15f307419f3f'
    'x-ms-correlation-request-id': 'REDACTED'
    'x-ms-routing-request-id': 'REDACTED'
    'X-Cache': 'REDACTED'
    'X-MSEdge-Ref': 'Ref A: D738D58464AD4CDAABDBC34959CEAA40 Ref B: AMS231022012021 Ref C: 2025-06-24T19:05:40Z'
    'Date': 'Tue, 24 Jun 2025 19:05:39 GMT'
[2025-06-24T19:05:43.123+0000] {_attr_dict.py:109} DEBUG - getting schema_ignored
[2025-06-24T19:05:43.124+0000] {_attr_dict.py:122} DEBUG - setting schema_ignored to {}
[2025-06-24T19:05:43.133+0000] {_attr_dict.py:109} DEBUG - getting schema_ignored
[2025-06-24T19:05:43.134+0000] {_attr_dict.py:122} DEBUG - setting schema_ignored to {}
[2025-06-24T19:05:43.143+0000] {_attr_dict.py:109} DEBUG - getting schema_ignored
[2025-06-24T19:05:43.144+0000] {_attr_dict.py:122} DEBUG - setting schema_ignored to {}
[2025-06-24T19:05:43.147+0000] {telemetry.py:37} DEBUG - Generate or reuse correlation_id: 01a60110-13a6-4fc0-940c-5ba931fc75bf
[2025-06-24T19:05:43.148+0000] {_universal.py:508} INFO - Request URL: 'https://login.microsoftonline.com/0a33589b-0036-4fe8-a829-3ed0926af886/oauth2/v2.0/token'
Request method: 'POST'
Request headers:
    'Accept': 'application/json'
    'x-client-sku': 'REDACTED'
    'x-client-ver': 'REDACTED'
    'x-client-os': 'REDACTED'
    'x-ms-lib-capability': 'REDACTED'
    'client-request-id': 'REDACTED'
    'x-client-current-telemetry': 'REDACTED'
    'x-client-last-telemetry': 'REDACTED'
    'User-Agent': 'azsdk-python-identity/1.23.0 Python/3.10.14 (Linux-6.6.87.1-microsoft-standard-WSL2-x86_64-with-glibc2.36)'
A body is sent with the request
[2025-06-24T19:05:43.269+0000] {_universal.py:547} INFO - Response status: 200
Response headers:
    'Cache-Control': 'no-store, no-cache'
    'Pragma': 'no-cache'
    'Content-Type': 'application/json; charset=utf-8'
    'Expires': '-1'
    'Strict-Transport-Security': 'REDACTED'
    'X-Content-Type-Options': 'REDACTED'
    'P3P': 'REDACTED'
    'client-request-id': 'REDACTED'
    'x-ms-request-id': '8a81b21b-9e57-4371-ac1a-5d733ef43600'
    'x-ms-ests-server': 'REDACTED'
    'x-ms-clitelem': 'REDACTED'
    'x-ms-srs': 'REDACTED'
    'Content-Security-Policy-Report-Only': 'REDACTED'
    'X-XSS-Protection': 'REDACTED'
    'Set-Cookie': 'REDACTED'
    'Date': 'Tue, 24 Jun 2025 19:05:40 GMT'
    'Content-Length': '1628'
[2025-06-24T19:05:43.271+0000] {token_cache.py:204} DEBUG - event={
    "client_id": "27157a5a-3927-4895-8478-9d4554697d25",
    "data": {
        "claims": null,
        "scope": [
            "https://ml.azure.com/.default"
        ]
    },
    "environment": "login.microsoftonline.com",
    "grant_type": "client_credentials",
    "params": null,
    "response": {
        "access_token": "********",
        "expires_in": 86399,
        "ext_expires_in": 86399,
        "refresh_in": 43199,
        "token_type": "Bearer"
    },
    "scope": [
        "https://ml.azure.com/.default"
    ],
    "token_endpoint": "https://login.microsoftonline.com/0a33589b-0036-4fe8-a829-3ed0926af886/oauth2/v2.0/token"
}
[2025-06-24T19:05:43.272+0000] {get_token_mixin.py:148} INFO - ClientSecretCredential.get_token succeeded
[2025-06-24T19:05:43.275+0000] {_universal.py:508} INFO - Request URL: 'https://management.azure.com/subscriptions/0a94de80-6d3b-49f2-b3e9-ec5818862801/resourceGroups/buas-y2/providers/Microsoft.MachineLearningServices/workspaces/CV9-2025/jobs/sad_lock_j6p8w841vk?api-version=REDACTED'
Request method: 'PUT'
Request headers:
    'Content-Type': 'application/json'
    'Content-Length': '2482'
    'Accept': 'application/json'
    'x-ms-client-request-id': '3a0cd3c4-512e-11f0-a0d6-7aa2131b79d3'
    'x-azureml-token': 'REDACTED'
    'User-Agent': 'azure-ai-ml/1.27.1 azsdk-python-mgmt-machinelearningservices/0.1.0 Python/3.10.14 (Linux-6.6.87.1-microsoft-standard-WSL2-x86_64-with-glibc2.36)'
    'Authorization': 'REDACTED'
A body is sent with the request
[2025-06-24T19:05:44.306+0000] {_universal.py:547} INFO - Response status: 201
Response headers:
    'Cache-Control': 'no-cache'
    'Pragma': 'no-cache'
    'Content-Length': '4502'
    'Content-Type': 'application/json; charset=utf-8'
    'Expires': '-1'
    'Location': 'REDACTED'
    'x-ms-operation-identifier': 'REDACTED'
    'Request-Context': 'REDACTED'
    'x-ms-response-type': 'REDACTED'
    'Strict-Transport-Security': 'REDACTED'
    'X-Content-Type-Options': 'REDACTED'
    'azureml-served-by-cluster': 'REDACTED'
    'x-request-time': 'REDACTED'
    'x-ms-ratelimit-remaining-subscription-writes': '199'
    'x-ms-ratelimit-remaining-subscription-global-writes': 'REDACTED'
    'x-ms-request-id': '54f9abed-ff7f-4881-b686-1156be56e4b8'
    'x-ms-correlation-request-id': 'REDACTED'
    'x-ms-routing-request-id': 'REDACTED'
    'X-Cache': 'REDACTED'
    'X-MSEdge-Ref': 'Ref A: 5AD175FD8A7841F9B6048DD2E848ADAE Ref B: AMS231020614049 Ref C: 2025-06-24T19:05:41Z'
    'Date': 'Tue, 24 Jun 2025 19:05:41 GMT'
[2025-06-24T19:05:44.314+0000] {application.py:1553} DEBUG - Cache hit an AT
[2025-06-24T19:05:44.316+0000] {telemetry.py:37} DEBUG - Generate or reuse correlation_id: 8e8a60a5-c295-4cba-829d-5bafd24caa38
[2025-06-24T19:05:44.317+0000] {get_token_mixin.py:148} INFO - ClientSecretCredential.get_token succeeded
[2025-06-24T19:05:44.319+0000] {logging_mixin.py:188} INFO - 🚀 Submitted retraining pipeline job.
[2025-06-24T19:05:44.320+0000] {python.py:237} INFO - Done. Returned value was: None
[2025-06-24T19:05:44.320+0000] {taskinstance.py:441} INFO - ::group::Post task execution logs
[2025-06-24T19:05:44.321+0000] {__init__.py:77} DEBUG - Lineage called with inlets: [], outlets: []
[2025-06-24T19:05:44.338+0000] {taskinstance.py:584} DEBUG - Clearing next_method and next_kwargs.
[2025-06-24T19:05:44.339+0000] {taskinstance.py:1206} INFO - Marking task as SUCCESS. dag_id=axonrooter_weekly_retraining, task_id=run_retraining_pipeline, run_id=manual__2025-06-24T19:05:30.824847+00:00, execution_date=20250624T190530, start_date=20250624T190537, end_date=20250624T190544
[2025-06-24T19:05:44.340+0000] {taskinstance.py:562} DEBUG - Task Duration set to 6.629774
[2025-06-24T19:05:44.362+0000] {cli_action_loggers.py:88} DEBUG - Calling callbacks: []
[2025-06-24T19:05:44.455+0000] {local_task_job_runner.py:240} INFO - Task exited with return code 0
[2025-06-24T19:05:44.487+0000] {dagrun.py:932} DEBUG - number of tis tasks for <DagRun axonrooter_weekly_retraining @ 2025-06-24 19:05:30.824847+00:00: manual__2025-06-24T19:05:30.824847+00:00, state:running, queued_at: 2025-06-24 19:05:30.858670+00:00. externally triggered: True>: 0 task(s)
[2025-06-24T19:05:44.489+0000] {taskinstance.py:3498} INFO - 0 downstream tasks scheduled from follow-on schedule check
[2025-06-24T19:05:44.492+0000] {local_task_job_runner.py:222} INFO - ::endgroup::
