[2025-06-24T18:17:31.777+0000] {taskinstance.py:1042} DEBUG - previous_execution_date was called
[2025-06-24T18:17:31.821+0000] {__init__.py:54} DEBUG - Loading core task runner: StandardTaskRunner
[2025-06-24T18:17:31.845+0000] {taskinstance.py:1042} DEBUG - previous_execution_date was called
[2025-06-24T18:17:31.863+0000] {base_task_runner.py:73} DEBUG - Planning to run as the  user
[2025-06-24T18:17:31.870+0000] {local_task_job_runner.py:120} INFO - ::group::Pre task execution logs
[2025-06-24T18:17:31.919+0000] {taskinstance.py:2088} DEBUG - <TaskInstance: axonrooter_weekly_retraining.run_retraining_pipeline manual__2025-06-24T18:17:25.505698+00:00 [queued]> dependency 'Previous Dagrun State' PASSED: True, The task did not have depends_on_past set.
[2025-06-24T18:17:31.920+0000] {taskinstance.py:2088} DEBUG - <TaskInstance: axonrooter_weekly_retraining.run_retraining_pipeline manual__2025-06-24T18:17:25.505698+00:00 [queued]> dependency 'Not In Retry Period' PASSED: True, The task instance was not marked for retrying.
[2025-06-24T18:17:31.921+0000] {taskinstance.py:2088} DEBUG - <TaskInstance: axonrooter_weekly_retraining.run_retraining_pipeline manual__2025-06-24T18:17:25.505698+00:00 [queued]> dependency 'Trigger Rule' PASSED: True, The task instance did not have any upstream tasks.
[2025-06-24T18:17:31.922+0000] {taskinstance.py:2088} DEBUG - <TaskInstance: axonrooter_weekly_retraining.run_retraining_pipeline manual__2025-06-24T18:17:25.505698+00:00 [queued]> dependency 'Task Instance Not Running' PASSED: True, Task is not in running state.
[2025-06-24T18:17:31.923+0000] {taskinstance.py:2088} DEBUG - <TaskInstance: axonrooter_weekly_retraining.run_retraining_pipeline manual__2025-06-24T18:17:25.505698+00:00 [queued]> dependency 'Task Instance State' PASSED: True, Task state queued was valid.
[2025-06-24T18:17:31.924+0000] {taskinstance.py:2076} INFO - Dependencies all met for dep_context=non-requeueable deps ti=<TaskInstance: axonrooter_weekly_retraining.run_retraining_pipeline manual__2025-06-24T18:17:25.505698+00:00 [queued]>
[2025-06-24T18:17:31.930+0000] {taskinstance.py:2088} DEBUG - <TaskInstance: axonrooter_weekly_retraining.run_retraining_pipeline manual__2025-06-24T18:17:25.505698+00:00 [queued]> dependency 'Previous Dagrun State' PASSED: True, The task did not have depends_on_past set.
[2025-06-24T18:17:31.931+0000] {taskinstance.py:2088} DEBUG - <TaskInstance: axonrooter_weekly_retraining.run_retraining_pipeline manual__2025-06-24T18:17:25.505698+00:00 [queued]> dependency 'Not In Retry Period' PASSED: True, The task instance was not marked for retrying.
[2025-06-24T18:17:31.940+0000] {taskinstance.py:2088} DEBUG - <TaskInstance: axonrooter_weekly_retraining.run_retraining_pipeline manual__2025-06-24T18:17:25.505698+00:00 [queued]> dependency 'Pool Slots Available' PASSED: True, There are enough open slots in default_pool to execute the task
[2025-06-24T18:17:31.945+0000] {taskinstance.py:2088} DEBUG - <TaskInstance: axonrooter_weekly_retraining.run_retraining_pipeline manual__2025-06-24T18:17:25.505698+00:00 [queued]> dependency 'Task Concurrency' PASSED: True, Task concurrency is not set.
[2025-06-24T18:17:31.946+0000] {taskinstance.py:2088} DEBUG - <TaskInstance: axonrooter_weekly_retraining.run_retraining_pipeline manual__2025-06-24T18:17:25.505698+00:00 [queued]> dependency 'Trigger Rule' PASSED: True, The task instance did not have any upstream tasks.
[2025-06-24T18:17:31.947+0000] {taskinstance.py:2076} INFO - Dependencies all met for dep_context=requeueable deps ti=<TaskInstance: axonrooter_weekly_retraining.run_retraining_pipeline manual__2025-06-24T18:17:25.505698+00:00 [queued]>
[2025-06-24T18:17:31.949+0000] {taskinstance.py:2306} INFO - Starting attempt 1 of 2
[2025-06-24T18:17:31.979+0000] {taskinstance.py:2330} INFO - Executing <Task(PythonOperator): run_retraining_pipeline> on 2025-06-24 18:17:25.505698+00:00
[2025-06-24T18:17:31.996+0000] {standard_task_runner.py:63} INFO - Started process 1122 to run task
[2025-06-24T18:17:32.007+0000] {standard_task_runner.py:90} INFO - Running: ['***', 'tasks', 'run', 'axonrooter_weekly_retraining', 'run_retraining_pipeline', 'manual__2025-06-24T18:17:25.505698+00:00', '--job-id', '94', '--raw', '--subdir', 'DAGS_FOLDER/retrain_dag.py', '--cfg-path', '/tmp/tmp07eqy00c']
[2025-06-24T18:17:32.016+0000] {standard_task_runner.py:91} INFO - Job 94: Subtask run_retraining_pipeline
[2025-06-24T18:17:32.019+0000] {cli_action_loggers.py:70} DEBUG - Calling callbacks: [<function default_action_log at 0x7dbed2b18ca0>]
[2025-06-24T18:17:32.118+0000] {taskinstance.py:1042} DEBUG - previous_execution_date was called
[2025-06-24T18:17:32.133+0000] {task_command.py:426} INFO - Running <TaskInstance: axonrooter_weekly_retraining.run_retraining_pipeline manual__2025-06-24T18:17:25.505698+00:00 [running]> on host 2396ac50d429
[2025-06-24T18:17:32.135+0000] {settings.py:363} DEBUG - Disposing DB connection pool (PID 1122)
[2025-06-24T18:17:32.136+0000] {settings.py:250} DEBUG - Setting up DB connection pool (PID 1122)
[2025-06-24T18:17:32.137+0000] {settings.py:298} DEBUG - settings.prepare_engine_args(): Using NullPool
[2025-06-24T18:17:32.209+0000] {taskinstance.py:1042} DEBUG - previous_execution_date was called
[2025-06-24T18:17:32.221+0000] {taskinstance.py:1845} DEBUG - Clearing XCom data
[2025-06-24T18:17:32.242+0000] {retries.py:91} DEBUG - Running RenderedTaskInstanceFields.write with retries. Try 1 of 3
[2025-06-24T18:17:32.283+0000] {retries.py:91} DEBUG - Running RenderedTaskInstanceFields._do_delete_old_records with retries. Try 1 of 3
[2025-06-24T18:17:32.308+0000] {taskinstance.py:2648} INFO - Exporting env vars: AIRFLOW_CTX_DAG_OWNER='***' AIRFLOW_CTX_DAG_ID='axonrooter_weekly_retraining' AIRFLOW_CTX_TASK_ID='run_retraining_pipeline' AIRFLOW_CTX_EXECUTION_DATE='2025-06-24T18:17:25.505698+00:00' AIRFLOW_CTX_TRY_NUMBER='1' AIRFLOW_CTX_DAG_RUN_ID='manual__2025-06-24T18:17:25.505698+00:00'
[2025-06-24T18:17:32.310+0000] {__init__.py:119} DEBUG - Preparing lineage inlets and outlets
[2025-06-24T18:17:32.313+0000] {__init__.py:158} DEBUG - inlets: [], outlets: []
[2025-06-24T18:17:32.314+0000] {taskinstance.py:430} INFO - ::endgroup::
[2025-06-24T18:17:32.334+0000] {base.py:84} INFO - Using connection ID 'azure_ml_conn' for task execution.
[2025-06-24T18:17:32.485+0000] {authority.py:75} DEBUG - Initializing with Entra authority: https://login.microsoftonline.com/0a33589b-0036-4fe8-a829-3ed0926af886
[2025-06-24T18:17:32.488+0000] {_universal.py:511} INFO - Request URL: 'https://login.microsoftonline.com/0a33589b-0036-4fe8-a829-3ed0926af886/v2.0/.well-known/openid-configuration'
Request method: 'GET'
Request headers:
    'User-Agent': 'azsdk-python-identity/1.23.0 Python/3.10.14 (Linux-6.6.87.1-microsoft-standard-WSL2-x86_64-with-glibc2.36)'
No body was attached to the request
[2025-06-24T18:17:32.960+0000] {_universal.py:547} INFO - Response status: 200
Response headers:
    'Cache-Control': 'max-age=86400, private'
    'Content-Type': 'application/json; charset=utf-8'
    'Strict-Transport-Security': 'REDACTED'
    'X-Content-Type-Options': 'REDACTED'
    'Access-Control-Allow-Origin': 'REDACTED'
    'Access-Control-Allow-Methods': 'REDACTED'
    'P3P': 'REDACTED'
    'x-ms-request-id': 'f68b582b-695e-4f79-aa47-258c4df92300'
    'x-ms-ests-server': 'REDACTED'
    'x-ms-srs': 'REDACTED'
    'Content-Security-Policy-Report-Only': 'REDACTED'
    'X-XSS-Protection': 'REDACTED'
    'Set-Cookie': 'REDACTED'
    'Date': 'Tue, 24 Jun 2025 18:17:30 GMT'
    'Content-Length': '1753'
[2025-06-24T18:17:32.965+0000] {authority.py:96} DEBUG - openid_config("https://login.microsoftonline.com/0a33589b-0036-4fe8-a829-3ed0926af886/v2.0/.well-known/openid-configuration") = {'token_endpoint': '***', 'token_endpoint_auth_methods_supported': ['***', '***', '***'], 'jwks_uri': 'https://login.microsoftonline.com/0a33589b-0036-4fe8-a829-3ed0926af886/discovery/v2.0/keys', 'response_modes_supported': ['query', 'fragment', 'form_post'], 'subject_types_supported': ['pairwise'], 'id_token_signing_alg_values_supported': ['***'], 'response_types_supported': ['code', 'id_token', 'code id_token', 'id_token token'], 'scopes_supported': ['openid', 'profile', 'email', 'offline_access'], 'issuer': 'https://login.microsoftonline.com/0a33589b-0036-4fe8-a829-3ed0926af886/v2.0', 'request_uri_parameter_supported': False, 'userinfo_endpoint': 'https://graph.microsoft.com/oidc/userinfo', 'authorization_endpoint': '***', 'device_authorization_endpoint': '***', 'http_logout_supported': True, 'frontchannel_logout_supported': True, 'end_session_endpoint': 'https://login.microsoftonline.com/0a33589b-0036-4fe8-a829-3ed0926af886/oauth2/v2.0/logout', 'claims_supported': ['sub', 'iss', 'cloud_instance_name', 'cloud_instance_host_name', 'cloud_graph_host_name', 'msgraph_host', 'aud', 'exp', 'iat', 'auth_time', 'acr', 'nonce', 'preferred_username', 'name', 'tid', 'ver', 'at_hash', 'c_hash', 'email'], 'kerberos_endpoint': 'https://login.microsoftonline.com/0a33589b-0036-4fe8-a829-3ed0926af886/kerberos', 'tenant_region_scope': 'EU', 'cloud_instance_name': 'microsoftonline.com', 'cloud_graph_host_name': 'graph.windows.net', 'msgraph_host': 'graph.microsoft.com', 'rbac_url': 'https://pas.windows.net'}
[2025-06-24T18:17:32.967+0000] {application.py:705} DEBUG - Broker enabled? None
[2025-06-24T18:17:32.969+0000] {application.py:755} DEBUG - Region to be used: None
[2025-06-24T18:17:32.980+0000] {telemetry.py:37} DEBUG - Generate or reuse correlation_id: 2e96ddd5-004d-42d5-b460-c429381dc0f5
[2025-06-24T18:17:32.982+0000] {_universal.py:508} INFO - Request URL: 'https://login.microsoftonline.com/0a33589b-0036-4fe8-a829-3ed0926af886/oauth2/v2.0/token'
Request method: 'POST'
Request headers:
    'Accept': 'application/json'
    'x-client-sku': 'REDACTED'
    'x-client-ver': 'REDACTED'
    'x-client-os': 'REDACTED'
    'x-ms-lib-capability': 'REDACTED'
    'client-request-id': 'REDACTED'
    'x-client-current-telemetry': 'REDACTED'
    'x-client-last-telemetry': 'REDACTED'
    'User-Agent': 'azsdk-python-identity/1.23.0 Python/3.10.14 (Linux-6.6.87.1-microsoft-standard-WSL2-x86_64-with-glibc2.36)'
A body is sent with the request
[2025-06-24T18:17:33.075+0000] {_universal.py:547} INFO - Response status: 200
Response headers:
    'Cache-Control': 'no-store, no-cache'
    'Pragma': 'no-cache'
    'Content-Type': 'application/json; charset=utf-8'
    'Expires': '-1'
    'Strict-Transport-Security': 'REDACTED'
    'X-Content-Type-Options': 'REDACTED'
    'P3P': 'REDACTED'
    'client-request-id': 'REDACTED'
    'x-ms-request-id': '991002a4-960a-4c86-aab3-59a4f79e7800'
    'x-ms-ests-server': 'REDACTED'
    'x-ms-clitelem': 'REDACTED'
    'x-ms-srs': 'REDACTED'
    'Content-Security-Policy-Report-Only': 'REDACTED'
    'X-XSS-Protection': 'REDACTED'
    'Set-Cookie': 'REDACTED'
    'Date': 'Tue, 24 Jun 2025 18:17:30 GMT'
    'Content-Length': '1673'
[2025-06-24T18:17:33.077+0000] {token_cache.py:204} DEBUG - event={
    "client_id": "27157a5a-3927-4895-8478-9d4554697d25",
    "data": {
        "claims": null,
        "scope": [
            "https://management.azure.com/.default"
        ]
    },
    "environment": "login.microsoftonline.com",
    "grant_type": "client_credentials",
    "params": null,
    "response": {
        "access_token": "********",
        "expires_in": 86399,
        "ext_expires_in": 86399,
        "refresh_in": 43199,
        "token_type": "Bearer"
    },
    "scope": [
        "https://management.azure.com/.default"
    ],
    "token_endpoint": "https://login.microsoftonline.com/0a33589b-0036-4fe8-a829-3ed0926af886/oauth2/v2.0/token"
}
[2025-06-24T18:17:33.079+0000] {get_token_mixin.py:148} INFO - ClientSecretCredential.get_token_info succeeded
[2025-06-24T18:17:33.080+0000] {_universal.py:511} INFO - Request URL: 'https://management.azure.com/subscriptions/0a94de80-6d3b-49f2-b3e9-ec5818862801/resourceGroups/buas-y2/providers/Microsoft.MachineLearningServices/workspaces/CV9-2025/data/axonrooter_student_corrections_Endijs_20250623_204658?api-version=REDACTED'
Request method: 'GET'
Request headers:
    'Accept': 'application/json'
    'x-ms-client-request-id': '7f01290a-5127-11f0-bcae-7aa2131b79d3'
    'User-Agent': 'azure-ai-ml/1.27.1 azsdk-python-mgmt-machinelearningservices/0.1.0 Python/3.10.14 (Linux-6.6.87.1-microsoft-standard-WSL2-x86_64-with-glibc2.36)'
    'Authorization': 'REDACTED'
No body was attached to the request
[2025-06-24T18:17:33.410+0000] {_universal.py:547} INFO - Response status: 200
Response headers:
    'Cache-Control': 'no-cache'
    'Pragma': 'no-cache'
    'Content-Length': '737'
    'Content-Type': 'application/json; charset=utf-8'
    'Expires': '-1'
    'Vary': 'REDACTED'
    'x-ms-ratelimit-remaining-subscription-reads': '249'
    'x-ms-operation-identifier': 'REDACTED'
    'Request-Context': 'REDACTED'
    'x-ms-response-type': 'REDACTED'
    'Strict-Transport-Security': 'REDACTED'
    'X-Content-Type-Options': 'REDACTED'
    'azureml-served-by-cluster': 'REDACTED'
    'x-request-time': 'REDACTED'
    'x-ms-ratelimit-remaining-subscription-global-reads': 'REDACTED'
    'x-ms-request-id': '5f24e4db-711e-4f94-83d1-4e3e6c66e207'
    'x-ms-correlation-request-id': 'REDACTED'
    'x-ms-routing-request-id': 'REDACTED'
    'X-Cache': 'REDACTED'
    'X-MSEdge-Ref': 'Ref A: 3062D1CF0D054C34B9A1BF47E8350C69 Ref B: AMS231032608021 Ref C: 2025-06-24T18:17:31Z'
    'Date': 'Tue, 24 Jun 2025 18:17:31 GMT'
[2025-06-24T18:17:33.421+0000] {_universal.py:511} INFO - Request URL: 'https://management.azure.com/subscriptions/0a94de80-6d3b-49f2-b3e9-ec5818862801/resourceGroups/buas-y2/providers/Microsoft.MachineLearningServices/workspaces/CV9-2025/data/axonrooter_student_corrections_Endijs_20250623_204658/versions/1?api-version=REDACTED'
Request method: 'GET'
Request headers:
    'Accept': 'application/json'
    'x-ms-client-request-id': '7f901782-5127-11f0-bcae-7aa2131b79d3'
    'User-Agent': 'azure-ai-ml/1.27.1 azsdk-python-mgmt-machinelearningservices/0.1.0 Python/3.10.14 (Linux-6.6.87.1-microsoft-standard-WSL2-x86_64-with-glibc2.36)'
    'Authorization': 'REDACTED'
No body was attached to the request
[2025-06-24T18:17:33.542+0000] {_universal.py:547} INFO - Response status: 200
Response headers:
    'Cache-Control': 'no-cache'
    'Pragma': 'no-cache'
    'Content-Length': '1073'
    'Content-Type': 'application/json; charset=utf-8'
    'Expires': '-1'
    'Vary': 'REDACTED'
    'x-ms-ratelimit-remaining-subscription-reads': '249'
    'x-ms-operation-identifier': 'REDACTED'
    'Request-Context': 'REDACTED'
    'x-ms-response-type': 'REDACTED'
    'Strict-Transport-Security': 'REDACTED'
    'X-Content-Type-Options': 'REDACTED'
    'azureml-served-by-cluster': 'REDACTED'
    'x-request-time': 'REDACTED'
    'x-ms-ratelimit-remaining-subscription-global-reads': 'REDACTED'
    'x-ms-request-id': '47e738de-1d12-478c-bec1-7341f0653367'
    'x-ms-correlation-request-id': 'REDACTED'
    'x-ms-routing-request-id': 'REDACTED'
    'X-Cache': 'REDACTED'
    'X-MSEdge-Ref': 'Ref A: D35F5A26122B4CCCA425F3FA22933964 Ref B: AMS231032608021 Ref C: 2025-06-24T18:17:31Z'
    'Date': 'Tue, 24 Jun 2025 18:17:31 GMT'
[2025-06-24T18:17:33.548+0000] {application.py:1553} DEBUG - Cache hit an AT
[2025-06-24T18:17:33.549+0000] {telemetry.py:37} DEBUG - Generate or reuse correlation_id: 0f45c368-6ad1-4e16-be2d-f42b7d0f4792
[2025-06-24T18:17:33.549+0000] {get_token_mixin.py:148} INFO - ClientSecretCredential.get_token_info succeeded
[2025-06-24T18:17:33.550+0000] {_universal.py:511} INFO - Request URL: 'https://management.azure.com/subscriptions/0a94de80-6d3b-49f2-b3e9-ec5818862801/resourceGroups/buas-y2/providers/Microsoft.MachineLearningServices/workspaces/CV9-2025/components/train2/versions/4?api-version=REDACTED'
Request method: 'GET'
Request headers:
    'Accept': 'application/json'
    'x-ms-client-request-id': '7fa36d28-5127-11f0-bcae-7aa2131b79d3'
    'User-Agent': 'azure-ai-ml/1.27.1 azsdk-python-mgmt-machinelearningservices/0.1.0 Python/3.10.14 (Linux-6.6.87.1-microsoft-standard-WSL2-x86_64-with-glibc2.36)'
    'Authorization': 'REDACTED'
No body was attached to the request
[2025-06-24T18:17:34.019+0000] {_universal.py:547} INFO - Response status: 200
Response headers:
    'Cache-Control': 'no-cache'
    'Pragma': 'no-cache'
    'Content-Length': '2017'
    'Content-Type': 'application/json; charset=utf-8'
    'Expires': '-1'
    'Vary': 'REDACTED'
    'x-ms-ratelimit-remaining-subscription-reads': '249'
    'x-ms-operation-identifier': 'REDACTED'
    'Request-Context': 'REDACTED'
    'x-ms-response-type': 'REDACTED'
    'Strict-Transport-Security': 'REDACTED'
    'X-Content-Type-Options': 'REDACTED'
    'azureml-served-by-cluster': 'REDACTED'
    'x-request-time': 'REDACTED'
    'x-ms-ratelimit-remaining-subscription-global-reads': 'REDACTED'
    'x-ms-request-id': 'fd4a53c8-9b0b-40f1-81d2-90c9761ee218'
    'x-ms-correlation-request-id': 'REDACTED'
    'x-ms-routing-request-id': 'REDACTED'
    'X-Cache': 'REDACTED'
    'X-MSEdge-Ref': 'Ref A: 62A9ABEF04CD49F2A13D17B31B402AE6 Ref B: AMS231020615045 Ref C: 2025-06-24T18:17:31Z'
    'Date': 'Tue, 24 Jun 2025 18:17:31 GMT'
[2025-06-24T18:17:34.062+0000] {_universal.py:511} INFO - Request URL: 'https://management.azure.com/subscriptions/0a94de80-6d3b-49f2-b3e9-ec5818862801/resourceGroups/buas-y2/providers/Microsoft.MachineLearningServices/workspaces/CV9-2025/components/evaluate2/versions/1?api-version=REDACTED'
Request method: 'GET'
Request headers:
    'Accept': 'application/json'
    'x-ms-client-request-id': '7ff1db2a-5127-11f0-bcae-7aa2131b79d3'
    'User-Agent': 'azure-ai-ml/1.27.1 azsdk-python-mgmt-machinelearningservices/0.1.0 Python/3.10.14 (Linux-6.6.87.1-microsoft-standard-WSL2-x86_64-with-glibc2.36)'
    'Authorization': 'REDACTED'
No body was attached to the request
[2025-06-24T18:17:34.376+0000] {_universal.py:547} INFO - Response status: 200
Response headers:
    'Cache-Control': 'no-cache'
    'Pragma': 'no-cache'
    'Content-Length': '1941'
    'Content-Type': 'application/json; charset=utf-8'
    'Expires': '-1'
    'Vary': 'REDACTED'
    'x-ms-ratelimit-remaining-subscription-reads': '249'
    'x-ms-operation-identifier': 'REDACTED'
    'Request-Context': 'REDACTED'
    'x-ms-response-type': 'REDACTED'
    'Strict-Transport-Security': 'REDACTED'
    'X-Content-Type-Options': 'REDACTED'
    'azureml-served-by-cluster': 'REDACTED'
    'x-request-time': 'REDACTED'
    'x-ms-ratelimit-remaining-subscription-global-reads': 'REDACTED'
    'x-ms-request-id': '848a19fd-d20d-44ea-a3e7-03f88a529b1b'
    'x-ms-correlation-request-id': 'REDACTED'
    'x-ms-routing-request-id': 'REDACTED'
    'X-Cache': 'REDACTED'
    'X-MSEdge-Ref': 'Ref A: 2ECBB922A3B64AA2AF96D79698A304D5 Ref B: AMS231020615045 Ref C: 2025-06-24T18:17:31Z'
    'Date': 'Tue, 24 Jun 2025 18:17:31 GMT'
[2025-06-24T18:17:34.384+0000] {_universal.py:511} INFO - Request URL: 'https://management.azure.com/subscriptions/0a94de80-6d3b-49f2-b3e9-ec5818862801/resourceGroups/buas-y2/providers/Microsoft.MachineLearningServices/workspaces/CV9-2025/components/register/versions/1?api-version=REDACTED'
Request method: 'GET'
Request headers:
    'Accept': 'application/json'
    'x-ms-client-request-id': '80231708-5127-11f0-bcae-7aa2131b79d3'
    'User-Agent': 'azure-ai-ml/1.27.1 azsdk-python-mgmt-machinelearningservices/0.1.0 Python/3.10.14 (Linux-6.6.87.1-microsoft-standard-WSL2-x86_64-with-glibc2.36)'
    'Authorization': 'REDACTED'
No body was attached to the request
[2025-06-24T18:17:34.789+0000] {_universal.py:547} INFO - Response status: 200
Response headers:
    'Cache-Control': 'no-cache'
    'Pragma': 'no-cache'
    'Content-Length': '2008'
    'Content-Type': 'application/json; charset=utf-8'
    'Expires': '-1'
    'Vary': 'REDACTED'
    'x-ms-ratelimit-remaining-subscription-reads': '249'
    'x-ms-operation-identifier': 'REDACTED'
    'Request-Context': 'REDACTED'
    'x-ms-response-type': 'REDACTED'
    'Strict-Transport-Security': 'REDACTED'
    'X-Content-Type-Options': 'REDACTED'
    'azureml-served-by-cluster': 'REDACTED'
    'x-request-time': 'REDACTED'
    'x-ms-ratelimit-remaining-subscription-global-reads': 'REDACTED'
    'x-ms-request-id': 'f9292e81-c3da-4775-9a9a-18a826e6bcf4'
    'x-ms-correlation-request-id': 'REDACTED'
    'x-ms-routing-request-id': 'REDACTED'
    'X-Cache': 'REDACTED'
    'X-MSEdge-Ref': 'Ref A: B29022B6C3D34406927DD9B72D15023E Ref B: AMS231020615045 Ref C: 2025-06-24T18:17:32Z'
    'Date': 'Tue, 24 Jun 2025 18:17:32 GMT'
[2025-06-24T18:17:34.796+0000] {application.py:1553} DEBUG - Cache hit an AT
[2025-06-24T18:17:34.797+0000] {telemetry.py:37} DEBUG - Generate or reuse correlation_id: 93360b8c-b8a4-4463-b1d5-ee86c8ec51e2
[2025-06-24T18:17:34.800+0000] {get_token_mixin.py:148} INFO - ClientSecretCredential.get_token_info succeeded
[2025-06-24T18:17:34.801+0000] {_universal.py:511} INFO - Request URL: 'https://management.azure.com/subscriptions/0a94de80-6d3b-49f2-b3e9-ec5818862801/resourceGroups/buas-y2/providers/Microsoft.MachineLearningServices/workspaces/CV9-2025/models/axonrooter-finetuned/versions/8?api-version=REDACTED'
Request method: 'GET'
Request headers:
    'Accept': 'application/json'
    'x-ms-client-request-id': '8061e97e-5127-11f0-bcae-7aa2131b79d3'
    'User-Agent': 'azure-ai-ml/1.27.1 azsdk-python-mgmt-machinelearningservices/0.1.0 Python/3.10.14 (Linux-6.6.87.1-microsoft-standard-WSL2-x86_64-with-glibc2.36)'
    'Authorization': 'REDACTED'
No body was attached to the request
[2025-06-24T18:17:35.151+0000] {_universal.py:547} INFO - Response status: 200
Response headers:
    'Cache-Control': 'no-cache'
    'Pragma': 'no-cache'
    'Content-Length': '1214'
    'Content-Type': 'application/json; charset=utf-8'
    'Expires': '-1'
    'Vary': 'REDACTED'
    'x-ms-ratelimit-remaining-subscription-reads': '249'
    'x-ms-operation-identifier': 'REDACTED'
    'Request-Context': 'REDACTED'
    'x-ms-response-type': 'REDACTED'
    'Strict-Transport-Security': 'REDACTED'
    'X-Content-Type-Options': 'REDACTED'
    'azureml-served-by-cluster': 'REDACTED'
    'x-request-time': 'REDACTED'
    'x-ms-ratelimit-remaining-subscription-global-reads': 'REDACTED'
    'x-ms-request-id': '46143fbd-eec4-4f58-bf94-53a66dd54318'
    'x-ms-correlation-request-id': 'REDACTED'
    'x-ms-routing-request-id': 'REDACTED'
    'X-Cache': 'REDACTED'
    'X-MSEdge-Ref': 'Ref A: A46F2EFBEFEF4470AB46C5346BA05BC0 Ref B: AMS231020614025 Ref C: 2025-06-24T18:17:32Z'
    'Date': 'Tue, 24 Jun 2025 18:17:32 GMT'
[2025-06-24T18:17:36.044+0000] {taskinstance.py:441} INFO - ::group::Post task execution logs
[2025-06-24T18:17:36.045+0000] {taskinstance.py:2905} ERROR - Task failed with exception
Traceback (most recent call last):
  File "/home/airflow/.local/lib/python3.10/site-packages/airflow/models/taskinstance.py", line 465, in _execute_task
    result = _execute_callable(context=context, **execute_callable_kwargs)
  File "/home/airflow/.local/lib/python3.10/site-packages/airflow/models/taskinstance.py", line 432, in _execute_callable
    return execute_callable(context=context, **execute_callable_kwargs)
  File "/home/airflow/.local/lib/python3.10/site-packages/airflow/models/baseoperator.py", line 400, in wrapper
    return func(self, *args, **kwargs)
  File "/home/airflow/.local/lib/python3.10/site-packages/airflow/operators/python.py", line 235, in execute
    return_value = self.execute_callable()
  File "/home/airflow/.local/lib/python3.10/site-packages/airflow/operators/python.py", line 252, in execute_callable
    return self.python_callable(*self.op_args, **self.op_kwargs)
  File "/opt/airflow/dags/retrain_dag.py", line 69, in run_pipeline
    job = retraining_pipeline()
  File "/home/airflow/.local/lib/python3.10/site-packages/azure/ai/ml/dsl/_pipeline_decorator.py", line 200, in wrapper
    pipeline_component = pipeline_builder.build(
  File "/home/airflow/.local/lib/python3.10/site-packages/azure/ai/ml/dsl/_pipeline_component_builder.py", line 191, in build
    outputs, _locals = get_outputs_and_locals(self.func, kwargs)
  File "/home/airflow/.local/lib/python3.10/site-packages/azure/ai/ml/_utils/_func_utils.py", line 471, in get_outputs_and_locals
    return _get_persistent_locals_builder().call(func, _all_kwargs)
  File "/home/airflow/.local/lib/python3.10/site-packages/azure/ai/ml/_utils/_func_utils.py", line 63, in call
    return self._call(func, _all_kwargs)
  File "/home/airflow/.local/lib/python3.10/site-packages/azure/ai/ml/_utils/_func_utils.py", line 109, in _call
    outputs = func(**_all_kwargs)
  File "/opt/airflow/dags/retrain_dag.py", line 51, in retraining_pipeline
    train = train_component(
  File "/home/airflow/.local/lib/python3.10/site-packages/azure/ai/ml/entities/_component/component.py", line 641, in __call__
    return self._func(*args, **kwargs)  # pylint: disable=not-callable
  File "/home/airflow/.local/lib/python3.10/site-packages/azure/ai/ml/dsl/_dynamic.py", line 172, in [component] Train Model
    _assert_arg_valid(kwargs, [*list(default_kwargs.keys()), *flattened_group_keys], func_name=func_name)
  File "/home/airflow/.local/lib/python3.10/site-packages/azure/ai/ml/dsl/_dynamic.py", line 115, in _assert_arg_valid
    raise UnexpectedKeywordError(func_name=func_name, keyword=key, keywords=keys)
azure.ai.ml.exceptions.UnexpectedKeywordError: [component] Train Model() got an unexpected keyword argument 'model', valid keywords: 'data', 'pretrained_model'.
[2025-06-24T18:17:36.064+0000] {taskinstance.py:562} DEBUG - Task Duration set to 4.138535
[2025-06-24T18:17:36.066+0000] {taskinstance.py:584} DEBUG - Clearing next_method and next_kwargs.
[2025-06-24T18:17:36.067+0000] {taskinstance.py:1206} INFO - Marking task as UP_FOR_RETRY. dag_id=axonrooter_weekly_retraining, task_id=run_retraining_pipeline, run_id=manual__2025-06-24T18:17:25.505698+00:00, execution_date=20250624T181725, start_date=20250624T181731, end_date=20250624T181736
[2025-06-24T18:17:36.094+0000] {cli_action_loggers.py:88} DEBUG - Calling callbacks: []
[2025-06-24T18:17:36.095+0000] {standard_task_runner.py:110} ERROR - Failed to execute job 94 for task run_retraining_pipeline ([component] Train Model() got an unexpected keyword argument 'model', valid keywords: 'data', 'pretrained_model'.; 1122)
[2025-06-24T18:17:36.160+0000] {local_task_job_runner.py:240} INFO - Task exited with return code 1
[2025-06-24T18:17:36.205+0000] {dagrun.py:932} DEBUG - number of tis tasks for <DagRun axonrooter_weekly_retraining @ 2025-06-24 18:17:25.505698+00:00: manual__2025-06-24T18:17:25.505698+00:00, state:running, queued_at: 2025-06-24 18:17:25.562351+00:00. externally triggered: True>: 0 task(s)
[2025-06-24T18:17:36.207+0000] {taskinstance.py:3498} INFO - 0 downstream tasks scheduled from follow-on schedule check
[2025-06-24T18:17:36.213+0000] {local_task_job_runner.py:222} INFO - ::endgroup::
