[2025-06-27T01:23:38.376+0000] {taskinstance.py:1042} DEBUG - previous_execution_date was called
[2025-06-27T01:23:38.418+0000] {__init__.py:54} DEBUG - Loading core task runner: StandardTaskRunner
[2025-06-27T01:23:38.442+0000] {taskinstance.py:1042} DEBUG - previous_execution_date was called
[2025-06-27T01:23:38.456+0000] {base_task_runner.py:73} DEBUG - Planning to run as the  user
[2025-06-27T01:23:38.461+0000] {local_task_job_runner.py:120} INFO - ::group::Pre task execution logs
[2025-06-27T01:23:38.486+0000] {taskinstance.py:2088} DEBUG - <TaskInstance: axonrooter_weekly_retraining.run_retraining_pipeline manual__2025-06-27T01:23:27.693998+00:00 [queued]> dependency 'Not In Retry Period' PASSED: True, The task instance was not marked for retrying.
[2025-06-27T01:23:38.487+0000] {taskinstance.py:2088} DEBUG - <TaskInstance: axonrooter_weekly_retraining.run_retraining_pipeline manual__2025-06-27T01:23:27.693998+00:00 [queued]> dependency 'Task Instance Not Running' PASSED: True, Task is not in running state.
[2025-06-27T01:23:38.496+0000] {taskinstance.py:2088} DEBUG - <TaskInstance: axonrooter_weekly_retraining.run_retraining_pipeline manual__2025-06-27T01:23:27.693998+00:00 [queued]> dependency 'Trigger Rule' PASSED: True, The task instance did not have any upstream tasks.
[2025-06-27T01:23:38.497+0000] {taskinstance.py:2088} DEBUG - <TaskInstance: axonrooter_weekly_retraining.run_retraining_pipeline manual__2025-06-27T01:23:27.693998+00:00 [queued]> dependency 'Previous Dagrun State' PASSED: True, The task did not have depends_on_past set.
[2025-06-27T01:23:38.498+0000] {taskinstance.py:2088} DEBUG - <TaskInstance: axonrooter_weekly_retraining.run_retraining_pipeline manual__2025-06-27T01:23:27.693998+00:00 [queued]> dependency 'Task Instance State' PASSED: True, Task state queued was valid.
[2025-06-27T01:23:38.499+0000] {taskinstance.py:2076} INFO - Dependencies all met for dep_context=non-requeueable deps ti=<TaskInstance: axonrooter_weekly_retraining.run_retraining_pipeline manual__2025-06-27T01:23:27.693998+00:00 [queued]>
[2025-06-27T01:23:38.510+0000] {taskinstance.py:2088} DEBUG - <TaskInstance: axonrooter_weekly_retraining.run_retraining_pipeline manual__2025-06-27T01:23:27.693998+00:00 [queued]> dependency 'Pool Slots Available' PASSED: True, There are enough open slots in default_pool to execute the task
[2025-06-27T01:23:38.511+0000] {taskinstance.py:2088} DEBUG - <TaskInstance: axonrooter_weekly_retraining.run_retraining_pipeline manual__2025-06-27T01:23:27.693998+00:00 [queued]> dependency 'Task Concurrency' PASSED: True, Task concurrency is not set.
[2025-06-27T01:23:38.515+0000] {taskinstance.py:2088} DEBUG - <TaskInstance: axonrooter_weekly_retraining.run_retraining_pipeline manual__2025-06-27T01:23:27.693998+00:00 [queued]> dependency 'Trigger Rule' PASSED: True, The task instance did not have any upstream tasks.
[2025-06-27T01:23:38.516+0000] {taskinstance.py:2088} DEBUG - <TaskInstance: axonrooter_weekly_retraining.run_retraining_pipeline manual__2025-06-27T01:23:27.693998+00:00 [queued]> dependency 'Previous Dagrun State' PASSED: True, The task did not have depends_on_past set.
[2025-06-27T01:23:38.516+0000] {taskinstance.py:2088} DEBUG - <TaskInstance: axonrooter_weekly_retraining.run_retraining_pipeline manual__2025-06-27T01:23:27.693998+00:00 [queued]> dependency 'Not In Retry Period' PASSED: True, The task instance was not marked for retrying.
[2025-06-27T01:23:38.517+0000] {taskinstance.py:2076} INFO - Dependencies all met for dep_context=requeueable deps ti=<TaskInstance: axonrooter_weekly_retraining.run_retraining_pipeline manual__2025-06-27T01:23:27.693998+00:00 [queued]>
[2025-06-27T01:23:38.518+0000] {taskinstance.py:2306} INFO - Starting attempt 1 of 2
[2025-06-27T01:23:38.541+0000] {taskinstance.py:2330} INFO - Executing <Task(PythonOperator): run_retraining_pipeline> on 2025-06-27 01:23:27.693998+00:00
[2025-06-27T01:23:38.559+0000] {standard_task_runner.py:63} INFO - Started process 2255 to run task
[2025-06-27T01:23:38.565+0000] {standard_task_runner.py:90} INFO - Running: ['***', 'tasks', 'run', 'axonrooter_weekly_retraining', 'run_retraining_pipeline', 'manual__2025-06-27T01:23:27.693998+00:00', '--job-id', '38', '--raw', '--subdir', 'DAGS_FOLDER/retrain_og_dag.py', '--cfg-path', '/tmp/tmpugxwfk3l']
[2025-06-27T01:23:38.571+0000] {standard_task_runner.py:91} INFO - Job 38: Subtask run_retraining_pipeline
[2025-06-27T01:23:38.573+0000] {cli_action_loggers.py:70} DEBUG - Calling callbacks: [<function default_action_log at 0x7d08ca520ca0>]
[2025-06-27T01:23:38.648+0000] {taskinstance.py:1042} DEBUG - previous_execution_date was called
[2025-06-27T01:23:38.665+0000] {task_command.py:426} INFO - Running <TaskInstance: axonrooter_weekly_retraining.run_retraining_pipeline manual__2025-06-27T01:23:27.693998+00:00 [running]> on host a0c5969eb7a0
[2025-06-27T01:23:38.666+0000] {settings.py:363} DEBUG - Disposing DB connection pool (PID 2255)
[2025-06-27T01:23:38.667+0000] {settings.py:250} DEBUG - Setting up DB connection pool (PID 2255)
[2025-06-27T01:23:38.668+0000] {settings.py:298} DEBUG - settings.prepare_engine_args(): Using NullPool
[2025-06-27T01:23:38.731+0000] {taskinstance.py:1042} DEBUG - previous_execution_date was called
[2025-06-27T01:23:38.744+0000] {taskinstance.py:1845} DEBUG - Clearing XCom data
[2025-06-27T01:23:38.761+0000] {retries.py:91} DEBUG - Running RenderedTaskInstanceFields.write with retries. Try 1 of 3
[2025-06-27T01:23:38.794+0000] {retries.py:91} DEBUG - Running RenderedTaskInstanceFields._do_delete_old_records with retries. Try 1 of 3
[2025-06-27T01:23:38.817+0000] {taskinstance.py:2648} INFO - Exporting env vars: AIRFLOW_CTX_DAG_OWNER='***' AIRFLOW_CTX_DAG_ID='axonrooter_weekly_retraining' AIRFLOW_CTX_TASK_ID='run_retraining_pipeline' AIRFLOW_CTX_EXECUTION_DATE='2025-06-27T01:23:27.693998+00:00' AIRFLOW_CTX_TRY_NUMBER='1' AIRFLOW_CTX_DAG_RUN_ID='manual__2025-06-27T01:23:27.693998+00:00'
[2025-06-27T01:23:38.819+0000] {__init__.py:119} DEBUG - Preparing lineage inlets and outlets
[2025-06-27T01:23:38.822+0000] {__init__.py:158} DEBUG - inlets: [], outlets: []
[2025-06-27T01:23:38.823+0000] {taskinstance.py:430} INFO - ::endgroup::
[2025-06-27T01:23:38.843+0000] {base.py:84} INFO - Using connection ID 'azure_ml_conn' for task execution.
[2025-06-27T01:23:38.980+0000] {authority.py:75} DEBUG - Initializing with Entra authority: https://login.microsoftonline.com/0a33589b-0036-4fe8-a829-3ed0926af886
[2025-06-27T01:23:38.983+0000] {_universal.py:511} INFO - Request URL: 'https://login.microsoftonline.com/0a33589b-0036-4fe8-a829-3ed0926af886/v2.0/.well-known/openid-configuration'
Request method: 'GET'
Request headers:
    'User-Agent': 'azsdk-python-identity/1.23.0 Python/3.10.14 (Linux-6.6.87.1-microsoft-standard-WSL2-x86_64-with-glibc2.36)'
No body was attached to the request
[2025-06-27T01:23:39.687+0000] {_universal.py:547} INFO - Response status: 200
Response headers:
    'Cache-Control': 'max-age=86400, private'
    'Content-Type': 'application/json; charset=utf-8'
    'Strict-Transport-Security': 'REDACTED'
    'X-Content-Type-Options': 'REDACTED'
    'Access-Control-Allow-Origin': 'REDACTED'
    'Access-Control-Allow-Methods': 'REDACTED'
    'P3P': 'REDACTED'
    'x-ms-request-id': '47c048a1-ec05-4461-af05-00810d6a1100'
    'x-ms-ests-server': 'REDACTED'
    'x-ms-srs': 'REDACTED'
    'Content-Security-Policy-Report-Only': 'REDACTED'
    'X-XSS-Protection': 'REDACTED'
    'Set-Cookie': 'REDACTED'
    'Date': 'Fri, 27 Jun 2025 01:23:38 GMT'
    'Content-Length': '1753'
[2025-06-27T01:23:39.692+0000] {authority.py:96} DEBUG - openid_config("https://login.microsoftonline.com/0a33589b-0036-4fe8-a829-3ed0926af886/v2.0/.well-known/openid-configuration") = {'token_endpoint': '***', 'token_endpoint_auth_methods_supported': ['***', '***', '***'], 'jwks_uri': 'https://login.microsoftonline.com/0a33589b-0036-4fe8-a829-3ed0926af886/discovery/v2.0/keys', 'response_modes_supported': ['query', 'fragment', 'form_post'], 'subject_types_supported': ['pairwise'], 'id_token_signing_alg_values_supported': ['***'], 'response_types_supported': ['code', 'id_token', 'code id_token', 'id_token token'], 'scopes_supported': ['openid', 'profile', 'email', 'offline_access'], 'issuer': 'https://login.microsoftonline.com/0a33589b-0036-4fe8-a829-3ed0926af886/v2.0', 'request_uri_parameter_supported': False, 'userinfo_endpoint': 'https://graph.microsoft.com/oidc/userinfo', 'authorization_endpoint': '***', 'device_authorization_endpoint': '***', 'http_logout_supported': True, 'frontchannel_logout_supported': True, 'end_session_endpoint': 'https://login.microsoftonline.com/0a33589b-0036-4fe8-a829-3ed0926af886/oauth2/v2.0/logout', 'claims_supported': ['sub', 'iss', 'cloud_instance_name', 'cloud_instance_host_name', 'cloud_graph_host_name', 'msgraph_host', 'aud', 'exp', 'iat', 'auth_time', 'acr', 'nonce', 'preferred_username', 'name', 'tid', 'ver', 'at_hash', 'c_hash', 'email'], 'kerberos_endpoint': 'https://login.microsoftonline.com/0a33589b-0036-4fe8-a829-3ed0926af886/kerberos', 'tenant_region_scope': 'EU', 'cloud_instance_name': 'microsoftonline.com', 'cloud_graph_host_name': 'graph.windows.net', 'msgraph_host': 'graph.microsoft.com', 'rbac_url': 'https://pas.windows.net'}
[2025-06-27T01:23:39.694+0000] {application.py:705} DEBUG - Broker enabled? None
[2025-06-27T01:23:39.695+0000] {application.py:755} DEBUG - Region to be used: None
[2025-06-27T01:23:39.709+0000] {telemetry.py:37} DEBUG - Generate or reuse correlation_id: 7a7f41d7-fdb3-4039-ae86-3d428f2803dc
[2025-06-27T01:23:39.711+0000] {_universal.py:508} INFO - Request URL: 'https://login.microsoftonline.com/0a33589b-0036-4fe8-a829-3ed0926af886/oauth2/v2.0/token'
Request method: 'POST'
Request headers:
    'Accept': 'application/json'
    'x-client-sku': 'REDACTED'
    'x-client-ver': 'REDACTED'
    'x-client-os': 'REDACTED'
    'x-ms-lib-capability': 'REDACTED'
    'client-request-id': 'REDACTED'
    'x-client-current-telemetry': 'REDACTED'
    'x-client-last-telemetry': 'REDACTED'
    'User-Agent': 'azsdk-python-identity/1.23.0 Python/3.10.14 (Linux-6.6.87.1-microsoft-standard-WSL2-x86_64-with-glibc2.36)'
A body is sent with the request
[2025-06-27T01:23:39.827+0000] {_universal.py:547} INFO - Response status: 200
Response headers:
    'Cache-Control': 'no-store, no-cache'
    'Pragma': 'no-cache'
    'Content-Type': 'application/json; charset=utf-8'
    'Expires': '-1'
    'Strict-Transport-Security': 'REDACTED'
    'X-Content-Type-Options': 'REDACTED'
    'P3P': 'REDACTED'
    'client-request-id': 'REDACTED'
    'x-ms-request-id': '47c048a1-ec05-4461-af05-00810e6a1100'
    'x-ms-ests-server': 'REDACTED'
    'x-ms-clitelem': 'REDACTED'
    'x-ms-srs': 'REDACTED'
    'Content-Security-Policy-Report-Only': 'REDACTED'
    'X-XSS-Protection': 'REDACTED'
    'Set-Cookie': 'REDACTED'
    'Date': 'Fri, 27 Jun 2025 01:23:38 GMT'
    'Content-Length': '1668'
[2025-06-27T01:23:39.829+0000] {token_cache.py:204} DEBUG - event={
    "client_id": "27157a5a-3927-4895-8478-9d4554697d25",
    "data": {
        "claims": null,
        "scope": [
            "https://management.azure.com/.default"
        ]
    },
    "environment": "login.microsoftonline.com",
    "grant_type": "client_credentials",
    "params": null,
    "response": {
        "access_token": "********",
        "expires_in": 86399,
        "ext_expires_in": 86399,
        "refresh_in": 43199,
        "token_type": "Bearer"
    },
    "scope": [
        "https://management.azure.com/.default"
    ],
    "token_endpoint": "https://login.microsoftonline.com/0a33589b-0036-4fe8-a829-3ed0926af886/oauth2/v2.0/token"
}
[2025-06-27T01:23:39.831+0000] {get_token_mixin.py:148} INFO - ClientSecretCredential.get_token_info succeeded
[2025-06-27T01:23:39.832+0000] {_universal.py:511} INFO - Request URL: 'https://management.azure.com/subscriptions/0a94de80-6d3b-49f2-b3e9-ec5818862801/resourceGroups/buas-y2/providers/Microsoft.MachineLearningServices/workspaces/CV9-2025/data?api-version=REDACTED&listViewType=REDACTED'
Request method: 'GET'
Request headers:
    'Accept': 'application/json'
    'x-ms-client-request-id': '5aa631ac-52f5-11f0-a326-22676b4511cb'
    'User-Agent': 'azure-ai-ml/1.27.1 azsdk-python-mgmt-machinelearningservices/0.1.0 Python/3.10.14 (Linux-6.6.87.1-microsoft-standard-WSL2-x86_64-with-glibc2.36)'
    'Authorization': 'REDACTED'
No body was attached to the request
[2025-06-27T01:23:40.415+0000] {_universal.py:547} INFO - Response status: 200
Response headers:
    'Cache-Control': 'no-cache'
    'Pragma': 'no-cache'
    'Content-Length': '25882'
    'Content-Type': 'application/json; charset=utf-8'
    'Expires': '-1'
    'Vary': 'REDACTED'
    'x-ms-ratelimit-remaining-subscription-reads': '249'
    'x-ms-operation-identifier': 'REDACTED'
    'Request-Context': 'REDACTED'
    'x-ms-response-type': 'REDACTED'
    'Strict-Transport-Security': 'REDACTED'
    'X-Content-Type-Options': 'REDACTED'
    'azureml-served-by-cluster': 'REDACTED'
    'x-request-time': 'REDACTED'
    'x-ms-ratelimit-remaining-subscription-global-reads': 'REDACTED'
    'x-ms-request-id': 'bc2d4c76-db48-4fdd-8a3a-a8ae7e1cfe49'
    'x-ms-correlation-request-id': 'REDACTED'
    'x-ms-routing-request-id': 'REDACTED'
    'X-Cache': 'REDACTED'
    'X-MSEdge-Ref': 'Ref A: 9B98E1D8B02B45A980492DAA0D10B715 Ref B: AMS231032608021 Ref C: 2025-06-27T01:23:38Z'
    'Date': 'Fri, 27 Jun 2025 01:23:38 GMT'
[2025-06-27T01:23:40.434+0000] {logging_mixin.py:188} INFO - Using latest data asset: axonrooter_student_corrections_student_20250626_232448 (version: None, type: uri_folder)
[2025-06-27T01:23:40.437+0000] {logging_mixin.py:188} INFO - Latest data asset: Data({'path': None, 'skip_validation': False, 'mltable_schema_url': None, 'referenced_uris': None, 'type': 'uri_folder', 'is_anonymous': False, 'auto_increment_version': True, 'auto_delete_setting': None, 'name': 'axonrooter_student_corrections_student_20250626_232448', 'description': None, 'tags': {}, 'properties': {}, 'print_as_yaml': False, 'id': None, 'Resource__source_path': '', 'base_path': '/opt/***', 'creation_context': <azure.ai.ml.entities._system_data.SystemData object at 0x7d089608d630>, 'serialize': <msrest.serialization.Serializer object at 0x7d089608d720>, 'version': None, 'latest_version': '1', 'datastore': None})
[2025-06-27T01:23:40.438+0000] {logging_mixin.py:188} INFO - Dataset ID: None
[2025-06-27T01:23:40.439+0000] {logging_mixin.py:188} INFO - Dataset type: uri_folder
[2025-06-27T01:23:40.441+0000] {application.py:1553} DEBUG - Cache hit an AT
[2025-06-27T01:23:40.442+0000] {telemetry.py:37} DEBUG - Generate or reuse correlation_id: 1658c4ff-008e-43f7-bbe5-d2061d3856b3
[2025-06-27T01:23:40.443+0000] {get_token_mixin.py:148} INFO - ClientSecretCredential.get_token_info succeeded
[2025-06-27T01:23:40.444+0000] {_universal.py:511} INFO - Request URL: 'https://management.azure.com/subscriptions/0a94de80-6d3b-49f2-b3e9-ec5818862801/resourceGroups/buas-y2/providers/Microsoft.MachineLearningServices/workspaces/CV9-2025/components/train2/versions/5?api-version=REDACTED'
Request method: 'GET'
Request headers:
    'Accept': 'application/json'
    'x-ms-client-request-id': '5b855062-52f5-11f0-a326-22676b4511cb'
    'User-Agent': 'azure-ai-ml/1.27.1 azsdk-python-mgmt-machinelearningservices/0.1.0 Python/3.10.14 (Linux-6.6.87.1-microsoft-standard-WSL2-x86_64-with-glibc2.36)'
    'Authorization': 'REDACTED'
No body was attached to the request
[2025-06-27T01:23:41.000+0000] {_universal.py:547} INFO - Response status: 200
Response headers:
    'Cache-Control': 'no-cache'
    'Pragma': 'no-cache'
    'Content-Length': '1966'
    'Content-Type': 'application/json; charset=utf-8'
    'Expires': '-1'
    'Vary': 'REDACTED'
    'x-ms-ratelimit-remaining-subscription-reads': '249'
    'x-ms-operation-identifier': 'REDACTED'
    'Request-Context': 'REDACTED'
    'x-ms-response-type': 'REDACTED'
    'Strict-Transport-Security': 'REDACTED'
    'X-Content-Type-Options': 'REDACTED'
    'azureml-served-by-cluster': 'REDACTED'
    'x-request-time': 'REDACTED'
    'x-ms-ratelimit-remaining-subscription-global-reads': 'REDACTED'
    'x-ms-request-id': '9fe9766a-ae41-49e5-a1b3-f49dd13992ba'
    'x-ms-correlation-request-id': 'REDACTED'
    'x-ms-routing-request-id': 'REDACTED'
    'X-Cache': 'REDACTED'
    'X-MSEdge-Ref': 'Ref A: 9E470C4BC4FC4A8D8FFFFBFB03327608 Ref B: AMS231022012039 Ref C: 2025-06-27T01:23:39Z'
    'Date': 'Fri, 27 Jun 2025 01:23:39 GMT'
[2025-06-27T01:23:41.058+0000] {_universal.py:511} INFO - Request URL: 'https://management.azure.com/subscriptions/0a94de80-6d3b-49f2-b3e9-ec5818862801/resourceGroups/buas-y2/providers/Microsoft.MachineLearningServices/workspaces/CV9-2025/components/evaluate2/versions/2?api-version=REDACTED'
Request method: 'GET'
Request headers:
    'Accept': 'application/json'
    'x-ms-client-request-id': '5be35b76-52f5-11f0-a326-22676b4511cb'
    'User-Agent': 'azure-ai-ml/1.27.1 azsdk-python-mgmt-machinelearningservices/0.1.0 Python/3.10.14 (Linux-6.6.87.1-microsoft-standard-WSL2-x86_64-with-glibc2.36)'
    'Authorization': 'REDACTED'
No body was attached to the request
[2025-06-27T01:23:41.423+0000] {_universal.py:547} INFO - Response status: 200
Response headers:
    'Cache-Control': 'no-cache'
    'Pragma': 'no-cache'
    'Content-Length': '1957'
    'Content-Type': 'application/json; charset=utf-8'
    'Expires': '-1'
    'Vary': 'REDACTED'
    'x-ms-ratelimit-remaining-subscription-reads': '249'
    'x-ms-operation-identifier': 'REDACTED'
    'Request-Context': 'REDACTED'
    'x-ms-response-type': 'REDACTED'
    'Strict-Transport-Security': 'REDACTED'
    'X-Content-Type-Options': 'REDACTED'
    'azureml-served-by-cluster': 'REDACTED'
    'x-request-time': 'REDACTED'
    'x-ms-ratelimit-remaining-subscription-global-reads': 'REDACTED'
    'x-ms-request-id': '00a7228c-8121-4d21-b5ac-8ccbe04791db'
    'x-ms-correlation-request-id': 'REDACTED'
    'x-ms-routing-request-id': 'REDACTED'
    'X-Cache': 'REDACTED'
    'X-MSEdge-Ref': 'Ref A: B30B4B094A174871891BC1B43D436D5D Ref B: AMS231022012039 Ref C: 2025-06-27T01:23:39Z'
    'Date': 'Fri, 27 Jun 2025 01:23:39 GMT'
[2025-06-27T01:23:41.431+0000] {_universal.py:511} INFO - Request URL: 'https://management.azure.com/subscriptions/0a94de80-6d3b-49f2-b3e9-ec5818862801/resourceGroups/buas-y2/providers/Microsoft.MachineLearningServices/workspaces/CV9-2025/components/register2/versions/2?api-version=REDACTED'
Request method: 'GET'
Request headers:
    'Accept': 'application/json'
    'x-ms-client-request-id': '5c1c537c-52f5-11f0-a326-22676b4511cb'
    'User-Agent': 'azure-ai-ml/1.27.1 azsdk-python-mgmt-machinelearningservices/0.1.0 Python/3.10.14 (Linux-6.6.87.1-microsoft-standard-WSL2-x86_64-with-glibc2.36)'
    'Authorization': 'REDACTED'
No body was attached to the request
[2025-06-27T01:23:41.747+0000] {_universal.py:547} INFO - Response status: 200
Response headers:
    'Cache-Control': 'no-cache'
    'Pragma': 'no-cache'
    'Content-Length': '1942'
    'Content-Type': 'application/json; charset=utf-8'
    'Expires': '-1'
    'Vary': 'REDACTED'
    'x-ms-ratelimit-remaining-subscription-reads': '249'
    'x-ms-operation-identifier': 'REDACTED'
    'Request-Context': 'REDACTED'
    'x-ms-response-type': 'REDACTED'
    'Strict-Transport-Security': 'REDACTED'
    'X-Content-Type-Options': 'REDACTED'
    'azureml-served-by-cluster': 'REDACTED'
    'x-request-time': 'REDACTED'
    'x-ms-ratelimit-remaining-subscription-global-reads': 'REDACTED'
    'x-ms-request-id': '3eac2493-3c3d-4ee0-8723-67f9bd00c3e7'
    'x-ms-correlation-request-id': 'REDACTED'
    'x-ms-routing-request-id': 'REDACTED'
    'X-Cache': 'REDACTED'
    'X-MSEdge-Ref': 'Ref A: CC30C0C30E8849B4886110949D66480A Ref B: AMS231022012039 Ref C: 2025-06-27T01:23:40Z'
    'Date': 'Fri, 27 Jun 2025 01:23:40 GMT'
[2025-06-27T01:23:41.754+0000] {application.py:1553} DEBUG - Cache hit an AT
[2025-06-27T01:23:41.755+0000] {telemetry.py:37} DEBUG - Generate or reuse correlation_id: 4d9ab7bb-f415-4429-bb78-007889ba8426
[2025-06-27T01:23:41.756+0000] {get_token_mixin.py:148} INFO - ClientSecretCredential.get_token_info succeeded
[2025-06-27T01:23:41.757+0000] {_universal.py:511} INFO - Request URL: 'https://management.azure.com/subscriptions/0a94de80-6d3b-49f2-b3e9-ec5818862801/resourceGroups/buas-y2/providers/Microsoft.MachineLearningServices/workspaces/CV9-2025/models/axonrooter-finetuned/versions/8?api-version=REDACTED'
Request method: 'GET'
Request headers:
    'Accept': 'application/json'
    'x-ms-client-request-id': '5c4d8f46-52f5-11f0-a326-22676b4511cb'
    'User-Agent': 'azure-ai-ml/1.27.1 azsdk-python-mgmt-machinelearningservices/0.1.0 Python/3.10.14 (Linux-6.6.87.1-microsoft-standard-WSL2-x86_64-with-glibc2.36)'
    'Authorization': 'REDACTED'
No body was attached to the request
[2025-06-27T01:23:42.129+0000] {_universal.py:547} INFO - Response status: 200
Response headers:
    'Cache-Control': 'no-cache'
    'Pragma': 'no-cache'
    'Content-Length': '1214'
    'Content-Type': 'application/json; charset=utf-8'
    'Expires': '-1'
    'Vary': 'REDACTED'
    'x-ms-ratelimit-remaining-subscription-reads': '249'
    'x-ms-operation-identifier': 'REDACTED'
    'Request-Context': 'REDACTED'
    'x-ms-response-type': 'REDACTED'
    'Strict-Transport-Security': 'REDACTED'
    'X-Content-Type-Options': 'REDACTED'
    'azureml-served-by-cluster': 'REDACTED'
    'x-request-time': 'REDACTED'
    'x-ms-ratelimit-remaining-subscription-global-reads': 'REDACTED'
    'x-ms-request-id': '036a8ebc-8bd7-4f67-b134-025c64ece66e'
    'x-ms-correlation-request-id': 'REDACTED'
    'x-ms-routing-request-id': 'REDACTED'
    'X-Cache': 'REDACTED'
    'X-MSEdge-Ref': 'Ref A: F63D3E88C2204B92B249F841140DFEE6 Ref B: AMS231032608009 Ref C: 2025-06-27T01:23:40Z'
    'Date': 'Fri, 27 Jun 2025 01:23:40 GMT'
[2025-06-27T01:23:42.136+0000] {logging_mixin.py:188} INFO - Pretrained model: Model({'job_name': None, 'intellectual_property': None, 'system_metadata': None, 'is_anonymous': False, 'auto_increment_version': False, 'auto_delete_setting': None, 'name': 'axonrooter-finetuned', 'description': 'Fine-tuned AxonRooter model with F1 score: 0.8542', 'tags': {}, 'properties': {}, 'print_as_yaml': False, 'id': '/subscriptions/0a94de80-6d3b-49f2-b3e9-ec5818862801/resourceGroups/buas-y2/providers/Microsoft.MachineLearningServices/workspaces/CV9-2025/models/axonrooter-finetuned/versions/8', 'Resource__source_path': '', 'base_path': '/opt/***', 'creation_context': <azure.ai.ml.entities._system_data.SystemData object at 0x7d089608e6b0>, 'serialize': <msrest.serialization.Serializer object at 0x7d089608e950>, 'version': '8', 'latest_version': None, 'path': 'azureml://subscriptions/0a94de80-6d3b-49f2-b3e9-ec5818862801/resourceGroups/buas-y2/workspaces/CV9-2025/datastores/workspaceblobstore/paths/LocalUpload/44a545d5e4e063564f2d3431fd505798/INPUT_model', 'datastore': None, 'utc_time_created': None, 'flavors': None, 'arm_type': 'model_version', 'type': 'custom_model', 'stage': 'Development'})
[2025-06-27T01:23:42.137+0000] {logging_mixin.py:188} INFO - Pretrained model path: azureml://subscriptions/0a94de80-6d3b-49f2-b3e9-ec5818862801/resourceGroups/buas-y2/workspaces/CV9-2025/datastores/workspaceblobstore/paths/LocalUpload/44a545d5e4e063564f2d3431fd505798/INPUT_model
[2025-06-27T01:23:43.326+0000] {log.py:232} WARNING - Class AutoDeleteSettingSchema: This is an experimental class, and may change at any time. Please see https://aka.ms/azuremlexperimental for more information.
[2025-06-27T01:23:43.339+0000] {log.py:232} WARNING - Class AutoDeleteConditionSchema: This is an experimental class, and may change at any time. Please see https://aka.ms/azuremlexperimental for more information.
[2025-06-27T01:23:43.350+0000] {log.py:232} WARNING - Class BaseAutoDeleteSettingSchema: This is an experimental class, and may change at any time. Please see https://aka.ms/azuremlexperimental for more information.
[2025-06-27T01:23:43.365+0000] {log.py:232} WARNING - Class IntellectualPropertySchema: This is an experimental class, and may change at any time. Please see https://aka.ms/azuremlexperimental for more information.
[2025-06-27T01:23:43.377+0000] {log.py:232} WARNING - Class ProtectionLevelSchema: This is an experimental class, and may change at any time. Please see https://aka.ms/azuremlexperimental for more information.
[2025-06-27T01:23:43.388+0000] {log.py:232} WARNING - Class BaseIntellectualPropertySchema: This is an experimental class, and may change at any time. Please see https://aka.ms/azuremlexperimental for more information.
[2025-06-27T01:23:43.401+0000] {_attr_dict.py:109} DEBUG - getting schema_ignored
[2025-06-27T01:23:43.402+0000] {_attr_dict.py:122} DEBUG - setting schema_ignored to {}
[2025-06-27T01:23:43.407+0000] {_attr_dict.py:109} DEBUG - getting schema_ignored
[2025-06-27T01:23:43.408+0000] {_attr_dict.py:122} DEBUG - setting schema_ignored to {}
[2025-06-27T01:23:43.409+0000] {_attr_dict.py:109} DEBUG - getting schema_ignored
[2025-06-27T01:23:43.410+0000] {_attr_dict.py:122} DEBUG - setting schema_ignored to {}
[2025-06-27T01:23:43.451+0000] {_attr_dict.py:109} DEBUG - getting schema_ignored
[2025-06-27T01:23:43.453+0000] {_attr_dict.py:122} DEBUG - setting schema_ignored to {}
[2025-06-27T01:23:43.474+0000] {_attr_dict.py:109} DEBUG - getting schema_ignored
[2025-06-27T01:23:43.475+0000] {_attr_dict.py:122} DEBUG - setting schema_ignored to {}
[2025-06-27T01:23:43.492+0000] {_attr_dict.py:109} DEBUG - getting schema_ignored
[2025-06-27T01:23:43.493+0000] {_attr_dict.py:122} DEBUG - setting schema_ignored to {}
[2025-06-27T01:23:43.505+0000] {_universal.py:511} INFO - Request URL: 'https://management.azure.com/subscriptions/0a94de80-6d3b-49f2-b3e9-ec5818862801/resourceGroups/buas-y2/providers/Microsoft.MachineLearningServices/workspaces/CV9-2025/computes/adsai-lambda-2?api-version=REDACTED'
Request method: 'GET'
Request headers:
    'Accept': 'application/json'
    'x-ms-client-request-id': '5d58d18e-52f5-11f0-a326-22676b4511cb'
    'User-Agent': 'azure-ai-ml/1.27.1 azsdk-python-mgmt-machinelearningservices/0.1.0 Python/3.10.14 (Linux-6.6.87.1-microsoft-standard-WSL2-x86_64-with-glibc2.36)'
    'Authorization': 'REDACTED'
No body was attached to the request
[2025-06-27T01:23:43.566+0000] {retries.py:91} DEBUG - Running Job._fetch_from_db with retries. Try 1 of 3
[2025-06-27T01:23:43.583+0000] {retries.py:91} DEBUG - Running Job._update_heartbeat with retries. Try 1 of 3
[2025-06-27T01:23:43.609+0000] {job.py:214} DEBUG - [heartbeat]
[2025-06-27T01:23:44.061+0000] {_universal.py:547} INFO - Response status: 200
Response headers:
    'Cache-Control': 'no-cache'
    'Pragma': 'no-cache'
    'Content-Length': '2753'
    'Content-Type': 'application/json; charset=utf-8'
    'Expires': '-1'
    'Vary': 'REDACTED'
    'x-ms-ratelimit-remaining-subscription-reads': '249'
    'x-ms-operation-identifier': 'REDACTED'
    'Request-Context': 'REDACTED'
    'x-ms-response-type': 'REDACTED'
    'Strict-Transport-Security': 'REDACTED'
    'X-Content-Type-Options': 'REDACTED'
    'azureml-served-by-cluster': 'REDACTED'
    'x-request-time': 'REDACTED'
    'x-ms-ratelimit-remaining-subscription-global-reads': 'REDACTED'
    'x-ms-request-id': '7f25fb42-b3d5-43da-87ae-75176aa1bbe0'
    'x-ms-correlation-request-id': 'REDACTED'
    'x-ms-routing-request-id': 'REDACTED'
    'X-Cache': 'REDACTED'
    'X-MSEdge-Ref': 'Ref A: A773EAEB4E804755AE1379C1180D33A3 Ref B: AMS231032608009 Ref C: 2025-06-27T01:23:42Z'
    'Date': 'Fri, 27 Jun 2025 01:23:42 GMT'
[2025-06-27T01:23:44.078+0000] {taskinstance.py:441} INFO - ::group::Post task execution logs
[2025-06-27T01:23:44.080+0000] {taskinstance.py:2905} ERROR - Task failed with exception
Traceback (most recent call last):
  File "/home/airflow/.local/lib/python3.10/site-packages/azure/ai/ml/operations/_job_operations.py", line 680, in create_or_update
    self._resolve_arm_id_or_upload_dependencies(job)
  File "/home/airflow/.local/lib/python3.10/site-packages/azure/ai/ml/operations/_job_operations.py", line 1137, in _resolve_arm_id_or_upload_dependencies
    self._resolve_arm_id_or_azureml_id(job, self._orchestrators.get_asset_arm_id)
  File "/home/airflow/.local/lib/python3.10/site-packages/azure/ai/ml/operations/_job_operations.py", line 1428, in _resolve_arm_id_or_azureml_id
    job = self._resolve_arm_id_for_pipeline_job(job, resolver)
  File "/home/airflow/.local/lib/python3.10/site-packages/azure/ai/ml/operations/_job_operations.py", line 1617, in _resolve_arm_id_for_pipeline_job
    self._component_operations._resolve_dependencies_for_pipeline_component_jobs(
  File "/home/airflow/.local/lib/python3.10/site-packages/azure/ai/ml/operations/_component_operations.py", line 1152, in _resolve_dependencies_for_pipeline_component_jobs
    self._resolve_inputs_for_pipeline_component_jobs(component.jobs, component._base_path)
  File "/home/airflow/.local/lib/python3.10/site-packages/azure/ai/ml/operations/_component_operations.py", line 903, in _resolve_inputs_for_pipeline_component_jobs
    self._job_operations._resolve_job_inputs(
  File "/home/airflow/.local/lib/python3.10/site-packages/azure/ai/ml/operations/_job_operations.py", line 1255, in _resolve_job_inputs
    self._resolve_job_input(entry, base_path)
  File "/home/airflow/.local/lib/python3.10/site-packages/azure/ai/ml/operations/_job_operations.py", line 1295, in _resolve_job_input
    raise ValidationException(
azure.ai.ml.exceptions.ValidationException: Input path can't be empty for jobs.

During handling of the above exception, another exception occurred:

Traceback (most recent call last):
  File "/home/airflow/.local/lib/python3.10/site-packages/airflow/models/taskinstance.py", line 465, in _execute_task
    result = _execute_callable(context=context, **execute_callable_kwargs)
  File "/home/airflow/.local/lib/python3.10/site-packages/airflow/models/taskinstance.py", line 432, in _execute_callable
    return execute_callable(context=context, **execute_callable_kwargs)
  File "/home/airflow/.local/lib/python3.10/site-packages/airflow/models/baseoperator.py", line 400, in wrapper
    return func(self, *args, **kwargs)
  File "/home/airflow/.local/lib/python3.10/site-packages/airflow/operators/python.py", line 235, in execute
    return_value = self.execute_callable()
  File "/home/airflow/.local/lib/python3.10/site-packages/airflow/operators/python.py", line 252, in execute_callable
    return self.python_callable(*self.op_args, **self.op_kwargs)
  File "/opt/airflow/dags/retrain_og_dag.py", line 81, in run_pipeline
    ml_client.jobs.create_or_update(job, experiment_name="axonrooter_weekly_retrain")
  File "/home/airflow/.local/lib/python3.10/site-packages/azure/core/tracing/decorator.py", line 119, in wrapper_use_tracer
    return func(*args, **kwargs)
  File "/home/airflow/.local/lib/python3.10/site-packages/azure/ai/ml/_telemetry/activity.py", line 371, in wrapper
    return_value = f(*args, **kwargs)
  File "/home/airflow/.local/lib/python3.10/site-packages/azure/ai/ml/operations/_job_operations.py", line 682, in create_or_update
    log_and_raise_error(ex)
  File "/home/airflow/.local/lib/python3.10/site-packages/azure/ai/ml/_exception_helper.py", line 337, in log_and_raise_error
    raise MlException(message=formatted_error, no_personal_data_message=formatted_error)
azure.ai.ml.exceptions.MlException: 
[37m
[30m
1) At least one required parameter is missing[39m[39m

Details: 

[31m(x) Input path can't be empty for jobs.[39m

Resolutions: 
1) Ensure all parameters required by the Job schema are specified.
If using the CLI, you can also check the full log in debug mode for more details by adding --debug to the end of your command

Additional Resources: The easiest way to author a yaml specification file is using IntelliSense and auto-completion Azure ML VS code extension provides: [36mhttps://code.visualstudio.com/docs/datascience/azure-machine-learning.[39m To set up VS Code, visit [36mhttps://learn.microsoft.com/azure/machine-learning/how-to-setup-vs-code[39m

[2025-06-27T01:23:44.101+0000] {taskinstance.py:562} DEBUG - Task Duration set to 5.601136
[2025-06-27T01:23:44.104+0000] {taskinstance.py:584} DEBUG - Clearing next_method and next_kwargs.
[2025-06-27T01:23:44.105+0000] {taskinstance.py:1206} INFO - Marking task as UP_FOR_RETRY. dag_id=axonrooter_weekly_retraining, task_id=run_retraining_pipeline, run_id=manual__2025-06-27T01:23:27.693998+00:00, execution_date=20250627T012327, start_date=20250627T012338, end_date=20250627T012344
[2025-06-27T01:23:44.133+0000] {cli_action_loggers.py:88} DEBUG - Calling callbacks: []
[2025-06-27T01:23:44.134+0000] {standard_task_runner.py:110} ERROR - Failed to execute job 38 for task run_retraining_pipeline (
[37m
[30m
1) At least one required parameter is missing[39m[39m

Details: 

[31m(x) Input path can't be empty for jobs.[39m

Resolutions: 
1) Ensure all parameters required by the Job schema are specified.
If using the CLI, you can also check the full log in debug mode for more details by adding --debug to the end of your command

Additional Resources: The easiest way to author a yaml specification file is using IntelliSense and auto-completion Azure ML VS code extension provides: [36mhttps://code.visualstudio.com/docs/datascience/azure-machine-learning.[39m To set up VS Code, visit [36mhttps://learn.microsoft.com/azure/machine-learning/how-to-setup-vs-code[39m
; 2255)
[2025-06-27T01:23:44.225+0000] {local_task_job_runner.py:240} INFO - Task exited with return code 1
[2025-06-27T01:23:44.252+0000] {dagrun.py:932} DEBUG - number of tis tasks for <DagRun axonrooter_weekly_retraining @ 2025-06-27 01:23:27.693998+00:00: manual__2025-06-27T01:23:27.693998+00:00, state:running, queued_at: 2025-06-27 01:23:27.981545+00:00. externally triggered: True>: 0 task(s)
[2025-06-27T01:23:44.253+0000] {taskinstance.py:3498} INFO - 0 downstream tasks scheduled from follow-on schedule check
[2025-06-27T01:23:44.256+0000] {local_task_job_runner.py:222} INFO - ::endgroup::
