[2025-06-27T01:28:54.526+0000] {taskinstance.py:1042} DEBUG - previous_execution_date was called
[2025-06-27T01:28:54.578+0000] {__init__.py:54} DEBUG - Loading core task runner: StandardTaskRunner
[2025-06-27T01:28:54.606+0000] {taskinstance.py:1042} DEBUG - previous_execution_date was called
[2025-06-27T01:28:54.623+0000] {base_task_runner.py:73} DEBUG - Planning to run as the  user
[2025-06-27T01:28:54.631+0000] {local_task_job_runner.py:120} INFO - ::group::Pre task execution logs
[2025-06-27T01:28:54.663+0000] {taskinstance.py:2088} DEBUG - <TaskInstance: axonrooter_weekly_retraining.run_retraining_pipeline manual__2025-06-27T01:23:27.693998+00:00 [queued]> dependency 'Not In Retry Period' PASSED: True, The task instance was not marked for retrying.
[2025-06-27T01:28:54.665+0000] {taskinstance.py:2088} DEBUG - <TaskInstance: axonrooter_weekly_retraining.run_retraining_pipeline manual__2025-06-27T01:23:27.693998+00:00 [queued]> dependency 'Task Instance Not Running' PASSED: True, Task is not in running state.
[2025-06-27T01:28:54.675+0000] {taskinstance.py:2088} DEBUG - <TaskInstance: axonrooter_weekly_retraining.run_retraining_pipeline manual__2025-06-27T01:23:27.693998+00:00 [queued]> dependency 'Trigger Rule' PASSED: True, The task instance did not have any upstream tasks.
[2025-06-27T01:28:54.677+0000] {taskinstance.py:2088} DEBUG - <TaskInstance: axonrooter_weekly_retraining.run_retraining_pipeline manual__2025-06-27T01:23:27.693998+00:00 [queued]> dependency 'Previous Dagrun State' PASSED: True, The task did not have depends_on_past set.
[2025-06-27T01:28:54.678+0000] {taskinstance.py:2088} DEBUG - <TaskInstance: axonrooter_weekly_retraining.run_retraining_pipeline manual__2025-06-27T01:23:27.693998+00:00 [queued]> dependency 'Task Instance State' PASSED: True, Task state queued was valid.
[2025-06-27T01:28:54.679+0000] {taskinstance.py:2076} INFO - Dependencies all met for dep_context=non-requeueable deps ti=<TaskInstance: axonrooter_weekly_retraining.run_retraining_pipeline manual__2025-06-27T01:23:27.693998+00:00 [queued]>
[2025-06-27T01:28:54.690+0000] {taskinstance.py:2088} DEBUG - <TaskInstance: axonrooter_weekly_retraining.run_retraining_pipeline manual__2025-06-27T01:23:27.693998+00:00 [queued]> dependency 'Pool Slots Available' PASSED: True, There are enough open slots in default_pool to execute the task
[2025-06-27T01:28:54.691+0000] {taskinstance.py:2088} DEBUG - <TaskInstance: axonrooter_weekly_retraining.run_retraining_pipeline manual__2025-06-27T01:23:27.693998+00:00 [queued]> dependency 'Task Concurrency' PASSED: True, Task concurrency is not set.
[2025-06-27T01:28:54.694+0000] {taskinstance.py:2088} DEBUG - <TaskInstance: axonrooter_weekly_retraining.run_retraining_pipeline manual__2025-06-27T01:23:27.693998+00:00 [queued]> dependency 'Trigger Rule' PASSED: True, The task instance did not have any upstream tasks.
[2025-06-27T01:28:54.695+0000] {taskinstance.py:2088} DEBUG - <TaskInstance: axonrooter_weekly_retraining.run_retraining_pipeline manual__2025-06-27T01:23:27.693998+00:00 [queued]> dependency 'Previous Dagrun State' PASSED: True, The task did not have depends_on_past set.
[2025-06-27T01:28:54.696+0000] {taskinstance.py:2088} DEBUG - <TaskInstance: axonrooter_weekly_retraining.run_retraining_pipeline manual__2025-06-27T01:23:27.693998+00:00 [queued]> dependency 'Not In Retry Period' PASSED: True, The task instance was not marked for retrying.
[2025-06-27T01:28:54.697+0000] {taskinstance.py:2076} INFO - Dependencies all met for dep_context=requeueable deps ti=<TaskInstance: axonrooter_weekly_retraining.run_retraining_pipeline manual__2025-06-27T01:23:27.693998+00:00 [queued]>
[2025-06-27T01:28:54.697+0000] {taskinstance.py:2306} INFO - Starting attempt 2 of 2
[2025-06-27T01:28:54.722+0000] {taskinstance.py:2330} INFO - Executing <Task(PythonOperator): run_retraining_pipeline> on 2025-06-27 01:23:27.693998+00:00
[2025-06-27T01:28:54.749+0000] {standard_task_runner.py:63} INFO - Started process 2321 to run task
[2025-06-27T01:28:54.756+0000] {standard_task_runner.py:90} INFO - Running: ['***', 'tasks', 'run', 'axonrooter_weekly_retraining', 'run_retraining_pipeline', 'manual__2025-06-27T01:23:27.693998+00:00', '--job-id', '39', '--raw', '--subdir', 'DAGS_FOLDER/retrain_og_dag.py', '--cfg-path', '/tmp/tmpm4ztla9_']
[2025-06-27T01:28:54.763+0000] {standard_task_runner.py:91} INFO - Job 39: Subtask run_retraining_pipeline
[2025-06-27T01:28:54.765+0000] {cli_action_loggers.py:70} DEBUG - Calling callbacks: [<function default_action_log at 0x7d08ca520ca0>]
[2025-06-27T01:28:54.869+0000] {taskinstance.py:1042} DEBUG - previous_execution_date was called
[2025-06-27T01:28:54.889+0000] {task_command.py:426} INFO - Running <TaskInstance: axonrooter_weekly_retraining.run_retraining_pipeline manual__2025-06-27T01:23:27.693998+00:00 [running]> on host a0c5969eb7a0
[2025-06-27T01:28:54.891+0000] {settings.py:363} DEBUG - Disposing DB connection pool (PID 2321)
[2025-06-27T01:28:54.893+0000] {settings.py:250} DEBUG - Setting up DB connection pool (PID 2321)
[2025-06-27T01:28:54.894+0000] {settings.py:298} DEBUG - settings.prepare_engine_args(): Using NullPool
[2025-06-27T01:28:54.976+0000] {taskinstance.py:1042} DEBUG - previous_execution_date was called
[2025-06-27T01:28:54.987+0000] {taskinstance.py:1845} DEBUG - Clearing XCom data
[2025-06-27T01:28:55.004+0000] {retries.py:91} DEBUG - Running RenderedTaskInstanceFields.write with retries. Try 1 of 3
[2025-06-27T01:28:55.043+0000] {retries.py:91} DEBUG - Running RenderedTaskInstanceFields._do_delete_old_records with retries. Try 1 of 3
[2025-06-27T01:28:55.064+0000] {taskinstance.py:2648} INFO - Exporting env vars: AIRFLOW_CTX_DAG_OWNER='***' AIRFLOW_CTX_DAG_ID='axonrooter_weekly_retraining' AIRFLOW_CTX_TASK_ID='run_retraining_pipeline' AIRFLOW_CTX_EXECUTION_DATE='2025-06-27T01:23:27.693998+00:00' AIRFLOW_CTX_TRY_NUMBER='2' AIRFLOW_CTX_DAG_RUN_ID='manual__2025-06-27T01:23:27.693998+00:00'
[2025-06-27T01:28:55.065+0000] {__init__.py:119} DEBUG - Preparing lineage inlets and outlets
[2025-06-27T01:28:55.068+0000] {__init__.py:158} DEBUG - inlets: [], outlets: []
[2025-06-27T01:28:55.069+0000] {taskinstance.py:430} INFO - ::endgroup::
[2025-06-27T01:28:55.088+0000] {base.py:84} INFO - Using connection ID 'azure_ml_conn' for task execution.
[2025-06-27T01:28:55.233+0000] {authority.py:75} DEBUG - Initializing with Entra authority: https://login.microsoftonline.com/0a33589b-0036-4fe8-a829-3ed0926af886
[2025-06-27T01:28:55.236+0000] {_universal.py:511} INFO - Request URL: 'https://login.microsoftonline.com/0a33589b-0036-4fe8-a829-3ed0926af886/v2.0/.well-known/openid-configuration'
Request method: 'GET'
Request headers:
    'User-Agent': 'azsdk-python-identity/1.23.0 Python/3.10.14 (Linux-6.6.87.1-microsoft-standard-WSL2-x86_64-with-glibc2.36)'
No body was attached to the request
[2025-06-27T01:28:56.026+0000] {_universal.py:547} INFO - Response status: 200
Response headers:
    'Cache-Control': 'max-age=86400, private'
    'Content-Type': 'application/json; charset=utf-8'
    'Strict-Transport-Security': 'REDACTED'
    'X-Content-Type-Options': 'REDACTED'
    'Access-Control-Allow-Origin': 'REDACTED'
    'Access-Control-Allow-Methods': 'REDACTED'
    'P3P': 'REDACTED'
    'x-ms-request-id': '3b12bec4-ed43-4489-942d-d8c5fdde2700'
    'x-ms-ests-server': 'REDACTED'
    'x-ms-srs': 'REDACTED'
    'Content-Security-Policy-Report-Only': 'REDACTED'
    'X-XSS-Protection': 'REDACTED'
    'Set-Cookie': 'REDACTED'
    'Date': 'Fri, 27 Jun 2025 01:28:53 GMT'
    'Content-Length': '1753'
[2025-06-27T01:28:56.031+0000] {authority.py:96} DEBUG - openid_config("https://login.microsoftonline.com/0a33589b-0036-4fe8-a829-3ed0926af886/v2.0/.well-known/openid-configuration") = {'token_endpoint': '***', 'token_endpoint_auth_methods_supported': ['***', '***', '***'], 'jwks_uri': 'https://login.microsoftonline.com/0a33589b-0036-4fe8-a829-3ed0926af886/discovery/v2.0/keys', 'response_modes_supported': ['query', 'fragment', 'form_post'], 'subject_types_supported': ['pairwise'], 'id_token_signing_alg_values_supported': ['***'], 'response_types_supported': ['code', 'id_token', 'code id_token', 'id_token token'], 'scopes_supported': ['openid', 'profile', 'email', 'offline_access'], 'issuer': 'https://login.microsoftonline.com/0a33589b-0036-4fe8-a829-3ed0926af886/v2.0', 'request_uri_parameter_supported': False, 'userinfo_endpoint': 'https://graph.microsoft.com/oidc/userinfo', 'authorization_endpoint': '***', 'device_authorization_endpoint': '***', 'http_logout_supported': True, 'frontchannel_logout_supported': True, 'end_session_endpoint': 'https://login.microsoftonline.com/0a33589b-0036-4fe8-a829-3ed0926af886/oauth2/v2.0/logout', 'claims_supported': ['sub', 'iss', 'cloud_instance_name', 'cloud_instance_host_name', 'cloud_graph_host_name', 'msgraph_host', 'aud', 'exp', 'iat', 'auth_time', 'acr', 'nonce', 'preferred_username', 'name', 'tid', 'ver', 'at_hash', 'c_hash', 'email'], 'kerberos_endpoint': 'https://login.microsoftonline.com/0a33589b-0036-4fe8-a829-3ed0926af886/kerberos', 'tenant_region_scope': 'EU', 'cloud_instance_name': 'microsoftonline.com', 'cloud_graph_host_name': 'graph.windows.net', 'msgraph_host': 'graph.microsoft.com', 'rbac_url': 'https://pas.windows.net'}
[2025-06-27T01:28:56.032+0000] {application.py:705} DEBUG - Broker enabled? None
[2025-06-27T01:28:56.034+0000] {application.py:755} DEBUG - Region to be used: None
[2025-06-27T01:28:56.047+0000] {telemetry.py:37} DEBUG - Generate or reuse correlation_id: 481fef48-46b3-466c-b06e-6c6c526549e5
[2025-06-27T01:28:56.049+0000] {_universal.py:508} INFO - Request URL: 'https://login.microsoftonline.com/0a33589b-0036-4fe8-a829-3ed0926af886/oauth2/v2.0/token'
Request method: 'POST'
Request headers:
    'Accept': 'application/json'
    'x-client-sku': 'REDACTED'
    'x-client-ver': 'REDACTED'
    'x-client-os': 'REDACTED'
    'x-ms-lib-capability': 'REDACTED'
    'client-request-id': 'REDACTED'
    'x-client-current-telemetry': 'REDACTED'
    'x-client-last-telemetry': 'REDACTED'
    'User-Agent': 'azsdk-python-identity/1.23.0 Python/3.10.14 (Linux-6.6.87.1-microsoft-standard-WSL2-x86_64-with-glibc2.36)'
A body is sent with the request
[2025-06-27T01:28:56.168+0000] {_universal.py:547} INFO - Response status: 200
Response headers:
    'Cache-Control': 'no-store, no-cache'
    'Pragma': 'no-cache'
    'Content-Type': 'application/json; charset=utf-8'
    'Expires': '-1'
    'Strict-Transport-Security': 'REDACTED'
    'X-Content-Type-Options': 'REDACTED'
    'P3P': 'REDACTED'
    'client-request-id': 'REDACTED'
    'x-ms-request-id': '3b12bec4-ed43-4489-942d-d8c500df2700'
    'x-ms-ests-server': 'REDACTED'
    'x-ms-clitelem': 'REDACTED'
    'x-ms-srs': 'REDACTED'
    'Content-Security-Policy-Report-Only': 'REDACTED'
    'X-XSS-Protection': 'REDACTED'
    'Set-Cookie': 'REDACTED'
    'Date': 'Fri, 27 Jun 2025 01:28:53 GMT'
    'Content-Length': '1668'
[2025-06-27T01:28:56.170+0000] {token_cache.py:204} DEBUG - event={
    "client_id": "27157a5a-3927-4895-8478-9d4554697d25",
    "data": {
        "claims": null,
        "scope": [
            "https://management.azure.com/.default"
        ]
    },
    "environment": "login.microsoftonline.com",
    "grant_type": "client_credentials",
    "params": null,
    "response": {
        "access_token": "********",
        "expires_in": 86399,
        "ext_expires_in": 86399,
        "refresh_in": 43199,
        "token_type": "Bearer"
    },
    "scope": [
        "https://management.azure.com/.default"
    ],
    "token_endpoint": "https://login.microsoftonline.com/0a33589b-0036-4fe8-a829-3ed0926af886/oauth2/v2.0/token"
}
[2025-06-27T01:28:56.172+0000] {get_token_mixin.py:148} INFO - ClientSecretCredential.get_token_info succeeded
[2025-06-27T01:28:56.175+0000] {_universal.py:511} INFO - Request URL: 'https://management.azure.com/subscriptions/0a94de80-6d3b-49f2-b3e9-ec5818862801/resourceGroups/buas-y2/providers/Microsoft.MachineLearningServices/workspaces/CV9-2025/data?api-version=REDACTED&listViewType=REDACTED'
Request method: 'GET'
Request headers:
    'Accept': 'application/json'
    'x-ms-client-request-id': '17268778-52f6-11f0-9c63-22676b4511cb'
    'User-Agent': 'azure-ai-ml/1.27.1 azsdk-python-mgmt-machinelearningservices/0.1.0 Python/3.10.14 (Linux-6.6.87.1-microsoft-standard-WSL2-x86_64-with-glibc2.36)'
    'Authorization': 'REDACTED'
No body was attached to the request
[2025-06-27T01:28:56.690+0000] {_universal.py:547} INFO - Response status: 200
Response headers:
    'Cache-Control': 'no-cache'
    'Pragma': 'no-cache'
    'Content-Length': '25882'
    'Content-Type': 'application/json; charset=utf-8'
    'Expires': '-1'
    'Vary': 'REDACTED'
    'x-ms-ratelimit-remaining-subscription-reads': '249'
    'x-ms-operation-identifier': 'REDACTED'
    'Request-Context': 'REDACTED'
    'x-ms-response-type': 'REDACTED'
    'Strict-Transport-Security': 'REDACTED'
    'X-Content-Type-Options': 'REDACTED'
    'azureml-served-by-cluster': 'REDACTED'
    'x-request-time': 'REDACTED'
    'x-ms-ratelimit-remaining-subscription-global-reads': 'REDACTED'
    'x-ms-request-id': '0e7a7a13-f3c6-4332-8385-c2b86c775d9c'
    'x-ms-correlation-request-id': 'REDACTED'
    'x-ms-routing-request-id': 'REDACTED'
    'X-Cache': 'REDACTED'
    'X-MSEdge-Ref': 'Ref A: B3AB62D69DA34CD48A12E271EF8E5525 Ref B: AMS231032609017 Ref C: 2025-06-27T01:28:55Z'
    'Date': 'Fri, 27 Jun 2025 01:28:55 GMT'
[2025-06-27T01:28:56.713+0000] {logging_mixin.py:188} INFO - Using latest data asset: axonrooter_student_corrections_student_20250626_232448 (version: None, type: uri_folder)
[2025-06-27T01:28:56.717+0000] {logging_mixin.py:188} INFO - Latest data asset: Data({'path': None, 'skip_validation': False, 'mltable_schema_url': None, 'referenced_uris': None, 'type': 'uri_folder', 'is_anonymous': False, 'auto_increment_version': True, 'auto_delete_setting': None, 'name': 'axonrooter_student_corrections_student_20250626_232448', 'description': None, 'tags': {}, 'properties': {}, 'print_as_yaml': False, 'id': None, 'Resource__source_path': '', 'base_path': '/opt/***', 'creation_context': <azure.ai.ml.entities._system_data.SystemData object at 0x7d08960915a0>, 'serialize': <msrest.serialization.Serializer object at 0x7d0896091690>, 'version': None, 'latest_version': '1', 'datastore': None})
[2025-06-27T01:28:56.718+0000] {logging_mixin.py:188} INFO - Dataset ID: None
[2025-06-27T01:28:56.719+0000] {logging_mixin.py:188} INFO - Dataset type: uri_folder
[2025-06-27T01:28:56.722+0000] {application.py:1553} DEBUG - Cache hit an AT
[2025-06-27T01:28:56.723+0000] {telemetry.py:37} DEBUG - Generate or reuse correlation_id: 4ff02188-2b1d-4528-b6ac-42a26a4fbc32
[2025-06-27T01:28:56.723+0000] {get_token_mixin.py:148} INFO - ClientSecretCredential.get_token_info succeeded
[2025-06-27T01:28:56.724+0000] {_universal.py:511} INFO - Request URL: 'https://management.azure.com/subscriptions/0a94de80-6d3b-49f2-b3e9-ec5818862801/resourceGroups/buas-y2/providers/Microsoft.MachineLearningServices/workspaces/CV9-2025/components/train2/versions/5?api-version=REDACTED'
Request method: 'GET'
Request headers:
    'Accept': 'application/json'
    'x-ms-client-request-id': '1809ea68-52f6-11f0-9c63-22676b4511cb'
    'User-Agent': 'azure-ai-ml/1.27.1 azsdk-python-mgmt-machinelearningservices/0.1.0 Python/3.10.14 (Linux-6.6.87.1-microsoft-standard-WSL2-x86_64-with-glibc2.36)'
    'Authorization': 'REDACTED'
No body was attached to the request
[2025-06-27T01:28:57.411+0000] {_universal.py:547} INFO - Response status: 200
Response headers:
    'Cache-Control': 'no-cache'
    'Pragma': 'no-cache'
    'Content-Length': '1966'
    'Content-Type': 'application/json; charset=utf-8'
    'Expires': '-1'
    'Vary': 'REDACTED'
    'x-ms-ratelimit-remaining-subscription-reads': '249'
    'x-ms-operation-identifier': 'REDACTED'
    'Request-Context': 'REDACTED'
    'x-ms-response-type': 'REDACTED'
    'Strict-Transport-Security': 'REDACTED'
    'X-Content-Type-Options': 'REDACTED'
    'azureml-served-by-cluster': 'REDACTED'
    'x-request-time': 'REDACTED'
    'x-ms-ratelimit-remaining-subscription-global-reads': 'REDACTED'
    'x-ms-request-id': 'b0d4c472-6a32-46c7-977a-d95e1ad18263'
    'x-ms-correlation-request-id': 'REDACTED'
    'x-ms-routing-request-id': 'REDACTED'
    'X-Cache': 'REDACTED'
    'X-MSEdge-Ref': 'Ref A: F57B7C400821461782BB91C6F1D5C541 Ref B: AMS231032607019 Ref C: 2025-06-27T01:28:55Z'
    'Date': 'Fri, 27 Jun 2025 01:28:55 GMT'
[2025-06-27T01:28:57.441+0000] {_universal.py:511} INFO - Request URL: 'https://management.azure.com/subscriptions/0a94de80-6d3b-49f2-b3e9-ec5818862801/resourceGroups/buas-y2/providers/Microsoft.MachineLearningServices/workspaces/CV9-2025/components/evaluate2/versions/2?api-version=REDACTED'
Request method: 'GET'
Request headers:
    'Accept': 'application/json'
    'x-ms-client-request-id': '18779bbc-52f6-11f0-9c63-22676b4511cb'
    'User-Agent': 'azure-ai-ml/1.27.1 azsdk-python-mgmt-machinelearningservices/0.1.0 Python/3.10.14 (Linux-6.6.87.1-microsoft-standard-WSL2-x86_64-with-glibc2.36)'
    'Authorization': 'REDACTED'
No body was attached to the request
[2025-06-27T01:28:57.708+0000] {_universal.py:547} INFO - Response status: 200
Response headers:
    'Cache-Control': 'no-cache'
    'Pragma': 'no-cache'
    'Content-Length': '1957'
    'Content-Type': 'application/json; charset=utf-8'
    'Expires': '-1'
    'Vary': 'REDACTED'
    'x-ms-ratelimit-remaining-subscription-reads': '249'
    'x-ms-operation-identifier': 'REDACTED'
    'Request-Context': 'REDACTED'
    'x-ms-response-type': 'REDACTED'
    'Strict-Transport-Security': 'REDACTED'
    'X-Content-Type-Options': 'REDACTED'
    'azureml-served-by-cluster': 'REDACTED'
    'x-request-time': 'REDACTED'
    'x-ms-ratelimit-remaining-subscription-global-reads': 'REDACTED'
    'x-ms-request-id': '175b9cf3-af6d-45ee-aecb-7a308ca7bd14'
    'x-ms-correlation-request-id': 'REDACTED'
    'x-ms-routing-request-id': 'REDACTED'
    'X-Cache': 'REDACTED'
    'X-MSEdge-Ref': 'Ref A: B963FBF09C024E75A8F05F622CBDDB2C Ref B: AMS231032607019 Ref C: 2025-06-27T01:28:56Z'
    'Date': 'Fri, 27 Jun 2025 01:28:55 GMT'
[2025-06-27T01:28:57.717+0000] {_universal.py:511} INFO - Request URL: 'https://management.azure.com/subscriptions/0a94de80-6d3b-49f2-b3e9-ec5818862801/resourceGroups/buas-y2/providers/Microsoft.MachineLearningServices/workspaces/CV9-2025/components/register2/versions/2?api-version=REDACTED'
Request method: 'GET'
Request headers:
    'Accept': 'application/json'
    'x-ms-client-request-id': '18a1b460-52f6-11f0-9c63-22676b4511cb'
    'User-Agent': 'azure-ai-ml/1.27.1 azsdk-python-mgmt-machinelearningservices/0.1.0 Python/3.10.14 (Linux-6.6.87.1-microsoft-standard-WSL2-x86_64-with-glibc2.36)'
    'Authorization': 'REDACTED'
No body was attached to the request
[2025-06-27T01:28:58.040+0000] {_universal.py:547} INFO - Response status: 200
Response headers:
    'Cache-Control': 'no-cache'
    'Pragma': 'no-cache'
    'Content-Length': '1942'
    'Content-Type': 'application/json; charset=utf-8'
    'Expires': '-1'
    'Vary': 'REDACTED'
    'x-ms-ratelimit-remaining-subscription-reads': '249'
    'x-ms-operation-identifier': 'REDACTED'
    'Request-Context': 'REDACTED'
    'x-ms-response-type': 'REDACTED'
    'Strict-Transport-Security': 'REDACTED'
    'X-Content-Type-Options': 'REDACTED'
    'azureml-served-by-cluster': 'REDACTED'
    'x-request-time': 'REDACTED'
    'x-ms-ratelimit-remaining-subscription-global-reads': 'REDACTED'
    'x-ms-request-id': 'ad231cde-e716-49d7-985e-5e8eb805d48f'
    'x-ms-correlation-request-id': 'REDACTED'
    'x-ms-routing-request-id': 'REDACTED'
    'X-Cache': 'REDACTED'
    'X-MSEdge-Ref': 'Ref A: 3780187C77874303B117C4E8F0E648B1 Ref B: AMS231032607019 Ref C: 2025-06-27T01:28:56Z'
    'Date': 'Fri, 27 Jun 2025 01:28:56 GMT'
[2025-06-27T01:28:58.049+0000] {application.py:1553} DEBUG - Cache hit an AT
[2025-06-27T01:28:58.050+0000] {telemetry.py:37} DEBUG - Generate or reuse correlation_id: 62ef1e58-bccf-4e77-a9c5-60a156d07db5
[2025-06-27T01:28:58.051+0000] {get_token_mixin.py:148} INFO - ClientSecretCredential.get_token_info succeeded
[2025-06-27T01:28:58.052+0000] {_universal.py:511} INFO - Request URL: 'https://management.azure.com/subscriptions/0a94de80-6d3b-49f2-b3e9-ec5818862801/resourceGroups/buas-y2/providers/Microsoft.MachineLearningServices/workspaces/CV9-2025/models/axonrooter-finetuned/versions/8?api-version=REDACTED'
Request method: 'GET'
Request headers:
    'Accept': 'application/json'
    'x-ms-client-request-id': '18d4614e-52f6-11f0-9c63-22676b4511cb'
    'User-Agent': 'azure-ai-ml/1.27.1 azsdk-python-mgmt-machinelearningservices/0.1.0 Python/3.10.14 (Linux-6.6.87.1-microsoft-standard-WSL2-x86_64-with-glibc2.36)'
    'Authorization': 'REDACTED'
No body was attached to the request
[2025-06-27T01:28:58.507+0000] {_universal.py:547} INFO - Response status: 200
Response headers:
    'Cache-Control': 'no-cache'
    'Pragma': 'no-cache'
    'Content-Length': '1214'
    'Content-Type': 'application/json; charset=utf-8'
    'Expires': '-1'
    'Vary': 'REDACTED'
    'x-ms-ratelimit-remaining-subscription-reads': '249'
    'x-ms-operation-identifier': 'REDACTED'
    'Request-Context': 'REDACTED'
    'x-ms-response-type': 'REDACTED'
    'Strict-Transport-Security': 'REDACTED'
    'X-Content-Type-Options': 'REDACTED'
    'azureml-served-by-cluster': 'REDACTED'
    'x-request-time': 'REDACTED'
    'x-ms-ratelimit-remaining-subscription-global-reads': 'REDACTED'
    'x-ms-request-id': '95e783ba-207e-4734-b0b9-d883b83bca80'
    'x-ms-correlation-request-id': 'REDACTED'
    'x-ms-routing-request-id': 'REDACTED'
    'X-Cache': 'REDACTED'
    'X-MSEdge-Ref': 'Ref A: 9C16C630CC4E4DFF96C0F143655A559D Ref B: AMS231032609023 Ref C: 2025-06-27T01:28:56Z'
    'Date': 'Fri, 27 Jun 2025 01:28:57 GMT'
[2025-06-27T01:28:58.513+0000] {logging_mixin.py:188} INFO - Pretrained model: Model({'job_name': None, 'intellectual_property': None, 'system_metadata': None, 'is_anonymous': False, 'auto_increment_version': False, 'auto_delete_setting': None, 'name': 'axonrooter-finetuned', 'description': 'Fine-tuned AxonRooter model with F1 score: 0.8542', 'tags': {}, 'properties': {}, 'print_as_yaml': False, 'id': '/subscriptions/0a94de80-6d3b-49f2-b3e9-ec5818862801/resourceGroups/buas-y2/providers/Microsoft.MachineLearningServices/workspaces/CV9-2025/models/axonrooter-finetuned/versions/8', 'Resource__source_path': '', 'base_path': '/opt/***', 'creation_context': <azure.ai.ml.entities._system_data.SystemData object at 0x7d0896092620>, 'serialize': <msrest.serialization.Serializer object at 0x7d08960928c0>, 'version': '8', 'latest_version': None, 'path': 'azureml://subscriptions/0a94de80-6d3b-49f2-b3e9-ec5818862801/resourceGroups/buas-y2/workspaces/CV9-2025/datastores/workspaceblobstore/paths/LocalUpload/44a545d5e4e063564f2d3431fd505798/INPUT_model', 'datastore': None, 'utc_time_created': None, 'flavors': None, 'arm_type': 'model_version', 'type': 'custom_model', 'stage': 'Development'})
[2025-06-27T01:28:58.514+0000] {logging_mixin.py:188} INFO - Pretrained model path: azureml://subscriptions/0a94de80-6d3b-49f2-b3e9-ec5818862801/resourceGroups/buas-y2/workspaces/CV9-2025/datastores/workspaceblobstore/paths/LocalUpload/44a545d5e4e063564f2d3431fd505798/INPUT_model
[2025-06-27T01:28:59.632+0000] {log.py:232} WARNING - Class AutoDeleteSettingSchema: This is an experimental class, and may change at any time. Please see https://aka.ms/azuremlexperimental for more information.
[2025-06-27T01:28:59.644+0000] {log.py:232} WARNING - Class AutoDeleteConditionSchema: This is an experimental class, and may change at any time. Please see https://aka.ms/azuremlexperimental for more information.
[2025-06-27T01:28:59.657+0000] {log.py:232} WARNING - Class BaseAutoDeleteSettingSchema: This is an experimental class, and may change at any time. Please see https://aka.ms/azuremlexperimental for more information.
[2025-06-27T01:28:59.672+0000] {log.py:232} WARNING - Class IntellectualPropertySchema: This is an experimental class, and may change at any time. Please see https://aka.ms/azuremlexperimental for more information.
[2025-06-27T01:28:59.682+0000] {log.py:232} WARNING - Class ProtectionLevelSchema: This is an experimental class, and may change at any time. Please see https://aka.ms/azuremlexperimental for more information.
[2025-06-27T01:28:59.693+0000] {log.py:232} WARNING - Class BaseIntellectualPropertySchema: This is an experimental class, and may change at any time. Please see https://aka.ms/azuremlexperimental for more information.
[2025-06-27T01:28:59.704+0000] {_attr_dict.py:109} DEBUG - getting schema_ignored
[2025-06-27T01:28:59.705+0000] {_attr_dict.py:122} DEBUG - setting schema_ignored to {}
[2025-06-27T01:28:59.710+0000] {_attr_dict.py:109} DEBUG - getting schema_ignored
[2025-06-27T01:28:59.711+0000] {_attr_dict.py:122} DEBUG - setting schema_ignored to {}
[2025-06-27T01:28:59.713+0000] {_attr_dict.py:109} DEBUG - getting schema_ignored
[2025-06-27T01:28:59.714+0000] {_attr_dict.py:122} DEBUG - setting schema_ignored to {}
[2025-06-27T01:28:59.766+0000] {_attr_dict.py:109} DEBUG - getting schema_ignored
[2025-06-27T01:28:59.767+0000] {_attr_dict.py:122} DEBUG - setting schema_ignored to {}
[2025-06-27T01:28:59.795+0000] {_attr_dict.py:109} DEBUG - getting schema_ignored
[2025-06-27T01:28:59.796+0000] {_attr_dict.py:122} DEBUG - setting schema_ignored to {}
[2025-06-27T01:28:59.797+0000] {retries.py:91} DEBUG - Running Job._fetch_from_db with retries. Try 1 of 3
[2025-06-27T01:28:59.817+0000] {retries.py:91} DEBUG - Running Job._update_heartbeat with retries. Try 1 of 3
[2025-06-27T01:28:59.822+0000] {_attr_dict.py:109} DEBUG - getting schema_ignored
[2025-06-27T01:28:59.823+0000] {_attr_dict.py:122} DEBUG - setting schema_ignored to {}
[2025-06-27T01:28:59.840+0000] {_universal.py:511} INFO - Request URL: 'https://management.azure.com/subscriptions/0a94de80-6d3b-49f2-b3e9-ec5818862801/resourceGroups/buas-y2/providers/Microsoft.MachineLearningServices/workspaces/CV9-2025/computes/adsai-lambda-2?api-version=REDACTED'
Request method: 'GET'
Request headers:
    'Accept': 'application/json'
    'x-ms-client-request-id': '19e5a278-52f6-11f0-9c63-22676b4511cb'
    'User-Agent': 'azure-ai-ml/1.27.1 azsdk-python-mgmt-machinelearningservices/0.1.0 Python/3.10.14 (Linux-6.6.87.1-microsoft-standard-WSL2-x86_64-with-glibc2.36)'
    'Authorization': 'REDACTED'
No body was attached to the request
[2025-06-27T01:28:59.845+0000] {job.py:214} DEBUG - [heartbeat]
[2025-06-27T01:29:00.503+0000] {_universal.py:547} INFO - Response status: 200
Response headers:
    'Cache-Control': 'no-cache'
    'Pragma': 'no-cache'
    'Content-Length': '2753'
    'Content-Type': 'application/json; charset=utf-8'
    'Expires': '-1'
    'Vary': 'REDACTED'
    'x-ms-ratelimit-remaining-subscription-reads': '249'
    'x-ms-operation-identifier': 'REDACTED'
    'Request-Context': 'REDACTED'
    'x-ms-response-type': 'REDACTED'
    'Strict-Transport-Security': 'REDACTED'
    'X-Content-Type-Options': 'REDACTED'
    'azureml-served-by-cluster': 'REDACTED'
    'x-request-time': 'REDACTED'
    'x-ms-ratelimit-remaining-subscription-global-reads': 'REDACTED'
    'x-ms-request-id': '95e985d0-a024-443f-b66f-a17ec8f53fb9'
    'x-ms-correlation-request-id': 'REDACTED'
    'x-ms-routing-request-id': 'REDACTED'
    'X-Cache': 'REDACTED'
    'X-MSEdge-Ref': 'Ref A: 669D81A280814087BDD44CEAFF797BD7 Ref B: AMS231032609023 Ref C: 2025-06-27T01:28:58Z'
    'Date': 'Fri, 27 Jun 2025 01:28:59 GMT'
[2025-06-27T01:29:00.512+0000] {taskinstance.py:441} INFO - ::group::Post task execution logs
[2025-06-27T01:29:00.513+0000] {taskinstance.py:2905} ERROR - Task failed with exception
Traceback (most recent call last):
  File "/home/airflow/.local/lib/python3.10/site-packages/azure/ai/ml/operations/_job_operations.py", line 680, in create_or_update
    self._resolve_arm_id_or_upload_dependencies(job)
  File "/home/airflow/.local/lib/python3.10/site-packages/azure/ai/ml/operations/_job_operations.py", line 1137, in _resolve_arm_id_or_upload_dependencies
    self._resolve_arm_id_or_azureml_id(job, self._orchestrators.get_asset_arm_id)
  File "/home/airflow/.local/lib/python3.10/site-packages/azure/ai/ml/operations/_job_operations.py", line 1428, in _resolve_arm_id_or_azureml_id
    job = self._resolve_arm_id_for_pipeline_job(job, resolver)
  File "/home/airflow/.local/lib/python3.10/site-packages/azure/ai/ml/operations/_job_operations.py", line 1617, in _resolve_arm_id_for_pipeline_job
    self._component_operations._resolve_dependencies_for_pipeline_component_jobs(
  File "/home/airflow/.local/lib/python3.10/site-packages/azure/ai/ml/operations/_component_operations.py", line 1152, in _resolve_dependencies_for_pipeline_component_jobs
    self._resolve_inputs_for_pipeline_component_jobs(component.jobs, component._base_path)
  File "/home/airflow/.local/lib/python3.10/site-packages/azure/ai/ml/operations/_component_operations.py", line 903, in _resolve_inputs_for_pipeline_component_jobs
    self._job_operations._resolve_job_inputs(
  File "/home/airflow/.local/lib/python3.10/site-packages/azure/ai/ml/operations/_job_operations.py", line 1255, in _resolve_job_inputs
    self._resolve_job_input(entry, base_path)
  File "/home/airflow/.local/lib/python3.10/site-packages/azure/ai/ml/operations/_job_operations.py", line 1295, in _resolve_job_input
    raise ValidationException(
azure.ai.ml.exceptions.ValidationException: Input path can't be empty for jobs.

During handling of the above exception, another exception occurred:

Traceback (most recent call last):
  File "/home/airflow/.local/lib/python3.10/site-packages/airflow/models/taskinstance.py", line 465, in _execute_task
    result = _execute_callable(context=context, **execute_callable_kwargs)
  File "/home/airflow/.local/lib/python3.10/site-packages/airflow/models/taskinstance.py", line 432, in _execute_callable
    return execute_callable(context=context, **execute_callable_kwargs)
  File "/home/airflow/.local/lib/python3.10/site-packages/airflow/models/baseoperator.py", line 400, in wrapper
    return func(self, *args, **kwargs)
  File "/home/airflow/.local/lib/python3.10/site-packages/airflow/operators/python.py", line 235, in execute
    return_value = self.execute_callable()
  File "/home/airflow/.local/lib/python3.10/site-packages/airflow/operators/python.py", line 252, in execute_callable
    return self.python_callable(*self.op_args, **self.op_kwargs)
  File "/opt/airflow/dags/retrain_og_dag.py", line 81, in run_pipeline
    ml_client.jobs.create_or_update(job, experiment_name="axonrooter_weekly_retrain")
  File "/home/airflow/.local/lib/python3.10/site-packages/azure/core/tracing/decorator.py", line 119, in wrapper_use_tracer
    return func(*args, **kwargs)
  File "/home/airflow/.local/lib/python3.10/site-packages/azure/ai/ml/_telemetry/activity.py", line 371, in wrapper
    return_value = f(*args, **kwargs)
  File "/home/airflow/.local/lib/python3.10/site-packages/azure/ai/ml/operations/_job_operations.py", line 682, in create_or_update
    log_and_raise_error(ex)
  File "/home/airflow/.local/lib/python3.10/site-packages/azure/ai/ml/_exception_helper.py", line 337, in log_and_raise_error
    raise MlException(message=formatted_error, no_personal_data_message=formatted_error)
azure.ai.ml.exceptions.MlException: 
[37m
[30m
1) At least one required parameter is missing[39m[39m

Details: 

[31m(x) Input path can't be empty for jobs.[39m

Resolutions: 
1) Ensure all parameters required by the Job schema are specified.
If using the CLI, you can also check the full log in debug mode for more details by adding --debug to the end of your command

Additional Resources: The easiest way to author a yaml specification file is using IntelliSense and auto-completion Azure ML VS code extension provides: [36mhttps://code.visualstudio.com/docs/datascience/azure-machine-learning.[39m To set up VS Code, visit [36mhttps://learn.microsoft.com/azure/machine-learning/how-to-setup-vs-code[39m

[2025-06-27T01:29:00.529+0000] {taskinstance.py:562} DEBUG - Task Duration set to 5.849373
[2025-06-27T01:29:00.532+0000] {taskinstance.py:584} DEBUG - Clearing next_method and next_kwargs.
[2025-06-27T01:29:00.533+0000] {taskinstance.py:1206} INFO - Marking task as FAILED. dag_id=axonrooter_weekly_retraining, task_id=run_retraining_pipeline, run_id=manual__2025-06-27T01:23:27.693998+00:00, execution_date=20250627T012327, start_date=20250627T012854, end_date=20250627T012900
[2025-06-27T01:29:00.556+0000] {cli_action_loggers.py:88} DEBUG - Calling callbacks: []
[2025-06-27T01:29:00.557+0000] {standard_task_runner.py:110} ERROR - Failed to execute job 39 for task run_retraining_pipeline (
[37m
[30m
1) At least one required parameter is missing[39m[39m

Details: 

[31m(x) Input path can't be empty for jobs.[39m

Resolutions: 
1) Ensure all parameters required by the Job schema are specified.
If using the CLI, you can also check the full log in debug mode for more details by adding --debug to the end of your command

Additional Resources: The easiest way to author a yaml specification file is using IntelliSense and auto-completion Azure ML VS code extension provides: [36mhttps://code.visualstudio.com/docs/datascience/azure-machine-learning.[39m To set up VS Code, visit [36mhttps://learn.microsoft.com/azure/machine-learning/how-to-setup-vs-code[39m
; 2321)
[2025-06-27T01:29:00.620+0000] {local_task_job_runner.py:240} INFO - Task exited with return code 1
[2025-06-27T01:29:00.651+0000] {dagrun.py:932} DEBUG - number of tis tasks for <DagRun axonrooter_weekly_retraining @ 2025-06-27 01:23:27.693998+00:00: manual__2025-06-27T01:23:27.693998+00:00, state:running, queued_at: 2025-06-27 01:23:27.981545+00:00. externally triggered: True>: 0 task(s)
[2025-06-27T01:29:00.652+0000] {taskinstance.py:3498} INFO - 0 downstream tasks scheduled from follow-on schedule check
[2025-06-27T01:29:00.655+0000] {local_task_job_runner.py:222} INFO - ::endgroup::
