[2025-06-26T15:58:34.185+0000] {taskinstance.py:1042} DEBUG - previous_execution_date was called
[2025-06-26T15:58:34.220+0000] {__init__.py:54} DEBUG - Loading core task runner: StandardTaskRunner
[2025-06-26T15:58:34.241+0000] {taskinstance.py:1042} DEBUG - previous_execution_date was called
[2025-06-26T15:58:34.254+0000] {base_task_runner.py:73} DEBUG - Planning to run as the  user
[2025-06-26T15:58:34.261+0000] {local_task_job_runner.py:120} INFO - ::group::Pre task execution logs
[2025-06-26T15:58:34.285+0000] {taskinstance.py:2088} DEBUG - <TaskInstance: axonrooter_weekly_retraining.run_retraining_pipeline manual__2025-06-26T15:58:27.576212+00:00 [queued]> dependency 'Previous Dagrun State' PASSED: True, The task did not have depends_on_past set.
[2025-06-26T15:58:34.286+0000] {taskinstance.py:2088} DEBUG - <TaskInstance: axonrooter_weekly_retraining.run_retraining_pipeline manual__2025-06-26T15:58:27.576212+00:00 [queued]> dependency 'Task Instance Not Running' PASSED: True, Task is not in running state.
[2025-06-26T15:58:34.287+0000] {taskinstance.py:2088} DEBUG - <TaskInstance: axonrooter_weekly_retraining.run_retraining_pipeline manual__2025-06-26T15:58:27.576212+00:00 [queued]> dependency 'Task Instance State' PASSED: True, Task state queued was valid.
[2025-06-26T15:58:34.295+0000] {taskinstance.py:2088} DEBUG - <TaskInstance: axonrooter_weekly_retraining.run_retraining_pipeline manual__2025-06-26T15:58:27.576212+00:00 [queued]> dependency 'Not In Retry Period' PASSED: True, The task instance was not marked for retrying.
[2025-06-26T15:58:34.296+0000] {taskinstance.py:2088} DEBUG - <TaskInstance: axonrooter_weekly_retraining.run_retraining_pipeline manual__2025-06-26T15:58:27.576212+00:00 [queued]> dependency 'Trigger Rule' PASSED: True, The task instance did not have any upstream tasks.
[2025-06-26T15:58:34.297+0000] {taskinstance.py:2076} INFO - Dependencies all met for dep_context=non-requeueable deps ti=<TaskInstance: axonrooter_weekly_retraining.run_retraining_pipeline manual__2025-06-26T15:58:27.576212+00:00 [queued]>
[2025-06-26T15:58:34.298+0000] {taskinstance.py:2088} DEBUG - <TaskInstance: axonrooter_weekly_retraining.run_retraining_pipeline manual__2025-06-26T15:58:27.576212+00:00 [queued]> dependency 'Previous Dagrun State' PASSED: True, The task did not have depends_on_past set.
[2025-06-26T15:58:34.304+0000] {taskinstance.py:2088} DEBUG - <TaskInstance: axonrooter_weekly_retraining.run_retraining_pipeline manual__2025-06-26T15:58:27.576212+00:00 [queued]> dependency 'Pool Slots Available' PASSED: True, There are enough open slots in default_pool to execute the task
[2025-06-26T15:58:34.305+0000] {taskinstance.py:2088} DEBUG - <TaskInstance: axonrooter_weekly_retraining.run_retraining_pipeline manual__2025-06-26T15:58:27.576212+00:00 [queued]> dependency 'Task Concurrency' PASSED: True, Task concurrency is not set.
[2025-06-26T15:58:34.312+0000] {taskinstance.py:2088} DEBUG - <TaskInstance: axonrooter_weekly_retraining.run_retraining_pipeline manual__2025-06-26T15:58:27.576212+00:00 [queued]> dependency 'Not In Retry Period' PASSED: True, The task instance was not marked for retrying.
[2025-06-26T15:58:34.313+0000] {taskinstance.py:2088} DEBUG - <TaskInstance: axonrooter_weekly_retraining.run_retraining_pipeline manual__2025-06-26T15:58:27.576212+00:00 [queued]> dependency 'Trigger Rule' PASSED: True, The task instance did not have any upstream tasks.
[2025-06-26T15:58:34.314+0000] {taskinstance.py:2076} INFO - Dependencies all met for dep_context=requeueable deps ti=<TaskInstance: axonrooter_weekly_retraining.run_retraining_pipeline manual__2025-06-26T15:58:27.576212+00:00 [queued]>
[2025-06-26T15:58:34.315+0000] {taskinstance.py:2306} INFO - Starting attempt 1 of 2
[2025-06-26T15:58:34.340+0000] {taskinstance.py:2330} INFO - Executing <Task(PythonOperator): run_retraining_pipeline> on 2025-06-26 15:58:27.576212+00:00
[2025-06-26T15:58:34.355+0000] {standard_task_runner.py:63} INFO - Started process 6932 to run task
[2025-06-26T15:58:34.361+0000] {standard_task_runner.py:90} INFO - Running: ['***', 'tasks', 'run', 'axonrooter_weekly_retraining', 'run_retraining_pipeline', 'manual__2025-06-26T15:58:27.576212+00:00', '--job-id', '214', '--raw', '--subdir', 'DAGS_FOLDER/retrain_dag.py', '--cfg-path', '/tmp/tmp235gjjzo']
[2025-06-26T15:58:34.367+0000] {standard_task_runner.py:91} INFO - Job 214: Subtask run_retraining_pipeline
[2025-06-26T15:58:34.369+0000] {cli_action_loggers.py:70} DEBUG - Calling callbacks: [<function default_action_log at 0x77eb8f178ca0>]
[2025-06-26T15:58:34.449+0000] {taskinstance.py:1042} DEBUG - previous_execution_date was called
[2025-06-26T15:58:34.465+0000] {task_command.py:426} INFO - Running <TaskInstance: axonrooter_weekly_retraining.run_retraining_pipeline manual__2025-06-26T15:58:27.576212+00:00 [running]> on host 9e069602cbde
[2025-06-26T15:58:34.466+0000] {settings.py:363} DEBUG - Disposing DB connection pool (PID 6932)
[2025-06-26T15:58:34.467+0000] {settings.py:250} DEBUG - Setting up DB connection pool (PID 6932)
[2025-06-26T15:58:34.468+0000] {settings.py:298} DEBUG - settings.prepare_engine_args(): Using NullPool
[2025-06-26T15:58:34.536+0000] {taskinstance.py:1042} DEBUG - previous_execution_date was called
[2025-06-26T15:58:34.549+0000] {taskinstance.py:1845} DEBUG - Clearing XCom data
[2025-06-26T15:58:34.564+0000] {retries.py:91} DEBUG - Running RenderedTaskInstanceFields.write with retries. Try 1 of 3
[2025-06-26T15:58:34.601+0000] {retries.py:91} DEBUG - Running RenderedTaskInstanceFields._do_delete_old_records with retries. Try 1 of 3
[2025-06-26T15:58:34.625+0000] {taskinstance.py:2648} INFO - Exporting env vars: AIRFLOW_CTX_DAG_OWNER='***' AIRFLOW_CTX_DAG_ID='axonrooter_weekly_retraining' AIRFLOW_CTX_TASK_ID='run_retraining_pipeline' AIRFLOW_CTX_EXECUTION_DATE='2025-06-26T15:58:27.576212+00:00' AIRFLOW_CTX_TRY_NUMBER='1' AIRFLOW_CTX_DAG_RUN_ID='manual__2025-06-26T15:58:27.576212+00:00'
[2025-06-26T15:58:34.626+0000] {__init__.py:119} DEBUG - Preparing lineage inlets and outlets
[2025-06-26T15:58:34.628+0000] {__init__.py:158} DEBUG - inlets: [], outlets: []
[2025-06-26T15:58:34.630+0000] {taskinstance.py:430} INFO - ::endgroup::
[2025-06-26T15:58:34.651+0000] {base.py:84} INFO - Using connection ID 'azure_ml_conn' for task execution.
[2025-06-26T15:58:34.765+0000] {authority.py:75} DEBUG - Initializing with Entra authority: https://login.microsoftonline.com/0a33589b-0036-4fe8-a829-3ed0926af886
[2025-06-26T15:58:34.767+0000] {_universal.py:511} INFO - Request URL: 'https://login.microsoftonline.com/0a33589b-0036-4fe8-a829-3ed0926af886/v2.0/.well-known/openid-configuration'
Request method: 'GET'
Request headers:
    'User-Agent': 'azsdk-python-identity/1.23.0 Python/3.10.14 (Linux-6.6.87.1-microsoft-standard-WSL2-x86_64-with-glibc2.36)'
No body was attached to the request
[2025-06-26T15:58:35.065+0000] {_universal.py:547} INFO - Response status: 200
Response headers:
    'Cache-Control': 'max-age=86400, private'
    'Content-Type': 'application/json; charset=utf-8'
    'Strict-Transport-Security': 'REDACTED'
    'X-Content-Type-Options': 'REDACTED'
    'Access-Control-Allow-Origin': 'REDACTED'
    'Access-Control-Allow-Methods': 'REDACTED'
    'P3P': 'REDACTED'
    'x-ms-request-id': '94ff485a-6973-48a4-aac4-e9afa14b1b00'
    'x-ms-ests-server': 'REDACTED'
    'x-ms-srs': 'REDACTED'
    'Content-Security-Policy-Report-Only': 'REDACTED'
    'X-XSS-Protection': 'REDACTED'
    'Set-Cookie': 'REDACTED'
    'Date': 'Thu, 26 Jun 2025 15:58:32 GMT'
    'Content-Length': '1753'
[2025-06-26T15:58:35.070+0000] {authority.py:96} DEBUG - openid_config("https://login.microsoftonline.com/0a33589b-0036-4fe8-a829-3ed0926af886/v2.0/.well-known/openid-configuration") = {'token_endpoint': '***', 'token_endpoint_auth_methods_supported': ['***', '***', '***'], 'jwks_uri': 'https://login.microsoftonline.com/0a33589b-0036-4fe8-a829-3ed0926af886/discovery/v2.0/keys', 'response_modes_supported': ['query', 'fragment', 'form_post'], 'subject_types_supported': ['pairwise'], 'id_token_signing_alg_values_supported': ['***'], 'response_types_supported': ['code', 'id_token', 'code id_token', 'id_token token'], 'scopes_supported': ['openid', 'profile', 'email', 'offline_access'], 'issuer': 'https://login.microsoftonline.com/0a33589b-0036-4fe8-a829-3ed0926af886/v2.0', 'request_uri_parameter_supported': False, 'userinfo_endpoint': 'https://graph.microsoft.com/oidc/userinfo', 'authorization_endpoint': '***', 'device_authorization_endpoint': '***', 'http_logout_supported': True, 'frontchannel_logout_supported': True, 'end_session_endpoint': 'https://login.microsoftonline.com/0a33589b-0036-4fe8-a829-3ed0926af886/oauth2/v2.0/logout', 'claims_supported': ['sub', 'iss', 'cloud_instance_name', 'cloud_instance_host_name', 'cloud_graph_host_name', 'msgraph_host', 'aud', 'exp', 'iat', 'auth_time', 'acr', 'nonce', 'preferred_username', 'name', 'tid', 'ver', 'at_hash', 'c_hash', 'email'], 'kerberos_endpoint': 'https://login.microsoftonline.com/0a33589b-0036-4fe8-a829-3ed0926af886/kerberos', 'tenant_region_scope': 'EU', 'cloud_instance_name': 'microsoftonline.com', 'cloud_graph_host_name': 'graph.windows.net', 'msgraph_host': 'graph.microsoft.com', 'rbac_url': 'https://pas.windows.net'}
[2025-06-26T15:58:35.073+0000] {application.py:705} DEBUG - Broker enabled? None
[2025-06-26T15:58:35.074+0000] {application.py:755} DEBUG - Region to be used: None
[2025-06-26T15:58:35.082+0000] {telemetry.py:37} DEBUG - Generate or reuse correlation_id: 8821774d-84f6-4e2a-90a9-7e7affe87353
[2025-06-26T15:58:35.083+0000] {_universal.py:508} INFO - Request URL: 'https://login.microsoftonline.com/0a33589b-0036-4fe8-a829-3ed0926af886/oauth2/v2.0/token'
Request method: 'POST'
Request headers:
    'Accept': 'application/json'
    'x-client-sku': 'REDACTED'
    'x-client-ver': 'REDACTED'
    'x-client-os': 'REDACTED'
    'x-ms-lib-capability': 'REDACTED'
    'client-request-id': 'REDACTED'
    'x-client-current-telemetry': 'REDACTED'
    'x-client-last-telemetry': 'REDACTED'
    'User-Agent': 'azsdk-python-identity/1.23.0 Python/3.10.14 (Linux-6.6.87.1-microsoft-standard-WSL2-x86_64-with-glibc2.36)'
A body is sent with the request
[2025-06-26T15:58:35.175+0000] {_universal.py:547} INFO - Response status: 200
Response headers:
    'Cache-Control': 'no-store, no-cache'
    'Pragma': 'no-cache'
    'Content-Type': 'application/json; charset=utf-8'
    'Expires': '-1'
    'Strict-Transport-Security': 'REDACTED'
    'X-Content-Type-Options': 'REDACTED'
    'P3P': 'REDACTED'
    'client-request-id': 'REDACTED'
    'x-ms-request-id': '94ff485a-6973-48a4-aac4-e9afa44b1b00'
    'x-ms-ests-server': 'REDACTED'
    'x-ms-clitelem': 'REDACTED'
    'x-ms-srs': 'REDACTED'
    'Content-Security-Policy-Report-Only': 'REDACTED'
    'X-XSS-Protection': 'REDACTED'
    'Set-Cookie': 'REDACTED'
    'Date': 'Thu, 26 Jun 2025 15:58:32 GMT'
    'Content-Length': '1673'
[2025-06-26T15:58:35.177+0000] {token_cache.py:204} DEBUG - event={
    "client_id": "27157a5a-3927-4895-8478-9d4554697d25",
    "data": {
        "claims": null,
        "scope": [
            "https://management.azure.com/.default"
        ]
    },
    "environment": "login.microsoftonline.com",
    "grant_type": "client_credentials",
    "params": null,
    "response": {
        "access_token": "********",
        "expires_in": 86399,
        "ext_expires_in": 86399,
        "refresh_in": 43199,
        "token_type": "Bearer"
    },
    "scope": [
        "https://management.azure.com/.default"
    ],
    "token_endpoint": "https://login.microsoftonline.com/0a33589b-0036-4fe8-a829-3ed0926af886/oauth2/v2.0/token"
}
[2025-06-26T15:58:35.178+0000] {get_token_mixin.py:148} INFO - ClientSecretCredential.get_token_info succeeded
[2025-06-26T15:58:35.180+0000] {_universal.py:511} INFO - Request URL: 'https://management.azure.com/subscriptions/0a94de80-6d3b-49f2-b3e9-ec5818862801/resourceGroups/buas-y2/providers/Microsoft.MachineLearningServices/workspaces/CV9-2025/data/axonrooter_student_corrections_Endijs_20250626_040517?api-version=REDACTED'
Request method: 'GET'
Request headers:
    'Accept': 'application/json'
    'x-ms-client-request-id': '6a29a1ee-52a6-11f0-a7ee-e64dc2efff95'
    'User-Agent': 'azure-ai-ml/1.27.1 azsdk-python-mgmt-machinelearningservices/0.1.0 Python/3.10.14 (Linux-6.6.87.1-microsoft-standard-WSL2-x86_64-with-glibc2.36)'
    'Authorization': 'REDACTED'
No body was attached to the request
[2025-06-26T15:58:35.544+0000] {_universal.py:547} INFO - Response status: 200
Response headers:
    'Cache-Control': 'no-cache'
    'Pragma': 'no-cache'
    'Content-Length': '737'
    'Content-Type': 'application/json; charset=utf-8'
    'Expires': '-1'
    'Vary': 'REDACTED'
    'x-ms-ratelimit-remaining-subscription-reads': '249'
    'x-ms-operation-identifier': 'REDACTED'
    'Request-Context': 'REDACTED'
    'x-ms-response-type': 'REDACTED'
    'Strict-Transport-Security': 'REDACTED'
    'X-Content-Type-Options': 'REDACTED'
    'azureml-served-by-cluster': 'REDACTED'
    'x-request-time': 'REDACTED'
    'x-ms-ratelimit-remaining-subscription-global-reads': 'REDACTED'
    'x-ms-request-id': '2a207b3e-bbae-4381-bbfc-2a2edd0799cf'
    'x-ms-correlation-request-id': 'REDACTED'
    'x-ms-routing-request-id': 'REDACTED'
    'X-Cache': 'REDACTED'
    'X-MSEdge-Ref': 'Ref A: 64893B49B6444520ABD46CF10DEF191F Ref B: AMS231022012021 Ref C: 2025-06-26T15:58:33Z'
    'Date': 'Thu, 26 Jun 2025 15:58:33 GMT'
[2025-06-26T15:58:35.553+0000] {_universal.py:511} INFO - Request URL: 'https://management.azure.com/subscriptions/0a94de80-6d3b-49f2-b3e9-ec5818862801/resourceGroups/buas-y2/providers/Microsoft.MachineLearningServices/workspaces/CV9-2025/data/axonrooter_student_corrections_Endijs_20250626_040517/versions/1?api-version=REDACTED'
Request method: 'GET'
Request headers:
    'Accept': 'application/json'
    'x-ms-client-request-id': '6aa1f22a-52a6-11f0-a7ee-e64dc2efff95'
    'User-Agent': 'azure-ai-ml/1.27.1 azsdk-python-mgmt-machinelearningservices/0.1.0 Python/3.10.14 (Linux-6.6.87.1-microsoft-standard-WSL2-x86_64-with-glibc2.36)'
    'Authorization': 'REDACTED'
No body was attached to the request
[2025-06-26T15:58:35.699+0000] {_universal.py:547} INFO - Response status: 200
Response headers:
    'Cache-Control': 'no-cache'
    'Pragma': 'no-cache'
    'Content-Length': '1080'
    'Content-Type': 'application/json; charset=utf-8'
    'Expires': '-1'
    'Vary': 'REDACTED'
    'x-ms-ratelimit-remaining-subscription-reads': '249'
    'x-ms-operation-identifier': 'REDACTED'
    'Request-Context': 'REDACTED'
    'x-ms-response-type': 'REDACTED'
    'Strict-Transport-Security': 'REDACTED'
    'X-Content-Type-Options': 'REDACTED'
    'azureml-served-by-cluster': 'REDACTED'
    'x-request-time': 'REDACTED'
    'x-ms-ratelimit-remaining-subscription-global-reads': 'REDACTED'
    'x-ms-request-id': 'a36301d5-0834-42e4-9227-3979efdf5d84'
    'x-ms-correlation-request-id': 'REDACTED'
    'x-ms-routing-request-id': 'REDACTED'
    'X-Cache': 'REDACTED'
    'X-MSEdge-Ref': 'Ref A: 55A3A535256D45C1BC5156B1E436297B Ref B: AMS231022012021 Ref C: 2025-06-26T15:58:33Z'
    'Date': 'Thu, 26 Jun 2025 15:58:33 GMT'
[2025-06-26T15:58:35.704+0000] {application.py:1553} DEBUG - Cache hit an AT
[2025-06-26T15:58:35.705+0000] {telemetry.py:37} DEBUG - Generate or reuse correlation_id: 261c5fa3-3143-4354-9470-b145bdd14186
[2025-06-26T15:58:35.706+0000] {get_token_mixin.py:148} INFO - ClientSecretCredential.get_token_info succeeded
[2025-06-26T15:58:35.707+0000] {_universal.py:511} INFO - Request URL: 'https://management.azure.com/subscriptions/0a94de80-6d3b-49f2-b3e9-ec5818862801/resourceGroups/buas-y2/providers/Microsoft.MachineLearningServices/workspaces/CV9-2025/components/train2/versions/5?api-version=REDACTED'
Request method: 'GET'
Request headers:
    'Accept': 'application/json'
    'x-ms-client-request-id': '6ab908e8-52a6-11f0-a7ee-e64dc2efff95'
    'User-Agent': 'azure-ai-ml/1.27.1 azsdk-python-mgmt-machinelearningservices/0.1.0 Python/3.10.14 (Linux-6.6.87.1-microsoft-standard-WSL2-x86_64-with-glibc2.36)'
    'Authorization': 'REDACTED'
No body was attached to the request
[2025-06-26T15:58:36.043+0000] {_universal.py:547} INFO - Response status: 200
Response headers:
    'Cache-Control': 'no-cache'
    'Pragma': 'no-cache'
    'Content-Length': '1966'
    'Content-Type': 'application/json; charset=utf-8'
    'Expires': '-1'
    'Vary': 'REDACTED'
    'x-ms-ratelimit-remaining-subscription-reads': '249'
    'x-ms-operation-identifier': 'REDACTED'
    'Request-Context': 'REDACTED'
    'x-ms-response-type': 'REDACTED'
    'Strict-Transport-Security': 'REDACTED'
    'X-Content-Type-Options': 'REDACTED'
    'azureml-served-by-cluster': 'REDACTED'
    'x-request-time': 'REDACTED'
    'x-ms-ratelimit-remaining-subscription-global-reads': 'REDACTED'
    'x-ms-request-id': 'ec790091-9ad7-404a-b4fb-9d4cf965816d'
    'x-ms-correlation-request-id': 'REDACTED'
    'x-ms-routing-request-id': 'REDACTED'
    'X-Cache': 'REDACTED'
    'X-MSEdge-Ref': 'Ref A: B14794B096F5471497C1210A81C851BA Ref B: AMS231032609009 Ref C: 2025-06-26T15:58:33Z'
    'Date': 'Thu, 26 Jun 2025 15:58:33 GMT'
[2025-06-26T15:58:36.079+0000] {_universal.py:511} INFO - Request URL: 'https://management.azure.com/subscriptions/0a94de80-6d3b-49f2-b3e9-ec5818862801/resourceGroups/buas-y2/providers/Microsoft.MachineLearningServices/workspaces/CV9-2025/components/evaluate2/versions/2?api-version=REDACTED'
Request method: 'GET'
Request headers:
    'Accept': 'application/json'
    'x-ms-client-request-id': '6af2418a-52a6-11f0-a7ee-e64dc2efff95'
    'User-Agent': 'azure-ai-ml/1.27.1 azsdk-python-mgmt-machinelearningservices/0.1.0 Python/3.10.14 (Linux-6.6.87.1-microsoft-standard-WSL2-x86_64-with-glibc2.36)'
    'Authorization': 'REDACTED'
No body was attached to the request
[2025-06-26T15:58:36.384+0000] {_universal.py:547} INFO - Response status: 200
Response headers:
    'Cache-Control': 'no-cache'
    'Pragma': 'no-cache'
    'Content-Length': '1957'
    'Content-Type': 'application/json; charset=utf-8'
    'Expires': '-1'
    'Vary': 'REDACTED'
    'x-ms-ratelimit-remaining-subscription-reads': '249'
    'x-ms-operation-identifier': 'REDACTED'
    'Request-Context': 'REDACTED'
    'x-ms-response-type': 'REDACTED'
    'Strict-Transport-Security': 'REDACTED'
    'X-Content-Type-Options': 'REDACTED'
    'azureml-served-by-cluster': 'REDACTED'
    'x-request-time': 'REDACTED'
    'x-ms-ratelimit-remaining-subscription-global-reads': 'REDACTED'
    'x-ms-request-id': '9c25859e-8d66-4346-a39d-b26d1986168d'
    'x-ms-correlation-request-id': 'REDACTED'
    'x-ms-routing-request-id': 'REDACTED'
    'X-Cache': 'REDACTED'
    'X-MSEdge-Ref': 'Ref A: E89DAD558C7146A080ECF272BBB84C9D Ref B: AMS231032609009 Ref C: 2025-06-26T15:58:34Z'
    'Date': 'Thu, 26 Jun 2025 15:58:34 GMT'
[2025-06-26T15:58:36.393+0000] {_universal.py:511} INFO - Request URL: 'https://management.azure.com/subscriptions/0a94de80-6d3b-49f2-b3e9-ec5818862801/resourceGroups/buas-y2/providers/Microsoft.MachineLearningServices/workspaces/CV9-2025/components/register2/versions/2?api-version=REDACTED'
Request method: 'GET'
Request headers:
    'Accept': 'application/json'
    'x-ms-client-request-id': '6b222d78-52a6-11f0-a7ee-e64dc2efff95'
    'User-Agent': 'azure-ai-ml/1.27.1 azsdk-python-mgmt-machinelearningservices/0.1.0 Python/3.10.14 (Linux-6.6.87.1-microsoft-standard-WSL2-x86_64-with-glibc2.36)'
    'Authorization': 'REDACTED'
No body was attached to the request
[2025-06-26T15:58:36.698+0000] {_universal.py:547} INFO - Response status: 200
Response headers:
    'Cache-Control': 'no-cache'
    'Pragma': 'no-cache'
    'Content-Length': '1942'
    'Content-Type': 'application/json; charset=utf-8'
    'Expires': '-1'
    'Vary': 'REDACTED'
    'x-ms-ratelimit-remaining-subscription-reads': '249'
    'x-ms-operation-identifier': 'REDACTED'
    'Request-Context': 'REDACTED'
    'x-ms-response-type': 'REDACTED'
    'Strict-Transport-Security': 'REDACTED'
    'X-Content-Type-Options': 'REDACTED'
    'azureml-served-by-cluster': 'REDACTED'
    'x-request-time': 'REDACTED'
    'x-ms-ratelimit-remaining-subscription-global-reads': 'REDACTED'
    'x-ms-request-id': 'c7869e65-93bc-4142-b38a-d83d0166fea0'
    'x-ms-correlation-request-id': 'REDACTED'
    'x-ms-routing-request-id': 'REDACTED'
    'X-Cache': 'REDACTED'
    'X-MSEdge-Ref': 'Ref A: 41381FC65AED4BDD95D297D57AF3DBE2 Ref B: AMS231032609009 Ref C: 2025-06-26T15:58:34Z'
    'Date': 'Thu, 26 Jun 2025 15:58:34 GMT'
[2025-06-26T15:58:36.705+0000] {application.py:1553} DEBUG - Cache hit an AT
[2025-06-26T15:58:36.706+0000] {telemetry.py:37} DEBUG - Generate or reuse correlation_id: 767ade3a-1587-4219-b624-dbe3a63690e6
[2025-06-26T15:58:36.708+0000] {get_token_mixin.py:148} INFO - ClientSecretCredential.get_token_info succeeded
[2025-06-26T15:58:36.709+0000] {_universal.py:511} INFO - Request URL: 'https://management.azure.com/subscriptions/0a94de80-6d3b-49f2-b3e9-ec5818862801/resourceGroups/buas-y2/providers/Microsoft.MachineLearningServices/workspaces/CV9-2025/models/axonrooter-finetuned/versions/8?api-version=REDACTED'
Request method: 'GET'
Request headers:
    'Accept': 'application/json'
    'x-ms-client-request-id': '6b51b61a-52a6-11f0-a7ee-e64dc2efff95'
    'User-Agent': 'azure-ai-ml/1.27.1 azsdk-python-mgmt-machinelearningservices/0.1.0 Python/3.10.14 (Linux-6.6.87.1-microsoft-standard-WSL2-x86_64-with-glibc2.36)'
    'Authorization': 'REDACTED'
No body was attached to the request
[2025-06-26T15:58:37.056+0000] {_universal.py:547} INFO - Response status: 200
Response headers:
    'Cache-Control': 'no-cache'
    'Pragma': 'no-cache'
    'Content-Length': '1214'
    'Content-Type': 'application/json; charset=utf-8'
    'Expires': '-1'
    'Vary': 'REDACTED'
    'x-ms-ratelimit-remaining-subscription-reads': '249'
    'x-ms-operation-identifier': 'REDACTED'
    'Request-Context': 'REDACTED'
    'x-ms-response-type': 'REDACTED'
    'Strict-Transport-Security': 'REDACTED'
    'X-Content-Type-Options': 'REDACTED'
    'azureml-served-by-cluster': 'REDACTED'
    'x-request-time': 'REDACTED'
    'x-ms-ratelimit-remaining-subscription-global-reads': 'REDACTED'
    'x-ms-request-id': '73d73a03-6d67-4223-b1bc-50569abeeabd'
    'x-ms-correlation-request-id': 'REDACTED'
    'x-ms-routing-request-id': 'REDACTED'
    'X-Cache': 'REDACTED'
    'X-MSEdge-Ref': 'Ref A: 769DB47F5EE64FE2B969C8E76713357F Ref B: AMS231032608009 Ref C: 2025-06-26T15:58:34Z'
    'Date': 'Thu, 26 Jun 2025 15:58:34 GMT'
[2025-06-26T15:58:38.100+0000] {log.py:232} WARNING - Class AutoDeleteSettingSchema: This is an experimental class, and may change at any time. Please see https://aka.ms/azuremlexperimental for more information.
[2025-06-26T15:58:38.113+0000] {log.py:232} WARNING - Class AutoDeleteConditionSchema: This is an experimental class, and may change at any time. Please see https://aka.ms/azuremlexperimental for more information.
[2025-06-26T15:58:38.128+0000] {log.py:232} WARNING - Class BaseAutoDeleteSettingSchema: This is an experimental class, and may change at any time. Please see https://aka.ms/azuremlexperimental for more information.
[2025-06-26T15:58:38.143+0000] {log.py:232} WARNING - Class IntellectualPropertySchema: This is an experimental class, and may change at any time. Please see https://aka.ms/azuremlexperimental for more information.
[2025-06-26T15:58:38.156+0000] {log.py:232} WARNING - Class ProtectionLevelSchema: This is an experimental class, and may change at any time. Please see https://aka.ms/azuremlexperimental for more information.
[2025-06-26T15:58:38.169+0000] {log.py:232} WARNING - Class BaseIntellectualPropertySchema: This is an experimental class, and may change at any time. Please see https://aka.ms/azuremlexperimental for more information.
[2025-06-26T15:58:38.185+0000] {_attr_dict.py:109} DEBUG - getting schema_ignored
[2025-06-26T15:58:38.186+0000] {_attr_dict.py:122} DEBUG - setting schema_ignored to {}
[2025-06-26T15:58:38.192+0000] {_attr_dict.py:109} DEBUG - getting schema_ignored
[2025-06-26T15:58:38.193+0000] {_attr_dict.py:122} DEBUG - setting schema_ignored to {}
[2025-06-26T15:58:38.196+0000] {_attr_dict.py:109} DEBUG - getting schema_ignored
[2025-06-26T15:58:38.197+0000] {_attr_dict.py:122} DEBUG - setting schema_ignored to {}
[2025-06-26T15:58:38.235+0000] {_attr_dict.py:109} DEBUG - getting schema_ignored
[2025-06-26T15:58:38.236+0000] {_attr_dict.py:122} DEBUG - setting schema_ignored to {}
[2025-06-26T15:58:38.257+0000] {_attr_dict.py:109} DEBUG - getting schema_ignored
[2025-06-26T15:58:38.259+0000] {_attr_dict.py:122} DEBUG - setting schema_ignored to {}
[2025-06-26T15:58:38.279+0000] {_attr_dict.py:109} DEBUG - getting schema_ignored
[2025-06-26T15:58:38.280+0000] {_attr_dict.py:122} DEBUG - setting schema_ignored to {}
[2025-06-26T15:58:38.295+0000] {_universal.py:511} INFO - Request URL: 'https://management.azure.com/subscriptions/0a94de80-6d3b-49f2-b3e9-ec5818862801/resourceGroups/buas-y2/providers/Microsoft.MachineLearningServices/workspaces/CV9-2025/computes/adsai-lambda-2?api-version=REDACTED'
Request method: 'GET'
Request headers:
    'Accept': 'application/json'
    'x-ms-client-request-id': '6c4465d6-52a6-11f0-a7ee-e64dc2efff95'
    'User-Agent': 'azure-ai-ml/1.27.1 azsdk-python-mgmt-machinelearningservices/0.1.0 Python/3.10.14 (Linux-6.6.87.1-microsoft-standard-WSL2-x86_64-with-glibc2.36)'
    'Authorization': 'REDACTED'
No body was attached to the request
[2025-06-26T15:58:38.921+0000] {_universal.py:547} INFO - Response status: 200
Response headers:
    'Cache-Control': 'no-cache'
    'Pragma': 'no-cache'
    'Content-Length': '2753'
    'Content-Type': 'application/json; charset=utf-8'
    'Expires': '-1'
    'Vary': 'REDACTED'
    'x-ms-ratelimit-remaining-subscription-reads': '249'
    'x-ms-operation-identifier': 'REDACTED'
    'Request-Context': 'REDACTED'
    'x-ms-response-type': 'REDACTED'
    'Strict-Transport-Security': 'REDACTED'
    'X-Content-Type-Options': 'REDACTED'
    'azureml-served-by-cluster': 'REDACTED'
    'x-request-time': 'REDACTED'
    'x-ms-ratelimit-remaining-subscription-global-reads': 'REDACTED'
    'x-ms-request-id': '595b3731-c110-433f-8f8e-a6474ad833b6'
    'x-ms-correlation-request-id': 'REDACTED'
    'x-ms-routing-request-id': 'REDACTED'
    'X-Cache': 'REDACTED'
    'X-MSEdge-Ref': 'Ref A: 04356D99222F4F1F89E6D2CC4D923227 Ref B: AMS231032608009 Ref C: 2025-06-26T15:58:36Z'
    'Date': 'Thu, 26 Jun 2025 15:58:36 GMT'
[2025-06-26T15:58:38.929+0000] {application.py:1553} DEBUG - Cache hit an AT
[2025-06-26T15:58:38.930+0000] {telemetry.py:37} DEBUG - Generate or reuse correlation_id: 8e8cc2f0-8606-4eff-9975-a6f287868dfc
[2025-06-26T15:58:38.931+0000] {get_token_mixin.py:148} INFO - ClientSecretCredential.get_token_info succeeded
[2025-06-26T15:58:38.932+0000] {_universal.py:511} INFO - Request URL: 'https://management.azure.com/subscriptions/0a94de80-6d3b-49f2-b3e9-ec5818862801/resourceGroups/buas-y2/providers/Microsoft.MachineLearningServices/workspaces/CV9-2025?api-version=REDACTED'
Request method: 'GET'
Request headers:
    'Accept': 'application/json'
    'x-ms-client-request-id': '6ca50bb6-52a6-11f0-a7ee-e64dc2efff95'
    'User-Agent': 'azure-ai-ml/1.27.1 azsdk-python-mgmt-machinelearningservices/0.1.0 Python/3.10.14 (Linux-6.6.87.1-microsoft-standard-WSL2-x86_64-with-glibc2.36)'
    'Authorization': 'REDACTED'
No body was attached to the request
[2025-06-26T15:58:39.121+0000] {_universal.py:547} INFO - Response status: 200
Response headers:
    'Cache-Control': 'no-cache'
    'Pragma': 'no-cache'
    'Content-Length': '3748'
    'Content-Type': 'application/json; charset=utf-8'
    'Expires': '-1'
    'Vary': 'REDACTED'
    'x-ms-ratelimit-remaining-subscription-global-reads': 'REDACTED'
    'x-ms-ratelimit-remaining-subscription-reads': '249'
    'Request-Context': 'REDACTED'
    'x-ms-response-type': 'REDACTED'
    'Strict-Transport-Security': 'REDACTED'
    'X-Content-Type-Options': 'REDACTED'
    'azureml-served-by-cluster': 'REDACTED'
    'x-request-time': 'REDACTED'
    'x-ms-request-id': 'efe578a0-3f31-4158-b5b2-1518f9942e16'
    'x-ms-correlation-request-id': 'REDACTED'
    'x-ms-routing-request-id': 'REDACTED'
    'X-Cache': 'REDACTED'
    'X-MSEdge-Ref': 'Ref A: 641F706F1538489B96761FFCF5824D94 Ref B: AMS231032609025 Ref C: 2025-06-26T15:58:37Z'
    'Date': 'Thu, 26 Jun 2025 15:58:36 GMT'
[2025-06-26T15:58:39.163+0000] {_attr_dict.py:109} DEBUG - getting schema_ignored
[2025-06-26T15:58:39.164+0000] {_attr_dict.py:122} DEBUG - setting schema_ignored to {}
[2025-06-26T15:58:39.178+0000] {_attr_dict.py:109} DEBUG - getting schema_ignored
[2025-06-26T15:58:39.180+0000] {_attr_dict.py:122} DEBUG - setting schema_ignored to {}
[2025-06-26T15:58:39.189+0000] {_attr_dict.py:109} DEBUG - getting schema_ignored
[2025-06-26T15:58:39.190+0000] {_attr_dict.py:122} DEBUG - setting schema_ignored to {}
[2025-06-26T15:58:39.195+0000] {telemetry.py:37} DEBUG - Generate or reuse correlation_id: bd9b35c6-587d-4b02-a5fe-6dc79a98a9a7
[2025-06-26T15:58:39.196+0000] {_universal.py:508} INFO - Request URL: 'https://login.microsoftonline.com/0a33589b-0036-4fe8-a829-3ed0926af886/oauth2/v2.0/token'
Request method: 'POST'
Request headers:
    'Accept': 'application/json'
    'x-client-sku': 'REDACTED'
    'x-client-ver': 'REDACTED'
    'x-client-os': 'REDACTED'
    'x-ms-lib-capability': 'REDACTED'
    'client-request-id': 'REDACTED'
    'x-client-current-telemetry': 'REDACTED'
    'x-client-last-telemetry': 'REDACTED'
    'User-Agent': 'azsdk-python-identity/1.23.0 Python/3.10.14 (Linux-6.6.87.1-microsoft-standard-WSL2-x86_64-with-glibc2.36)'
A body is sent with the request
[2025-06-26T15:58:39.292+0000] {_universal.py:547} INFO - Response status: 200
Response headers:
    'Cache-Control': 'no-store, no-cache'
    'Pragma': 'no-cache'
    'Content-Type': 'application/json; charset=utf-8'
    'Expires': '-1'
    'Strict-Transport-Security': 'REDACTED'
    'X-Content-Type-Options': 'REDACTED'
    'P3P': 'REDACTED'
    'client-request-id': 'REDACTED'
    'x-ms-request-id': 'c216530a-1652-41bd-a898-9ae51b40df00'
    'x-ms-ests-server': 'REDACTED'
    'x-ms-clitelem': 'REDACTED'
    'x-ms-srs': 'REDACTED'
    'Content-Security-Policy-Report-Only': 'REDACTED'
    'X-XSS-Protection': 'REDACTED'
    'Set-Cookie': 'REDACTED'
    'Date': 'Thu, 26 Jun 2025 15:58:36 GMT'
    'Content-Length': '1633'
[2025-06-26T15:58:39.293+0000] {token_cache.py:204} DEBUG - event={
    "client_id": "27157a5a-3927-4895-8478-9d4554697d25",
    "data": {
        "claims": null,
        "scope": [
            "https://ml.azure.com/.default"
        ]
    },
    "environment": "login.microsoftonline.com",
    "grant_type": "client_credentials",
    "params": null,
    "response": {
        "access_token": "********",
        "expires_in": 86399,
        "ext_expires_in": 86399,
        "refresh_in": 43199,
        "token_type": "Bearer"
    },
    "scope": [
        "https://ml.azure.com/.default"
    ],
    "token_endpoint": "https://login.microsoftonline.com/0a33589b-0036-4fe8-a829-3ed0926af886/oauth2/v2.0/token"
}
[2025-06-26T15:58:39.294+0000] {get_token_mixin.py:148} INFO - ClientSecretCredential.get_token succeeded
[2025-06-26T15:58:39.297+0000] {_universal.py:508} INFO - Request URL: 'https://management.azure.com/subscriptions/0a94de80-6d3b-49f2-b3e9-ec5818862801/resourceGroups/buas-y2/providers/Microsoft.MachineLearningServices/workspaces/CV9-2025/jobs/amusing_kale_gt63vqbmpv?api-version=REDACTED'
Request method: 'PUT'
Request headers:
    'Content-Type': 'application/json'
    'Content-Length': '2577'
    'Accept': 'application/json'
    'x-ms-client-request-id': '6cdd2d16-52a6-11f0-a7ee-e64dc2efff95'
    'x-azureml-token': 'REDACTED'
    'User-Agent': 'azure-ai-ml/1.27.1 azsdk-python-mgmt-machinelearningservices/0.1.0 Python/3.10.14 (Linux-6.6.87.1-microsoft-standard-WSL2-x86_64-with-glibc2.36)'
    'Authorization': 'REDACTED'
A body is sent with the request
[2025-06-26T15:58:39.363+0000] {retries.py:91} DEBUG - Running Job._fetch_from_db with retries. Try 1 of 3
[2025-06-26T15:58:39.389+0000] {retries.py:91} DEBUG - Running Job._update_heartbeat with retries. Try 1 of 3
[2025-06-26T15:58:39.419+0000] {job.py:214} DEBUG - [heartbeat]
[2025-06-26T15:58:40.090+0000] {_universal.py:547} INFO - Response status: 201
Response headers:
    'Cache-Control': 'no-cache'
    'Pragma': 'no-cache'
    'Content-Length': '4654'
    'Content-Type': 'application/json; charset=utf-8'
    'Expires': '-1'
    'Location': 'REDACTED'
    'x-ms-operation-identifier': 'REDACTED'
    'Request-Context': 'REDACTED'
    'x-ms-response-type': 'REDACTED'
    'Strict-Transport-Security': 'REDACTED'
    'X-Content-Type-Options': 'REDACTED'
    'azureml-served-by-cluster': 'REDACTED'
    'x-request-time': 'REDACTED'
    'x-ms-ratelimit-remaining-subscription-writes': '199'
    'x-ms-ratelimit-remaining-subscription-global-writes': 'REDACTED'
    'x-ms-request-id': '1d55e48c-f28d-4165-8243-c7f55cbcf183'
    'x-ms-correlation-request-id': 'REDACTED'
    'x-ms-routing-request-id': 'REDACTED'
    'X-Cache': 'REDACTED'
    'X-MSEdge-Ref': 'Ref A: E245EFF6309A4A3D81D46365F15D9397 Ref B: AMS231032609009 Ref C: 2025-06-26T15:58:37Z'
    'Date': 'Thu, 26 Jun 2025 15:58:37 GMT'
[2025-06-26T15:58:40.101+0000] {application.py:1553} DEBUG - Cache hit an AT
[2025-06-26T15:58:40.102+0000] {telemetry.py:37} DEBUG - Generate or reuse correlation_id: 3892c140-e633-46c1-bb15-623885c15a12
[2025-06-26T15:58:40.103+0000] {get_token_mixin.py:148} INFO - ClientSecretCredential.get_token succeeded
[2025-06-26T15:58:40.107+0000] {_universal.py:511} INFO - Request URL: 'https://management.azure.com/subscriptions/0a94de80-6d3b-49f2-b3e9-ec5818862801/resourceGroups/buas-y2/providers/Microsoft.MachineLearningServices/workspaces/CV9-2025/jobs/amusing_kale_gt63vqbmpv?api-version=REDACTED'
Request method: 'GET'
Request headers:
    'Accept': 'application/json'
    'x-ms-client-request-id': '6d58c700-52a6-11f0-a7ee-e64dc2efff95'
    'User-Agent': 'azure-ai-ml/1.27.1 azsdk-python-mgmt-machinelearningservices/0.1.0 Python/3.10.14 (Linux-6.6.87.1-microsoft-standard-WSL2-x86_64-with-glibc2.36)'
    'Authorization': 'REDACTED'
No body was attached to the request
[2025-06-26T15:58:40.247+0000] {_universal.py:547} INFO - Response status: 200
Response headers:
    'Cache-Control': 'no-cache'
    'Pragma': 'no-cache'
    'Content-Length': '4654'
    'Content-Type': 'application/json; charset=utf-8'
    'Expires': '-1'
    'Vary': 'REDACTED'
    'x-ms-ratelimit-remaining-subscription-reads': '249'
    'x-ms-operation-identifier': 'REDACTED'
    'Request-Context': 'REDACTED'
    'x-ms-response-type': 'REDACTED'
    'Strict-Transport-Security': 'REDACTED'
    'X-Content-Type-Options': 'REDACTED'
    'azureml-served-by-cluster': 'REDACTED'
    'x-request-time': 'REDACTED'
    'x-ms-ratelimit-remaining-subscription-global-reads': 'REDACTED'
    'x-ms-request-id': '9acb40ee-9d27-4059-b18d-924ce362fea8'
    'x-ms-correlation-request-id': 'REDACTED'
    'x-ms-routing-request-id': 'REDACTED'
    'X-Cache': 'REDACTED'
    'X-MSEdge-Ref': 'Ref A: B53168685BF24AAF9D16206AA7BD5E38 Ref B: AMS231032609009 Ref C: 2025-06-26T15:58:38Z'
    'Date': 'Thu, 26 Jun 2025 15:58:38 GMT'
[2025-06-26T15:58:40.250+0000] {_universal.py:511} INFO - Request URL: 'https://management.azure.com/subscriptions/0a94de80-6d3b-49f2-b3e9-ec5818862801/resourceGroups/buas-y2/providers/Microsoft.MachineLearningServices/workspaces/CV9-2025?api-version=REDACTED'
Request method: 'GET'
Request headers:
    'Accept': 'application/json'
    'x-ms-client-request-id': '6d6e9a62-52a6-11f0-a7ee-e64dc2efff95'
    'User-Agent': 'azure-ai-ml/1.27.1 azsdk-python-mgmt-machinelearningservices/0.1.0 Python/3.10.14 (Linux-6.6.87.1-microsoft-standard-WSL2-x86_64-with-glibc2.36)'
    'Authorization': 'REDACTED'
No body was attached to the request
[2025-06-26T15:58:40.374+0000] {_universal.py:547} INFO - Response status: 200
Response headers:
    'Cache-Control': 'no-cache'
    'Pragma': 'no-cache'
    'Content-Length': '3748'
    'Content-Type': 'application/json; charset=utf-8'
    'Expires': '-1'
    'Vary': 'REDACTED'
    'x-ms-ratelimit-remaining-subscription-global-reads': 'REDACTED'
    'x-ms-ratelimit-remaining-subscription-reads': '249'
    'Request-Context': 'REDACTED'
    'x-ms-response-type': 'REDACTED'
    'Strict-Transport-Security': 'REDACTED'
    'X-Content-Type-Options': 'REDACTED'
    'azureml-served-by-cluster': 'REDACTED'
    'x-request-time': 'REDACTED'
    'x-ms-request-id': '785de046-a26f-4d2c-a6df-1bad70229346'
    'x-ms-correlation-request-id': 'REDACTED'
    'x-ms-routing-request-id': 'REDACTED'
    'X-Cache': 'REDACTED'
    'X-MSEdge-Ref': 'Ref A: 47C017E41C644A6F81D8221475BA3C05 Ref B: AMS231032609025 Ref C: 2025-06-26T15:58:38Z'
    'Date': 'Thu, 26 Jun 2025 15:58:37 GMT'
[2025-06-26T15:58:40.580+0000] {logging_mixin.py:188} INFO - RunId: amusing_kale_gt63vqbmpv
[2025-06-26T15:58:40.581+0000] {logging_mixin.py:188} INFO - Web View: https://ml.azure.com/runs/amusing_kale_gt63vqbmpv?wsid=/subscriptions/0a94de80-6d3b-49f2-b3e9-ec5818862801/resourcegroups/buas-y2/workspaces/CV9-2025
[2025-06-26T15:58:40.582+0000] {application.py:1553} DEBUG - Cache hit an AT
[2025-06-26T15:58:40.583+0000] {telemetry.py:37} DEBUG - Generate or reuse correlation_id: 6020fbc7-9e50-4a44-8316-ca6e3c521bc0
[2025-06-26T15:58:40.584+0000] {get_token_mixin.py:148} INFO - ClientSecretCredential.get_token_info succeeded
[2025-06-26T15:58:40.585+0000] {_universal.py:511} INFO - Request URL: 'https://westeurope.api.azureml.ms/history/v1.0/subscriptions/0a94de80-6d3b-49f2-b3e9-ec5818862801/resourceGroups/buas-y2/providers/Microsoft.MachineLearningServices/workspaces/CV9-2025/runs/amusing_kale_gt63vqbmpv/details'
Request method: 'GET'
Request headers:
    'Accept': 'application/json'
    'x-ms-client-request-id': '6da15222-52a6-11f0-a7ee-e64dc2efff95'
    'User-Agent': 'azure-ai-ml/1.27.1 azsdk-python-mgmt-machinelearningservices/0.1.0 Python/3.10.14 (Linux-6.6.87.1-microsoft-standard-WSL2-x86_64-with-glibc2.36)'
    'Authorization': 'REDACTED'
No body was attached to the request
[2025-06-26T15:58:40.777+0000] {_universal.py:547} INFO - Response status: 200
Response headers:
    'Date': 'Thu, 26 Jun 2025 15:58:38 GMT'
    'Content-Type': 'application/json; charset=utf-8'
    'Transfer-Encoding': 'chunked'
    'Connection': 'keep-alive'
    'Vary': 'REDACTED'
    'Request-Context': 'REDACTED'
    'x-ms-response-type': 'REDACTED'
    'mise-correlation-id': 'REDACTED'
    'Strict-Transport-Security': 'REDACTED'
    'X-Content-Type-Options': 'REDACTED'
    'azureml-served-by-cluster': 'REDACTED'
    'x-request-time': 'REDACTED'
    'Content-Encoding': 'REDACTED'
[2025-06-26T15:58:42.783+0000] {_universal.py:511} INFO - Request URL: 'https://westeurope.api.azureml.ms/history/v1.0/subscriptions/0a94de80-6d3b-49f2-b3e9-ec5818862801/resourceGroups/buas-y2/providers/Microsoft.MachineLearningServices/workspaces/CV9-2025/runs/amusing_kale_gt63vqbmpv/details'
Request method: 'GET'
Request headers:
    'Accept': 'application/json'
    'x-ms-client-request-id': '6ef12a26-52a6-11f0-a7ee-e64dc2efff95'
    'User-Agent': 'azure-ai-ml/1.27.1 azsdk-python-mgmt-machinelearningservices/0.1.0 Python/3.10.14 (Linux-6.6.87.1-microsoft-standard-WSL2-x86_64-with-glibc2.36)'
    'Authorization': 'REDACTED'
No body was attached to the request
[2025-06-26T15:58:42.839+0000] {_universal.py:547} INFO - Response status: 200
Response headers:
    'Date': 'Thu, 26 Jun 2025 15:58:40 GMT'
    'Content-Type': 'application/json; charset=utf-8'
    'Transfer-Encoding': 'chunked'
    'Connection': 'keep-alive'
    'Vary': 'REDACTED'
    'Request-Context': 'REDACTED'
    'x-ms-response-type': 'REDACTED'
    'mise-correlation-id': 'REDACTED'
    'Strict-Transport-Security': 'REDACTED'
    'X-Content-Type-Options': 'REDACTED'
    'azureml-served-by-cluster': 'REDACTED'
    'x-request-time': 'REDACTED'
    'Content-Encoding': 'REDACTED'
[2025-06-26T15:58:44.422+0000] {retries.py:91} DEBUG - Running Job._fetch_from_db with retries. Try 1 of 3
[2025-06-26T15:58:44.438+0000] {retries.py:91} DEBUG - Running Job._update_heartbeat with retries. Try 1 of 3
[2025-06-26T15:58:44.461+0000] {job.py:214} DEBUG - [heartbeat]
[2025-06-26T15:58:44.846+0000] {_universal.py:511} INFO - Request URL: 'https://westeurope.api.azureml.ms/history/v1.0/subscriptions/0a94de80-6d3b-49f2-b3e9-ec5818862801/resourceGroups/buas-y2/providers/Microsoft.MachineLearningServices/workspaces/CV9-2025/runs/amusing_kale_gt63vqbmpv/details'
Request method: 'GET'
Request headers:
    'Accept': 'application/json'
    'x-ms-client-request-id': '702bea0c-52a6-11f0-a7ee-e64dc2efff95'
    'User-Agent': 'azure-ai-ml/1.27.1 azsdk-python-mgmt-machinelearningservices/0.1.0 Python/3.10.14 (Linux-6.6.87.1-microsoft-standard-WSL2-x86_64-with-glibc2.36)'
    'Authorization': 'REDACTED'
No body was attached to the request
[2025-06-26T15:58:44.965+0000] {_universal.py:547} INFO - Response status: 200
Response headers:
    'Date': 'Thu, 26 Jun 2025 15:58:43 GMT'
    'Content-Type': 'application/json; charset=utf-8'
    'Transfer-Encoding': 'chunked'
    'Connection': 'keep-alive'
    'Vary': 'REDACTED'
    'Request-Context': 'REDACTED'
    'x-ms-response-type': 'REDACTED'
    'mise-correlation-id': 'REDACTED'
    'Strict-Transport-Security': 'REDACTED'
    'X-Content-Type-Options': 'REDACTED'
    'azureml-served-by-cluster': 'REDACTED'
    'x-request-time': 'REDACTED'
    'Content-Encoding': 'REDACTED'
[2025-06-26T15:58:47.114+0000] {_universal.py:511} INFO - Request URL: 'https://westeurope.api.azureml.ms/history/v1.0/subscriptions/0a94de80-6d3b-49f2-b3e9-ec5818862801/resourceGroups/buas-y2/providers/Microsoft.MachineLearningServices/workspaces/CV9-2025/runs/amusing_kale_gt63vqbmpv/details'
Request method: 'GET'
Request headers:
    'Accept': 'application/json'
    'x-ms-client-request-id': '7186052c-52a6-11f0-a7ee-e64dc2efff95'
    'User-Agent': 'azure-ai-ml/1.27.1 azsdk-python-mgmt-machinelearningservices/0.1.0 Python/3.10.14 (Linux-6.6.87.1-microsoft-standard-WSL2-x86_64-with-glibc2.36)'
    'Authorization': 'REDACTED'
No body was attached to the request
[2025-06-26T15:58:47.180+0000] {_universal.py:547} INFO - Response status: 200
Response headers:
    'Date': 'Thu, 26 Jun 2025 15:58:45 GMT'
    'Content-Type': 'application/json; charset=utf-8'
    'Transfer-Encoding': 'chunked'
    'Connection': 'keep-alive'
    'Vary': 'REDACTED'
    'Request-Context': 'REDACTED'
    'x-ms-response-type': 'REDACTED'
    'mise-correlation-id': 'REDACTED'
    'Strict-Transport-Security': 'REDACTED'
    'X-Content-Type-Options': 'REDACTED'
    'azureml-served-by-cluster': 'REDACTED'
    'x-request-time': 'REDACTED'
    'Content-Encoding': 'REDACTED'
[2025-06-26T15:58:49.207+0000] {_universal.py:511} INFO - Request URL: 'https://westeurope.api.azureml.ms/history/v1.0/subscriptions/0a94de80-6d3b-49f2-b3e9-ec5818862801/resourceGroups/buas-y2/providers/Microsoft.MachineLearningServices/workspaces/CV9-2025/runs/amusing_kale_gt63vqbmpv/details'
Request method: 'GET'
Request headers:
    'Accept': 'application/json'
    'x-ms-client-request-id': '72c5510e-52a6-11f0-a7ee-e64dc2efff95'
    'User-Agent': 'azure-ai-ml/1.27.1 azsdk-python-mgmt-machinelearningservices/0.1.0 Python/3.10.14 (Linux-6.6.87.1-microsoft-standard-WSL2-x86_64-with-glibc2.36)'
    'Authorization': 'REDACTED'
No body was attached to the request
[2025-06-26T15:58:49.276+0000] {_universal.py:547} INFO - Response status: 200
Response headers:
    'Date': 'Thu, 26 Jun 2025 15:58:47 GMT'
    'Content-Type': 'application/json; charset=utf-8'
    'Transfer-Encoding': 'chunked'
    'Connection': 'keep-alive'
    'Vary': 'REDACTED'
    'Request-Context': 'REDACTED'
    'x-ms-response-type': 'REDACTED'
    'mise-correlation-id': 'REDACTED'
    'Strict-Transport-Security': 'REDACTED'
    'X-Content-Type-Options': 'REDACTED'
    'azureml-served-by-cluster': 'REDACTED'
    'x-request-time': 'REDACTED'
    'Content-Encoding': 'REDACTED'
[2025-06-26T15:58:49.299+0000] {logging_mixin.py:188} INFO - Streaming logs/azureml/executionlogs.txt
[2025-06-26T15:58:49.301+0000] {logging_mixin.py:188} INFO - ========================================
[2025-06-26T15:58:49.302+0000] {logging_mixin.py:188} INFO - [2025-06-26 15:58:41Z] Completing processing run id dbedc990-d077-45c1-95bb-79fbf5f095f5.
[2025-06-26T15:58:49.303+0000] {logging_mixin.py:188} INFO - [2025-06-26 15:58:43Z] Completing processing run id d9887b03-64c6-485b-b251-38bf4fb04790.
[2025-06-26T15:58:49.304+0000] {logging_mixin.py:188} INFO - [2025-06-26 15:58:44Z] Completing processing run id 394c27a4-ff0c-4971-affb-62bca1c0293b.
[2025-06-26T15:58:49.305+0000] {logging_mixin.py:188} INFO - [2025-06-26 15:58:45Z] Finishing experiment: no runs left and nothing to schedule.
[2025-06-26T15:58:49.305+0000] {logging_mixin.py:188} INFO - Execution Summary
[2025-06-26T15:58:49.306+0000] {logging_mixin.py:188} INFO - =================
[2025-06-26T15:58:49.307+0000] {logging_mixin.py:188} INFO - RunId: amusing_kale_gt63vqbmpv
[2025-06-26T15:58:49.308+0000] {logging_mixin.py:188} INFO - Web View: https://ml.azure.com/runs/amusing_kale_gt63vqbmpv?wsid=/subscriptions/0a94de80-6d3b-49f2-b3e9-ec5818862801/resourcegroups/buas-y2/workspaces/CV9-2025
[2025-06-26T15:58:49.309+0000] {logging_mixin.py:188} INFO - 🚀 Submitted retraining pipeline job and waited for completion.
[2025-06-26T15:58:49.311+0000] {python.py:237} INFO - Done. Returned value was: None
[2025-06-26T15:58:49.312+0000] {taskinstance.py:441} INFO - ::group::Post task execution logs
[2025-06-26T15:58:49.314+0000] {__init__.py:77} DEBUG - Lineage called with inlets: [], outlets: []
[2025-06-26T15:58:49.335+0000] {taskinstance.py:584} DEBUG - Clearing next_method and next_kwargs.
[2025-06-26T15:58:49.336+0000] {taskinstance.py:1206} INFO - Marking task as SUCCESS. dag_id=axonrooter_weekly_retraining, task_id=run_retraining_pipeline, run_id=manual__2025-06-26T15:58:27.576212+00:00, execution_date=20250626T155827, start_date=20250626T155834, end_date=20250626T155849
[2025-06-26T15:58:49.337+0000] {taskinstance.py:562} DEBUG - Task Duration set to 15.038027
[2025-06-26T15:58:49.405+0000] {cli_action_loggers.py:88} DEBUG - Calling callbacks: []
[2025-06-26T15:58:49.464+0000] {local_task_job_runner.py:240} INFO - Task exited with return code 0
[2025-06-26T15:58:49.496+0000] {dagrun.py:932} DEBUG - number of tis tasks for <DagRun axonrooter_weekly_retraining @ 2025-06-26 15:58:27.576212+00:00: manual__2025-06-26T15:58:27.576212+00:00, state:running, queued_at: 2025-06-26 15:58:27.695350+00:00. externally triggered: True>: 2 task(s)
[2025-06-26T15:58:49.497+0000] {dagrun.py:953} DEBUG - number of scheduleable tasks for <DagRun axonrooter_weekly_retraining @ 2025-06-26 15:58:27.576212+00:00: manual__2025-06-26T15:58:27.576212+00:00, state:running, queued_at: 2025-06-26 15:58:27.695350+00:00. externally triggered: True>: 1 task(s)
[2025-06-26T15:58:49.498+0000] {taskinstance.py:2088} DEBUG - <TaskInstance: axonrooter_weekly_retraining.promote_model_to_green manual__2025-06-26T15:58:27.576212+00:00 [None]> dependency 'Previous Dagrun State' PASSED: True, The task did not have depends_on_past set.
[2025-06-26T15:58:49.499+0000] {taskinstance.py:2088} DEBUG - <TaskInstance: axonrooter_weekly_retraining.promote_model_to_green manual__2025-06-26T15:58:27.576212+00:00 [None]> dependency 'Not In Retry Period' PASSED: True, The task instance was not marked for retrying.
[2025-06-26T15:58:49.500+0000] {taskinstance.py:2076} DEBUG - Dependencies all met for dep_context=None ti=<TaskInstance: axonrooter_weekly_retraining.promote_model_to_green manual__2025-06-26T15:58:27.576212+00:00 [None]>
[2025-06-26T15:58:49.506+0000] {taskinstance.py:3498} INFO - 1 downstream tasks scheduled from follow-on schedule check
[2025-06-26T15:58:49.510+0000] {local_task_job_runner.py:222} INFO - ::endgroup::
