[2025-06-26T14:20:06.543+0000] {taskinstance.py:1042} DEBUG - previous_execution_date was called
[2025-06-26T14:20:06.580+0000] {__init__.py:54} DEBUG - Loading core task runner: StandardTaskRunner
[2025-06-26T14:20:06.600+0000] {taskinstance.py:1042} DEBUG - previous_execution_date was called
[2025-06-26T14:20:06.615+0000] {base_task_runner.py:73} DEBUG - Planning to run as the  user
[2025-06-26T14:20:06.621+0000] {local_task_job_runner.py:120} INFO - ::group::Pre task execution logs
[2025-06-26T14:20:06.645+0000] {taskinstance.py:2088} DEBUG - <TaskInstance: axonrooter_weekly_retraining.promote_model_to_green manual__2025-06-26T14:19:48.354534+00:00 [queued]> dependency 'Previous Dagrun State' PASSED: True, The task did not have depends_on_past set.
[2025-06-26T14:20:06.647+0000] {taskinstance.py:2088} DEBUG - <TaskInstance: axonrooter_weekly_retraining.promote_model_to_green manual__2025-06-26T14:19:48.354534+00:00 [queued]> dependency 'Task Instance Not Running' PASSED: True, Task is not in running state.
[2025-06-26T14:20:06.647+0000] {taskinstance.py:2088} DEBUG - <TaskInstance: axonrooter_weekly_retraining.promote_model_to_green manual__2025-06-26T14:19:48.354534+00:00 [queued]> dependency 'Task Instance State' PASSED: True, Task state queued was valid.
[2025-06-26T14:20:06.658+0000] {taskinstance.py:2088} DEBUG - <TaskInstance: axonrooter_weekly_retraining.promote_model_to_green manual__2025-06-26T14:19:48.354534+00:00 [queued]> dependency 'Not In Retry Period' PASSED: True, The task instance was not marked for retrying.
[2025-06-26T14:20:06.659+0000] {taskinstance.py:2076} INFO - Dependencies all met for dep_context=non-requeueable deps ti=<TaskInstance: axonrooter_weekly_retraining.promote_model_to_green manual__2025-06-26T14:19:48.354534+00:00 [queued]>
[2025-06-26T14:20:06.660+0000] {taskinstance.py:2088} DEBUG - <TaskInstance: axonrooter_weekly_retraining.promote_model_to_green manual__2025-06-26T14:19:48.354534+00:00 [queued]> dependency 'Previous Dagrun State' PASSED: True, The task did not have depends_on_past set.
[2025-06-26T14:20:06.667+0000] {taskinstance.py:2088} DEBUG - <TaskInstance: axonrooter_weekly_retraining.promote_model_to_green manual__2025-06-26T14:19:48.354534+00:00 [queued]> dependency 'Pool Slots Available' PASSED: True, There are enough open slots in default_pool to execute the task
[2025-06-26T14:20:06.668+0000] {taskinstance.py:2088} DEBUG - <TaskInstance: axonrooter_weekly_retraining.promote_model_to_green manual__2025-06-26T14:19:48.354534+00:00 [queued]> dependency 'Task Concurrency' PASSED: True, Task concurrency is not set.
[2025-06-26T14:20:06.675+0000] {taskinstance.py:2088} DEBUG - <TaskInstance: axonrooter_weekly_retraining.promote_model_to_green manual__2025-06-26T14:19:48.354534+00:00 [queued]> dependency 'Not In Retry Period' PASSED: True, The task instance was not marked for retrying.
[2025-06-26T14:20:06.677+0000] {taskinstance.py:2076} INFO - Dependencies all met for dep_context=requeueable deps ti=<TaskInstance: axonrooter_weekly_retraining.promote_model_to_green manual__2025-06-26T14:19:48.354534+00:00 [queued]>
[2025-06-26T14:20:06.677+0000] {taskinstance.py:2306} INFO - Starting attempt 1 of 2
[2025-06-26T14:20:06.701+0000] {taskinstance.py:2330} INFO - Executing <Task(PythonOperator): promote_model_to_green> on 2025-06-26 14:19:48.354534+00:00
[2025-06-26T14:20:06.719+0000] {standard_task_runner.py:63} INFO - Started process 5595 to run task
[2025-06-26T14:20:06.728+0000] {standard_task_runner.py:90} INFO - Running: ['***', 'tasks', 'run', 'axonrooter_weekly_retraining', 'promote_model_to_green', 'manual__2025-06-26T14:19:48.354534+00:00', '--job-id', '187', '--raw', '--subdir', 'DAGS_FOLDER/retrain_dag.py', '--cfg-path', '/tmp/tmp3bty9o1j']
[2025-06-26T14:20:06.734+0000] {standard_task_runner.py:91} INFO - Job 187: Subtask promote_model_to_green
[2025-06-26T14:20:06.736+0000] {cli_action_loggers.py:70} DEBUG - Calling callbacks: [<function default_action_log at 0x77eb8f178ca0>]
[2025-06-26T14:20:06.816+0000] {taskinstance.py:1042} DEBUG - previous_execution_date was called
[2025-06-26T14:20:06.831+0000] {task_command.py:426} INFO - Running <TaskInstance: axonrooter_weekly_retraining.promote_model_to_green manual__2025-06-26T14:19:48.354534+00:00 [running]> on host 9e069602cbde
[2025-06-26T14:20:06.833+0000] {settings.py:363} DEBUG - Disposing DB connection pool (PID 5595)
[2025-06-26T14:20:06.834+0000] {settings.py:250} DEBUG - Setting up DB connection pool (PID 5595)
[2025-06-26T14:20:06.834+0000] {settings.py:298} DEBUG - settings.prepare_engine_args(): Using NullPool
[2025-06-26T14:20:06.901+0000] {taskinstance.py:1042} DEBUG - previous_execution_date was called
[2025-06-26T14:20:06.913+0000] {taskinstance.py:1845} DEBUG - Clearing XCom data
[2025-06-26T14:20:06.929+0000] {retries.py:91} DEBUG - Running RenderedTaskInstanceFields.write with retries. Try 1 of 3
[2025-06-26T14:20:06.969+0000] {retries.py:91} DEBUG - Running RenderedTaskInstanceFields._do_delete_old_records with retries. Try 1 of 3
[2025-06-26T14:20:06.993+0000] {taskinstance.py:2648} INFO - Exporting env vars: AIRFLOW_CTX_DAG_OWNER='***' AIRFLOW_CTX_DAG_ID='axonrooter_weekly_retraining' AIRFLOW_CTX_TASK_ID='promote_model_to_green' AIRFLOW_CTX_EXECUTION_DATE='2025-06-26T14:19:48.354534+00:00' AIRFLOW_CTX_TRY_NUMBER='1' AIRFLOW_CTX_DAG_RUN_ID='manual__2025-06-26T14:19:48.354534+00:00'
[2025-06-26T14:20:06.995+0000] {__init__.py:119} DEBUG - Preparing lineage inlets and outlets
[2025-06-26T14:20:06.998+0000] {__init__.py:158} DEBUG - inlets: [], outlets: []
[2025-06-26T14:20:06.999+0000] {taskinstance.py:430} INFO - ::endgroup::
[2025-06-26T14:20:07.017+0000] {base.py:84} INFO - Using connection ID 'azure_ml_conn' for task execution.
[2025-06-26T14:20:07.126+0000] {authority.py:75} DEBUG - Initializing with Entra authority: https://login.microsoftonline.com/0a33589b-0036-4fe8-a829-3ed0926af886
[2025-06-26T14:20:07.128+0000] {_universal.py:511} INFO - Request URL: 'https://login.microsoftonline.com/0a33589b-0036-4fe8-a829-3ed0926af886/v2.0/.well-known/openid-configuration'
Request method: 'GET'
Request headers:
    'User-Agent': 'azsdk-python-identity/1.23.0 Python/3.10.14 (Linux-6.6.87.1-microsoft-standard-WSL2-x86_64-with-glibc2.36)'
No body was attached to the request
[2025-06-26T14:20:07.378+0000] {_universal.py:547} INFO - Response status: 200
Response headers:
    'Cache-Control': 'max-age=86400, private'
    'Content-Type': 'application/json; charset=utf-8'
    'Strict-Transport-Security': 'REDACTED'
    'X-Content-Type-Options': 'REDACTED'
    'Access-Control-Allow-Origin': 'REDACTED'
    'Access-Control-Allow-Methods': 'REDACTED'
    'P3P': 'REDACTED'
    'x-ms-request-id': 'fd41cd9b-d4aa-4065-ab29-82084c7e6e00'
    'x-ms-ests-server': 'REDACTED'
    'x-ms-srs': 'REDACTED'
    'Content-Security-Policy-Report-Only': 'REDACTED'
    'X-XSS-Protection': 'REDACTED'
    'Set-Cookie': 'REDACTED'
    'Date': 'Thu, 26 Jun 2025 14:20:05 GMT'
    'Content-Length': '1753'
[2025-06-26T14:20:07.383+0000] {authority.py:96} DEBUG - openid_config("https://login.microsoftonline.com/0a33589b-0036-4fe8-a829-3ed0926af886/v2.0/.well-known/openid-configuration") = {'token_endpoint': '***', 'token_endpoint_auth_methods_supported': ['***', '***', '***'], 'jwks_uri': 'https://login.microsoftonline.com/0a33589b-0036-4fe8-a829-3ed0926af886/discovery/v2.0/keys', 'response_modes_supported': ['query', 'fragment', 'form_post'], 'subject_types_supported': ['pairwise'], 'id_token_signing_alg_values_supported': ['***'], 'response_types_supported': ['code', 'id_token', 'code id_token', 'id_token token'], 'scopes_supported': ['openid', 'profile', 'email', 'offline_access'], 'issuer': 'https://login.microsoftonline.com/0a33589b-0036-4fe8-a829-3ed0926af886/v2.0', 'request_uri_parameter_supported': False, 'userinfo_endpoint': 'https://graph.microsoft.com/oidc/userinfo', 'authorization_endpoint': '***', 'device_authorization_endpoint': '***', 'http_logout_supported': True, 'frontchannel_logout_supported': True, 'end_session_endpoint': 'https://login.microsoftonline.com/0a33589b-0036-4fe8-a829-3ed0926af886/oauth2/v2.0/logout', 'claims_supported': ['sub', 'iss', 'cloud_instance_name', 'cloud_instance_host_name', 'cloud_graph_host_name', 'msgraph_host', 'aud', 'exp', 'iat', 'auth_time', 'acr', 'nonce', 'preferred_username', 'name', 'tid', 'ver', 'at_hash', 'c_hash', 'email'], 'kerberos_endpoint': 'https://login.microsoftonline.com/0a33589b-0036-4fe8-a829-3ed0926af886/kerberos', 'tenant_region_scope': 'EU', 'cloud_instance_name': 'microsoftonline.com', 'cloud_graph_host_name': 'graph.windows.net', 'msgraph_host': 'graph.microsoft.com', 'rbac_url': 'https://pas.windows.net'}
[2025-06-26T14:20:07.385+0000] {application.py:705} DEBUG - Broker enabled? None
[2025-06-26T14:20:07.387+0000] {application.py:755} DEBUG - Region to be used: None
[2025-06-26T14:20:07.397+0000] {telemetry.py:37} DEBUG - Generate or reuse correlation_id: 8ac58403-fb87-4f83-9c6d-8950c5a7aaa8
[2025-06-26T14:20:07.398+0000] {_universal.py:508} INFO - Request URL: 'https://login.microsoftonline.com/0a33589b-0036-4fe8-a829-3ed0926af886/oauth2/v2.0/token'
Request method: 'POST'
Request headers:
    'Accept': 'application/json'
    'x-client-sku': 'REDACTED'
    'x-client-ver': 'REDACTED'
    'x-client-os': 'REDACTED'
    'x-ms-lib-capability': 'REDACTED'
    'client-request-id': 'REDACTED'
    'x-client-current-telemetry': 'REDACTED'
    'x-client-last-telemetry': 'REDACTED'
    'User-Agent': 'azsdk-python-identity/1.23.0 Python/3.10.14 (Linux-6.6.87.1-microsoft-standard-WSL2-x86_64-with-glibc2.36)'
A body is sent with the request
[2025-06-26T14:20:07.478+0000] {_universal.py:547} INFO - Response status: 200
Response headers:
    'Cache-Control': 'no-store, no-cache'
    'Pragma': 'no-cache'
    'Content-Type': 'application/json; charset=utf-8'
    'Expires': '-1'
    'Strict-Transport-Security': 'REDACTED'
    'X-Content-Type-Options': 'REDACTED'
    'P3P': 'REDACTED'
    'client-request-id': 'REDACTED'
    'x-ms-request-id': '0f9a8214-ef17-4910-b0e0-4a490ec51200'
    'x-ms-ests-server': 'REDACTED'
    'x-ms-clitelem': 'REDACTED'
    'x-ms-srs': 'REDACTED'
    'Content-Security-Policy-Report-Only': 'REDACTED'
    'X-XSS-Protection': 'REDACTED'
    'Set-Cookie': 'REDACTED'
    'Date': 'Thu, 26 Jun 2025 14:20:05 GMT'
    'Content-Length': '1676'
[2025-06-26T14:20:07.479+0000] {token_cache.py:204} DEBUG - event={
    "client_id": "27157a5a-3927-4895-8478-9d4554697d25",
    "data": {
        "claims": null,
        "scope": [
            "https://management.azure.com/.default"
        ]
    },
    "environment": "login.microsoftonline.com",
    "grant_type": "client_credentials",
    "params": null,
    "response": {
        "access_token": "********",
        "expires_in": 86399,
        "ext_expires_in": 86399,
        "refresh_in": 43199,
        "token_type": "Bearer"
    },
    "scope": [
        "https://management.azure.com/.default"
    ],
    "token_endpoint": "https://login.microsoftonline.com/0a33589b-0036-4fe8-a829-3ed0926af886/oauth2/v2.0/token"
}
[2025-06-26T14:20:07.480+0000] {get_token_mixin.py:148} INFO - ClientSecretCredential.get_token_info succeeded
[2025-06-26T14:20:07.481+0000] {_universal.py:511} INFO - Request URL: 'https://management.azure.com/subscriptions/0a94de80-6d3b-49f2-b3e9-ec5818862801/resourceGroups/buas-y2/providers/Microsoft.MachineLearningServices/workspaces/CV9-2025/jobs?api-version=REDACTED&listViewType=REDACTED'
Request method: 'GET'
Request headers:
    'Accept': 'application/json'
    'x-ms-client-request-id': 'a8ef7ed4-5298-11f0-8355-e64dc2efff95'
    'User-Agent': 'azure-ai-ml/1.27.1 azsdk-python-mgmt-machinelearningservices/0.1.0 Python/3.10.14 (Linux-6.6.87.1-microsoft-standard-WSL2-x86_64-with-glibc2.36)'
    'Authorization': 'REDACTED'
No body was attached to the request
[2025-06-26T14:20:07.482+0000] {taskinstance.py:441} INFO - ::group::Post task execution logs
[2025-06-26T14:20:07.483+0000] {taskinstance.py:2905} ERROR - Task failed with exception
Traceback (most recent call last):
  File "/home/airflow/.local/lib/python3.10/site-packages/airflow/models/taskinstance.py", line 465, in _execute_task
    result = _execute_callable(context=context, **execute_callable_kwargs)
  File "/home/airflow/.local/lib/python3.10/site-packages/airflow/models/taskinstance.py", line 432, in _execute_callable
    return execute_callable(context=context, **execute_callable_kwargs)
  File "/home/airflow/.local/lib/python3.10/site-packages/airflow/models/baseoperator.py", line 400, in wrapper
    return func(self, *args, **kwargs)
  File "/home/airflow/.local/lib/python3.10/site-packages/airflow/operators/python.py", line 235, in execute
    return_value = self.execute_callable()
  File "/home/airflow/.local/lib/python3.10/site-packages/airflow/operators/python.py", line 252, in execute_callable
    return self.python_callable(*self.op_args, **self.op_kwargs)
  File "/opt/airflow/dags/retrain_dag.py", line 78, in promote_model_to_green
    jobs = list(ml_client.jobs.list(experiment_name="axonrooter_weekly_retrain"))
  File "/home/airflow/.local/lib/python3.10/site-packages/azure/core/paging.py", line 123, in __next__
    return next(self._page_iterator)
  File "/home/airflow/.local/lib/python3.10/site-packages/azure/core/paging.py", line 75, in __next__
    self._response = self._get_next(self.continuation_token)
  File "/home/airflow/.local/lib/python3.10/site-packages/azure/ai/ml/_restclient/v2024_01_01_preview/operations/_jobs_operations.py", line 434, in get_next
    pipeline_response = self._client._pipeline.run(  # pylint: disable=protected-access
  File "/home/airflow/.local/lib/python3.10/site-packages/azure/core/pipeline/_base.py", line 242, in run
    return first_node.send(pipeline_request)
  File "/home/airflow/.local/lib/python3.10/site-packages/azure/core/pipeline/_base.py", line 98, in send
    response = self.next.send(request)
  File "/home/airflow/.local/lib/python3.10/site-packages/azure/core/pipeline/_base.py", line 98, in send
    response = self.next.send(request)
  File "/home/airflow/.local/lib/python3.10/site-packages/azure/core/pipeline/_base.py", line 98, in send
    response = self.next.send(request)
  [Previous line repeated 2 more times]
  File "/home/airflow/.local/lib/python3.10/site-packages/azure/mgmt/core/policies/_base.py", line 46, in send
    response = self.next.send(request)
  File "/home/airflow/.local/lib/python3.10/site-packages/azure/core/pipeline/policies/_redirect.py", line 205, in send
    response = self.next.send(request)
  File "/home/airflow/.local/lib/python3.10/site-packages/azure/core/pipeline/policies/_retry.py", line 544, in send
    response = self.next.send(request)
  File "/home/airflow/.local/lib/python3.10/site-packages/azure/core/pipeline/policies/_authentication.py", line 159, in send
    response = self.next.send(request)
  File "/home/airflow/.local/lib/python3.10/site-packages/azure/core/pipeline/_base.py", line 98, in send
    response = self.next.send(request)
  File "/home/airflow/.local/lib/python3.10/site-packages/azure/core/pipeline/_base.py", line 98, in send
    response = self.next.send(request)
  File "/home/airflow/.local/lib/python3.10/site-packages/azure/core/pipeline/_base.py", line 98, in send
    response = self.next.send(request)
  [Previous line repeated 2 more times]
  File "/home/airflow/.local/lib/python3.10/site-packages/azure/core/pipeline/_base.py", line 130, in send
    self._sender.send(request.http_request, **request.context.options),
  File "/home/airflow/.local/lib/python3.10/site-packages/azure/core/pipeline/transport/_requests_basic.py", line 363, in send
    response = self.session.request(  # type: ignore
TypeError: Session.request() got an unexpected keyword argument 'experiment_name'
[2025-06-26T14:20:07.512+0000] {taskinstance.py:562} DEBUG - Task Duration set to 0.85173
[2025-06-26T14:20:07.513+0000] {taskinstance.py:584} DEBUG - Clearing next_method and next_kwargs.
[2025-06-26T14:20:07.514+0000] {taskinstance.py:1206} INFO - Marking task as UP_FOR_RETRY. dag_id=axonrooter_weekly_retraining, task_id=promote_model_to_green, run_id=manual__2025-06-26T14:19:48.354534+00:00, execution_date=20250626T141948, start_date=20250626T142006, end_date=20250626T142007
[2025-06-26T14:20:07.545+0000] {cli_action_loggers.py:88} DEBUG - Calling callbacks: []
[2025-06-26T14:20:07.546+0000] {standard_task_runner.py:110} ERROR - Failed to execute job 187 for task promote_model_to_green (Session.request() got an unexpected keyword argument 'experiment_name'; 5595)
[2025-06-26T14:20:07.625+0000] {local_task_job_runner.py:240} INFO - Task exited with return code 1
[2025-06-26T14:20:07.652+0000] {taskinstance.py:3504} DEBUG - Skipping mini scheduling run due to exception: SELECT dag_run.state AS dag_run_state, dag_run.id AS dag_run_id, dag_run.dag_id AS dag_run_dag_id, dag_run.queued_at AS dag_run_queued_at, dag_run.execution_date AS dag_run_execution_date, dag_run.start_date AS dag_run_start_date, dag_run.end_date AS dag_run_end_date, dag_run.run_id AS dag_run_run_id, dag_run.creating_job_id AS dag_run_creating_job_id, dag_run.external_trigger AS dag_run_external_trigger, dag_run.run_type AS dag_run_run_type, dag_run.conf AS dag_run_conf, dag_run.data_interval_start AS dag_run_data_interval_start, dag_run.data_interval_end AS dag_run_data_interval_end, dag_run.last_scheduling_decision AS dag_run_last_scheduling_decision, dag_run.dag_hash AS dag_run_dag_hash, dag_run.log_template_id AS dag_run_log_template_id, dag_run.updated_at AS dag_run_updated_at, dag_run.clear_number AS dag_run_clear_number 
FROM dag_run 
WHERE dag_run.dag_id = %(dag_id_1)s AND dag_run.run_id = %(run_id_1)s FOR UPDATE NOWAIT
Traceback (most recent call last):
  File "/home/airflow/.local/lib/python3.10/site-packages/sqlalchemy/engine/base.py", line 1910, in _execute_context
    self.dialect.do_execute(
  File "/home/airflow/.local/lib/python3.10/site-packages/sqlalchemy/engine/default.py", line 736, in do_execute
    cursor.execute(statement, parameters)
psycopg2.errors.LockNotAvailable: could not obtain lock on row in relation "dag_run"


The above exception was the direct cause of the following exception:

Traceback (most recent call last):
  File "/home/airflow/.local/lib/python3.10/site-packages/airflow/models/taskinstance.py", line 3458, in _schedule_downstream_tasks
    ).one()
  File "/home/airflow/.local/lib/python3.10/site-packages/sqlalchemy/orm/query.py", line 2870, in one
    return self._iter().one()
  File "/home/airflow/.local/lib/python3.10/site-packages/sqlalchemy/orm/query.py", line 2916, in _iter
    result = self.session.execute(
  File "/home/airflow/.local/lib/python3.10/site-packages/sqlalchemy/orm/session.py", line 1717, in execute
    result = conn._execute_20(statement, params or {}, execution_options)
  File "/home/airflow/.local/lib/python3.10/site-packages/sqlalchemy/engine/base.py", line 1710, in _execute_20
    return meth(self, args_10style, kwargs_10style, execution_options)
  File "/home/airflow/.local/lib/python3.10/site-packages/sqlalchemy/sql/elements.py", line 334, in _execute_on_connection
    return connection._execute_clauseelement(
  File "/home/airflow/.local/lib/python3.10/site-packages/sqlalchemy/engine/base.py", line 1577, in _execute_clauseelement
    ret = self._execute_context(
  File "/home/airflow/.local/lib/python3.10/site-packages/sqlalchemy/engine/base.py", line 1953, in _execute_context
    self._handle_dbapi_exception(
  File "/home/airflow/.local/lib/python3.10/site-packages/sqlalchemy/engine/base.py", line 2134, in _handle_dbapi_exception
    util.raise_(
  File "/home/airflow/.local/lib/python3.10/site-packages/sqlalchemy/util/compat.py", line 211, in raise_
    raise exception
  File "/home/airflow/.local/lib/python3.10/site-packages/sqlalchemy/engine/base.py", line 1910, in _execute_context
    self.dialect.do_execute(
  File "/home/airflow/.local/lib/python3.10/site-packages/sqlalchemy/engine/default.py", line 736, in do_execute
    cursor.execute(statement, parameters)
sqlalchemy.exc.OperationalError: (psycopg2.errors.LockNotAvailable) could not obtain lock on row in relation "dag_run"

[SQL: SELECT dag_run.state AS dag_run_state, dag_run.id AS dag_run_id, dag_run.dag_id AS dag_run_dag_id, dag_run.queued_at AS dag_run_queued_at, dag_run.execution_date AS dag_run_execution_date, dag_run.start_date AS dag_run_start_date, dag_run.end_date AS dag_run_end_date, dag_run.run_id AS dag_run_run_id, dag_run.creating_job_id AS dag_run_creating_job_id, dag_run.external_trigger AS dag_run_external_trigger, dag_run.run_type AS dag_run_run_type, dag_run.conf AS dag_run_conf, dag_run.data_interval_start AS dag_run_data_interval_start, dag_run.data_interval_end AS dag_run_data_interval_end, dag_run.last_scheduling_decision AS dag_run_last_scheduling_decision, dag_run.dag_hash AS dag_run_dag_hash, dag_run.log_template_id AS dag_run_log_template_id, dag_run.updated_at AS dag_run_updated_at, dag_run.clear_number AS dag_run_clear_number 
FROM dag_run 
WHERE dag_run.dag_id = %(dag_id_1)s AND dag_run.run_id = %(run_id_1)s FOR UPDATE NOWAIT]
[parameters: {'dag_id_1': 'axonrooter_weekly_retraining', 'run_id_1': 'manual__2025-06-26T14:19:48.354534+00:00'}]
(Background on this error at: https://sqlalche.me/e/14/e3q8)
[2025-06-26T14:20:07.682+0000] {local_task_job_runner.py:222} INFO - ::endgroup::
