[2025-06-26T17:19:35.199+0000] {taskinstance.py:1042} DEBUG - previous_execution_date was called
[2025-06-26T17:19:35.236+0000] {__init__.py:54} DEBUG - Loading core task runner: StandardTaskRunner
[2025-06-26T17:19:35.255+0000] {taskinstance.py:1042} DEBUG - previous_execution_date was called
[2025-06-26T17:19:35.272+0000] {base_task_runner.py:73} DEBUG - Planning to run as the  user
[2025-06-26T17:19:35.281+0000] {local_task_job_runner.py:120} INFO - ::group::Pre task execution logs
[2025-06-26T17:19:35.313+0000] {taskinstance.py:2088} DEBUG - <TaskInstance: axonrooter_weekly_retraining.run_retraining_pipeline manual__2025-06-26T17:19:27.010441+00:00 [queued]> dependency 'Not In Retry Period' PASSED: True, The task instance was not marked for retrying.
[2025-06-26T17:19:35.328+0000] {taskinstance.py:2088} DEBUG - <TaskInstance: axonrooter_weekly_retraining.run_retraining_pipeline manual__2025-06-26T17:19:27.010441+00:00 [queued]> dependency 'Previous Dagrun State' PASSED: True, The task did not have depends_on_past set.
[2025-06-26T17:19:35.329+0000] {taskinstance.py:2088} DEBUG - <TaskInstance: axonrooter_weekly_retraining.run_retraining_pipeline manual__2025-06-26T17:19:27.010441+00:00 [queued]> dependency 'Task Instance State' PASSED: True, Task state queued was valid.
[2025-06-26T17:19:35.330+0000] {taskinstance.py:2088} DEBUG - <TaskInstance: axonrooter_weekly_retraining.run_retraining_pipeline manual__2025-06-26T17:19:27.010441+00:00 [queued]> dependency 'Trigger Rule' PASSED: True, The task instance did not have any upstream tasks.
[2025-06-26T17:19:35.331+0000] {taskinstance.py:2088} DEBUG - <TaskInstance: axonrooter_weekly_retraining.run_retraining_pipeline manual__2025-06-26T17:19:27.010441+00:00 [queued]> dependency 'Task Instance Not Running' PASSED: True, Task is not in running state.
[2025-06-26T17:19:35.331+0000] {taskinstance.py:2076} INFO - Dependencies all met for dep_context=non-requeueable deps ti=<TaskInstance: axonrooter_weekly_retraining.run_retraining_pipeline manual__2025-06-26T17:19:27.010441+00:00 [queued]>
[2025-06-26T17:19:35.336+0000] {taskinstance.py:2088} DEBUG - <TaskInstance: axonrooter_weekly_retraining.run_retraining_pipeline manual__2025-06-26T17:19:27.010441+00:00 [queued]> dependency 'Not In Retry Period' PASSED: True, The task instance was not marked for retrying.
[2025-06-26T17:19:35.340+0000] {taskinstance.py:2088} DEBUG - <TaskInstance: axonrooter_weekly_retraining.run_retraining_pipeline manual__2025-06-26T17:19:27.010441+00:00 [queued]> dependency 'Previous Dagrun State' PASSED: True, The task did not have depends_on_past set.
[2025-06-26T17:19:35.341+0000] {taskinstance.py:2088} DEBUG - <TaskInstance: axonrooter_weekly_retraining.run_retraining_pipeline manual__2025-06-26T17:19:27.010441+00:00 [queued]> dependency 'Trigger Rule' PASSED: True, The task instance did not have any upstream tasks.
[2025-06-26T17:19:35.349+0000] {taskinstance.py:2088} DEBUG - <TaskInstance: axonrooter_weekly_retraining.run_retraining_pipeline manual__2025-06-26T17:19:27.010441+00:00 [queued]> dependency 'Pool Slots Available' PASSED: True, There are enough open slots in default_pool to execute the task
[2025-06-26T17:19:35.350+0000] {taskinstance.py:2088} DEBUG - <TaskInstance: axonrooter_weekly_retraining.run_retraining_pipeline manual__2025-06-26T17:19:27.010441+00:00 [queued]> dependency 'Task Concurrency' PASSED: True, Task concurrency is not set.
[2025-06-26T17:19:35.351+0000] {taskinstance.py:2076} INFO - Dependencies all met for dep_context=requeueable deps ti=<TaskInstance: axonrooter_weekly_retraining.run_retraining_pipeline manual__2025-06-26T17:19:27.010441+00:00 [queued]>
[2025-06-26T17:19:35.352+0000] {taskinstance.py:2306} INFO - Starting attempt 1 of 2
[2025-06-26T17:19:35.373+0000] {taskinstance.py:2330} INFO - Executing <Task(PythonOperator): run_retraining_pipeline> on 2025-06-26 17:19:27.010441+00:00
[2025-06-26T17:19:35.391+0000] {standard_task_runner.py:63} INFO - Started process 455 to run task
[2025-06-26T17:19:35.398+0000] {standard_task_runner.py:90} INFO - Running: ['***', 'tasks', 'run', 'axonrooter_weekly_retraining', 'run_retraining_pipeline', 'manual__2025-06-26T17:19:27.010441+00:00', '--job-id', '12', '--raw', '--subdir', 'DAGS_FOLDER/retrain_dag.py', '--cfg-path', '/tmp/tmpstualw2u']
[2025-06-26T17:19:35.405+0000] {standard_task_runner.py:91} INFO - Job 12: Subtask run_retraining_pipeline
[2025-06-26T17:19:35.407+0000] {cli_action_loggers.py:70} DEBUG - Calling callbacks: [<function default_action_log at 0x790b6bb1cca0>]
[2025-06-26T17:19:35.483+0000] {taskinstance.py:1042} DEBUG - previous_execution_date was called
[2025-06-26T17:19:35.498+0000] {task_command.py:426} INFO - Running <TaskInstance: axonrooter_weekly_retraining.run_retraining_pipeline manual__2025-06-26T17:19:27.010441+00:00 [running]> on host 1fc71c0f6201
[2025-06-26T17:19:35.500+0000] {settings.py:363} DEBUG - Disposing DB connection pool (PID 455)
[2025-06-26T17:19:35.501+0000] {settings.py:250} DEBUG - Setting up DB connection pool (PID 455)
[2025-06-26T17:19:35.501+0000] {settings.py:298} DEBUG - settings.prepare_engine_args(): Using NullPool
[2025-06-26T17:19:35.563+0000] {taskinstance.py:1042} DEBUG - previous_execution_date was called
[2025-06-26T17:19:35.574+0000] {taskinstance.py:1845} DEBUG - Clearing XCom data
[2025-06-26T17:19:35.585+0000] {retries.py:91} DEBUG - Running RenderedTaskInstanceFields.write with retries. Try 1 of 3
[2025-06-26T17:19:35.617+0000] {retries.py:91} DEBUG - Running RenderedTaskInstanceFields._do_delete_old_records with retries. Try 1 of 3
[2025-06-26T17:19:35.638+0000] {taskinstance.py:2648} INFO - Exporting env vars: AIRFLOW_CTX_DAG_OWNER='***' AIRFLOW_CTX_DAG_ID='axonrooter_weekly_retraining' AIRFLOW_CTX_TASK_ID='run_retraining_pipeline' AIRFLOW_CTX_EXECUTION_DATE='2025-06-26T17:19:27.010441+00:00' AIRFLOW_CTX_TRY_NUMBER='1' AIRFLOW_CTX_DAG_RUN_ID='manual__2025-06-26T17:19:27.010441+00:00'
[2025-06-26T17:19:35.639+0000] {__init__.py:119} DEBUG - Preparing lineage inlets and outlets
[2025-06-26T17:19:35.641+0000] {__init__.py:158} DEBUG - inlets: [], outlets: []
[2025-06-26T17:19:35.642+0000] {taskinstance.py:430} INFO - ::endgroup::
[2025-06-26T17:19:35.660+0000] {base.py:84} INFO - Using connection ID 'azure_ml_conn' for task execution.
[2025-06-26T17:19:35.749+0000] {authority.py:75} DEBUG - Initializing with Entra authority: https://login.microsoftonline.com/0a33589b-0036-4fe8-a829-3ed0926af886
[2025-06-26T17:19:35.751+0000] {_universal.py:511} INFO - Request URL: 'https://login.microsoftonline.com/0a33589b-0036-4fe8-a829-3ed0926af886/v2.0/.well-known/openid-configuration'
Request method: 'GET'
Request headers:
    'User-Agent': 'azsdk-python-identity/1.23.0 Python/3.10.14 (Linux-6.6.87.1-microsoft-standard-WSL2-x86_64-with-glibc2.36)'
No body was attached to the request
[2025-06-26T17:19:35.970+0000] {_universal.py:547} INFO - Response status: 200
Response headers:
    'Cache-Control': 'max-age=86400, private'
    'Content-Type': 'application/json; charset=utf-8'
    'Strict-Transport-Security': 'REDACTED'
    'X-Content-Type-Options': 'REDACTED'
    'Access-Control-Allow-Origin': 'REDACTED'
    'Access-Control-Allow-Methods': 'REDACTED'
    'P3P': 'REDACTED'
    'x-ms-request-id': '325fed0d-46d7-4932-9fec-9a8c62248d00'
    'x-ms-ests-server': 'REDACTED'
    'x-ms-srs': 'REDACTED'
    'Content-Security-Policy-Report-Only': 'REDACTED'
    'X-XSS-Protection': 'REDACTED'
    'Set-Cookie': 'REDACTED'
    'Date': 'Thu, 26 Jun 2025 17:19:33 GMT'
    'Content-Length': '1753'
[2025-06-26T17:19:35.975+0000] {authority.py:96} DEBUG - openid_config("https://login.microsoftonline.com/0a33589b-0036-4fe8-a829-3ed0926af886/v2.0/.well-known/openid-configuration") = {'token_endpoint': '***', 'token_endpoint_auth_methods_supported': ['***', '***', '***'], 'jwks_uri': 'https://login.microsoftonline.com/0a33589b-0036-4fe8-a829-3ed0926af886/discovery/v2.0/keys', 'response_modes_supported': ['query', 'fragment', 'form_post'], 'subject_types_supported': ['pairwise'], 'id_token_signing_alg_values_supported': ['***'], 'response_types_supported': ['code', 'id_token', 'code id_token', 'id_token token'], 'scopes_supported': ['openid', 'profile', 'email', 'offline_access'], 'issuer': 'https://login.microsoftonline.com/0a33589b-0036-4fe8-a829-3ed0926af886/v2.0', 'request_uri_parameter_supported': False, 'userinfo_endpoint': 'https://graph.microsoft.com/oidc/userinfo', 'authorization_endpoint': '***', 'device_authorization_endpoint': '***', 'http_logout_supported': True, 'frontchannel_logout_supported': True, 'end_session_endpoint': 'https://login.microsoftonline.com/0a33589b-0036-4fe8-a829-3ed0926af886/oauth2/v2.0/logout', 'claims_supported': ['sub', 'iss', 'cloud_instance_name', 'cloud_instance_host_name', 'cloud_graph_host_name', 'msgraph_host', 'aud', 'exp', 'iat', 'auth_time', 'acr', 'nonce', 'preferred_username', 'name', 'tid', 'ver', 'at_hash', 'c_hash', 'email'], 'kerberos_endpoint': 'https://login.microsoftonline.com/0a33589b-0036-4fe8-a829-3ed0926af886/kerberos', 'tenant_region_scope': 'EU', 'cloud_instance_name': 'microsoftonline.com', 'cloud_graph_host_name': 'graph.windows.net', 'msgraph_host': 'graph.microsoft.com', 'rbac_url': 'https://pas.windows.net'}
[2025-06-26T17:19:35.977+0000] {application.py:705} DEBUG - Broker enabled? None
[2025-06-26T17:19:35.978+0000] {application.py:755} DEBUG - Region to be used: None
[2025-06-26T17:19:35.986+0000] {telemetry.py:37} DEBUG - Generate or reuse correlation_id: 7f5122d7-f006-45bb-af0d-99da1258f5a8
[2025-06-26T17:19:35.988+0000] {_universal.py:508} INFO - Request URL: 'https://login.microsoftonline.com/0a33589b-0036-4fe8-a829-3ed0926af886/oauth2/v2.0/token'
Request method: 'POST'
Request headers:
    'Accept': 'application/json'
    'x-client-sku': 'REDACTED'
    'x-client-ver': 'REDACTED'
    'x-client-os': 'REDACTED'
    'x-ms-lib-capability': 'REDACTED'
    'client-request-id': 'REDACTED'
    'x-client-current-telemetry': 'REDACTED'
    'x-client-last-telemetry': 'REDACTED'
    'User-Agent': 'azsdk-python-identity/1.23.0 Python/3.10.14 (Linux-6.6.87.1-microsoft-standard-WSL2-x86_64-with-glibc2.36)'
A body is sent with the request
[2025-06-26T17:19:36.066+0000] {_universal.py:547} INFO - Response status: 200
Response headers:
    'Cache-Control': 'no-store, no-cache'
    'Pragma': 'no-cache'
    'Content-Type': 'application/json; charset=utf-8'
    'Expires': '-1'
    'Strict-Transport-Security': 'REDACTED'
    'X-Content-Type-Options': 'REDACTED'
    'P3P': 'REDACTED'
    'client-request-id': 'REDACTED'
    'x-ms-request-id': '8acd53a8-3a51-46e2-add8-385d325ac500'
    'x-ms-ests-server': 'REDACTED'
    'x-ms-clitelem': 'REDACTED'
    'x-ms-srs': 'REDACTED'
    'Content-Security-Policy-Report-Only': 'REDACTED'
    'X-XSS-Protection': 'REDACTED'
    'Set-Cookie': 'REDACTED'
    'Date': 'Thu, 26 Jun 2025 17:19:33 GMT'
    'Content-Length': '1673'
[2025-06-26T17:19:36.067+0000] {token_cache.py:204} DEBUG - event={
    "client_id": "27157a5a-3927-4895-8478-9d4554697d25",
    "data": {
        "claims": null,
        "scope": [
            "https://management.azure.com/.default"
        ]
    },
    "environment": "login.microsoftonline.com",
    "grant_type": "client_credentials",
    "params": null,
    "response": {
        "access_token": "********",
        "expires_in": 86399,
        "ext_expires_in": 86399,
        "refresh_in": 43199,
        "token_type": "Bearer"
    },
    "scope": [
        "https://management.azure.com/.default"
    ],
    "token_endpoint": "https://login.microsoftonline.com/0a33589b-0036-4fe8-a829-3ed0926af886/oauth2/v2.0/token"
}
[2025-06-26T17:19:36.068+0000] {get_token_mixin.py:148} INFO - ClientSecretCredential.get_token_info succeeded
[2025-06-26T17:19:36.069+0000] {_universal.py:511} INFO - Request URL: 'https://management.azure.com/subscriptions/0a94de80-6d3b-49f2-b3e9-ec5818862801/resourceGroups/buas-y2/providers/Microsoft.MachineLearningServices/workspaces/CV9-2025/data/axonrooter_student_corrections_Endijs_20250626_040517?api-version=REDACTED'
Request method: 'GET'
Request headers:
    'Accept': 'application/json'
    'x-ms-client-request-id': 'bb88e774-52b1-11f0-9c60-c6da882b0672'
    'User-Agent': 'azure-ai-ml/1.27.1 azsdk-python-mgmt-machinelearningservices/0.1.0 Python/3.10.14 (Linux-6.6.87.1-microsoft-standard-WSL2-x86_64-with-glibc2.36)'
    'Authorization': 'REDACTED'
No body was attached to the request
[2025-06-26T17:19:36.291+0000] {_universal.py:547} INFO - Response status: 200
Response headers:
    'Cache-Control': 'no-cache'
    'Pragma': 'no-cache'
    'Content-Length': '737'
    'Content-Type': 'application/json; charset=utf-8'
    'Expires': '-1'
    'Vary': 'REDACTED'
    'x-ms-ratelimit-remaining-subscription-reads': '249'
    'x-ms-operation-identifier': 'REDACTED'
    'Request-Context': 'REDACTED'
    'x-ms-response-type': 'REDACTED'
    'Strict-Transport-Security': 'REDACTED'
    'X-Content-Type-Options': 'REDACTED'
    'azureml-served-by-cluster': 'REDACTED'
    'x-request-time': 'REDACTED'
    'x-ms-ratelimit-remaining-subscription-global-reads': 'REDACTED'
    'x-ms-request-id': 'c0969407-f8a6-47d7-8f78-6a5e846876d5'
    'x-ms-correlation-request-id': 'REDACTED'
    'x-ms-routing-request-id': 'REDACTED'
    'X-Cache': 'REDACTED'
    'X-MSEdge-Ref': 'Ref A: A8786512B04B41CDAB25EA0BFDD8B7D4 Ref B: AMS231020615027 Ref C: 2025-06-26T17:19:34Z'
    'Date': 'Thu, 26 Jun 2025 17:19:33 GMT'
[2025-06-26T17:19:36.300+0000] {_universal.py:511} INFO - Request URL: 'https://management.azure.com/subscriptions/0a94de80-6d3b-49f2-b3e9-ec5818862801/resourceGroups/buas-y2/providers/Microsoft.MachineLearningServices/workspaces/CV9-2025/data/axonrooter_student_corrections_Endijs_20250626_040517/versions/1?api-version=REDACTED'
Request method: 'GET'
Request headers:
    'Accept': 'application/json'
    'x-ms-client-request-id': 'bbdd0c28-52b1-11f0-9c60-c6da882b0672'
    'User-Agent': 'azure-ai-ml/1.27.1 azsdk-python-mgmt-machinelearningservices/0.1.0 Python/3.10.14 (Linux-6.6.87.1-microsoft-standard-WSL2-x86_64-with-glibc2.36)'
    'Authorization': 'REDACTED'
No body was attached to the request
[2025-06-26T17:19:36.430+0000] {_universal.py:547} INFO - Response status: 200
Response headers:
    'Cache-Control': 'no-cache'
    'Pragma': 'no-cache'
    'Content-Length': '1080'
    'Content-Type': 'application/json; charset=utf-8'
    'Expires': '-1'
    'Vary': 'REDACTED'
    'x-ms-ratelimit-remaining-subscription-reads': '249'
    'x-ms-operation-identifier': 'REDACTED'
    'Request-Context': 'REDACTED'
    'x-ms-response-type': 'REDACTED'
    'Strict-Transport-Security': 'REDACTED'
    'X-Content-Type-Options': 'REDACTED'
    'azureml-served-by-cluster': 'REDACTED'
    'x-request-time': 'REDACTED'
    'x-ms-ratelimit-remaining-subscription-global-reads': 'REDACTED'
    'x-ms-request-id': 'b6719c04-4c38-4346-bccf-918295bd5c25'
    'x-ms-correlation-request-id': 'REDACTED'
    'x-ms-routing-request-id': 'REDACTED'
    'X-Cache': 'REDACTED'
    'X-MSEdge-Ref': 'Ref A: AF200089B7084393B6C8309BCD9C84B6 Ref B: AMS231020615027 Ref C: 2025-06-26T17:19:34Z'
    'Date': 'Thu, 26 Jun 2025 17:19:34 GMT'
[2025-06-26T17:19:36.435+0000] {application.py:1553} DEBUG - Cache hit an AT
[2025-06-26T17:19:36.436+0000] {telemetry.py:37} DEBUG - Generate or reuse correlation_id: a54deb79-b590-46c3-bbef-26a0a374fecb
[2025-06-26T17:19:36.437+0000] {get_token_mixin.py:148} INFO - ClientSecretCredential.get_token_info succeeded
[2025-06-26T17:19:36.438+0000] {_universal.py:511} INFO - Request URL: 'https://management.azure.com/subscriptions/0a94de80-6d3b-49f2-b3e9-ec5818862801/resourceGroups/buas-y2/providers/Microsoft.MachineLearningServices/workspaces/CV9-2025/components/train2/versions/5?api-version=REDACTED'
Request method: 'GET'
Request headers:
    'Accept': 'application/json'
    'x-ms-client-request-id': 'bbf1a8f4-52b1-11f0-9c60-c6da882b0672'
    'User-Agent': 'azure-ai-ml/1.27.1 azsdk-python-mgmt-machinelearningservices/0.1.0 Python/3.10.14 (Linux-6.6.87.1-microsoft-standard-WSL2-x86_64-with-glibc2.36)'
    'Authorization': 'REDACTED'
No body was attached to the request
[2025-06-26T17:19:36.969+0000] {_universal.py:547} INFO - Response status: 200
Response headers:
    'Cache-Control': 'no-cache'
    'Pragma': 'no-cache'
    'Content-Length': '1966'
    'Content-Type': 'application/json; charset=utf-8'
    'Expires': '-1'
    'Vary': 'REDACTED'
    'x-ms-ratelimit-remaining-subscription-reads': '249'
    'x-ms-operation-identifier': 'REDACTED'
    'Request-Context': 'REDACTED'
    'x-ms-response-type': 'REDACTED'
    'Strict-Transport-Security': 'REDACTED'
    'X-Content-Type-Options': 'REDACTED'
    'azureml-served-by-cluster': 'REDACTED'
    'x-request-time': 'REDACTED'
    'x-ms-ratelimit-remaining-subscription-global-reads': 'REDACTED'
    'x-ms-request-id': '188304b8-5df2-4079-b45a-44c68d156d97'
    'x-ms-correlation-request-id': 'REDACTED'
    'x-ms-routing-request-id': 'REDACTED'
    'X-Cache': 'REDACTED'
    'X-MSEdge-Ref': 'Ref A: 9D6761ECA3A846ECBC39C078B0235130 Ref B: AMS231020512011 Ref C: 2025-06-26T17:19:34Z'
    'Date': 'Thu, 26 Jun 2025 17:19:33 GMT'
[2025-06-26T17:19:37.001+0000] {_universal.py:511} INFO - Request URL: 'https://management.azure.com/subscriptions/0a94de80-6d3b-49f2-b3e9-ec5818862801/resourceGroups/buas-y2/providers/Microsoft.MachineLearningServices/workspaces/CV9-2025/components/evaluate2/versions/2?api-version=REDACTED'
Request method: 'GET'
Request headers:
    'Accept': 'application/json'
    'x-ms-client-request-id': 'bc48028a-52b1-11f0-9c60-c6da882b0672'
    'User-Agent': 'azure-ai-ml/1.27.1 azsdk-python-mgmt-machinelearningservices/0.1.0 Python/3.10.14 (Linux-6.6.87.1-microsoft-standard-WSL2-x86_64-with-glibc2.36)'
    'Authorization': 'REDACTED'
No body was attached to the request
[2025-06-26T17:19:37.338+0000] {_universal.py:547} INFO - Response status: 200
Response headers:
    'Cache-Control': 'no-cache'
    'Pragma': 'no-cache'
    'Content-Length': '1957'
    'Content-Type': 'application/json; charset=utf-8'
    'Expires': '-1'
    'Vary': 'REDACTED'
    'x-ms-ratelimit-remaining-subscription-reads': '249'
    'x-ms-operation-identifier': 'REDACTED'
    'Request-Context': 'REDACTED'
    'x-ms-response-type': 'REDACTED'
    'Strict-Transport-Security': 'REDACTED'
    'X-Content-Type-Options': 'REDACTED'
    'azureml-served-by-cluster': 'REDACTED'
    'x-request-time': 'REDACTED'
    'x-ms-ratelimit-remaining-subscription-global-reads': 'REDACTED'
    'x-ms-request-id': '22afaeb1-39ea-49fa-9873-f0aac60164d8'
    'x-ms-correlation-request-id': 'REDACTED'
    'x-ms-routing-request-id': 'REDACTED'
    'X-Cache': 'REDACTED'
    'X-MSEdge-Ref': 'Ref A: 004C19E145EF44BF8373F862FB7FE1D8 Ref B: AMS231020512011 Ref C: 2025-06-26T17:19:34Z'
    'Date': 'Thu, 26 Jun 2025 17:19:34 GMT'
[2025-06-26T17:19:37.347+0000] {_universal.py:511} INFO - Request URL: 'https://management.azure.com/subscriptions/0a94de80-6d3b-49f2-b3e9-ec5818862801/resourceGroups/buas-y2/providers/Microsoft.MachineLearningServices/workspaces/CV9-2025/components/register2/versions/2?api-version=REDACTED'
Request method: 'GET'
Request headers:
    'Accept': 'application/json'
    'x-ms-client-request-id': 'bc7cbeda-52b1-11f0-9c60-c6da882b0672'
    'User-Agent': 'azure-ai-ml/1.27.1 azsdk-python-mgmt-machinelearningservices/0.1.0 Python/3.10.14 (Linux-6.6.87.1-microsoft-standard-WSL2-x86_64-with-glibc2.36)'
    'Authorization': 'REDACTED'
No body was attached to the request
[2025-06-26T17:19:37.709+0000] {_universal.py:547} INFO - Response status: 200
Response headers:
    'Cache-Control': 'no-cache'
    'Pragma': 'no-cache'
    'Content-Length': '1942'
    'Content-Type': 'application/json; charset=utf-8'
    'Expires': '-1'
    'Vary': 'REDACTED'
    'x-ms-ratelimit-remaining-subscription-reads': '249'
    'x-ms-operation-identifier': 'REDACTED'
    'Request-Context': 'REDACTED'
    'x-ms-response-type': 'REDACTED'
    'Strict-Transport-Security': 'REDACTED'
    'X-Content-Type-Options': 'REDACTED'
    'azureml-served-by-cluster': 'REDACTED'
    'x-request-time': 'REDACTED'
    'x-ms-ratelimit-remaining-subscription-global-reads': 'REDACTED'
    'x-ms-request-id': 'cea6e6e3-b50f-4f2a-8ee0-cca518c9f9d9'
    'x-ms-correlation-request-id': 'REDACTED'
    'x-ms-routing-request-id': 'REDACTED'
    'X-Cache': 'REDACTED'
    'X-MSEdge-Ref': 'Ref A: C29C943815B2458CBFF1300E94394AA0 Ref B: AMS231020512011 Ref C: 2025-06-26T17:19:35Z'
    'Date': 'Thu, 26 Jun 2025 17:19:34 GMT'
[2025-06-26T17:19:37.716+0000] {application.py:1553} DEBUG - Cache hit an AT
[2025-06-26T17:19:37.717+0000] {telemetry.py:37} DEBUG - Generate or reuse correlation_id: 0c45364f-a487-4b5c-9219-09b245d6bb28
[2025-06-26T17:19:37.718+0000] {get_token_mixin.py:148} INFO - ClientSecretCredential.get_token_info succeeded
[2025-06-26T17:19:37.719+0000] {_universal.py:511} INFO - Request URL: 'https://management.azure.com/subscriptions/0a94de80-6d3b-49f2-b3e9-ec5818862801/resourceGroups/buas-y2/providers/Microsoft.MachineLearningServices/workspaces/CV9-2025/models/axonrooter-finetuned/versions/8?api-version=REDACTED'
Request method: 'GET'
Request headers:
    'Accept': 'application/json'
    'x-ms-client-request-id': 'bcb52e64-52b1-11f0-9c60-c6da882b0672'
    'User-Agent': 'azure-ai-ml/1.27.1 azsdk-python-mgmt-machinelearningservices/0.1.0 Python/3.10.14 (Linux-6.6.87.1-microsoft-standard-WSL2-x86_64-with-glibc2.36)'
    'Authorization': 'REDACTED'
No body was attached to the request
[2025-06-26T17:19:38.014+0000] {_universal.py:547} INFO - Response status: 200
Response headers:
    'Cache-Control': 'no-cache'
    'Pragma': 'no-cache'
    'Content-Length': '1214'
    'Content-Type': 'application/json; charset=utf-8'
    'Expires': '-1'
    'Vary': 'REDACTED'
    'x-ms-ratelimit-remaining-subscription-reads': '249'
    'x-ms-operation-identifier': 'REDACTED'
    'Request-Context': 'REDACTED'
    'x-ms-response-type': 'REDACTED'
    'Strict-Transport-Security': 'REDACTED'
    'X-Content-Type-Options': 'REDACTED'
    'azureml-served-by-cluster': 'REDACTED'
    'x-request-time': 'REDACTED'
    'x-ms-ratelimit-remaining-subscription-global-reads': 'REDACTED'
    'x-ms-request-id': '5bf7102b-37ca-4167-b476-a7e00b56db09'
    'x-ms-correlation-request-id': 'REDACTED'
    'x-ms-routing-request-id': 'REDACTED'
    'X-Cache': 'REDACTED'
    'X-MSEdge-Ref': 'Ref A: 4FDFFB19611E449D8AD534D3FC11955E Ref B: AMS231032609009 Ref C: 2025-06-26T17:19:35Z'
    'Date': 'Thu, 26 Jun 2025 17:19:35 GMT'
[2025-06-26T17:19:39.163+0000] {log.py:232} WARNING - Class AutoDeleteSettingSchema: This is an experimental class, and may change at any time. Please see https://aka.ms/azuremlexperimental for more information.
[2025-06-26T17:19:39.177+0000] {log.py:232} WARNING - Class AutoDeleteConditionSchema: This is an experimental class, and may change at any time. Please see https://aka.ms/azuremlexperimental for more information.
[2025-06-26T17:19:39.191+0000] {log.py:232} WARNING - Class BaseAutoDeleteSettingSchema: This is an experimental class, and may change at any time. Please see https://aka.ms/azuremlexperimental for more information.
[2025-06-26T17:19:39.213+0000] {log.py:232} WARNING - Class IntellectualPropertySchema: This is an experimental class, and may change at any time. Please see https://aka.ms/azuremlexperimental for more information.
[2025-06-26T17:19:39.227+0000] {log.py:232} WARNING - Class ProtectionLevelSchema: This is an experimental class, and may change at any time. Please see https://aka.ms/azuremlexperimental for more information.
[2025-06-26T17:19:39.240+0000] {log.py:232} WARNING - Class BaseIntellectualPropertySchema: This is an experimental class, and may change at any time. Please see https://aka.ms/azuremlexperimental for more information.
[2025-06-26T17:19:39.253+0000] {_attr_dict.py:109} DEBUG - getting schema_ignored
[2025-06-26T17:19:39.254+0000] {_attr_dict.py:122} DEBUG - setting schema_ignored to {}
[2025-06-26T17:19:39.262+0000] {_attr_dict.py:109} DEBUG - getting schema_ignored
[2025-06-26T17:19:39.263+0000] {_attr_dict.py:122} DEBUG - setting schema_ignored to {}
[2025-06-26T17:19:39.265+0000] {_attr_dict.py:109} DEBUG - getting schema_ignored
[2025-06-26T17:19:39.266+0000] {_attr_dict.py:122} DEBUG - setting schema_ignored to {}
[2025-06-26T17:19:39.321+0000] {_attr_dict.py:109} DEBUG - getting schema_ignored
[2025-06-26T17:19:39.322+0000] {_attr_dict.py:122} DEBUG - setting schema_ignored to {}
[2025-06-26T17:19:39.350+0000] {_attr_dict.py:109} DEBUG - getting schema_ignored
[2025-06-26T17:19:39.352+0000] {_attr_dict.py:122} DEBUG - setting schema_ignored to {}
[2025-06-26T17:19:39.383+0000] {_attr_dict.py:109} DEBUG - getting schema_ignored
[2025-06-26T17:19:39.384+0000] {_attr_dict.py:122} DEBUG - setting schema_ignored to {}
[2025-06-26T17:19:39.402+0000] {_universal.py:511} INFO - Request URL: 'https://management.azure.com/subscriptions/0a94de80-6d3b-49f2-b3e9-ec5818862801/resourceGroups/buas-y2/providers/Microsoft.MachineLearningServices/workspaces/CV9-2025/computes/adsai-lambda-2?api-version=REDACTED'
Request method: 'GET'
Request headers:
    'Accept': 'application/json'
    'x-ms-client-request-id': 'bdb6726e-52b1-11f0-9c60-c6da882b0672'
    'User-Agent': 'azure-ai-ml/1.27.1 azsdk-python-mgmt-machinelearningservices/0.1.0 Python/3.10.14 (Linux-6.6.87.1-microsoft-standard-WSL2-x86_64-with-glibc2.36)'
    'Authorization': 'REDACTED'
No body was attached to the request
[2025-06-26T17:19:39.806+0000] {_universal.py:547} INFO - Response status: 200
Response headers:
    'Cache-Control': 'no-cache'
    'Pragma': 'no-cache'
    'Content-Length': '2753'
    'Content-Type': 'application/json; charset=utf-8'
    'Expires': '-1'
    'Vary': 'REDACTED'
    'x-ms-ratelimit-remaining-subscription-reads': '249'
    'x-ms-operation-identifier': 'REDACTED'
    'Request-Context': 'REDACTED'
    'x-ms-response-type': 'REDACTED'
    'Strict-Transport-Security': 'REDACTED'
    'X-Content-Type-Options': 'REDACTED'
    'azureml-served-by-cluster': 'REDACTED'
    'x-request-time': 'REDACTED'
    'x-ms-ratelimit-remaining-subscription-global-reads': 'REDACTED'
    'x-ms-request-id': 'fa6c3210-1fef-4391-ba64-79065ce901fd'
    'x-ms-correlation-request-id': 'REDACTED'
    'x-ms-routing-request-id': 'REDACTED'
    'X-Cache': 'REDACTED'
    'X-MSEdge-Ref': 'Ref A: B93DCD308599458D9A3510FD008817A7 Ref B: AMS231032609009 Ref C: 2025-06-26T17:19:37Z'
    'Date': 'Thu, 26 Jun 2025 17:19:37 GMT'
[2025-06-26T17:19:39.812+0000] {application.py:1553} DEBUG - Cache hit an AT
[2025-06-26T17:19:39.813+0000] {telemetry.py:37} DEBUG - Generate or reuse correlation_id: 47f7f3a0-8317-4fb7-8ba3-a7d927233964
[2025-06-26T17:19:39.813+0000] {get_token_mixin.py:148} INFO - ClientSecretCredential.get_token_info succeeded
[2025-06-26T17:19:39.814+0000] {_universal.py:511} INFO - Request URL: 'https://management.azure.com/subscriptions/0a94de80-6d3b-49f2-b3e9-ec5818862801/resourceGroups/buas-y2/providers/Microsoft.MachineLearningServices/workspaces/CV9-2025?api-version=REDACTED'
Request method: 'GET'
Request headers:
    'Accept': 'application/json'
    'x-ms-client-request-id': 'bdf4f52a-52b1-11f0-9c60-c6da882b0672'
    'User-Agent': 'azure-ai-ml/1.27.1 azsdk-python-mgmt-machinelearningservices/0.1.0 Python/3.10.14 (Linux-6.6.87.1-microsoft-standard-WSL2-x86_64-with-glibc2.36)'
    'Authorization': 'REDACTED'
No body was attached to the request
[2025-06-26T17:19:40.070+0000] {_universal.py:547} INFO - Response status: 200
Response headers:
    'Cache-Control': 'no-cache'
    'Pragma': 'no-cache'
    'Content-Length': '3748'
    'Content-Type': 'application/json; charset=utf-8'
    'Expires': '-1'
    'Vary': 'REDACTED'
    'x-ms-ratelimit-remaining-subscription-global-reads': 'REDACTED'
    'x-ms-ratelimit-remaining-subscription-reads': '249'
    'Request-Context': 'REDACTED'
    'x-ms-response-type': 'REDACTED'
    'Strict-Transport-Security': 'REDACTED'
    'X-Content-Type-Options': 'REDACTED'
    'azureml-served-by-cluster': 'REDACTED'
    'x-request-time': 'REDACTED'
    'x-ms-request-id': 'd061f60c-f0fa-4ea0-bfc0-fa1e786f5a38'
    'x-ms-correlation-request-id': 'REDACTED'
    'x-ms-routing-request-id': 'REDACTED'
    'X-Cache': 'REDACTED'
    'X-MSEdge-Ref': 'Ref A: 5E165B28531F4D04B13D8452A8DF3443 Ref B: AMS231020512045 Ref C: 2025-06-26T17:19:37Z'
    'Date': 'Thu, 26 Jun 2025 17:19:37 GMT'
[2025-06-26T17:19:40.117+0000] {_attr_dict.py:109} DEBUG - getting schema_ignored
[2025-06-26T17:19:40.119+0000] {_attr_dict.py:122} DEBUG - setting schema_ignored to {}
[2025-06-26T17:19:40.129+0000] {_attr_dict.py:109} DEBUG - getting schema_ignored
[2025-06-26T17:19:40.130+0000] {_attr_dict.py:122} DEBUG - setting schema_ignored to {}
[2025-06-26T17:19:40.139+0000] {_attr_dict.py:109} DEBUG - getting schema_ignored
[2025-06-26T17:19:40.140+0000] {_attr_dict.py:122} DEBUG - setting schema_ignored to {}
[2025-06-26T17:19:40.143+0000] {telemetry.py:37} DEBUG - Generate or reuse correlation_id: c89935e3-9255-49e4-88bb-2061c8b8f44a
[2025-06-26T17:19:40.144+0000] {_universal.py:508} INFO - Request URL: 'https://login.microsoftonline.com/0a33589b-0036-4fe8-a829-3ed0926af886/oauth2/v2.0/token'
Request method: 'POST'
Request headers:
    'Accept': 'application/json'
    'x-client-sku': 'REDACTED'
    'x-client-ver': 'REDACTED'
    'x-client-os': 'REDACTED'
    'x-ms-lib-capability': 'REDACTED'
    'client-request-id': 'REDACTED'
    'x-client-current-telemetry': 'REDACTED'
    'x-client-last-telemetry': 'REDACTED'
    'User-Agent': 'azsdk-python-identity/1.23.0 Python/3.10.14 (Linux-6.6.87.1-microsoft-standard-WSL2-x86_64-with-glibc2.36)'
A body is sent with the request
[2025-06-26T17:19:40.221+0000] {_universal.py:547} INFO - Response status: 200
Response headers:
    'Cache-Control': 'no-store, no-cache'
    'Pragma': 'no-cache'
    'Content-Type': 'application/json; charset=utf-8'
    'Expires': '-1'
    'Strict-Transport-Security': 'REDACTED'
    'X-Content-Type-Options': 'REDACTED'
    'P3P': 'REDACTED'
    'client-request-id': 'REDACTED'
    'x-ms-request-id': 'a1558066-520c-4b57-a380-9ec52f2d2b00'
    'x-ms-ests-server': 'REDACTED'
    'x-ms-clitelem': 'REDACTED'
    'x-ms-srs': 'REDACTED'
    'Content-Security-Policy-Report-Only': 'REDACTED'
    'X-XSS-Protection': 'REDACTED'
    'Set-Cookie': 'REDACTED'
    'Date': 'Thu, 26 Jun 2025 17:19:37 GMT'
    'Content-Length': '1628'
[2025-06-26T17:19:40.222+0000] {token_cache.py:204} DEBUG - event={
    "client_id": "27157a5a-3927-4895-8478-9d4554697d25",
    "data": {
        "claims": null,
        "scope": [
            "https://ml.azure.com/.default"
        ]
    },
    "environment": "login.microsoftonline.com",
    "grant_type": "client_credentials",
    "params": null,
    "response": {
        "access_token": "********",
        "expires_in": 86399,
        "ext_expires_in": 86399,
        "refresh_in": 43199,
        "token_type": "Bearer"
    },
    "scope": [
        "https://ml.azure.com/.default"
    ],
    "token_endpoint": "https://login.microsoftonline.com/0a33589b-0036-4fe8-a829-3ed0926af886/oauth2/v2.0/token"
}
[2025-06-26T17:19:40.223+0000] {get_token_mixin.py:148} INFO - ClientSecretCredential.get_token succeeded
[2025-06-26T17:19:40.226+0000] {_universal.py:508} INFO - Request URL: 'https://management.azure.com/subscriptions/0a94de80-6d3b-49f2-b3e9-ec5818862801/resourceGroups/buas-y2/providers/Microsoft.MachineLearningServices/workspaces/CV9-2025/jobs/brave_bird_k5c9wqfknx?api-version=REDACTED'
Request method: 'PUT'
Request headers:
    'Content-Type': 'application/json'
    'Content-Length': '2577'
    'Accept': 'application/json'
    'x-ms-client-request-id': 'be341f8e-52b1-11f0-9c60-c6da882b0672'
    'x-azureml-token': 'REDACTED'
    'User-Agent': 'azure-ai-ml/1.27.1 azsdk-python-mgmt-machinelearningservices/0.1.0 Python/3.10.14 (Linux-6.6.87.1-microsoft-standard-WSL2-x86_64-with-glibc2.36)'
    'Authorization': 'REDACTED'
A body is sent with the request
[2025-06-26T17:19:40.440+0000] {retries.py:91} DEBUG - Running Job._fetch_from_db with retries. Try 1 of 3
[2025-06-26T17:19:40.459+0000] {retries.py:91} DEBUG - Running Job._update_heartbeat with retries. Try 1 of 3
[2025-06-26T17:19:40.489+0000] {job.py:214} DEBUG - [heartbeat]
[2025-06-26T17:19:41.269+0000] {_universal.py:547} INFO - Response status: 201
Response headers:
    'Cache-Control': 'no-cache'
    'Pragma': 'no-cache'
    'Content-Length': '4649'
    'Content-Type': 'application/json; charset=utf-8'
    'Expires': '-1'
    'Location': 'REDACTED'
    'x-ms-operation-identifier': 'REDACTED'
    'Request-Context': 'REDACTED'
    'x-ms-response-type': 'REDACTED'
    'Strict-Transport-Security': 'REDACTED'
    'X-Content-Type-Options': 'REDACTED'
    'azureml-served-by-cluster': 'REDACTED'
    'x-request-time': 'REDACTED'
    'x-ms-ratelimit-remaining-subscription-writes': '199'
    'x-ms-ratelimit-remaining-subscription-global-writes': 'REDACTED'
    'x-ms-request-id': '77b88df2-815b-451d-9cb9-7a5a54ba7cc1'
    'x-ms-correlation-request-id': 'REDACTED'
    'x-ms-routing-request-id': 'REDACTED'
    'X-Cache': 'REDACTED'
    'X-MSEdge-Ref': 'Ref A: 2FE7737F0E1D413090ADF6038792DCEE Ref B: AMS231020512011 Ref C: 2025-06-26T17:19:38Z'
    'Date': 'Thu, 26 Jun 2025 17:19:38 GMT'
[2025-06-26T17:19:41.282+0000] {application.py:1553} DEBUG - Cache hit an AT
[2025-06-26T17:19:41.284+0000] {telemetry.py:37} DEBUG - Generate or reuse correlation_id: f16d259a-4dbb-43ab-bfab-21258a7915b4
[2025-06-26T17:19:41.291+0000] {get_token_mixin.py:148} INFO - ClientSecretCredential.get_token succeeded
[2025-06-26T17:19:41.296+0000] {_universal.py:511} INFO - Request URL: 'https://management.azure.com/subscriptions/0a94de80-6d3b-49f2-b3e9-ec5818862801/resourceGroups/buas-y2/providers/Microsoft.MachineLearningServices/workspaces/CV9-2025/jobs/brave_bird_k5c9wqfknx?api-version=REDACTED'
Request method: 'GET'
Request headers:
    'Accept': 'application/json'
    'x-ms-client-request-id': 'bed75794-52b1-11f0-9c60-c6da882b0672'
    'User-Agent': 'azure-ai-ml/1.27.1 azsdk-python-mgmt-machinelearningservices/0.1.0 Python/3.10.14 (Linux-6.6.87.1-microsoft-standard-WSL2-x86_64-with-glibc2.36)'
    'Authorization': 'REDACTED'
No body was attached to the request
[2025-06-26T17:19:41.461+0000] {_universal.py:547} INFO - Response status: 200
Response headers:
    'Cache-Control': 'no-cache'
    'Pragma': 'no-cache'
    'Content-Length': '4649'
    'Content-Type': 'application/json; charset=utf-8'
    'Expires': '-1'
    'Vary': 'REDACTED'
    'x-ms-ratelimit-remaining-subscription-reads': '249'
    'x-ms-operation-identifier': 'REDACTED'
    'Request-Context': 'REDACTED'
    'x-ms-response-type': 'REDACTED'
    'Strict-Transport-Security': 'REDACTED'
    'X-Content-Type-Options': 'REDACTED'
    'azureml-served-by-cluster': 'REDACTED'
    'x-request-time': 'REDACTED'
    'x-ms-ratelimit-remaining-subscription-global-reads': 'REDACTED'
    'x-ms-request-id': '82c664a8-e5f0-4c5b-a449-b92f0ea0bc90'
    'x-ms-correlation-request-id': 'REDACTED'
    'x-ms-routing-request-id': 'REDACTED'
    'X-Cache': 'REDACTED'
    'X-MSEdge-Ref': 'Ref A: 0D601E55D0EA4252968D1172FA342D11 Ref B: AMS231020512011 Ref C: 2025-06-26T17:19:39Z'
    'Date': 'Thu, 26 Jun 2025 17:19:38 GMT'
[2025-06-26T17:19:41.464+0000] {_universal.py:511} INFO - Request URL: 'https://management.azure.com/subscriptions/0a94de80-6d3b-49f2-b3e9-ec5818862801/resourceGroups/buas-y2/providers/Microsoft.MachineLearningServices/workspaces/CV9-2025?api-version=REDACTED'
Request method: 'GET'
Request headers:
    'Accept': 'application/json'
    'x-ms-client-request-id': 'bef1121a-52b1-11f0-9c60-c6da882b0672'
    'User-Agent': 'azure-ai-ml/1.27.1 azsdk-python-mgmt-machinelearningservices/0.1.0 Python/3.10.14 (Linux-6.6.87.1-microsoft-standard-WSL2-x86_64-with-glibc2.36)'
    'Authorization': 'REDACTED'
No body was attached to the request
[2025-06-26T17:19:41.622+0000] {_universal.py:547} INFO - Response status: 200
Response headers:
    'Cache-Control': 'no-cache'
    'Pragma': 'no-cache'
    'Content-Length': '3748'
    'Content-Type': 'application/json; charset=utf-8'
    'Expires': '-1'
    'Vary': 'REDACTED'
    'x-ms-ratelimit-remaining-subscription-global-reads': 'REDACTED'
    'x-ms-ratelimit-remaining-subscription-reads': '249'
    'Request-Context': 'REDACTED'
    'x-ms-response-type': 'REDACTED'
    'Strict-Transport-Security': 'REDACTED'
    'X-Content-Type-Options': 'REDACTED'
    'azureml-served-by-cluster': 'REDACTED'
    'x-request-time': 'REDACTED'
    'x-ms-request-id': 'f8295eff-fa5f-4c76-b758-558058000574'
    'x-ms-correlation-request-id': 'REDACTED'
    'x-ms-routing-request-id': 'REDACTED'
    'X-Cache': 'REDACTED'
    'X-MSEdge-Ref': 'Ref A: 5A5B4F3BA210418D9018A9B3D6969CE7 Ref B: AMS231020512045 Ref C: 2025-06-26T17:19:39Z'
    'Date': 'Thu, 26 Jun 2025 17:19:38 GMT'
[2025-06-26T17:19:41.841+0000] {logging_mixin.py:188} INFO - RunId: brave_bird_k5c9wqfknx
[2025-06-26T17:19:41.842+0000] {logging_mixin.py:188} INFO - Web View: https://ml.azure.com/runs/brave_bird_k5c9wqfknx?wsid=/subscriptions/0a94de80-6d3b-49f2-b3e9-ec5818862801/resourcegroups/buas-y2/workspaces/CV9-2025
[2025-06-26T17:19:41.844+0000] {application.py:1553} DEBUG - Cache hit an AT
[2025-06-26T17:19:41.845+0000] {telemetry.py:37} DEBUG - Generate or reuse correlation_id: b89f86b3-0131-4457-a9e3-8a32e41bccec
[2025-06-26T17:19:41.846+0000] {get_token_mixin.py:148} INFO - ClientSecretCredential.get_token_info succeeded
[2025-06-26T17:19:41.847+0000] {_universal.py:511} INFO - Request URL: 'https://westeurope.api.azureml.ms/history/v1.0/subscriptions/0a94de80-6d3b-49f2-b3e9-ec5818862801/resourceGroups/buas-y2/providers/Microsoft.MachineLearningServices/workspaces/CV9-2025/runs/brave_bird_k5c9wqfknx/details'
Request method: 'GET'
Request headers:
    'Accept': 'application/json'
    'x-ms-client-request-id': 'bf2b0614-52b1-11f0-9c60-c6da882b0672'
    'User-Agent': 'azure-ai-ml/1.27.1 azsdk-python-mgmt-machinelearningservices/0.1.0 Python/3.10.14 (Linux-6.6.87.1-microsoft-standard-WSL2-x86_64-with-glibc2.36)'
    'Authorization': 'REDACTED'
No body was attached to the request
[2025-06-26T17:19:42.212+0000] {_universal.py:547} INFO - Response status: 200
Response headers:
    'Date': 'Thu, 26 Jun 2025 17:19:40 GMT'
    'Content-Type': 'application/json; charset=utf-8'
    'Transfer-Encoding': 'chunked'
    'Connection': 'keep-alive'
    'Vary': 'REDACTED'
    'Request-Context': 'REDACTED'
    'x-ms-response-type': 'REDACTED'
    'mise-correlation-id': 'REDACTED'
    'Strict-Transport-Security': 'REDACTED'
    'X-Content-Type-Options': 'REDACTED'
    'azureml-served-by-cluster': 'REDACTED'
    'x-request-time': 'REDACTED'
    'Content-Encoding': 'REDACTED'
[2025-06-26T17:19:44.218+0000] {_universal.py:511} INFO - Request URL: 'https://westeurope.api.azureml.ms/history/v1.0/subscriptions/0a94de80-6d3b-49f2-b3e9-ec5818862801/resourceGroups/buas-y2/providers/Microsoft.MachineLearningServices/workspaces/CV9-2025/runs/brave_bird_k5c9wqfknx/details'
Request method: 'GET'
Request headers:
    'Accept': 'application/json'
    'x-ms-client-request-id': 'c0954b7c-52b1-11f0-9c60-c6da882b0672'
    'User-Agent': 'azure-ai-ml/1.27.1 azsdk-python-mgmt-machinelearningservices/0.1.0 Python/3.10.14 (Linux-6.6.87.1-microsoft-standard-WSL2-x86_64-with-glibc2.36)'
    'Authorization': 'REDACTED'
No body was attached to the request
[2025-06-26T17:19:44.286+0000] {_universal.py:547} INFO - Response status: 200
Response headers:
    'Date': 'Thu, 26 Jun 2025 17:19:42 GMT'
    'Content-Type': 'application/json; charset=utf-8'
    'Transfer-Encoding': 'chunked'
    'Connection': 'keep-alive'
    'Vary': 'REDACTED'
    'Request-Context': 'REDACTED'
    'x-ms-response-type': 'REDACTED'
    'mise-correlation-id': 'REDACTED'
    'Strict-Transport-Security': 'REDACTED'
    'X-Content-Type-Options': 'REDACTED'
    'azureml-served-by-cluster': 'REDACTED'
    'x-request-time': 'REDACTED'
    'Content-Encoding': 'REDACTED'
[2025-06-26T17:19:45.492+0000] {retries.py:91} DEBUG - Running Job._fetch_from_db with retries. Try 1 of 3
[2025-06-26T17:19:45.503+0000] {retries.py:91} DEBUG - Running Job._update_heartbeat with retries. Try 1 of 3
[2025-06-26T17:19:45.527+0000] {job.py:214} DEBUG - [heartbeat]
[2025-06-26T17:19:46.291+0000] {_universal.py:511} INFO - Request URL: 'https://westeurope.api.azureml.ms/history/v1.0/subscriptions/0a94de80-6d3b-49f2-b3e9-ec5818862801/resourceGroups/buas-y2/providers/Microsoft.MachineLearningServices/workspaces/CV9-2025/runs/brave_bird_k5c9wqfknx/details'
Request method: 'GET'
Request headers:
    'Accept': 'application/json'
    'x-ms-client-request-id': 'c1d19c20-52b1-11f0-9c60-c6da882b0672'
    'User-Agent': 'azure-ai-ml/1.27.1 azsdk-python-mgmt-machinelearningservices/0.1.0 Python/3.10.14 (Linux-6.6.87.1-microsoft-standard-WSL2-x86_64-with-glibc2.36)'
    'Authorization': 'REDACTED'
No body was attached to the request
[2025-06-26T17:19:46.410+0000] {_universal.py:547} INFO - Response status: 200
Response headers:
    'Date': 'Thu, 26 Jun 2025 17:19:44 GMT'
    'Content-Type': 'application/json; charset=utf-8'
    'Transfer-Encoding': 'chunked'
    'Connection': 'keep-alive'
    'Vary': 'REDACTED'
    'Request-Context': 'REDACTED'
    'x-ms-response-type': 'REDACTED'
    'mise-correlation-id': 'REDACTED'
    'Strict-Transport-Security': 'REDACTED'
    'X-Content-Type-Options': 'REDACTED'
    'azureml-served-by-cluster': 'REDACTED'
    'x-request-time': 'REDACTED'
    'Content-Encoding': 'REDACTED'
[2025-06-26T17:19:48.598+0000] {_universal.py:511} INFO - Request URL: 'https://westeurope.api.azureml.ms/history/v1.0/subscriptions/0a94de80-6d3b-49f2-b3e9-ec5818862801/resourceGroups/buas-y2/providers/Microsoft.MachineLearningServices/workspaces/CV9-2025/runs/brave_bird_k5c9wqfknx/details'
Request method: 'GET'
Request headers:
    'Accept': 'application/json'
    'x-ms-client-request-id': 'c3318cba-52b1-11f0-9c60-c6da882b0672'
    'User-Agent': 'azure-ai-ml/1.27.1 azsdk-python-mgmt-machinelearningservices/0.1.0 Python/3.10.14 (Linux-6.6.87.1-microsoft-standard-WSL2-x86_64-with-glibc2.36)'
    'Authorization': 'REDACTED'
No body was attached to the request
[2025-06-26T17:19:48.665+0000] {_universal.py:547} INFO - Response status: 200
Response headers:
    'Date': 'Thu, 26 Jun 2025 17:19:46 GMT'
    'Content-Type': 'application/json; charset=utf-8'
    'Transfer-Encoding': 'chunked'
    'Connection': 'keep-alive'
    'Vary': 'REDACTED'
    'Request-Context': 'REDACTED'
    'x-ms-response-type': 'REDACTED'
    'mise-correlation-id': 'REDACTED'
    'Strict-Transport-Security': 'REDACTED'
    'X-Content-Type-Options': 'REDACTED'
    'azureml-served-by-cluster': 'REDACTED'
    'x-request-time': 'REDACTED'
    'Content-Encoding': 'REDACTED'
[2025-06-26T17:19:50.530+0000] {retries.py:91} DEBUG - Running Job._fetch_from_db with retries. Try 1 of 3
[2025-06-26T17:19:50.544+0000] {retries.py:91} DEBUG - Running Job._update_heartbeat with retries. Try 1 of 3
[2025-06-26T17:19:50.567+0000] {job.py:214} DEBUG - [heartbeat]
[2025-06-26T17:19:50.690+0000] {_universal.py:511} INFO - Request URL: 'https://westeurope.api.azureml.ms/history/v1.0/subscriptions/0a94de80-6d3b-49f2-b3e9-ec5818862801/resourceGroups/buas-y2/providers/Microsoft.MachineLearningServices/workspaces/CV9-2025/runs/brave_bird_k5c9wqfknx/details'
Request method: 'GET'
Request headers:
    'Accept': 'application/json'
    'x-ms-client-request-id': 'c470b89e-52b1-11f0-9c60-c6da882b0672'
    'User-Agent': 'azure-ai-ml/1.27.1 azsdk-python-mgmt-machinelearningservices/0.1.0 Python/3.10.14 (Linux-6.6.87.1-microsoft-standard-WSL2-x86_64-with-glibc2.36)'
    'Authorization': 'REDACTED'
No body was attached to the request
[2025-06-26T17:19:50.754+0000] {_universal.py:547} INFO - Response status: 200
Response headers:
    'Date': 'Thu, 26 Jun 2025 17:19:48 GMT'
    'Content-Type': 'application/json; charset=utf-8'
    'Transfer-Encoding': 'chunked'
    'Connection': 'keep-alive'
    'Vary': 'REDACTED'
    'Request-Context': 'REDACTED'
    'x-ms-response-type': 'REDACTED'
    'mise-correlation-id': 'REDACTED'
    'Strict-Transport-Security': 'REDACTED'
    'X-Content-Type-Options': 'REDACTED'
    'azureml-served-by-cluster': 'REDACTED'
    'x-request-time': 'REDACTED'
    'Content-Encoding': 'REDACTED'
[2025-06-26T17:19:50.775+0000] {logging_mixin.py:188} INFO - Streaming logs/azureml/executionlogs.txt
[2025-06-26T17:19:50.776+0000] {logging_mixin.py:188} INFO - ========================================
[2025-06-26T17:19:50.777+0000] {logging_mixin.py:188} INFO - [2025-06-26 17:19:42Z] Completing processing run id 0d510301-3451-4082-b1e4-af8187f5a9b4.
[2025-06-26T17:19:50.777+0000] {logging_mixin.py:188} INFO - [2025-06-26 17:19:44Z] Completing processing run id 4ab91e99-9469-4462-9d90-249b4a3bbd72.
[2025-06-26T17:19:50.778+0000] {logging_mixin.py:188} INFO - [2025-06-26 17:19:45Z] Completing processing run id cd1c25dd-6ac6-4aaa-96a0-eb23bdb43b82.
[2025-06-26T17:19:50.779+0000] {logging_mixin.py:188} INFO - [2025-06-26 17:19:46Z] Finishing experiment: no runs left and nothing to schedule.
[2025-06-26T17:19:50.780+0000] {logging_mixin.py:188} INFO - Execution Summary
[2025-06-26T17:19:50.781+0000] {logging_mixin.py:188} INFO - =================
[2025-06-26T17:19:50.782+0000] {logging_mixin.py:188} INFO - RunId: brave_bird_k5c9wqfknx
[2025-06-26T17:19:50.782+0000] {logging_mixin.py:188} INFO - Web View: https://ml.azure.com/runs/brave_bird_k5c9wqfknx?wsid=/subscriptions/0a94de80-6d3b-49f2-b3e9-ec5818862801/resourcegroups/buas-y2/workspaces/CV9-2025
[2025-06-26T17:19:50.784+0000] {logging_mixin.py:188} INFO - 🚀 Submitted retraining pipeline job and waited for completion.
[2025-06-26T17:19:50.785+0000] {python.py:237} INFO - Done. Returned value was: None
[2025-06-26T17:19:50.786+0000] {taskinstance.py:441} INFO - ::group::Post task execution logs
[2025-06-26T17:19:50.787+0000] {__init__.py:77} DEBUG - Lineage called with inlets: [], outlets: []
[2025-06-26T17:19:50.806+0000] {taskinstance.py:584} DEBUG - Clearing next_method and next_kwargs.
[2025-06-26T17:19:50.807+0000] {taskinstance.py:1206} INFO - Marking task as SUCCESS. dag_id=axonrooter_weekly_retraining, task_id=run_retraining_pipeline, run_id=manual__2025-06-26T17:19:27.010441+00:00, execution_date=20250626T171927, start_date=20250626T171935, end_date=20250626T171950
[2025-06-26T17:19:50.808+0000] {taskinstance.py:562} DEBUG - Task Duration set to 15.474691
[2025-06-26T17:19:50.824+0000] {cli_action_loggers.py:88} DEBUG - Calling callbacks: []
[2025-06-26T17:19:50.906+0000] {local_task_job_runner.py:240} INFO - Task exited with return code 0
[2025-06-26T17:19:50.933+0000] {dagrun.py:932} DEBUG - number of tis tasks for <DagRun axonrooter_weekly_retraining @ 2025-06-26 17:19:27.010441+00:00: manual__2025-06-26T17:19:27.010441+00:00, state:running, queued_at: 2025-06-26 17:19:27.153238+00:00. externally triggered: True>: 2 task(s)
[2025-06-26T17:19:50.934+0000] {dagrun.py:953} DEBUG - number of scheduleable tasks for <DagRun axonrooter_weekly_retraining @ 2025-06-26 17:19:27.010441+00:00: manual__2025-06-26T17:19:27.010441+00:00, state:running, queued_at: 2025-06-26 17:19:27.153238+00:00. externally triggered: True>: 1 task(s)
[2025-06-26T17:19:50.935+0000] {taskinstance.py:2088} DEBUG - <TaskInstance: axonrooter_weekly_retraining.promote_model_to_green manual__2025-06-26T17:19:27.010441+00:00 [None]> dependency 'Previous Dagrun State' PASSED: True, The task did not have depends_on_past set.
[2025-06-26T17:19:50.936+0000] {taskinstance.py:2088} DEBUG - <TaskInstance: axonrooter_weekly_retraining.promote_model_to_green manual__2025-06-26T17:19:27.010441+00:00 [None]> dependency 'Not In Retry Period' PASSED: True, The task instance was not marked for retrying.
[2025-06-26T17:19:50.937+0000] {taskinstance.py:2076} DEBUG - Dependencies all met for dep_context=None ti=<TaskInstance: axonrooter_weekly_retraining.promote_model_to_green manual__2025-06-26T17:19:27.010441+00:00 [None]>
[2025-06-26T17:19:50.943+0000] {taskinstance.py:3498} INFO - 1 downstream tasks scheduled from follow-on schedule check
[2025-06-26T17:19:50.947+0000] {local_task_job_runner.py:222} INFO - ::endgroup::
