[2025-06-26T17:04:53.981+0000] {taskinstance.py:1042} DEBUG - previous_execution_date was called
[2025-06-26T17:04:54.008+0000] {__init__.py:54} DEBUG - Loading core task runner: StandardTaskRunner
[2025-06-26T17:04:54.031+0000] {taskinstance.py:1042} DEBUG - previous_execution_date was called
[2025-06-26T17:04:54.043+0000] {base_task_runner.py:73} DEBUG - Planning to run as the  user
[2025-06-26T17:04:54.051+0000] {local_task_job_runner.py:120} INFO - ::group::Pre task execution logs
[2025-06-26T17:04:54.079+0000] {taskinstance.py:2088} DEBUG - <TaskInstance: axonrooter_weekly_retraining.run_retraining_pipeline manual__2025-06-26T17:04:47.326808+00:00 [queued]> dependency 'Not In Retry Period' PASSED: True, The task instance was not marked for retrying.
[2025-06-26T17:04:54.089+0000] {taskinstance.py:2088} DEBUG - <TaskInstance: axonrooter_weekly_retraining.run_retraining_pipeline manual__2025-06-26T17:04:47.326808+00:00 [queued]> dependency 'Previous Dagrun State' PASSED: True, The task did not have depends_on_past set.
[2025-06-26T17:04:54.090+0000] {taskinstance.py:2088} DEBUG - <TaskInstance: axonrooter_weekly_retraining.run_retraining_pipeline manual__2025-06-26T17:04:47.326808+00:00 [queued]> dependency 'Task Instance State' PASSED: True, Task state queued was valid.
[2025-06-26T17:04:54.091+0000] {taskinstance.py:2088} DEBUG - <TaskInstance: axonrooter_weekly_retraining.run_retraining_pipeline manual__2025-06-26T17:04:47.326808+00:00 [queued]> dependency 'Trigger Rule' PASSED: True, The task instance did not have any upstream tasks.
[2025-06-26T17:04:54.092+0000] {taskinstance.py:2088} DEBUG - <TaskInstance: axonrooter_weekly_retraining.run_retraining_pipeline manual__2025-06-26T17:04:47.326808+00:00 [queued]> dependency 'Task Instance Not Running' PASSED: True, Task is not in running state.
[2025-06-26T17:04:54.093+0000] {taskinstance.py:2076} INFO - Dependencies all met for dep_context=non-requeueable deps ti=<TaskInstance: axonrooter_weekly_retraining.run_retraining_pipeline manual__2025-06-26T17:04:47.326808+00:00 [queued]>
[2025-06-26T17:04:54.097+0000] {taskinstance.py:2088} DEBUG - <TaskInstance: axonrooter_weekly_retraining.run_retraining_pipeline manual__2025-06-26T17:04:47.326808+00:00 [queued]> dependency 'Not In Retry Period' PASSED: True, The task instance was not marked for retrying.
[2025-06-26T17:04:54.101+0000] {taskinstance.py:2088} DEBUG - <TaskInstance: axonrooter_weekly_retraining.run_retraining_pipeline manual__2025-06-26T17:04:47.326808+00:00 [queued]> dependency 'Previous Dagrun State' PASSED: True, The task did not have depends_on_past set.
[2025-06-26T17:04:54.103+0000] {taskinstance.py:2088} DEBUG - <TaskInstance: axonrooter_weekly_retraining.run_retraining_pipeline manual__2025-06-26T17:04:47.326808+00:00 [queued]> dependency 'Trigger Rule' PASSED: True, The task instance did not have any upstream tasks.
[2025-06-26T17:04:54.111+0000] {taskinstance.py:2088} DEBUG - <TaskInstance: axonrooter_weekly_retraining.run_retraining_pipeline manual__2025-06-26T17:04:47.326808+00:00 [queued]> dependency 'Pool Slots Available' PASSED: True, There are enough open slots in default_pool to execute the task
[2025-06-26T17:04:54.112+0000] {taskinstance.py:2088} DEBUG - <TaskInstance: axonrooter_weekly_retraining.run_retraining_pipeline manual__2025-06-26T17:04:47.326808+00:00 [queued]> dependency 'Task Concurrency' PASSED: True, Task concurrency is not set.
[2025-06-26T17:04:54.113+0000] {taskinstance.py:2076} INFO - Dependencies all met for dep_context=requeueable deps ti=<TaskInstance: axonrooter_weekly_retraining.run_retraining_pipeline manual__2025-06-26T17:04:47.326808+00:00 [queued]>
[2025-06-26T17:04:54.113+0000] {taskinstance.py:2306} INFO - Starting attempt 1 of 2
[2025-06-26T17:04:54.133+0000] {taskinstance.py:2330} INFO - Executing <Task(PythonOperator): run_retraining_pipeline> on 2025-06-26 17:04:47.326808+00:00
[2025-06-26T17:04:54.148+0000] {standard_task_runner.py:63} INFO - Started process 243 to run task
[2025-06-26T17:04:54.154+0000] {standard_task_runner.py:90} INFO - Running: ['***', 'tasks', 'run', 'axonrooter_weekly_retraining', 'run_retraining_pipeline', 'manual__2025-06-26T17:04:47.326808+00:00', '--job-id', '5', '--raw', '--subdir', 'DAGS_FOLDER/retrain_dag.py', '--cfg-path', '/tmp/tmpcy_me1aa']
[2025-06-26T17:04:54.161+0000] {standard_task_runner.py:91} INFO - Job 5: Subtask run_retraining_pipeline
[2025-06-26T17:04:54.163+0000] {cli_action_loggers.py:70} DEBUG - Calling callbacks: [<function default_action_log at 0x790b6bb1cca0>]
[2025-06-26T17:04:54.235+0000] {taskinstance.py:1042} DEBUG - previous_execution_date was called
[2025-06-26T17:04:54.248+0000] {task_command.py:426} INFO - Running <TaskInstance: axonrooter_weekly_retraining.run_retraining_pipeline manual__2025-06-26T17:04:47.326808+00:00 [running]> on host 1fc71c0f6201
[2025-06-26T17:04:54.249+0000] {settings.py:363} DEBUG - Disposing DB connection pool (PID 243)
[2025-06-26T17:04:54.250+0000] {settings.py:250} DEBUG - Setting up DB connection pool (PID 243)
[2025-06-26T17:04:54.251+0000] {settings.py:298} DEBUG - settings.prepare_engine_args(): Using NullPool
[2025-06-26T17:04:54.319+0000] {taskinstance.py:1042} DEBUG - previous_execution_date was called
[2025-06-26T17:04:54.324+0000] {taskinstance.py:1845} DEBUG - Clearing XCom data
[2025-06-26T17:04:54.338+0000] {retries.py:91} DEBUG - Running RenderedTaskInstanceFields.write with retries. Try 1 of 3
[2025-06-26T17:04:54.377+0000] {retries.py:91} DEBUG - Running RenderedTaskInstanceFields._do_delete_old_records with retries. Try 1 of 3
[2025-06-26T17:04:54.402+0000] {taskinstance.py:2648} INFO - Exporting env vars: AIRFLOW_CTX_DAG_OWNER='***' AIRFLOW_CTX_DAG_ID='axonrooter_weekly_retraining' AIRFLOW_CTX_TASK_ID='run_retraining_pipeline' AIRFLOW_CTX_EXECUTION_DATE='2025-06-26T17:04:47.326808+00:00' AIRFLOW_CTX_TRY_NUMBER='1' AIRFLOW_CTX_DAG_RUN_ID='manual__2025-06-26T17:04:47.326808+00:00'
[2025-06-26T17:04:54.404+0000] {__init__.py:119} DEBUG - Preparing lineage inlets and outlets
[2025-06-26T17:04:54.408+0000] {__init__.py:158} DEBUG - inlets: [], outlets: []
[2025-06-26T17:04:54.409+0000] {taskinstance.py:430} INFO - ::endgroup::
[2025-06-26T17:04:54.428+0000] {base.py:84} INFO - Using connection ID 'azure_ml_conn' for task execution.
[2025-06-26T17:04:54.566+0000] {authority.py:75} DEBUG - Initializing with Entra authority: https://login.microsoftonline.com/0a33589b-0036-4fe8-a829-3ed0926af886
[2025-06-26T17:04:54.568+0000] {_universal.py:511} INFO - Request URL: 'https://login.microsoftonline.com/0a33589b-0036-4fe8-a829-3ed0926af886/v2.0/.well-known/openid-configuration'
Request method: 'GET'
Request headers:
    'User-Agent': 'azsdk-python-identity/1.23.0 Python/3.10.14 (Linux-6.6.87.1-microsoft-standard-WSL2-x86_64-with-glibc2.36)'
No body was attached to the request
[2025-06-26T17:04:55.008+0000] {_universal.py:547} INFO - Response status: 200
Response headers:
    'Cache-Control': 'max-age=86400, private'
    'Content-Type': 'application/json; charset=utf-8'
    'Strict-Transport-Security': 'REDACTED'
    'X-Content-Type-Options': 'REDACTED'
    'Access-Control-Allow-Origin': 'REDACTED'
    'Access-Control-Allow-Methods': 'REDACTED'
    'P3P': 'REDACTED'
    'x-ms-request-id': '765131b5-a61b-44a4-84fb-a031228b2000'
    'x-ms-ests-server': 'REDACTED'
    'x-ms-srs': 'REDACTED'
    'Content-Security-Policy-Report-Only': 'REDACTED'
    'X-XSS-Protection': 'REDACTED'
    'Set-Cookie': 'REDACTED'
    'Date': 'Thu, 26 Jun 2025 17:04:52 GMT'
    'Content-Length': '1753'
[2025-06-26T17:04:55.015+0000] {authority.py:96} DEBUG - openid_config("https://login.microsoftonline.com/0a33589b-0036-4fe8-a829-3ed0926af886/v2.0/.well-known/openid-configuration") = {'token_endpoint': '***', 'token_endpoint_auth_methods_supported': ['***', '***', '***'], 'jwks_uri': 'https://login.microsoftonline.com/0a33589b-0036-4fe8-a829-3ed0926af886/discovery/v2.0/keys', 'response_modes_supported': ['query', 'fragment', 'form_post'], 'subject_types_supported': ['pairwise'], 'id_token_signing_alg_values_supported': ['***'], 'response_types_supported': ['code', 'id_token', 'code id_token', 'id_token token'], 'scopes_supported': ['openid', 'profile', 'email', 'offline_access'], 'issuer': 'https://login.microsoftonline.com/0a33589b-0036-4fe8-a829-3ed0926af886/v2.0', 'request_uri_parameter_supported': False, 'userinfo_endpoint': 'https://graph.microsoft.com/oidc/userinfo', 'authorization_endpoint': '***', 'device_authorization_endpoint': '***', 'http_logout_supported': True, 'frontchannel_logout_supported': True, 'end_session_endpoint': 'https://login.microsoftonline.com/0a33589b-0036-4fe8-a829-3ed0926af886/oauth2/v2.0/logout', 'claims_supported': ['sub', 'iss', 'cloud_instance_name', 'cloud_instance_host_name', 'cloud_graph_host_name', 'msgraph_host', 'aud', 'exp', 'iat', 'auth_time', 'acr', 'nonce', 'preferred_username', 'name', 'tid', 'ver', 'at_hash', 'c_hash', 'email'], 'kerberos_endpoint': 'https://login.microsoftonline.com/0a33589b-0036-4fe8-a829-3ed0926af886/kerberos', 'tenant_region_scope': 'EU', 'cloud_instance_name': 'microsoftonline.com', 'cloud_graph_host_name': 'graph.windows.net', 'msgraph_host': 'graph.microsoft.com', 'rbac_url': 'https://pas.windows.net'}
[2025-06-26T17:04:55.017+0000] {application.py:705} DEBUG - Broker enabled? None
[2025-06-26T17:04:55.018+0000] {application.py:755} DEBUG - Region to be used: None
[2025-06-26T17:04:55.068+0000] {telemetry.py:37} DEBUG - Generate or reuse correlation_id: cdb030f8-2ed7-402f-a51c-371f3c76855a
[2025-06-26T17:04:55.070+0000] {_universal.py:508} INFO - Request URL: 'https://login.microsoftonline.com/0a33589b-0036-4fe8-a829-3ed0926af886/oauth2/v2.0/token'
Request method: 'POST'
Request headers:
    'Accept': 'application/json'
    'x-client-sku': 'REDACTED'
    'x-client-ver': 'REDACTED'
    'x-client-os': 'REDACTED'
    'x-ms-lib-capability': 'REDACTED'
    'client-request-id': 'REDACTED'
    'x-client-current-telemetry': 'REDACTED'
    'x-client-last-telemetry': 'REDACTED'
    'User-Agent': 'azsdk-python-identity/1.23.0 Python/3.10.14 (Linux-6.6.87.1-microsoft-standard-WSL2-x86_64-with-glibc2.36)'
A body is sent with the request
[2025-06-26T17:04:55.196+0000] {_universal.py:547} INFO - Response status: 200
Response headers:
    'Cache-Control': 'no-store, no-cache'
    'Pragma': 'no-cache'
    'Content-Type': 'application/json; charset=utf-8'
    'Expires': '-1'
    'Strict-Transport-Security': 'REDACTED'
    'X-Content-Type-Options': 'REDACTED'
    'P3P': 'REDACTED'
    'client-request-id': 'REDACTED'
    'x-ms-request-id': '4830ae85-8002-4393-856a-9bb95bcf7600'
    'x-ms-ests-server': 'REDACTED'
    'x-ms-clitelem': 'REDACTED'
    'x-ms-srs': 'REDACTED'
    'Content-Security-Policy-Report-Only': 'REDACTED'
    'X-XSS-Protection': 'REDACTED'
    'Set-Cookie': 'REDACTED'
    'Date': 'Thu, 26 Jun 2025 17:04:53 GMT'
    'Content-Length': '1668'
[2025-06-26T17:04:55.197+0000] {token_cache.py:204} DEBUG - event={
    "client_id": "27157a5a-3927-4895-8478-9d4554697d25",
    "data": {
        "claims": null,
        "scope": [
            "https://management.azure.com/.default"
        ]
    },
    "environment": "login.microsoftonline.com",
    "grant_type": "client_credentials",
    "params": null,
    "response": {
        "access_token": "********",
        "expires_in": 86399,
        "ext_expires_in": 86399,
        "refresh_in": 43199,
        "token_type": "Bearer"
    },
    "scope": [
        "https://management.azure.com/.default"
    ],
    "token_endpoint": "https://login.microsoftonline.com/0a33589b-0036-4fe8-a829-3ed0926af886/oauth2/v2.0/token"
}
[2025-06-26T17:04:55.198+0000] {get_token_mixin.py:148} INFO - ClientSecretCredential.get_token_info succeeded
[2025-06-26T17:04:55.200+0000] {_universal.py:511} INFO - Request URL: 'https://management.azure.com/subscriptions/0a94de80-6d3b-49f2-b3e9-ec5818862801/resourceGroups/buas-y2/providers/Microsoft.MachineLearningServices/workspaces/CV9-2025/data/axonrooter_student_corrections_Endijs_20250626_040517?api-version=REDACTED'
Request method: 'GET'
Request headers:
    'Accept': 'application/json'
    'x-ms-client-request-id': 'ae4f0450-52af-11f0-80c2-c6da882b0672'
    'User-Agent': 'azure-ai-ml/1.27.1 azsdk-python-mgmt-machinelearningservices/0.1.0 Python/3.10.14 (Linux-6.6.87.1-microsoft-standard-WSL2-x86_64-with-glibc2.36)'
    'Authorization': 'REDACTED'
No body was attached to the request
[2025-06-26T17:04:55.717+0000] {_universal.py:547} INFO - Response status: 200
Response headers:
    'Cache-Control': 'no-cache'
    'Pragma': 'no-cache'
    'Content-Length': '737'
    'Content-Type': 'application/json; charset=utf-8'
    'Expires': '-1'
    'Vary': 'REDACTED'
    'x-ms-ratelimit-remaining-subscription-reads': '249'
    'x-ms-operation-identifier': 'REDACTED'
    'Request-Context': 'REDACTED'
    'x-ms-response-type': 'REDACTED'
    'Strict-Transport-Security': 'REDACTED'
    'X-Content-Type-Options': 'REDACTED'
    'azureml-served-by-cluster': 'REDACTED'
    'x-request-time': 'REDACTED'
    'x-ms-ratelimit-remaining-subscription-global-reads': 'REDACTED'
    'x-ms-request-id': 'dee54689-9349-4cc6-9307-563be18ee1e1'
    'x-ms-correlation-request-id': 'REDACTED'
    'x-ms-routing-request-id': 'REDACTED'
    'X-Cache': 'REDACTED'
    'X-MSEdge-Ref': 'Ref A: F44DD446F4AD4AF48E60D42C0FA2DAA9 Ref B: AMS231032609047 Ref C: 2025-06-26T17:04:53Z'
    'Date': 'Thu, 26 Jun 2025 17:04:52 GMT'
[2025-06-26T17:04:55.730+0000] {_universal.py:511} INFO - Request URL: 'https://management.azure.com/subscriptions/0a94de80-6d3b-49f2-b3e9-ec5818862801/resourceGroups/buas-y2/providers/Microsoft.MachineLearningServices/workspaces/CV9-2025/data/axonrooter_student_corrections_Endijs_20250626_040517/versions/1?api-version=REDACTED'
Request method: 'GET'
Request headers:
    'Accept': 'application/json'
    'x-ms-client-request-id': 'af00cf3c-52af-11f0-80c2-c6da882b0672'
    'User-Agent': 'azure-ai-ml/1.27.1 azsdk-python-mgmt-machinelearningservices/0.1.0 Python/3.10.14 (Linux-6.6.87.1-microsoft-standard-WSL2-x86_64-with-glibc2.36)'
    'Authorization': 'REDACTED'
No body was attached to the request
[2025-06-26T17:04:55.919+0000] {_universal.py:547} INFO - Response status: 200
Response headers:
    'Cache-Control': 'no-cache'
    'Pragma': 'no-cache'
    'Content-Length': '1080'
    'Content-Type': 'application/json; charset=utf-8'
    'Expires': '-1'
    'Vary': 'REDACTED'
    'x-ms-ratelimit-remaining-subscription-reads': '249'
    'x-ms-operation-identifier': 'REDACTED'
    'Request-Context': 'REDACTED'
    'x-ms-response-type': 'REDACTED'
    'Strict-Transport-Security': 'REDACTED'
    'X-Content-Type-Options': 'REDACTED'
    'azureml-served-by-cluster': 'REDACTED'
    'x-request-time': 'REDACTED'
    'x-ms-ratelimit-remaining-subscription-global-reads': 'REDACTED'
    'x-ms-request-id': '949adf77-68c2-4b1c-b9ae-ecea0c14d47f'
    'x-ms-correlation-request-id': 'REDACTED'
    'x-ms-routing-request-id': 'REDACTED'
    'X-Cache': 'REDACTED'
    'X-MSEdge-Ref': 'Ref A: 80CFE7A2B12A4E35AB9861640170C4D3 Ref B: AMS231032609047 Ref C: 2025-06-26T17:04:53Z'
    'Date': 'Thu, 26 Jun 2025 17:04:53 GMT'
[2025-06-26T17:04:55.924+0000] {application.py:1553} DEBUG - Cache hit an AT
[2025-06-26T17:04:55.925+0000] {telemetry.py:37} DEBUG - Generate or reuse correlation_id: 5a5cce58-e106-4279-a4d8-7e4265f41fd0
[2025-06-26T17:04:55.926+0000] {get_token_mixin.py:148} INFO - ClientSecretCredential.get_token_info succeeded
[2025-06-26T17:04:55.927+0000] {_universal.py:511} INFO - Request URL: 'https://management.azure.com/subscriptions/0a94de80-6d3b-49f2-b3e9-ec5818862801/resourceGroups/buas-y2/providers/Microsoft.MachineLearningServices/workspaces/CV9-2025/components/train2/versions/5?api-version=REDACTED'
Request method: 'GET'
Request headers:
    'Accept': 'application/json'
    'x-ms-client-request-id': 'af1e6a6a-52af-11f0-80c2-c6da882b0672'
    'User-Agent': 'azure-ai-ml/1.27.1 azsdk-python-mgmt-machinelearningservices/0.1.0 Python/3.10.14 (Linux-6.6.87.1-microsoft-standard-WSL2-x86_64-with-glibc2.36)'
    'Authorization': 'REDACTED'
No body was attached to the request
[2025-06-26T17:04:56.443+0000] {_universal.py:547} INFO - Response status: 200
Response headers:
    'Cache-Control': 'no-cache'
    'Pragma': 'no-cache'
    'Content-Length': '1966'
    'Content-Type': 'application/json; charset=utf-8'
    'Expires': '-1'
    'Vary': 'REDACTED'
    'x-ms-ratelimit-remaining-subscription-reads': '249'
    'x-ms-operation-identifier': 'REDACTED'
    'Request-Context': 'REDACTED'
    'x-ms-response-type': 'REDACTED'
    'Strict-Transport-Security': 'REDACTED'
    'X-Content-Type-Options': 'REDACTED'
    'azureml-served-by-cluster': 'REDACTED'
    'x-request-time': 'REDACTED'
    'x-ms-ratelimit-remaining-subscription-global-reads': 'REDACTED'
    'x-ms-request-id': '719c9319-010d-4da5-8236-eaa558030d5e'
    'x-ms-correlation-request-id': 'REDACTED'
    'x-ms-routing-request-id': 'REDACTED'
    'X-Cache': 'REDACTED'
    'X-MSEdge-Ref': 'Ref A: B2608AE574374B3C902E81876C4437A8 Ref B: AMS231020614021 Ref C: 2025-06-26T17:04:53Z'
    'Date': 'Thu, 26 Jun 2025 17:04:54 GMT'
[2025-06-26T17:04:56.469+0000] {_universal.py:511} INFO - Request URL: 'https://management.azure.com/subscriptions/0a94de80-6d3b-49f2-b3e9-ec5818862801/resourceGroups/buas-y2/providers/Microsoft.MachineLearningServices/workspaces/CV9-2025/components/evaluate2/versions/2?api-version=REDACTED'
Request method: 'GET'
Request headers:
    'Accept': 'application/json'
    'x-ms-client-request-id': 'af71924e-52af-11f0-80c2-c6da882b0672'
    'User-Agent': 'azure-ai-ml/1.27.1 azsdk-python-mgmt-machinelearningservices/0.1.0 Python/3.10.14 (Linux-6.6.87.1-microsoft-standard-WSL2-x86_64-with-glibc2.36)'
    'Authorization': 'REDACTED'
No body was attached to the request
[2025-06-26T17:04:56.866+0000] {_universal.py:547} INFO - Response status: 200
Response headers:
    'Cache-Control': 'no-cache'
    'Pragma': 'no-cache'
    'Content-Length': '1957'
    'Content-Type': 'application/json; charset=utf-8'
    'Expires': '-1'
    'Vary': 'REDACTED'
    'x-ms-ratelimit-remaining-subscription-reads': '249'
    'x-ms-operation-identifier': 'REDACTED'
    'Request-Context': 'REDACTED'
    'x-ms-response-type': 'REDACTED'
    'Strict-Transport-Security': 'REDACTED'
    'X-Content-Type-Options': 'REDACTED'
    'azureml-served-by-cluster': 'REDACTED'
    'x-request-time': 'REDACTED'
    'x-ms-ratelimit-remaining-subscription-global-reads': 'REDACTED'
    'x-ms-request-id': 'ca9977b5-4e08-4ca1-91b4-b77881310c81'
    'x-ms-correlation-request-id': 'REDACTED'
    'x-ms-routing-request-id': 'REDACTED'
    'X-Cache': 'REDACTED'
    'X-MSEdge-Ref': 'Ref A: 678D0653836E4582AB14FFD22B3C2573 Ref B: AMS231020614021 Ref C: 2025-06-26T17:04:54Z'
    'Date': 'Thu, 26 Jun 2025 17:04:54 GMT'
[2025-06-26T17:04:56.876+0000] {_universal.py:511} INFO - Request URL: 'https://management.azure.com/subscriptions/0a94de80-6d3b-49f2-b3e9-ec5818862801/resourceGroups/buas-y2/providers/Microsoft.MachineLearningServices/workspaces/CV9-2025/components/register2/versions/2?api-version=REDACTED'
Request method: 'GET'
Request headers:
    'Accept': 'application/json'
    'x-ms-client-request-id': 'afaf8b08-52af-11f0-80c2-c6da882b0672'
    'User-Agent': 'azure-ai-ml/1.27.1 azsdk-python-mgmt-machinelearningservices/0.1.0 Python/3.10.14 (Linux-6.6.87.1-microsoft-standard-WSL2-x86_64-with-glibc2.36)'
    'Authorization': 'REDACTED'
No body was attached to the request
[2025-06-26T17:04:57.268+0000] {_universal.py:547} INFO - Response status: 200
Response headers:
    'Cache-Control': 'no-cache'
    'Pragma': 'no-cache'
    'Content-Length': '1942'
    'Content-Type': 'application/json; charset=utf-8'
    'Expires': '-1'
    'Vary': 'REDACTED'
    'x-ms-ratelimit-remaining-subscription-reads': '249'
    'x-ms-operation-identifier': 'REDACTED'
    'Request-Context': 'REDACTED'
    'x-ms-response-type': 'REDACTED'
    'Strict-Transport-Security': 'REDACTED'
    'X-Content-Type-Options': 'REDACTED'
    'azureml-served-by-cluster': 'REDACTED'
    'x-request-time': 'REDACTED'
    'x-ms-ratelimit-remaining-subscription-global-reads': 'REDACTED'
    'x-ms-request-id': 'fa24f780-281d-4a74-a1f4-62325b7ccaa5'
    'x-ms-correlation-request-id': 'REDACTED'
    'x-ms-routing-request-id': 'REDACTED'
    'X-Cache': 'REDACTED'
    'X-MSEdge-Ref': 'Ref A: 670939F8226D4A1CA1C1A8385D22A467 Ref B: AMS231020614021 Ref C: 2025-06-26T17:04:54Z'
    'Date': 'Thu, 26 Jun 2025 17:04:55 GMT'
[2025-06-26T17:04:57.276+0000] {application.py:1553} DEBUG - Cache hit an AT
[2025-06-26T17:04:57.277+0000] {telemetry.py:37} DEBUG - Generate or reuse correlation_id: b30adf45-38b6-4137-8d23-a97f85fdab35
[2025-06-26T17:04:57.278+0000] {get_token_mixin.py:148} INFO - ClientSecretCredential.get_token_info succeeded
[2025-06-26T17:04:57.279+0000] {_universal.py:511} INFO - Request URL: 'https://management.azure.com/subscriptions/0a94de80-6d3b-49f2-b3e9-ec5818862801/resourceGroups/buas-y2/providers/Microsoft.MachineLearningServices/workspaces/CV9-2025/models/axonrooter-finetuned/versions/8?api-version=REDACTED'
Request method: 'GET'
Request headers:
    'Accept': 'application/json'
    'x-ms-client-request-id': 'afeca20e-52af-11f0-80c2-c6da882b0672'
    'User-Agent': 'azure-ai-ml/1.27.1 azsdk-python-mgmt-machinelearningservices/0.1.0 Python/3.10.14 (Linux-6.6.87.1-microsoft-standard-WSL2-x86_64-with-glibc2.36)'
    'Authorization': 'REDACTED'
No body was attached to the request
[2025-06-26T17:04:57.596+0000] {_universal.py:547} INFO - Response status: 200
Response headers:
    'Cache-Control': 'no-cache'
    'Pragma': 'no-cache'
    'Content-Length': '1214'
    'Content-Type': 'application/json; charset=utf-8'
    'Expires': '-1'
    'Vary': 'REDACTED'
    'x-ms-ratelimit-remaining-subscription-reads': '249'
    'x-ms-operation-identifier': 'REDACTED'
    'Request-Context': 'REDACTED'
    'x-ms-response-type': 'REDACTED'
    'Strict-Transport-Security': 'REDACTED'
    'X-Content-Type-Options': 'REDACTED'
    'azureml-served-by-cluster': 'REDACTED'
    'x-request-time': 'REDACTED'
    'x-ms-ratelimit-remaining-subscription-global-reads': 'REDACTED'
    'x-ms-request-id': '16802a7d-c5c5-40a6-83ff-8789e73404d3'
    'x-ms-correlation-request-id': 'REDACTED'
    'x-ms-routing-request-id': 'REDACTED'
    'X-Cache': 'REDACTED'
    'X-MSEdge-Ref': 'Ref A: A87EDD1C9B8046E089935A160AA42AF1 Ref B: AMS231032609039 Ref C: 2025-06-26T17:04:55Z'
    'Date': 'Thu, 26 Jun 2025 17:04:54 GMT'
[2025-06-26T17:04:58.786+0000] {log.py:232} WARNING - Class AutoDeleteSettingSchema: This is an experimental class, and may change at any time. Please see https://aka.ms/azuremlexperimental for more information.
[2025-06-26T17:04:58.800+0000] {log.py:232} WARNING - Class AutoDeleteConditionSchema: This is an experimental class, and may change at any time. Please see https://aka.ms/azuremlexperimental for more information.
[2025-06-26T17:04:58.812+0000] {log.py:232} WARNING - Class BaseAutoDeleteSettingSchema: This is an experimental class, and may change at any time. Please see https://aka.ms/azuremlexperimental for more information.
[2025-06-26T17:04:58.827+0000] {log.py:232} WARNING - Class IntellectualPropertySchema: This is an experimental class, and may change at any time. Please see https://aka.ms/azuremlexperimental for more information.
[2025-06-26T17:04:58.844+0000] {log.py:232} WARNING - Class ProtectionLevelSchema: This is an experimental class, and may change at any time. Please see https://aka.ms/azuremlexperimental for more information.
[2025-06-26T17:04:58.860+0000] {log.py:232} WARNING - Class BaseIntellectualPropertySchema: This is an experimental class, and may change at any time. Please see https://aka.ms/azuremlexperimental for more information.
[2025-06-26T17:04:58.873+0000] {_attr_dict.py:109} DEBUG - getting schema_ignored
[2025-06-26T17:04:58.874+0000] {_attr_dict.py:122} DEBUG - setting schema_ignored to {}
[2025-06-26T17:04:58.881+0000] {_attr_dict.py:109} DEBUG - getting schema_ignored
[2025-06-26T17:04:58.881+0000] {_attr_dict.py:122} DEBUG - setting schema_ignored to {}
[2025-06-26T17:04:58.883+0000] {_attr_dict.py:109} DEBUG - getting schema_ignored
[2025-06-26T17:04:58.884+0000] {_attr_dict.py:122} DEBUG - setting schema_ignored to {}
[2025-06-26T17:04:58.937+0000] {_attr_dict.py:109} DEBUG - getting schema_ignored
[2025-06-26T17:04:58.939+0000] {_attr_dict.py:122} DEBUG - setting schema_ignored to {}
[2025-06-26T17:04:58.960+0000] {_attr_dict.py:109} DEBUG - getting schema_ignored
[2025-06-26T17:04:58.961+0000] {_attr_dict.py:122} DEBUG - setting schema_ignored to {}
[2025-06-26T17:04:58.987+0000] {_attr_dict.py:109} DEBUG - getting schema_ignored
[2025-06-26T17:04:58.988+0000] {_attr_dict.py:122} DEBUG - setting schema_ignored to {}
[2025-06-26T17:04:59.007+0000] {_universal.py:511} INFO - Request URL: 'https://management.azure.com/subscriptions/0a94de80-6d3b-49f2-b3e9-ec5818862801/resourceGroups/buas-y2/providers/Microsoft.MachineLearningServices/workspaces/CV9-2025/computes/adsai-lambda-2?api-version=REDACTED'
Request method: 'GET'
Request headers:
    'Accept': 'application/json'
    'x-ms-client-request-id': 'b0f4c460-52af-11f0-80c2-c6da882b0672'
    'User-Agent': 'azure-ai-ml/1.27.1 azsdk-python-mgmt-machinelearningservices/0.1.0 Python/3.10.14 (Linux-6.6.87.1-microsoft-standard-WSL2-x86_64-with-glibc2.36)'
    'Authorization': 'REDACTED'
No body was attached to the request
[2025-06-26T17:04:59.193+0000] {retries.py:91} DEBUG - Running Job._fetch_from_db with retries. Try 1 of 3
[2025-06-26T17:04:59.212+0000] {retries.py:91} DEBUG - Running Job._update_heartbeat with retries. Try 1 of 3
[2025-06-26T17:04:59.238+0000] {job.py:214} DEBUG - [heartbeat]
[2025-06-26T17:04:59.450+0000] {_universal.py:547} INFO - Response status: 200
Response headers:
    'Cache-Control': 'no-cache'
    'Pragma': 'no-cache'
    'Content-Length': '2753'
    'Content-Type': 'application/json; charset=utf-8'
    'Expires': '-1'
    'Vary': 'REDACTED'
    'x-ms-ratelimit-remaining-subscription-reads': '249'
    'x-ms-operation-identifier': 'REDACTED'
    'Request-Context': 'REDACTED'
    'x-ms-response-type': 'REDACTED'
    'Strict-Transport-Security': 'REDACTED'
    'X-Content-Type-Options': 'REDACTED'
    'azureml-served-by-cluster': 'REDACTED'
    'x-request-time': 'REDACTED'
    'x-ms-ratelimit-remaining-subscription-global-reads': 'REDACTED'
    'x-ms-request-id': '623219a2-a2f7-4d39-9401-8d74efc5c5b5'
    'x-ms-correlation-request-id': 'REDACTED'
    'x-ms-routing-request-id': 'REDACTED'
    'X-Cache': 'REDACTED'
    'X-MSEdge-Ref': 'Ref A: 97C92C9F33014EB9A3773EDE22E7B157 Ref B: AMS231032609039 Ref C: 2025-06-26T17:04:56Z'
    'Date': 'Thu, 26 Jun 2025 17:04:56 GMT'
[2025-06-26T17:04:59.456+0000] {application.py:1553} DEBUG - Cache hit an AT
[2025-06-26T17:04:59.457+0000] {telemetry.py:37} DEBUG - Generate or reuse correlation_id: 74d869cf-9486-48ac-9a49-5aff0ddfea77
[2025-06-26T17:04:59.458+0000] {get_token_mixin.py:148} INFO - ClientSecretCredential.get_token_info succeeded
[2025-06-26T17:04:59.459+0000] {_universal.py:511} INFO - Request URL: 'https://management.azure.com/subscriptions/0a94de80-6d3b-49f2-b3e9-ec5818862801/resourceGroups/buas-y2/providers/Microsoft.MachineLearningServices/workspaces/CV9-2025?api-version=REDACTED'
Request method: 'GET'
Request headers:
    'Accept': 'application/json'
    'x-ms-client-request-id': 'b1395292-52af-11f0-80c2-c6da882b0672'
    'User-Agent': 'azure-ai-ml/1.27.1 azsdk-python-mgmt-machinelearningservices/0.1.0 Python/3.10.14 (Linux-6.6.87.1-microsoft-standard-WSL2-x86_64-with-glibc2.36)'
    'Authorization': 'REDACTED'
No body was attached to the request
[2025-06-26T17:04:59.767+0000] {_universal.py:547} INFO - Response status: 200
Response headers:
    'Cache-Control': 'no-cache'
    'Pragma': 'no-cache'
    'Content-Length': '3748'
    'Content-Type': 'application/json; charset=utf-8'
    'Expires': '-1'
    'Vary': 'REDACTED'
    'x-ms-ratelimit-remaining-subscription-global-reads': 'REDACTED'
    'x-ms-ratelimit-remaining-subscription-reads': '249'
    'Request-Context': 'REDACTED'
    'x-ms-response-type': 'REDACTED'
    'Strict-Transport-Security': 'REDACTED'
    'X-Content-Type-Options': 'REDACTED'
    'azureml-served-by-cluster': 'REDACTED'
    'x-request-time': 'REDACTED'
    'x-ms-request-id': '2e7683ca-e252-4e39-a64c-c0f20402cf78'
    'x-ms-correlation-request-id': 'REDACTED'
    'x-ms-routing-request-id': 'REDACTED'
    'X-Cache': 'REDACTED'
    'X-MSEdge-Ref': 'Ref A: 36D2A00252ED4AEE977F37A2B1106737 Ref B: AMS231022012023 Ref C: 2025-06-26T17:04:57Z'
    'Date': 'Thu, 26 Jun 2025 17:04:57 GMT'
[2025-06-26T17:04:59.803+0000] {_attr_dict.py:109} DEBUG - getting schema_ignored
[2025-06-26T17:04:59.804+0000] {_attr_dict.py:122} DEBUG - setting schema_ignored to {}
[2025-06-26T17:04:59.814+0000] {_attr_dict.py:109} DEBUG - getting schema_ignored
[2025-06-26T17:04:59.815+0000] {_attr_dict.py:122} DEBUG - setting schema_ignored to {}
[2025-06-26T17:04:59.824+0000] {_attr_dict.py:109} DEBUG - getting schema_ignored
[2025-06-26T17:04:59.825+0000] {_attr_dict.py:122} DEBUG - setting schema_ignored to {}
[2025-06-26T17:04:59.828+0000] {telemetry.py:37} DEBUG - Generate or reuse correlation_id: 02e68527-547c-4079-ae10-d7235afa59d4
[2025-06-26T17:04:59.830+0000] {_universal.py:508} INFO - Request URL: 'https://login.microsoftonline.com/0a33589b-0036-4fe8-a829-3ed0926af886/oauth2/v2.0/token'
Request method: 'POST'
Request headers:
    'Accept': 'application/json'
    'x-client-sku': 'REDACTED'
    'x-client-ver': 'REDACTED'
    'x-client-os': 'REDACTED'
    'x-ms-lib-capability': 'REDACTED'
    'client-request-id': 'REDACTED'
    'x-client-current-telemetry': 'REDACTED'
    'x-client-last-telemetry': 'REDACTED'
    'User-Agent': 'azsdk-python-identity/1.23.0 Python/3.10.14 (Linux-6.6.87.1-microsoft-standard-WSL2-x86_64-with-glibc2.36)'
A body is sent with the request
[2025-06-26T17:04:59.945+0000] {_universal.py:547} INFO - Response status: 200
Response headers:
    'Cache-Control': 'no-store, no-cache'
    'Pragma': 'no-cache'
    'Content-Type': 'application/json; charset=utf-8'
    'Expires': '-1'
    'Strict-Transport-Security': 'REDACTED'
    'X-Content-Type-Options': 'REDACTED'
    'P3P': 'REDACTED'
    'client-request-id': 'REDACTED'
    'x-ms-request-id': '51dda3cb-605f-49b5-b375-52542e953e00'
    'x-ms-ests-server': 'REDACTED'
    'x-ms-clitelem': 'REDACTED'
    'x-ms-srs': 'REDACTED'
    'Content-Security-Policy-Report-Only': 'REDACTED'
    'X-XSS-Protection': 'REDACTED'
    'Set-Cookie': 'REDACTED'
    'Date': 'Thu, 26 Jun 2025 17:04:57 GMT'
    'Content-Length': '1628'
[2025-06-26T17:04:59.946+0000] {token_cache.py:204} DEBUG - event={
    "client_id": "27157a5a-3927-4895-8478-9d4554697d25",
    "data": {
        "claims": null,
        "scope": [
            "https://ml.azure.com/.default"
        ]
    },
    "environment": "login.microsoftonline.com",
    "grant_type": "client_credentials",
    "params": null,
    "response": {
        "access_token": "********",
        "expires_in": 86399,
        "ext_expires_in": 86399,
        "refresh_in": 43199,
        "token_type": "Bearer"
    },
    "scope": [
        "https://ml.azure.com/.default"
    ],
    "token_endpoint": "https://login.microsoftonline.com/0a33589b-0036-4fe8-a829-3ed0926af886/oauth2/v2.0/token"
}
[2025-06-26T17:04:59.947+0000] {get_token_mixin.py:148} INFO - ClientSecretCredential.get_token succeeded
[2025-06-26T17:04:59.950+0000] {_universal.py:508} INFO - Request URL: 'https://management.azure.com/subscriptions/0a94de80-6d3b-49f2-b3e9-ec5818862801/resourceGroups/buas-y2/providers/Microsoft.MachineLearningServices/workspaces/CV9-2025/jobs/gentle_window_rj5l01j2gs?api-version=REDACTED'
Request method: 'PUT'
Request headers:
    'Content-Type': 'application/json'
    'Content-Length': '2577'
    'Accept': 'application/json'
    'x-ms-client-request-id': 'b184a7a6-52af-11f0-80c2-c6da882b0672'
    'x-azureml-token': 'REDACTED'
    'User-Agent': 'azure-ai-ml/1.27.1 azsdk-python-mgmt-machinelearningservices/0.1.0 Python/3.10.14 (Linux-6.6.87.1-microsoft-standard-WSL2-x86_64-with-glibc2.36)'
    'Authorization': 'REDACTED'
A body is sent with the request
[2025-06-26T17:05:01.042+0000] {_universal.py:547} INFO - Response status: 201
Response headers:
    'Cache-Control': 'no-cache'
    'Pragma': 'no-cache'
    'Content-Length': '4658'
    'Content-Type': 'application/json; charset=utf-8'
    'Expires': '-1'
    'Location': 'REDACTED'
    'x-ms-operation-identifier': 'REDACTED'
    'Request-Context': 'REDACTED'
    'x-ms-response-type': 'REDACTED'
    'Strict-Transport-Security': 'REDACTED'
    'X-Content-Type-Options': 'REDACTED'
    'azureml-served-by-cluster': 'REDACTED'
    'x-request-time': 'REDACTED'
    'x-ms-ratelimit-remaining-subscription-writes': '199'
    'x-ms-ratelimit-remaining-subscription-global-writes': 'REDACTED'
    'x-ms-request-id': 'fb7b2058-c5c8-48aa-b05f-687168f2d9f4'
    'x-ms-correlation-request-id': 'REDACTED'
    'x-ms-routing-request-id': 'REDACTED'
    'X-Cache': 'REDACTED'
    'X-MSEdge-Ref': 'Ref A: B793F5C356F14670BE8F829E513A7A79 Ref B: AMS231020614021 Ref C: 2025-06-26T17:04:57Z'
    'Date': 'Thu, 26 Jun 2025 17:04:58 GMT'
[2025-06-26T17:05:01.055+0000] {application.py:1553} DEBUG - Cache hit an AT
[2025-06-26T17:05:01.056+0000] {telemetry.py:37} DEBUG - Generate or reuse correlation_id: 6bbf97d0-7ff7-43a3-bc9a-1c8bdbd70d83
[2025-06-26T17:05:01.057+0000] {get_token_mixin.py:148} INFO - ClientSecretCredential.get_token succeeded
[2025-06-26T17:05:01.061+0000] {_universal.py:511} INFO - Request URL: 'https://management.azure.com/subscriptions/0a94de80-6d3b-49f2-b3e9-ec5818862801/resourceGroups/buas-y2/providers/Microsoft.MachineLearningServices/workspaces/CV9-2025/jobs/gentle_window_rj5l01j2gs?api-version=REDACTED'
Request method: 'GET'
Request headers:
    'Accept': 'application/json'
    'x-ms-client-request-id': 'b22e3406-52af-11f0-80c2-c6da882b0672'
    'User-Agent': 'azure-ai-ml/1.27.1 azsdk-python-mgmt-machinelearningservices/0.1.0 Python/3.10.14 (Linux-6.6.87.1-microsoft-standard-WSL2-x86_64-with-glibc2.36)'
    'Authorization': 'REDACTED'
No body was attached to the request
[2025-06-26T17:05:01.267+0000] {_universal.py:547} INFO - Response status: 200
Response headers:
    'Cache-Control': 'no-cache'
    'Pragma': 'no-cache'
    'Content-Length': '4658'
    'Content-Type': 'application/json; charset=utf-8'
    'Expires': '-1'
    'Vary': 'REDACTED'
    'x-ms-ratelimit-remaining-subscription-reads': '249'
    'x-ms-operation-identifier': 'REDACTED'
    'Request-Context': 'REDACTED'
    'x-ms-response-type': 'REDACTED'
    'Strict-Transport-Security': 'REDACTED'
    'X-Content-Type-Options': 'REDACTED'
    'azureml-served-by-cluster': 'REDACTED'
    'x-request-time': 'REDACTED'
    'x-ms-ratelimit-remaining-subscription-global-reads': 'REDACTED'
    'x-ms-request-id': 'e4ce89cd-7441-4375-828d-9a80c37a2550'
    'x-ms-correlation-request-id': 'REDACTED'
    'x-ms-routing-request-id': 'REDACTED'
    'X-Cache': 'REDACTED'
    'X-MSEdge-Ref': 'Ref A: 2F9F1079E7E64D9586C453D87FFD8F6D Ref B: AMS231020614021 Ref C: 2025-06-26T17:04:58Z'
    'Date': 'Thu, 26 Jun 2025 17:04:59 GMT'
[2025-06-26T17:05:01.272+0000] {_universal.py:511} INFO - Request URL: 'https://management.azure.com/subscriptions/0a94de80-6d3b-49f2-b3e9-ec5818862801/resourceGroups/buas-y2/providers/Microsoft.MachineLearningServices/workspaces/CV9-2025?api-version=REDACTED'
Request method: 'GET'
Request headers:
    'Accept': 'application/json'
    'x-ms-client-request-id': 'b24e5c86-52af-11f0-80c2-c6da882b0672'
    'User-Agent': 'azure-ai-ml/1.27.1 azsdk-python-mgmt-machinelearningservices/0.1.0 Python/3.10.14 (Linux-6.6.87.1-microsoft-standard-WSL2-x86_64-with-glibc2.36)'
    'Authorization': 'REDACTED'
No body was attached to the request
[2025-06-26T17:05:01.435+0000] {_universal.py:547} INFO - Response status: 200
Response headers:
    'Cache-Control': 'no-cache'
    'Pragma': 'no-cache'
    'Content-Length': '3748'
    'Content-Type': 'application/json; charset=utf-8'
    'Expires': '-1'
    'Vary': 'REDACTED'
    'x-ms-ratelimit-remaining-subscription-global-reads': 'REDACTED'
    'x-ms-ratelimit-remaining-subscription-reads': '249'
    'Request-Context': 'REDACTED'
    'x-ms-response-type': 'REDACTED'
    'Strict-Transport-Security': 'REDACTED'
    'X-Content-Type-Options': 'REDACTED'
    'azureml-served-by-cluster': 'REDACTED'
    'x-request-time': 'REDACTED'
    'x-ms-request-id': 'bd4bfd65-bedc-4ed3-975f-d0e4ee848d3f'
    'x-ms-correlation-request-id': 'REDACTED'
    'x-ms-routing-request-id': 'REDACTED'
    'X-Cache': 'REDACTED'
    'X-MSEdge-Ref': 'Ref A: 20BC4DEA3B5E488A968B8372FF01BD01 Ref B: AMS231022012023 Ref C: 2025-06-26T17:04:59Z'
    'Date': 'Thu, 26 Jun 2025 17:04:58 GMT'
[2025-06-26T17:05:01.668+0000] {logging_mixin.py:188} INFO - RunId: gentle_window_rj5l01j2gs
[2025-06-26T17:05:01.670+0000] {logging_mixin.py:188} INFO - Web View: https://ml.azure.com/runs/gentle_window_rj5l01j2gs?wsid=/subscriptions/0a94de80-6d3b-49f2-b3e9-ec5818862801/resourcegroups/buas-y2/workspaces/CV9-2025
[2025-06-26T17:05:01.672+0000] {application.py:1553} DEBUG - Cache hit an AT
[2025-06-26T17:05:01.672+0000] {telemetry.py:37} DEBUG - Generate or reuse correlation_id: 4b143a7a-faff-45ff-99ce-c3c57c5fd203
[2025-06-26T17:05:01.673+0000] {get_token_mixin.py:148} INFO - ClientSecretCredential.get_token_info succeeded
[2025-06-26T17:05:01.674+0000] {_universal.py:511} INFO - Request URL: 'https://westeurope.api.azureml.ms/history/v1.0/subscriptions/0a94de80-6d3b-49f2-b3e9-ec5818862801/resourceGroups/buas-y2/providers/Microsoft.MachineLearningServices/workspaces/CV9-2025/runs/gentle_window_rj5l01j2gs/details'
Request method: 'GET'
Request headers:
    'Accept': 'application/json'
    'x-ms-client-request-id': 'b28b5be0-52af-11f0-80c2-c6da882b0672'
    'User-Agent': 'azure-ai-ml/1.27.1 azsdk-python-mgmt-machinelearningservices/0.1.0 Python/3.10.14 (Linux-6.6.87.1-microsoft-standard-WSL2-x86_64-with-glibc2.36)'
    'Authorization': 'REDACTED'
No body was attached to the request
[2025-06-26T17:05:01.977+0000] {_universal.py:547} INFO - Response status: 200
Response headers:
    'Date': 'Thu, 26 Jun 2025 17:04:59 GMT'
    'Content-Type': 'application/json; charset=utf-8'
    'Transfer-Encoding': 'chunked'
    'Connection': 'keep-alive'
    'Vary': 'REDACTED'
    'Request-Context': 'REDACTED'
    'x-ms-response-type': 'REDACTED'
    'mise-correlation-id': 'REDACTED'
    'Strict-Transport-Security': 'REDACTED'
    'X-Content-Type-Options': 'REDACTED'
    'azureml-served-by-cluster': 'REDACTED'
    'x-request-time': 'REDACTED'
    'Content-Encoding': 'REDACTED'
[2025-06-26T17:05:03.983+0000] {_universal.py:511} INFO - Request URL: 'https://westeurope.api.azureml.ms/history/v1.0/subscriptions/0a94de80-6d3b-49f2-b3e9-ec5818862801/resourceGroups/buas-y2/providers/Microsoft.MachineLearningServices/workspaces/CV9-2025/runs/gentle_window_rj5l01j2gs/details'
Request method: 'GET'
Request headers:
    'Accept': 'application/json'
    'x-ms-client-request-id': 'b3ec1c54-52af-11f0-80c2-c6da882b0672'
    'User-Agent': 'azure-ai-ml/1.27.1 azsdk-python-mgmt-machinelearningservices/0.1.0 Python/3.10.14 (Linux-6.6.87.1-microsoft-standard-WSL2-x86_64-with-glibc2.36)'
    'Authorization': 'REDACTED'
No body was attached to the request
[2025-06-26T17:05:04.150+0000] {_universal.py:547} INFO - Response status: 200
Response headers:
    'Date': 'Thu, 26 Jun 2025 17:05:02 GMT'
    'Content-Type': 'application/json; charset=utf-8'
    'Transfer-Encoding': 'chunked'
    'Connection': 'keep-alive'
    'Vary': 'REDACTED'
    'Request-Context': 'REDACTED'
    'x-ms-response-type': 'REDACTED'
    'mise-correlation-id': 'REDACTED'
    'Strict-Transport-Security': 'REDACTED'
    'X-Content-Type-Options': 'REDACTED'
    'azureml-served-by-cluster': 'REDACTED'
    'x-request-time': 'REDACTED'
    'Content-Encoding': 'REDACTED'
[2025-06-26T17:05:04.240+0000] {retries.py:91} DEBUG - Running Job._fetch_from_db with retries. Try 1 of 3
[2025-06-26T17:05:04.253+0000] {retries.py:91} DEBUG - Running Job._update_heartbeat with retries. Try 1 of 3
[2025-06-26T17:05:04.274+0000] {job.py:214} DEBUG - [heartbeat]
[2025-06-26T17:05:06.324+0000] {_universal.py:511} INFO - Request URL: 'https://westeurope.api.azureml.ms/history/v1.0/subscriptions/0a94de80-6d3b-49f2-b3e9-ec5818862801/resourceGroups/buas-y2/providers/Microsoft.MachineLearningServices/workspaces/CV9-2025/runs/gentle_window_rj5l01j2gs/details'
Request method: 'GET'
Request headers:
    'Accept': 'application/json'
    'x-ms-client-request-id': 'b5512b8e-52af-11f0-80c2-c6da882b0672'
    'User-Agent': 'azure-ai-ml/1.27.1 azsdk-python-mgmt-machinelearningservices/0.1.0 Python/3.10.14 (Linux-6.6.87.1-microsoft-standard-WSL2-x86_64-with-glibc2.36)'
    'Authorization': 'REDACTED'
No body was attached to the request
[2025-06-26T17:05:06.413+0000] {_universal.py:547} INFO - Response status: 200
Response headers:
    'Date': 'Thu, 26 Jun 2025 17:05:04 GMT'
    'Content-Type': 'application/json; charset=utf-8'
    'Transfer-Encoding': 'chunked'
    'Connection': 'keep-alive'
    'Vary': 'REDACTED'
    'Request-Context': 'REDACTED'
    'x-ms-response-type': 'REDACTED'
    'mise-correlation-id': 'REDACTED'
    'Strict-Transport-Security': 'REDACTED'
    'X-Content-Type-Options': 'REDACTED'
    'azureml-served-by-cluster': 'REDACTED'
    'x-request-time': 'REDACTED'
    'Content-Encoding': 'REDACTED'
[2025-06-26T17:05:08.439+0000] {_universal.py:511} INFO - Request URL: 'https://westeurope.api.azureml.ms/history/v1.0/subscriptions/0a94de80-6d3b-49f2-b3e9-ec5818862801/resourceGroups/buas-y2/providers/Microsoft.MachineLearningServices/workspaces/CV9-2025/runs/gentle_window_rj5l01j2gs/details'
Request method: 'GET'
Request headers:
    'Accept': 'application/json'
    'x-ms-client-request-id': 'b69402e6-52af-11f0-80c2-c6da882b0672'
    'User-Agent': 'azure-ai-ml/1.27.1 azsdk-python-mgmt-machinelearningservices/0.1.0 Python/3.10.14 (Linux-6.6.87.1-microsoft-standard-WSL2-x86_64-with-glibc2.36)'
    'Authorization': 'REDACTED'
No body was attached to the request
[2025-06-26T17:05:08.516+0000] {_universal.py:547} INFO - Response status: 200
Response headers:
    'Date': 'Thu, 26 Jun 2025 17:05:06 GMT'
    'Content-Type': 'application/json; charset=utf-8'
    'Transfer-Encoding': 'chunked'
    'Connection': 'keep-alive'
    'Vary': 'REDACTED'
    'Request-Context': 'REDACTED'
    'x-ms-response-type': 'REDACTED'
    'mise-correlation-id': 'REDACTED'
    'Strict-Transport-Security': 'REDACTED'
    'X-Content-Type-Options': 'REDACTED'
    'azureml-served-by-cluster': 'REDACTED'
    'x-request-time': 'REDACTED'
    'Content-Encoding': 'REDACTED'
[2025-06-26T17:05:09.314+0000] {retries.py:91} DEBUG - Running Job._fetch_from_db with retries. Try 1 of 3
[2025-06-26T17:05:09.329+0000] {retries.py:91} DEBUG - Running Job._update_heartbeat with retries. Try 1 of 3
[2025-06-26T17:05:09.352+0000] {job.py:214} DEBUG - [heartbeat]
[2025-06-26T17:05:10.544+0000] {_universal.py:511} INFO - Request URL: 'https://westeurope.api.azureml.ms/history/v1.0/subscriptions/0a94de80-6d3b-49f2-b3e9-ec5818862801/resourceGroups/buas-y2/providers/Microsoft.MachineLearningServices/workspaces/CV9-2025/runs/gentle_window_rj5l01j2gs/details'
Request method: 'GET'
Request headers:
    'Accept': 'application/json'
    'x-ms-client-request-id': 'b7d5100a-52af-11f0-80c2-c6da882b0672'
    'User-Agent': 'azure-ai-ml/1.27.1 azsdk-python-mgmt-machinelearningservices/0.1.0 Python/3.10.14 (Linux-6.6.87.1-microsoft-standard-WSL2-x86_64-with-glibc2.36)'
    'Authorization': 'REDACTED'
No body was attached to the request
[2025-06-26T17:05:10.616+0000] {_universal.py:547} INFO - Response status: 200
Response headers:
    'Date': 'Thu, 26 Jun 2025 17:05:08 GMT'
    'Content-Type': 'application/json; charset=utf-8'
    'Transfer-Encoding': 'chunked'
    'Connection': 'keep-alive'
    'Vary': 'REDACTED'
    'Request-Context': 'REDACTED'
    'x-ms-response-type': 'REDACTED'
    'mise-correlation-id': 'REDACTED'
    'Strict-Transport-Security': 'REDACTED'
    'X-Content-Type-Options': 'REDACTED'
    'azureml-served-by-cluster': 'REDACTED'
    'x-request-time': 'REDACTED'
    'Content-Encoding': 'REDACTED'
[2025-06-26T17:05:10.635+0000] {logging_mixin.py:188} INFO - Streaming logs/azureml/executionlogs.txt
[2025-06-26T17:05:10.636+0000] {logging_mixin.py:188} INFO - ========================================
[2025-06-26T17:05:10.637+0000] {logging_mixin.py:188} INFO - [2025-06-26 17:05:02Z] Completing processing run id a255e549-fa80-4ef1-b964-c3a87a75b313.
[2025-06-26T17:05:10.637+0000] {logging_mixin.py:188} INFO - [2025-06-26 17:05:04Z] Completing processing run id 9368562f-60d7-49d2-bc62-5e6c0d3a1e06.
[2025-06-26T17:05:10.638+0000] {logging_mixin.py:188} INFO - [2025-06-26 17:05:06Z] Completing processing run id 4fe9af2d-0a52-4081-9609-7a613abd439d.
[2025-06-26T17:05:10.639+0000] {logging_mixin.py:188} INFO - [2025-06-26 17:05:06Z] Finishing experiment: no runs left and nothing to schedule.
[2025-06-26T17:05:10.639+0000] {logging_mixin.py:188} INFO - Execution Summary
[2025-06-26T17:05:10.640+0000] {logging_mixin.py:188} INFO - =================
[2025-06-26T17:05:10.641+0000] {logging_mixin.py:188} INFO - RunId: gentle_window_rj5l01j2gs
[2025-06-26T17:05:10.641+0000] {logging_mixin.py:188} INFO - Web View: https://ml.azure.com/runs/gentle_window_rj5l01j2gs?wsid=/subscriptions/0a94de80-6d3b-49f2-b3e9-ec5818862801/resourcegroups/buas-y2/workspaces/CV9-2025
[2025-06-26T17:05:10.643+0000] {logging_mixin.py:188} INFO - 🚀 Submitted retraining pipeline job and waited for completion.
[2025-06-26T17:05:10.646+0000] {python.py:237} INFO - Done. Returned value was: None
[2025-06-26T17:05:10.647+0000] {taskinstance.py:441} INFO - ::group::Post task execution logs
[2025-06-26T17:05:10.649+0000] {__init__.py:77} DEBUG - Lineage called with inlets: [], outlets: []
[2025-06-26T17:05:10.670+0000] {taskinstance.py:584} DEBUG - Clearing next_method and next_kwargs.
[2025-06-26T17:05:10.672+0000] {taskinstance.py:1206} INFO - Marking task as SUCCESS. dag_id=axonrooter_weekly_retraining, task_id=run_retraining_pipeline, run_id=manual__2025-06-26T17:04:47.326808+00:00, execution_date=20250626T170447, start_date=20250626T170454, end_date=20250626T170510
[2025-06-26T17:05:10.673+0000] {taskinstance.py:562} DEBUG - Task Duration set to 16.577868
[2025-06-26T17:05:10.694+0000] {cli_action_loggers.py:88} DEBUG - Calling callbacks: []
[2025-06-26T17:05:10.773+0000] {local_task_job_runner.py:240} INFO - Task exited with return code 0
[2025-06-26T17:05:10.801+0000] {dagrun.py:932} DEBUG - number of tis tasks for <DagRun axonrooter_weekly_retraining @ 2025-06-26 17:04:47.326808+00:00: manual__2025-06-26T17:04:47.326808+00:00, state:running, queued_at: 2025-06-26 17:04:47.367033+00:00. externally triggered: True>: 2 task(s)
[2025-06-26T17:05:10.802+0000] {dagrun.py:953} DEBUG - number of scheduleable tasks for <DagRun axonrooter_weekly_retraining @ 2025-06-26 17:04:47.326808+00:00: manual__2025-06-26T17:04:47.326808+00:00, state:running, queued_at: 2025-06-26 17:04:47.367033+00:00. externally triggered: True>: 0 task(s)
[2025-06-26T17:05:10.803+0000] {taskinstance.py:3498} INFO - 0 downstream tasks scheduled from follow-on schedule check
[2025-06-26T17:05:10.806+0000] {local_task_job_runner.py:222} INFO - ::endgroup::
