[2025-06-26T15:55:27.777+0000] {taskinstance.py:1042} DEBUG - previous_execution_date was called
[2025-06-26T15:55:27.812+0000] {__init__.py:54} DEBUG - Loading core task runner: StandardTaskRunner
[2025-06-26T15:55:27.832+0000] {taskinstance.py:1042} DEBUG - previous_execution_date was called
[2025-06-26T15:55:27.847+0000] {base_task_runner.py:73} DEBUG - Planning to run as the  user
[2025-06-26T15:55:27.855+0000] {local_task_job_runner.py:120} INFO - ::group::Pre task execution logs
[2025-06-26T15:55:27.885+0000] {taskinstance.py:2088} DEBUG - <TaskInstance: axonrooter_weekly_retraining.run_retraining_pipeline manual__2025-06-26T15:50:05.642777+00:00 [queued]> dependency 'Previous Dagrun State' PASSED: True, The task did not have depends_on_past set.
[2025-06-26T15:55:27.886+0000] {taskinstance.py:2088} DEBUG - <TaskInstance: axonrooter_weekly_retraining.run_retraining_pipeline manual__2025-06-26T15:50:05.642777+00:00 [queued]> dependency 'Task Instance Not Running' PASSED: True, Task is not in running state.
[2025-06-26T15:55:27.887+0000] {taskinstance.py:2088} DEBUG - <TaskInstance: axonrooter_weekly_retraining.run_retraining_pipeline manual__2025-06-26T15:50:05.642777+00:00 [queued]> dependency 'Task Instance State' PASSED: True, Task state queued was valid.
[2025-06-26T15:55:27.895+0000] {taskinstance.py:2088} DEBUG - <TaskInstance: axonrooter_weekly_retraining.run_retraining_pipeline manual__2025-06-26T15:50:05.642777+00:00 [queued]> dependency 'Not In Retry Period' PASSED: True, The task instance was not marked for retrying.
[2025-06-26T15:55:27.896+0000] {taskinstance.py:2088} DEBUG - <TaskInstance: axonrooter_weekly_retraining.run_retraining_pipeline manual__2025-06-26T15:50:05.642777+00:00 [queued]> dependency 'Trigger Rule' PASSED: True, The task instance did not have any upstream tasks.
[2025-06-26T15:55:27.897+0000] {taskinstance.py:2076} INFO - Dependencies all met for dep_context=non-requeueable deps ti=<TaskInstance: axonrooter_weekly_retraining.run_retraining_pipeline manual__2025-06-26T15:50:05.642777+00:00 [queued]>
[2025-06-26T15:55:27.898+0000] {taskinstance.py:2088} DEBUG - <TaskInstance: axonrooter_weekly_retraining.run_retraining_pipeline manual__2025-06-26T15:50:05.642777+00:00 [queued]> dependency 'Previous Dagrun State' PASSED: True, The task did not have depends_on_past set.
[2025-06-26T15:55:27.906+0000] {taskinstance.py:2088} DEBUG - <TaskInstance: axonrooter_weekly_retraining.run_retraining_pipeline manual__2025-06-26T15:50:05.642777+00:00 [queued]> dependency 'Pool Slots Available' PASSED: True, There are enough open slots in default_pool to execute the task
[2025-06-26T15:55:27.907+0000] {taskinstance.py:2088} DEBUG - <TaskInstance: axonrooter_weekly_retraining.run_retraining_pipeline manual__2025-06-26T15:50:05.642777+00:00 [queued]> dependency 'Task Concurrency' PASSED: True, Task concurrency is not set.
[2025-06-26T15:55:27.913+0000] {taskinstance.py:2088} DEBUG - <TaskInstance: axonrooter_weekly_retraining.run_retraining_pipeline manual__2025-06-26T15:50:05.642777+00:00 [queued]> dependency 'Not In Retry Period' PASSED: True, The task instance was not marked for retrying.
[2025-06-26T15:55:27.914+0000] {taskinstance.py:2088} DEBUG - <TaskInstance: axonrooter_weekly_retraining.run_retraining_pipeline manual__2025-06-26T15:50:05.642777+00:00 [queued]> dependency 'Trigger Rule' PASSED: True, The task instance did not have any upstream tasks.
[2025-06-26T15:55:27.915+0000] {taskinstance.py:2076} INFO - Dependencies all met for dep_context=requeueable deps ti=<TaskInstance: axonrooter_weekly_retraining.run_retraining_pipeline manual__2025-06-26T15:50:05.642777+00:00 [queued]>
[2025-06-26T15:55:27.916+0000] {taskinstance.py:2306} INFO - Starting attempt 2 of 2
[2025-06-26T15:55:27.937+0000] {taskinstance.py:2330} INFO - Executing <Task(PythonOperator): run_retraining_pipeline> on 2025-06-26 15:50:05.642777+00:00
[2025-06-26T15:55:27.952+0000] {standard_task_runner.py:63} INFO - Started process 6882 to run task
[2025-06-26T15:55:27.958+0000] {standard_task_runner.py:90} INFO - Running: ['***', 'tasks', 'run', 'axonrooter_weekly_retraining', 'run_retraining_pipeline', 'manual__2025-06-26T15:50:05.642777+00:00', '--job-id', '212', '--raw', '--subdir', 'DAGS_FOLDER/retrain_dag.py', '--cfg-path', '/tmp/tmpkd3agii9']
[2025-06-26T15:55:27.964+0000] {standard_task_runner.py:91} INFO - Job 212: Subtask run_retraining_pipeline
[2025-06-26T15:55:27.966+0000] {cli_action_loggers.py:70} DEBUG - Calling callbacks: [<function default_action_log at 0x77eb8f178ca0>]
[2025-06-26T15:55:28.034+0000] {taskinstance.py:1042} DEBUG - previous_execution_date was called
[2025-06-26T15:55:28.052+0000] {task_command.py:426} INFO - Running <TaskInstance: axonrooter_weekly_retraining.run_retraining_pipeline manual__2025-06-26T15:50:05.642777+00:00 [running]> on host 9e069602cbde
[2025-06-26T15:55:28.053+0000] {settings.py:363} DEBUG - Disposing DB connection pool (PID 6882)
[2025-06-26T15:55:28.059+0000] {settings.py:250} DEBUG - Setting up DB connection pool (PID 6882)
[2025-06-26T15:55:28.060+0000] {settings.py:298} DEBUG - settings.prepare_engine_args(): Using NullPool
[2025-06-26T15:55:28.126+0000] {taskinstance.py:1042} DEBUG - previous_execution_date was called
[2025-06-26T15:55:28.137+0000] {taskinstance.py:1845} DEBUG - Clearing XCom data
[2025-06-26T15:55:28.150+0000] {retries.py:91} DEBUG - Running RenderedTaskInstanceFields.write with retries. Try 1 of 3
[2025-06-26T15:55:28.180+0000] {retries.py:91} DEBUG - Running RenderedTaskInstanceFields._do_delete_old_records with retries. Try 1 of 3
[2025-06-26T15:55:28.202+0000] {taskinstance.py:2648} INFO - Exporting env vars: AIRFLOW_CTX_DAG_OWNER='***' AIRFLOW_CTX_DAG_ID='axonrooter_weekly_retraining' AIRFLOW_CTX_TASK_ID='run_retraining_pipeline' AIRFLOW_CTX_EXECUTION_DATE='2025-06-26T15:50:05.642777+00:00' AIRFLOW_CTX_TRY_NUMBER='2' AIRFLOW_CTX_DAG_RUN_ID='manual__2025-06-26T15:50:05.642777+00:00'
[2025-06-26T15:55:28.204+0000] {__init__.py:119} DEBUG - Preparing lineage inlets and outlets
[2025-06-26T15:55:28.207+0000] {__init__.py:158} DEBUG - inlets: [], outlets: []
[2025-06-26T15:55:28.208+0000] {taskinstance.py:430} INFO - ::endgroup::
[2025-06-26T15:55:28.226+0000] {base.py:84} INFO - Using connection ID 'azure_ml_conn' for task execution.
[2025-06-26T15:55:28.313+0000] {authority.py:75} DEBUG - Initializing with Entra authority: https://login.microsoftonline.com/0a33589b-0036-4fe8-a829-3ed0926af886
[2025-06-26T15:55:28.315+0000] {_universal.py:511} INFO - Request URL: 'https://login.microsoftonline.com/0a33589b-0036-4fe8-a829-3ed0926af886/v2.0/.well-known/openid-configuration'
Request method: 'GET'
Request headers:
    'User-Agent': 'azsdk-python-identity/1.23.0 Python/3.10.14 (Linux-6.6.87.1-microsoft-standard-WSL2-x86_64-with-glibc2.36)'
No body was attached to the request
[2025-06-26T15:55:28.521+0000] {_universal.py:547} INFO - Response status: 200
Response headers:
    'Cache-Control': 'max-age=86400, private'
    'Content-Type': 'application/json; charset=utf-8'
    'Strict-Transport-Security': 'REDACTED'
    'X-Content-Type-Options': 'REDACTED'
    'Access-Control-Allow-Origin': 'REDACTED'
    'Access-Control-Allow-Methods': 'REDACTED'
    'P3P': 'REDACTED'
    'x-ms-request-id': '47c048a1-ec05-4461-af05-008111ef0600'
    'x-ms-ests-server': 'REDACTED'
    'x-ms-srs': 'REDACTED'
    'Content-Security-Policy-Report-Only': 'REDACTED'
    'X-XSS-Protection': 'REDACTED'
    'Set-Cookie': 'REDACTED'
    'Date': 'Thu, 26 Jun 2025 15:55:25 GMT'
    'Content-Length': '1753'
[2025-06-26T15:55:28.525+0000] {authority.py:96} DEBUG - openid_config("https://login.microsoftonline.com/0a33589b-0036-4fe8-a829-3ed0926af886/v2.0/.well-known/openid-configuration") = {'token_endpoint': '***', 'token_endpoint_auth_methods_supported': ['***', '***', '***'], 'jwks_uri': 'https://login.microsoftonline.com/0a33589b-0036-4fe8-a829-3ed0926af886/discovery/v2.0/keys', 'response_modes_supported': ['query', 'fragment', 'form_post'], 'subject_types_supported': ['pairwise'], 'id_token_signing_alg_values_supported': ['***'], 'response_types_supported': ['code', 'id_token', 'code id_token', 'id_token token'], 'scopes_supported': ['openid', 'profile', 'email', 'offline_access'], 'issuer': 'https://login.microsoftonline.com/0a33589b-0036-4fe8-a829-3ed0926af886/v2.0', 'request_uri_parameter_supported': False, 'userinfo_endpoint': 'https://graph.microsoft.com/oidc/userinfo', 'authorization_endpoint': '***', 'device_authorization_endpoint': '***', 'http_logout_supported': True, 'frontchannel_logout_supported': True, 'end_session_endpoint': 'https://login.microsoftonline.com/0a33589b-0036-4fe8-a829-3ed0926af886/oauth2/v2.0/logout', 'claims_supported': ['sub', 'iss', 'cloud_instance_name', 'cloud_instance_host_name', 'cloud_graph_host_name', 'msgraph_host', 'aud', 'exp', 'iat', 'auth_time', 'acr', 'nonce', 'preferred_username', 'name', 'tid', 'ver', 'at_hash', 'c_hash', 'email'], 'kerberos_endpoint': 'https://login.microsoftonline.com/0a33589b-0036-4fe8-a829-3ed0926af886/kerberos', 'tenant_region_scope': 'EU', 'cloud_instance_name': 'microsoftonline.com', 'cloud_graph_host_name': 'graph.windows.net', 'msgraph_host': 'graph.microsoft.com', 'rbac_url': 'https://pas.windows.net'}
[2025-06-26T15:55:28.527+0000] {application.py:705} DEBUG - Broker enabled? None
[2025-06-26T15:55:28.528+0000] {application.py:755} DEBUG - Region to be used: None
[2025-06-26T15:55:28.539+0000] {telemetry.py:37} DEBUG - Generate or reuse correlation_id: c8714a3c-490f-4525-a537-7e12b9e04c94
[2025-06-26T15:55:28.540+0000] {_universal.py:508} INFO - Request URL: 'https://login.microsoftonline.com/0a33589b-0036-4fe8-a829-3ed0926af886/oauth2/v2.0/token'
Request method: 'POST'
Request headers:
    'Accept': 'application/json'
    'x-client-sku': 'REDACTED'
    'x-client-ver': 'REDACTED'
    'x-client-os': 'REDACTED'
    'x-ms-lib-capability': 'REDACTED'
    'client-request-id': 'REDACTED'
    'x-client-current-telemetry': 'REDACTED'
    'x-client-last-telemetry': 'REDACTED'
    'User-Agent': 'azsdk-python-identity/1.23.0 Python/3.10.14 (Linux-6.6.87.1-microsoft-standard-WSL2-x86_64-with-glibc2.36)'
A body is sent with the request
[2025-06-26T15:55:28.605+0000] {_universal.py:547} INFO - Response status: 200
Response headers:
    'Cache-Control': 'no-store, no-cache'
    'Pragma': 'no-cache'
    'Content-Type': 'application/json; charset=utf-8'
    'Expires': '-1'
    'Strict-Transport-Security': 'REDACTED'
    'X-Content-Type-Options': 'REDACTED'
    'P3P': 'REDACTED'
    'client-request-id': 'REDACTED'
    'x-ms-request-id': '35d5def8-728b-4814-a836-a1b1f321b600'
    'x-ms-ests-server': 'REDACTED'
    'x-ms-clitelem': 'REDACTED'
    'x-ms-srs': 'REDACTED'
    'Content-Security-Policy-Report-Only': 'REDACTED'
    'X-XSS-Protection': 'REDACTED'
    'Set-Cookie': 'REDACTED'
    'Date': 'Thu, 26 Jun 2025 15:55:26 GMT'
    'Content-Length': '1673'
[2025-06-26T15:55:28.606+0000] {token_cache.py:204} DEBUG - event={
    "client_id": "27157a5a-3927-4895-8478-9d4554697d25",
    "data": {
        "claims": null,
        "scope": [
            "https://management.azure.com/.default"
        ]
    },
    "environment": "login.microsoftonline.com",
    "grant_type": "client_credentials",
    "params": null,
    "response": {
        "access_token": "********",
        "expires_in": 86399,
        "ext_expires_in": 86399,
        "refresh_in": 43199,
        "token_type": "Bearer"
    },
    "scope": [
        "https://management.azure.com/.default"
    ],
    "token_endpoint": "https://login.microsoftonline.com/0a33589b-0036-4fe8-a829-3ed0926af886/oauth2/v2.0/token"
}
[2025-06-26T15:55:28.607+0000] {get_token_mixin.py:148} INFO - ClientSecretCredential.get_token_info succeeded
[2025-06-26T15:55:28.608+0000] {_universal.py:511} INFO - Request URL: 'https://management.azure.com/subscriptions/0a94de80-6d3b-49f2-b3e9-ec5818862801/resourceGroups/buas-y2/providers/Microsoft.MachineLearningServices/workspaces/CV9-2025/data/axonrooter_student_corrections_Endijs_20250626_040517?api-version=REDACTED'
Request method: 'GET'
Request headers:
    'Accept': 'application/json'
    'x-ms-client-request-id': 'fb0762d8-52a5-11f0-8a65-e64dc2efff95'
    'User-Agent': 'azure-ai-ml/1.27.1 azsdk-python-mgmt-machinelearningservices/0.1.0 Python/3.10.14 (Linux-6.6.87.1-microsoft-standard-WSL2-x86_64-with-glibc2.36)'
    'Authorization': 'REDACTED'
No body was attached to the request
[2025-06-26T15:55:29.063+0000] {_universal.py:547} INFO - Response status: 200
Response headers:
    'Cache-Control': 'no-cache'
    'Pragma': 'no-cache'
    'Content-Length': '737'
    'Content-Type': 'application/json; charset=utf-8'
    'Expires': '-1'
    'Vary': 'REDACTED'
    'x-ms-ratelimit-remaining-subscription-reads': '249'
    'x-ms-operation-identifier': 'REDACTED'
    'Request-Context': 'REDACTED'
    'x-ms-response-type': 'REDACTED'
    'Strict-Transport-Security': 'REDACTED'
    'X-Content-Type-Options': 'REDACTED'
    'azureml-served-by-cluster': 'REDACTED'
    'x-request-time': 'REDACTED'
    'x-ms-ratelimit-remaining-subscription-global-reads': 'REDACTED'
    'x-ms-request-id': '7e2b438a-1f85-4f36-b260-dc121b8597c5'
    'x-ms-correlation-request-id': 'REDACTED'
    'x-ms-routing-request-id': 'REDACTED'
    'X-Cache': 'REDACTED'
    'X-MSEdge-Ref': 'Ref A: EAADF2C920D24A36A234B01359DE0C3E Ref B: AMS231020512019 Ref C: 2025-06-26T15:55:26Z'
    'Date': 'Thu, 26 Jun 2025 15:55:27 GMT'
[2025-06-26T15:55:29.074+0000] {_universal.py:511} INFO - Request URL: 'https://management.azure.com/subscriptions/0a94de80-6d3b-49f2-b3e9-ec5818862801/resourceGroups/buas-y2/providers/Microsoft.MachineLearningServices/workspaces/CV9-2025/data/axonrooter_student_corrections_Endijs_20250626_040517/versions/1?api-version=REDACTED'
Request method: 'GET'
Request headers:
    'Accept': 'application/json'
    'x-ms-client-request-id': 'fb7b90a4-52a5-11f0-8a65-e64dc2efff95'
    'User-Agent': 'azure-ai-ml/1.27.1 azsdk-python-mgmt-machinelearningservices/0.1.0 Python/3.10.14 (Linux-6.6.87.1-microsoft-standard-WSL2-x86_64-with-glibc2.36)'
    'Authorization': 'REDACTED'
No body was attached to the request
[2025-06-26T15:55:29.175+0000] {_universal.py:547} INFO - Response status: 200
Response headers:
    'Cache-Control': 'no-cache'
    'Pragma': 'no-cache'
    'Content-Length': '1080'
    'Content-Type': 'application/json; charset=utf-8'
    'Expires': '-1'
    'Vary': 'REDACTED'
    'x-ms-ratelimit-remaining-subscription-reads': '249'
    'x-ms-operation-identifier': 'REDACTED'
    'Request-Context': 'REDACTED'
    'x-ms-response-type': 'REDACTED'
    'Strict-Transport-Security': 'REDACTED'
    'X-Content-Type-Options': 'REDACTED'
    'azureml-served-by-cluster': 'REDACTED'
    'x-request-time': 'REDACTED'
    'x-ms-ratelimit-remaining-subscription-global-reads': 'REDACTED'
    'x-ms-request-id': '968f5c7d-5d2c-4ad9-9fa5-0dcd9881824c'
    'x-ms-correlation-request-id': 'REDACTED'
    'x-ms-routing-request-id': 'REDACTED'
    'X-Cache': 'REDACTED'
    'X-MSEdge-Ref': 'Ref A: EB65CA9D30644A659D121FD708C9183A Ref B: AMS231020512019 Ref C: 2025-06-26T15:55:27Z'
    'Date': 'Thu, 26 Jun 2025 15:55:27 GMT'
[2025-06-26T15:55:29.180+0000] {application.py:1553} DEBUG - Cache hit an AT
[2025-06-26T15:55:29.181+0000] {telemetry.py:37} DEBUG - Generate or reuse correlation_id: f0115532-4517-4de4-ac48-e9b4557e874f
[2025-06-26T15:55:29.182+0000] {get_token_mixin.py:148} INFO - ClientSecretCredential.get_token_info succeeded
[2025-06-26T15:55:29.183+0000] {_universal.py:511} INFO - Request URL: 'https://management.azure.com/subscriptions/0a94de80-6d3b-49f2-b3e9-ec5818862801/resourceGroups/buas-y2/providers/Microsoft.MachineLearningServices/workspaces/CV9-2025/components/train2/versions/5?api-version=REDACTED'
Request method: 'GET'
Request headers:
    'Accept': 'application/json'
    'x-ms-client-request-id': 'fb8bb5ba-52a5-11f0-8a65-e64dc2efff95'
    'User-Agent': 'azure-ai-ml/1.27.1 azsdk-python-mgmt-machinelearningservices/0.1.0 Python/3.10.14 (Linux-6.6.87.1-microsoft-standard-WSL2-x86_64-with-glibc2.36)'
    'Authorization': 'REDACTED'
No body was attached to the request
[2025-06-26T15:55:29.673+0000] {_universal.py:547} INFO - Response status: 200
Response headers:
    'Cache-Control': 'no-cache'
    'Pragma': 'no-cache'
    'Content-Length': '1966'
    'Content-Type': 'application/json; charset=utf-8'
    'Expires': '-1'
    'Vary': 'REDACTED'
    'x-ms-ratelimit-remaining-subscription-reads': '249'
    'x-ms-operation-identifier': 'REDACTED'
    'Request-Context': 'REDACTED'
    'x-ms-response-type': 'REDACTED'
    'Strict-Transport-Security': 'REDACTED'
    'X-Content-Type-Options': 'REDACTED'
    'azureml-served-by-cluster': 'REDACTED'
    'x-request-time': 'REDACTED'
    'x-ms-ratelimit-remaining-subscription-global-reads': 'REDACTED'
    'x-ms-request-id': '5cb15e82-b202-4889-afa8-cbae63672250'
    'x-ms-correlation-request-id': 'REDACTED'
    'x-ms-routing-request-id': 'REDACTED'
    'X-Cache': 'REDACTED'
    'X-MSEdge-Ref': 'Ref A: 27640BB627D2413896812DD485FD54D7 Ref B: AMS231032609009 Ref C: 2025-06-26T15:55:27Z'
    'Date': 'Thu, 26 Jun 2025 15:55:27 GMT'
[2025-06-26T15:55:29.715+0000] {_universal.py:511} INFO - Request URL: 'https://management.azure.com/subscriptions/0a94de80-6d3b-49f2-b3e9-ec5818862801/resourceGroups/buas-y2/providers/Microsoft.MachineLearningServices/workspaces/CV9-2025/components/evaluate2/versions/2?api-version=REDACTED'
Request method: 'GET'
Request headers:
    'Accept': 'application/json'
    'x-ms-client-request-id': 'fbdd3de0-52a5-11f0-8a65-e64dc2efff95'
    'User-Agent': 'azure-ai-ml/1.27.1 azsdk-python-mgmt-machinelearningservices/0.1.0 Python/3.10.14 (Linux-6.6.87.1-microsoft-standard-WSL2-x86_64-with-glibc2.36)'
    'Authorization': 'REDACTED'
No body was attached to the request
[2025-06-26T15:55:30.012+0000] {_universal.py:547} INFO - Response status: 200
Response headers:
    'Cache-Control': 'no-cache'
    'Pragma': 'no-cache'
    'Content-Length': '1957'
    'Content-Type': 'application/json; charset=utf-8'
    'Expires': '-1'
    'Vary': 'REDACTED'
    'x-ms-ratelimit-remaining-subscription-reads': '249'
    'x-ms-operation-identifier': 'REDACTED'
    'Request-Context': 'REDACTED'
    'x-ms-response-type': 'REDACTED'
    'Strict-Transport-Security': 'REDACTED'
    'X-Content-Type-Options': 'REDACTED'
    'azureml-served-by-cluster': 'REDACTED'
    'x-request-time': 'REDACTED'
    'x-ms-ratelimit-remaining-subscription-global-reads': 'REDACTED'
    'x-ms-request-id': '5ad9db96-e0e3-49c6-909e-59cc3d235dd7'
    'x-ms-correlation-request-id': 'REDACTED'
    'x-ms-routing-request-id': 'REDACTED'
    'X-Cache': 'REDACTED'
    'X-MSEdge-Ref': 'Ref A: 183C84322DF3400991F34AC14CEEE2CE Ref B: AMS231032609009 Ref C: 2025-06-26T15:55:27Z'
    'Date': 'Thu, 26 Jun 2025 15:55:28 GMT'
[2025-06-26T15:55:30.020+0000] {_universal.py:511} INFO - Request URL: 'https://management.azure.com/subscriptions/0a94de80-6d3b-49f2-b3e9-ec5818862801/resourceGroups/buas-y2/providers/Microsoft.MachineLearningServices/workspaces/CV9-2025/components/register2/versions/2?api-version=REDACTED'
Request method: 'GET'
Request headers:
    'Accept': 'application/json'
    'x-ms-client-request-id': 'fc0be776-52a5-11f0-8a65-e64dc2efff95'
    'User-Agent': 'azure-ai-ml/1.27.1 azsdk-python-mgmt-machinelearningservices/0.1.0 Python/3.10.14 (Linux-6.6.87.1-microsoft-standard-WSL2-x86_64-with-glibc2.36)'
    'Authorization': 'REDACTED'
No body was attached to the request
[2025-06-26T15:55:30.266+0000] {_universal.py:547} INFO - Response status: 200
Response headers:
    'Cache-Control': 'no-cache'
    'Pragma': 'no-cache'
    'Content-Length': '1942'
    'Content-Type': 'application/json; charset=utf-8'
    'Expires': '-1'
    'Vary': 'REDACTED'
    'x-ms-ratelimit-remaining-subscription-reads': '249'
    'x-ms-operation-identifier': 'REDACTED'
    'Request-Context': 'REDACTED'
    'x-ms-response-type': 'REDACTED'
    'Strict-Transport-Security': 'REDACTED'
    'X-Content-Type-Options': 'REDACTED'
    'azureml-served-by-cluster': 'REDACTED'
    'x-request-time': 'REDACTED'
    'x-ms-ratelimit-remaining-subscription-global-reads': 'REDACTED'
    'x-ms-request-id': '2cc22861-fd2f-4747-8dd0-709a9e1760f9'
    'x-ms-correlation-request-id': 'REDACTED'
    'x-ms-routing-request-id': 'REDACTED'
    'X-Cache': 'REDACTED'
    'X-MSEdge-Ref': 'Ref A: 63DEFA500A18479FAACFBCE897B74A56 Ref B: AMS231032609009 Ref C: 2025-06-26T15:55:28Z'
    'Date': 'Thu, 26 Jun 2025 15:55:28 GMT'
[2025-06-26T15:55:30.271+0000] {application.py:1553} DEBUG - Cache hit an AT
[2025-06-26T15:55:30.272+0000] {telemetry.py:37} DEBUG - Generate or reuse correlation_id: 48039d0b-0f7a-4046-9e08-5293c0b1f13b
[2025-06-26T15:55:30.273+0000] {get_token_mixin.py:148} INFO - ClientSecretCredential.get_token_info succeeded
[2025-06-26T15:55:30.274+0000] {_universal.py:511} INFO - Request URL: 'https://management.azure.com/subscriptions/0a94de80-6d3b-49f2-b3e9-ec5818862801/resourceGroups/buas-y2/providers/Microsoft.MachineLearningServices/workspaces/CV9-2025/models/axonrooter-finetuned/versions/8?api-version=REDACTED'
Request method: 'GET'
Request headers:
    'Accept': 'application/json'
    'x-ms-client-request-id': 'fc323296-52a5-11f0-8a65-e64dc2efff95'
    'User-Agent': 'azure-ai-ml/1.27.1 azsdk-python-mgmt-machinelearningservices/0.1.0 Python/3.10.14 (Linux-6.6.87.1-microsoft-standard-WSL2-x86_64-with-glibc2.36)'
    'Authorization': 'REDACTED'
No body was attached to the request
[2025-06-26T15:55:30.526+0000] {_universal.py:547} INFO - Response status: 200
Response headers:
    'Cache-Control': 'no-cache'
    'Pragma': 'no-cache'
    'Content-Length': '1214'
    'Content-Type': 'application/json; charset=utf-8'
    'Expires': '-1'
    'Vary': 'REDACTED'
    'x-ms-ratelimit-remaining-subscription-reads': '249'
    'x-ms-operation-identifier': 'REDACTED'
    'Request-Context': 'REDACTED'
    'x-ms-response-type': 'REDACTED'
    'Strict-Transport-Security': 'REDACTED'
    'X-Content-Type-Options': 'REDACTED'
    'azureml-served-by-cluster': 'REDACTED'
    'x-request-time': 'REDACTED'
    'x-ms-ratelimit-remaining-subscription-global-reads': 'REDACTED'
    'x-ms-request-id': '71f063e0-ebe2-41d9-9159-dee0bbd1963b'
    'x-ms-correlation-request-id': 'REDACTED'
    'x-ms-routing-request-id': 'REDACTED'
    'X-Cache': 'REDACTED'
    'X-MSEdge-Ref': 'Ref A: C356FADDD7564A50B8419161103B1037 Ref B: AMS231020512037 Ref C: 2025-06-26T15:55:28Z'
    'Date': 'Thu, 26 Jun 2025 15:55:28 GMT'
[2025-06-26T15:55:31.467+0000] {log.py:232} WARNING - Class AutoDeleteSettingSchema: This is an experimental class, and may change at any time. Please see https://aka.ms/azuremlexperimental for more information.
[2025-06-26T15:55:31.481+0000] {log.py:232} WARNING - Class AutoDeleteConditionSchema: This is an experimental class, and may change at any time. Please see https://aka.ms/azuremlexperimental for more information.
[2025-06-26T15:55:31.495+0000] {log.py:232} WARNING - Class BaseAutoDeleteSettingSchema: This is an experimental class, and may change at any time. Please see https://aka.ms/azuremlexperimental for more information.
[2025-06-26T15:55:31.510+0000] {log.py:232} WARNING - Class IntellectualPropertySchema: This is an experimental class, and may change at any time. Please see https://aka.ms/azuremlexperimental for more information.
[2025-06-26T15:55:31.524+0000] {log.py:232} WARNING - Class ProtectionLevelSchema: This is an experimental class, and may change at any time. Please see https://aka.ms/azuremlexperimental for more information.
[2025-06-26T15:55:31.538+0000] {log.py:232} WARNING - Class BaseIntellectualPropertySchema: This is an experimental class, and may change at any time. Please see https://aka.ms/azuremlexperimental for more information.
[2025-06-26T15:55:31.556+0000] {_attr_dict.py:109} DEBUG - getting schema_ignored
[2025-06-26T15:55:31.558+0000] {_attr_dict.py:122} DEBUG - setting schema_ignored to {}
[2025-06-26T15:55:31.566+0000] {_attr_dict.py:109} DEBUG - getting schema_ignored
[2025-06-26T15:55:31.568+0000] {_attr_dict.py:122} DEBUG - setting schema_ignored to {}
[2025-06-26T15:55:31.572+0000] {_attr_dict.py:109} DEBUG - getting schema_ignored
[2025-06-26T15:55:31.574+0000] {_attr_dict.py:122} DEBUG - setting schema_ignored to {}
[2025-06-26T15:55:31.633+0000] {_attr_dict.py:109} DEBUG - getting schema_ignored
[2025-06-26T15:55:31.634+0000] {_attr_dict.py:122} DEBUG - setting schema_ignored to {}
[2025-06-26T15:55:31.656+0000] {_attr_dict.py:109} DEBUG - getting schema_ignored
[2025-06-26T15:55:31.657+0000] {_attr_dict.py:122} DEBUG - setting schema_ignored to {}
[2025-06-26T15:55:31.678+0000] {_attr_dict.py:109} DEBUG - getting schema_ignored
[2025-06-26T15:55:31.679+0000] {_attr_dict.py:122} DEBUG - setting schema_ignored to {}
[2025-06-26T15:55:31.694+0000] {_universal.py:511} INFO - Request URL: 'https://management.azure.com/subscriptions/0a94de80-6d3b-49f2-b3e9-ec5818862801/resourceGroups/buas-y2/providers/Microsoft.MachineLearningServices/workspaces/CV9-2025/computes/adsai-lambda-2?api-version=REDACTED'
Request method: 'GET'
Request headers:
    'Accept': 'application/json'
    'x-ms-client-request-id': 'fd0b443c-52a5-11f0-8a65-e64dc2efff95'
    'User-Agent': 'azure-ai-ml/1.27.1 azsdk-python-mgmt-machinelearningservices/0.1.0 Python/3.10.14 (Linux-6.6.87.1-microsoft-standard-WSL2-x86_64-with-glibc2.36)'
    'Authorization': 'REDACTED'
No body was attached to the request
[2025-06-26T15:55:32.012+0000] {_universal.py:547} INFO - Response status: 200
Response headers:
    'Cache-Control': 'no-cache'
    'Pragma': 'no-cache'
    'Content-Length': '2753'
    'Content-Type': 'application/json; charset=utf-8'
    'Expires': '-1'
    'Vary': 'REDACTED'
    'x-ms-ratelimit-remaining-subscription-reads': '249'
    'x-ms-operation-identifier': 'REDACTED'
    'Request-Context': 'REDACTED'
    'x-ms-response-type': 'REDACTED'
    'Strict-Transport-Security': 'REDACTED'
    'X-Content-Type-Options': 'REDACTED'
    'azureml-served-by-cluster': 'REDACTED'
    'x-request-time': 'REDACTED'
    'x-ms-ratelimit-remaining-subscription-global-reads': 'REDACTED'
    'x-ms-request-id': '4b951009-4465-498a-acf2-7088f04f7318'
    'x-ms-correlation-request-id': 'REDACTED'
    'x-ms-routing-request-id': 'REDACTED'
    'X-Cache': 'REDACTED'
    'X-MSEdge-Ref': 'Ref A: 3A8F02A22BAC4248AD3CB9D0389CA4D2 Ref B: AMS231020512037 Ref C: 2025-06-26T15:55:29Z'
    'Date': 'Thu, 26 Jun 2025 15:55:29 GMT'
[2025-06-26T15:55:32.017+0000] {application.py:1553} DEBUG - Cache hit an AT
[2025-06-26T15:55:32.018+0000] {telemetry.py:37} DEBUG - Generate or reuse correlation_id: 019fb1ad-9b70-4333-b286-37cfd89de16f
[2025-06-26T15:55:32.020+0000] {get_token_mixin.py:148} INFO - ClientSecretCredential.get_token_info succeeded
[2025-06-26T15:55:32.021+0000] {_universal.py:511} INFO - Request URL: 'https://management.azure.com/subscriptions/0a94de80-6d3b-49f2-b3e9-ec5818862801/resourceGroups/buas-y2/providers/Microsoft.MachineLearningServices/workspaces/CV9-2025?api-version=REDACTED'
Request method: 'GET'
Request headers:
    'Accept': 'application/json'
    'x-ms-client-request-id': 'fd3ca2a2-52a5-11f0-8a65-e64dc2efff95'
    'User-Agent': 'azure-ai-ml/1.27.1 azsdk-python-mgmt-machinelearningservices/0.1.0 Python/3.10.14 (Linux-6.6.87.1-microsoft-standard-WSL2-x86_64-with-glibc2.36)'
    'Authorization': 'REDACTED'
No body was attached to the request
[2025-06-26T15:55:32.300+0000] {_universal.py:547} INFO - Response status: 200
Response headers:
    'Cache-Control': 'no-cache'
    'Pragma': 'no-cache'
    'Content-Length': '3748'
    'Content-Type': 'application/json; charset=utf-8'
    'Expires': '-1'
    'Vary': 'REDACTED'
    'x-ms-ratelimit-remaining-subscription-global-reads': 'REDACTED'
    'x-ms-ratelimit-remaining-subscription-reads': '249'
    'Request-Context': 'REDACTED'
    'x-ms-response-type': 'REDACTED'
    'Strict-Transport-Security': 'REDACTED'
    'X-Content-Type-Options': 'REDACTED'
    'azureml-served-by-cluster': 'REDACTED'
    'x-request-time': 'REDACTED'
    'x-ms-request-id': '21d0f111-dede-421d-9f85-9b6a813e1f82'
    'x-ms-correlation-request-id': 'REDACTED'
    'x-ms-routing-request-id': 'REDACTED'
    'X-Cache': 'REDACTED'
    'X-MSEdge-Ref': 'Ref A: D22DF31086D442A2A0DC3D0386410222 Ref B: AMS231020512037 Ref C: 2025-06-26T15:55:30Z'
    'Date': 'Thu, 26 Jun 2025 15:55:30 GMT'
[2025-06-26T15:55:32.341+0000] {_attr_dict.py:109} DEBUG - getting schema_ignored
[2025-06-26T15:55:32.343+0000] {_attr_dict.py:122} DEBUG - setting schema_ignored to {}
[2025-06-26T15:55:32.357+0000] {_attr_dict.py:109} DEBUG - getting schema_ignored
[2025-06-26T15:55:32.358+0000] {_attr_dict.py:122} DEBUG - setting schema_ignored to {}
[2025-06-26T15:55:32.367+0000] {_attr_dict.py:109} DEBUG - getting schema_ignored
[2025-06-26T15:55:32.368+0000] {_attr_dict.py:122} DEBUG - setting schema_ignored to {}
[2025-06-26T15:55:32.371+0000] {telemetry.py:37} DEBUG - Generate or reuse correlation_id: f72dd62f-27e1-40d0-96b3-6daf5ef1fe0d
[2025-06-26T15:55:32.372+0000] {_universal.py:508} INFO - Request URL: 'https://login.microsoftonline.com/0a33589b-0036-4fe8-a829-3ed0926af886/oauth2/v2.0/token'
Request method: 'POST'
Request headers:
    'Accept': 'application/json'
    'x-client-sku': 'REDACTED'
    'x-client-ver': 'REDACTED'
    'x-client-os': 'REDACTED'
    'x-ms-lib-capability': 'REDACTED'
    'client-request-id': 'REDACTED'
    'x-client-current-telemetry': 'REDACTED'
    'x-client-last-telemetry': 'REDACTED'
    'User-Agent': 'azsdk-python-identity/1.23.0 Python/3.10.14 (Linux-6.6.87.1-microsoft-standard-WSL2-x86_64-with-glibc2.36)'
A body is sent with the request
[2025-06-26T15:55:32.453+0000] {_universal.py:547} INFO - Response status: 200
Response headers:
    'Cache-Control': 'no-store, no-cache'
    'Pragma': 'no-cache'
    'Content-Type': 'application/json; charset=utf-8'
    'Expires': '-1'
    'Strict-Transport-Security': 'REDACTED'
    'X-Content-Type-Options': 'REDACTED'
    'P3P': 'REDACTED'
    'client-request-id': 'REDACTED'
    'x-ms-request-id': '923b9984-85c2-49cc-9af3-b46523365d00'
    'x-ms-ests-server': 'REDACTED'
    'x-ms-clitelem': 'REDACTED'
    'x-ms-srs': 'REDACTED'
    'Content-Security-Policy-Report-Only': 'REDACTED'
    'X-XSS-Protection': 'REDACTED'
    'Set-Cookie': 'REDACTED'
    'Date': 'Thu, 26 Jun 2025 15:55:29 GMT'
    'Content-Length': '1628'
[2025-06-26T15:55:32.454+0000] {token_cache.py:204} DEBUG - event={
    "client_id": "27157a5a-3927-4895-8478-9d4554697d25",
    "data": {
        "claims": null,
        "scope": [
            "https://ml.azure.com/.default"
        ]
    },
    "environment": "login.microsoftonline.com",
    "grant_type": "client_credentials",
    "params": null,
    "response": {
        "access_token": "********",
        "expires_in": 86399,
        "ext_expires_in": 86399,
        "refresh_in": 43199,
        "token_type": "Bearer"
    },
    "scope": [
        "https://ml.azure.com/.default"
    ],
    "token_endpoint": "https://login.microsoftonline.com/0a33589b-0036-4fe8-a829-3ed0926af886/oauth2/v2.0/token"
}
[2025-06-26T15:55:32.455+0000] {get_token_mixin.py:148} INFO - ClientSecretCredential.get_token succeeded
[2025-06-26T15:55:32.458+0000] {_universal.py:508} INFO - Request URL: 'https://management.azure.com/subscriptions/0a94de80-6d3b-49f2-b3e9-ec5818862801/resourceGroups/buas-y2/providers/Microsoft.MachineLearningServices/workspaces/CV9-2025/jobs/icy_rice_jnftsvvd8v?api-version=REDACTED'
Request method: 'PUT'
Request headers:
    'Content-Type': 'application/json'
    'Content-Length': '2577'
    'Accept': 'application/json'
    'x-ms-client-request-id': 'fd7fe5ee-52a5-11f0-8a65-e64dc2efff95'
    'x-azureml-token': 'REDACTED'
    'User-Agent': 'azure-ai-ml/1.27.1 azsdk-python-mgmt-machinelearningservices/0.1.0 Python/3.10.14 (Linux-6.6.87.1-microsoft-standard-WSL2-x86_64-with-glibc2.36)'
    'Authorization': 'REDACTED'
A body is sent with the request
[2025-06-26T15:55:32.960+0000] {retries.py:91} DEBUG - Running Job._fetch_from_db with retries. Try 1 of 3
[2025-06-26T15:55:32.978+0000] {retries.py:91} DEBUG - Running Job._update_heartbeat with retries. Try 1 of 3
[2025-06-26T15:55:33.006+0000] {job.py:214} DEBUG - [heartbeat]
[2025-06-26T15:55:33.420+0000] {_universal.py:547} INFO - Response status: 201
Response headers:
    'Cache-Control': 'no-cache'
    'Pragma': 'no-cache'
    'Content-Length': '4643'
    'Content-Type': 'application/json; charset=utf-8'
    'Expires': '-1'
    'Location': 'REDACTED'
    'x-ms-operation-identifier': 'REDACTED'
    'Request-Context': 'REDACTED'
    'x-ms-response-type': 'REDACTED'
    'Strict-Transport-Security': 'REDACTED'
    'X-Content-Type-Options': 'REDACTED'
    'azureml-served-by-cluster': 'REDACTED'
    'x-request-time': 'REDACTED'
    'x-ms-ratelimit-remaining-subscription-writes': '199'
    'x-ms-ratelimit-remaining-subscription-global-writes': 'REDACTED'
    'x-ms-request-id': '0fc33be3-761a-46f9-96ed-0d850c25bda6'
    'x-ms-correlation-request-id': 'REDACTED'
    'x-ms-routing-request-id': 'REDACTED'
    'X-Cache': 'REDACTED'
    'X-MSEdge-Ref': 'Ref A: 98F8DA6BE9034BD8A325BC4CB9D883F6 Ref B: AMS231032609009 Ref C: 2025-06-26T15:55:30Z'
    'Date': 'Thu, 26 Jun 2025 15:55:31 GMT'
[2025-06-26T15:55:33.431+0000] {application.py:1553} DEBUG - Cache hit an AT
[2025-06-26T15:55:33.432+0000] {telemetry.py:37} DEBUG - Generate or reuse correlation_id: 909b9983-11ab-4243-9db4-8de46e3c95a6
[2025-06-26T15:55:33.433+0000] {get_token_mixin.py:148} INFO - ClientSecretCredential.get_token succeeded
[2025-06-26T15:55:33.436+0000] {taskinstance.py:441} INFO - ::group::Post task execution logs
[2025-06-26T15:55:33.437+0000] {taskinstance.py:2905} ERROR - Task failed with exception
Traceback (most recent call last):
  File "/home/airflow/.local/lib/python3.10/site-packages/airflow/models/taskinstance.py", line 465, in _execute_task
    result = _execute_callable(context=context, **execute_callable_kwargs)
  File "/home/airflow/.local/lib/python3.10/site-packages/airflow/models/taskinstance.py", line 432, in _execute_callable
    return execute_callable(context=context, **execute_callable_kwargs)
  File "/home/airflow/.local/lib/python3.10/site-packages/airflow/models/baseoperator.py", line 400, in wrapper
    return func(self, *args, **kwargs)
  File "/home/airflow/.local/lib/python3.10/site-packages/airflow/operators/python.py", line 235, in execute
    return_value = self.execute_callable()
  File "/home/airflow/.local/lib/python3.10/site-packages/airflow/operators/python.py", line 252, in execute_callable
    return self.python_callable(*self.op_args, **self.op_kwargs)
  File "/opt/airflow/dags/retrain_dag.py", line 71, in run_pipeline
    submitted_job.wait()
AttributeError: 'PipelineJob' object has no attribute 'wait'
[2025-06-26T15:55:33.454+0000] {taskinstance.py:562} DEBUG - Task Duration set to 5.556154
[2025-06-26T15:55:33.457+0000] {taskinstance.py:584} DEBUG - Clearing next_method and next_kwargs.
[2025-06-26T15:55:33.458+0000] {taskinstance.py:1206} INFO - Marking task as FAILED. dag_id=axonrooter_weekly_retraining, task_id=run_retraining_pipeline, run_id=manual__2025-06-26T15:50:05.642777+00:00, execution_date=20250626T155005, start_date=20250626T155527, end_date=20250626T155533
[2025-06-26T15:55:33.483+0000] {cli_action_loggers.py:88} DEBUG - Calling callbacks: []
[2025-06-26T15:55:33.484+0000] {standard_task_runner.py:110} ERROR - Failed to execute job 212 for task run_retraining_pipeline ('PipelineJob' object has no attribute 'wait'; 6882)
[2025-06-26T15:55:33.583+0000] {local_task_job_runner.py:240} INFO - Task exited with return code 1
[2025-06-26T15:55:33.622+0000] {dagrun.py:932} DEBUG - number of tis tasks for <DagRun axonrooter_weekly_retraining @ 2025-06-26 15:50:05.642777+00:00: manual__2025-06-26T15:50:05.642777+00:00, state:running, queued_at: 2025-06-26 15:50:05.795549+00:00. externally triggered: True>: 2 task(s)
[2025-06-26T15:55:33.623+0000] {dagrun.py:953} DEBUG - number of scheduleable tasks for <DagRun axonrooter_weekly_retraining @ 2025-06-26 15:50:05.642777+00:00: manual__2025-06-26T15:50:05.642777+00:00, state:running, queued_at: 2025-06-26 15:50:05.795549+00:00. externally triggered: True>: 1 task(s)
[2025-06-26T15:55:33.624+0000] {taskinstance.py:2088} DEBUG - <TaskInstance: axonrooter_weekly_retraining.promote_model_to_green manual__2025-06-26T15:50:05.642777+00:00 [None]> dependency 'Previous Dagrun State' PASSED: True, The task did not have depends_on_past set.
[2025-06-26T15:55:33.626+0000] {taskinstance.py:1884} DEBUG - Setting task state for <TaskInstance: axonrooter_weekly_retraining.promote_model_to_green manual__2025-06-26T15:50:05.642777+00:00 [None]> to upstream_failed
[2025-06-26T15:55:33.627+0000] {taskinstance.py:2088} DEBUG - <TaskInstance: axonrooter_weekly_retraining.promote_model_to_green manual__2025-06-26T15:50:05.642777+00:00 [upstream_failed]> dependency 'Trigger Rule' PASSED: False, Task's trigger rule 'all_success' requires all upstream tasks to have succeeded, but found 1 non-success(es). upstream_states=_UpstreamTIStates(success=0, skipped=0, failed=1, upstream_failed=0, removed=0, done=1, success_setup=0, skipped_setup=0), upstream_task_ids={'run_retraining_pipeline'}
[2025-06-26T15:55:33.628+0000] {taskinstance.py:2066} DEBUG - Dependencies not met for <TaskInstance: axonrooter_weekly_retraining.promote_model_to_green manual__2025-06-26T15:50:05.642777+00:00 [upstream_failed]>, dependency 'Trigger Rule' FAILED: Task's trigger rule 'all_success' requires all upstream tasks to have succeeded, but found 1 non-success(es). upstream_states=_UpstreamTIStates(success=0, skipped=0, failed=1, upstream_failed=0, removed=0, done=1, success_setup=0, skipped_setup=0), upstream_task_ids={'run_retraining_pipeline'}
[2025-06-26T15:55:33.629+0000] {taskinstance.py:2088} DEBUG - <TaskInstance: axonrooter_weekly_retraining.promote_model_to_green manual__2025-06-26T15:50:05.642777+00:00 [upstream_failed]> dependency 'Not In Retry Period' PASSED: True, The task instance was not marked for retrying.
[2025-06-26T15:55:33.637+0000] {taskinstance.py:3498} INFO - 0 downstream tasks scheduled from follow-on schedule check
[2025-06-26T15:55:33.645+0000] {local_task_job_runner.py:222} INFO - ::endgroup::
